

[[2023.08.11 23:21:59]
2023.08.11 23:21:59][2023.08.11 23:21:59]'package:flutter/src/rendering/box.dart': Failed assertion: line 1974 pos 12: 'hasSize': RenderBox was not laid out: RenderConstrainedBox#0f3da relayoutBoundary=up24 NEEDS-PAINT NEEDS-COMPOSITING-BITS-UPDATEaQuery ← Padding ← AnimatedPadding ← Dialog ← AlertDialog ← WindowsAddOptionDialog ← Builder ← IconTheme ← IconButtonTheme ← DefaultTextStyle ← ⋯
  parentData: offset=Offset(0.0, 0.0) (can use size)
  constraints: BoxConstraints(0.0<=w<=928.0, 0.0<=h<=681.0)
  size: MISSING
  additionalConstraints: BoxConstraints(280.0<=w<=Infinity, 0.0<=h<=Infinity)
Although this node is not marked as needing layout, its size is not set.
A RenderBox object must have an explicit size before it can be hit-tested. Make sure that the RenderBox in question sets its size during layout.Cannot hit test a render box with no size.
The hitTest() method was called on this RenderBox: RenderConstrainedBox#84120 relayoutBoundary=up1:
  needs compositing
  creator: ConstrainedBox ← Align ← MediaQuery ← Padding ← AnimatedPadding ← Dialog ← AlertDialog ← WindowsAddOptionDialog ← Builder ← IconTheme ← IconButtonTheme ← DefaultTextStyle ← ⋯
  parentData: offset=Offset(0.0, 0.0) (can use size)
  constraints: BoxConstraints(0.0<=w<=928.0, 0.0<=h<=681.0)
  size: MISSING
  additionalConstraints: BoxConstraints(280.0<=w<=Infinity, 0.0<=h<=Infinity)
Although this node is not marked as needing layout, its size is not set.
A RenderBox object must have an explicit size before it can be hit-tested. Make sure that the RenderBox in question sets its size during layout.#0      RenderBox.hitTest.<anonymous closure> (package:flutter/src/rendering/box.dart:2467:9)
#1      RenderBox.hitTest (package:flutter/src/rendering/box.dart:2482:6)
#2      RenderShiftedBox.hitTestChildren.<anonymous closure> (package:flutter/src/rendering/shifted_box.dart:88:24)
#3      BoxHitTestResult.addWithPaintOffset (package:flutter/src/rendering/box.dart:800:31)
#4      RenderShiftedBox.hitTestChildren (package:flutter/src/rendering/shifted_box.dart:83:21)
#5      RenderBox.hitTest (package:flutter/src/rendering/box.dart:2484:11)
#6      RenderShiftedBox.hitTestChildren.<anonymous closure> (package:flutter/src/rendering/shifted_box.dart:88:24)
#7      BoxHitTestResult.addWithPaintOffset (package:flutter/src/rendering/box.dart:800:31)
#8      RenderShiftedBox.hitTestChildren (package:flutter/src/rendering/shifted_box.dart:83:21)
#9      RenderBox.hitTest (package:flutter/src/rendering/box.dart:2484:11)
#10     RenderShiftedBox.hitTestChildren.<anonymous closure> (package:flutter/src/rendering/shifted_box.dart:88:24)
#11     BoxHitTestResult.addWithPaintOffset (package:flutter/src/rendering/box.dart:800:31)
#12     RenderShiftedBox.hitTestChildren (package:flutter/src/rendering/shifted_box.dart:83:21)
#13     RenderBox.hitTest (package:flutter/src/rendering/box.dart:2484:11)
#14     RenderShiftedBox.hitTestChildren.<anonymous closure> (package:flutter/src/rendering/shifted_box.dart:88:24)
#15     BoxHitTestResult.addWithPaintOffset (package:flutter/src/rendering/box.dart:800:31)
#16     RenderShiftedBox.hitTestChildren (package:flutter/src/rendering/shifted_box.dart:83:21)
#17     RenderBox.hitTest (package:flutter/src/rendering/box.dart:2484:11)
#18     RenderProxyBoxMixin.hitTestChildren (package:flutter/src/rendering/proxy_box.dart:117:19)
#19     RenderBox.hitTest (package:flutter/src/rendering/box.dart:2484:11)
#20     RenderProxyBoxMixin.hitTestChildren (package:flutter/src/rendering/proxy_box.dart:117:19)
#21     RenderBox.hitTest (package:flutter/src/rendering/box.dart:2484:11)
#22     RenderProxyBoxMixin.hitTestChildren (package:flutter/src/rendering/proxy_box.dart:117:19)
#23     RenderBox.hitTest (package:flutter/src/rendering/box.dart:2484:11)
#24     RenderIgnorePointer.hitTest (package:flutter/src/rendering/proxy_box.dart:3618:31)
#25     RenderProxyBoxMixin.hitTestChildren (package:flutter/src/rendering/proxy_box.dart:117:19)
#26     RenderBox.hitTest (package:flutter/src/rendering/box.dart:2484:11)
#27     RenderProxyBoxMixin.hitTestChildren (package:flutter/src/rendering/proxy_box.dart:117:19)
#28     RenderBox.hitTest (package:flutter/src/rendering/box.dart:2484:11)
#29     RenderProxyBoxMixin.hitTestChildren (package:flutter/src/rendering/proxy_box.dart:117:19)
#30     RenderBox.hitTest (package:flutter/src/rendering/box.dart:2484:11)
#31     RenderProxyBoxMixin.hitTestChildren (package:flutter/src/rendering/proxy_box.dart:117:19)
#32     RenderBox.hitTest (package:flutter/src/rendering/box.dart:2484:11)
#33     RenderOffstage.hitTest (package:flutter/src/rendering/proxy_box.dart:3747:31)
#34     RenderProxyBoxMixin.hitTestChildren (package:flutter/src/rendering/proxy_box.dart:117:19)
#35     RenderBox.hitTest (package:flutter/src/rendering/box.dart:2484:11)
#36     _RenderTheaterMixin.hitTestChildren.childHitTest (package:flutter/src/widgets/overlay.dart:897:81)
#37     BoxHitTestResult.addWithPaintOffset (package:flutter/src/rendering/box.dart:800:31)
#38     _RenderTheaterMixin.hitTestChildren (package:flutter/src/widgets/overlay.dart:898:22)
#39     RenderBox.hitTest (package:flutter/src/rendering/box.dart:2484:11)
#40     RenderProxyBoxMixin.hitTestChildren (package:flutter/src/rendering/proxy_box.dart:117:19)
#41     RenderBox.hitTest (package:flutter/src/rendering/box.dart:2484:11)
#42     RenderAbsorbPointer.hitTest (package:flutter/src/rendering/proxy_box.dart:3872:17)
#43     RenderProxyBoxMixin.hitTestChildren (package:flutter/src/rendering/proxy_box.dart:117:19)
#44     RenderProxyBoxWithHitTestBehavior.hitTest (package:flutter/src/rendering/proxy_box.dart:172:19)
#45     RenderProxyBoxMixin.hitTestChildren (package:flutter/src/rendering/proxy_box.dart:117:19)
#46     RenderBox.hitTest (package:flutter/src/rendering/box.dart:2484:11)
#47     RenderProxyBoxMixin.hitTestChildren (package:flutter/src/rendering/proxy_box.dart:117:19)
#48     RenderBox.hitTest (package:flutter/src/rendering/box.dart:2484:11)
#49     RenderProxyBoxMixin.hitTestChildren (package:flutter/src/rendering/proxy_box.dart:117:19)
#50     RenderBox.hitTest (package:flutter/src/rendering/box.dart:2484:11)
#51     RenderProxyBoxMixin.hitTestChildren (package:flutter/src/rendering/proxy_box.dart:117:19)
#52     RenderTapRegionSurface.hitTest (package:flutter/src/widgets/tap_region.dart:213:28)
#53     RenderProxyBoxMixin.hitTestChildren (package:flutter/src/rendering/proxy_box.dart:117:19)
#54     RenderBox.hitTest (package:flutter/src/rendering/box.dart:2484:11)
#55     RenderProxyBoxMixin.hitTestChildren (package:flutter/src/rendering/proxy_box.dart:117:19)
#56     RenderBox.hitTest (package:flutter/src/rendering/box.dart:2484:11)
#57     RenderProxyBoxMixin.hitTestChildren (package:flutter/src/rendering/proxy_box.dart:117:19)
#58     RenderBox.hitTest (package:flutter/src/rendering/box.dart:2484:11)
#59     RenderView.hitTest (package:flutter/src/rendering/view.dart:211:14)
#60     RendererBinding.hitTestInView (package:flutter/src/rendering/binding.dart:624:34)
#61     GestureBinding._handlePointerEventImmediately (package:flutter/src/gestures/binding.dart:384:7)
#62     GestureBinding.handlePointerEvent (package:flutter/src/gestures/binding.dart:376:5)
#63     GestureBinding._flushPointerEventQueue (package:flutter/src/gestures/binding.dart:323:7)
#64     GestureBinding._handlePointerDataPacket (package:flutter/src/gestures/binding.dart:292:9)
#65     _invoke1 (dart:ui/hooks.dart:186:13)
#66     PlatformDispatcher._dispatchPointerDataPacket (dart:ui/platform_dispatcher.dart:433:7)
#67     _dispatchPointerDataPacket (dart:ui/hooks.dart:119:31)
box.dart:104:21)
#73     RenderOffstage.performLayout (package:flutter/src/rendering/proxy_box.dart:3741:13)
#74     RenderObject.layout (package:flutter/src/rendering/object.dart:2548:7)
#75     RenderBox.layout (package:flutter/src/rendering/box.dart:2391:11)
#76     RenderProxyBoxMixin.performLayout (package:flutter/src/rendering/proxy_box.dart:104:21)
#77     RenderObject.layout (package:flutter/src/rendering/object.dart:2548:7)
#78     RenderBox.layout (package:flutter/src/rendering/box.dart:2391:11)
#79     _RenderTheaterMixin.performLayout (package:flutter/src/widgets/overlay.dart:879:15)
#80     RenderObject._layoutWithoutResize (package:flutter/src/rendering/object.dart:2387:7)
#81     PipelineOwner.flushLayout (package:flutter/src/rendering/object.dart:1027:18)
#82     PipelineOwner.flushLayout (package:flutter/src/rendering/object.dart:1040:15)
#83     RendererBinding.drawFrame (package:flutter/src/rendering/binding.dart:591:23)
#84     WidgetsBinding.drawFrame (package:flutter/src/widgets/binding.dart:959:13)
#85     RendererBinding._handlePersistentFrameCallback (package:flutter/src/rendering/binding.dart:457:5)
#86     SchedulerBinding._invokeFrameCallback (package:flutter/src/scheduler/binding.dart:1325:15)
#87     SchedulerBinding.handleDrawFrame (package:flutter/src/scheduler/binding.dart:1255:9)
#88     SchedulerBinding._handleDrawFrame (package:flutter/src/scheduler/binding.dart:1113:5)
#89     _invoke (dart:ui/hooks.dart:170:13)
#90     PlatformDispatcher._drawFrame (dart:ui/platform_dispatcher.dart:410:5)
#91     _drawFrame (dart:ui/hooks.dart:140:31)
package:flutter/src/rendering/shifted_box.dart:238:12)
#91     RenderObject.layout (package:flutter/src/rendering/object.dart:2548:7)
#92     RenderBox.layout (package:flutter/src/rendering/box.dart:2391:11)
#93     RenderPadding.performLayout (package:flutter/src/rendering/shifted_box.dart:238:12)
#94     RenderObject.layout (package:flutter/src/rendering/object.dart:2548:7)
#95     RenderBox.layout (package:flutter/src/rendering/box.dart:2391:11)
#96     RenderPadding.performLayout (package:flutter/src/rendering/shifted_box.dart:238:12)
#97     RenderObject.layout (package:flutter/src/rendering/object.dart:2548:7)
#98     RenderBox.layout (package:flutter/src/rendering/box.dart:2391:11)
#99     RenderProxyBoxMixin.performLayout (package:flutter/src/rendering/proxy_box.dart:104:21)
#100    RenderObject.layout (package:flutter/src/rendering/object.dart:2548:7)
#101    RenderBox.layout (package:flutter/src/rendering/box.dart:2391:11)
#102    RenderProxyBoxMixin.performLayout (package:flutter/src/rendering/proxy_box.dart:104:21)
#103    RenderObject.layout (package:flutter/src/rendering/object.dart:2548:7)
#104    RenderBox.layout (package:flutter/src/rendering/box.dart:2391:11)
#105    RenderProxyBoxMixin.performLayout (package:flutter/src/rendering/proxy_box.dart:104:21)
#106    RenderObject.layout (package:flutter/src/rendering/object.dart:2548:7)
#107    RenderBox.layout (package:flutter/src/rendering/box.dart:2391:11)
#108    RenderProxyBoxMixin.performLayout (package:flutter/src/rendering/proxy_box.dart:104:21)
#109    RenderObject.layout (package:flutter/src/rendering/object.dart:2548:7)
#110    RenderBox.layout (package:flutter/src/rendering/box.dart:2391:11)
#111    RenderProxyBoxMixin.performLayout (package:flutter/src/rendering/proxy_box.dart:104:21)
#112    RenderObject.layout (package:flutter/src/r#0      RenderBox.hitTest.<anonymous closure> (package:flutter/src/rendering/box.dart:2467:9)
#1      RenderBox.hitTest (package:flutter/src/rendering/box.dart:2482:6)
#2      RenderShiftedBox.hitTestChildren.<anonymous closure> (package:flutter/src/rendering/shifted_box.dart:88:24)
#3      BoxHitTestResult.addWithPaintOffset (package:flutter/src/rendering/box.dart:800:31)
#4      RenderShiftedBox.hitTestChildren (package:flutter/src/rendering/shifted_box.dart:83:21)
#5      RenderBox.hitTest (package:flutter/src/rendering/box.dart:2484:11)
#6      RenderShiftedBox.hitTestChildren.<anonymous closure> (package:flutter/src/rendering/shifted_box.dart:88:24)
#7      BoxHitTestResult.addWithPaintOffset (package:flutter/src/rendering/box.dart:Cannot hit test a render box with no size.
The hitTest() method was called on this RenderBox: RenderConstrainedBox#84120 relayoutBoundary=up1:
  needs compositing
  creator: ConstrainedBox ← Align ← MediaQuery ← Padding ← AnimatedPadding ← Dialog ← AlertDialog ← WindowsAddOptionDialog ← Builder ← IconTheme ← IconButtonTheme ← DefaultTextStyle ← ⋯
  parentData: offset=Offset(0.0, 0.0) (can use size)
  constraints: BoxConstraints(0.0<=w<=928.0, 0.0<=h<=681.0)
  size: MISSING
  additionalConstraints: BoxConstraints(280.0<=w<=Infinity, 0.0<=h<=Infinity)
Although this node is not marked as needing layout, its size is not set.
A RenderBox object must have an explicit size before it can be hit-tested. Make sure that the RenderBox in question sets its size during layout.hildren (package:flutter/src/rendering/shifted_box.dart:83:21)
#17     RenderBox.hitTest (package:flutter/src/rendering/box.dart:2484:11)
#18     RenderProxyBoxMixin.hitTestChildren (package:flutter/src/rendering/proxy_box.dart:117:19)
#19     RenderBox.hitTest (package:flutter/src/rendering/box.dart:2484:11)
#20     RenderProxyBoxMixin.hitTestChildren (package:flutter/src/rendering/proxy_box.dart:117:19)
#21     RenderBox.hitTest (package:flutter/src/rendering/box.dart:2484:11)
#22     RenderProxyBoxMixin.hitTestChildren (package:flutter/src/rendering/proxy_box.dart:117:19)
#23     RenderBox.hitTest (package:flutter/src/rendering/box.dart:2484:11)
#24     RenderIgnorePointer.hitTest (package:flutter/src/rendering/proxy_box.dart:3618:31)
#25     RenderProxyBoxMixin.hitTestChildren (package:flutter/src/rendering/proxy_box.dart:117:19)
#26     RenderBox.hitTest (package:flutter/src/rendering/box.dart:2484:11)
#27     RenderProxyBoxMixin.hitTestChildren (package:flutter/src/rendering/proxy_box.dart:117:19)
#28     RenderBox.hitTest (package:flutter/src/rendering/box.dart:2484:11)
#29     RenderProxyBoxMixin.hitTestChildren (package:flutter/src/rendering/proxy_box.dart:117:19)
#30     RenderBox.hitTest (package:flutter/src/rendering/box.dart:2484:11)
#31     RenderProxyBoxMixin.hitTestChildren (package:flutter/src/rendering/proxy_box.dart:117:19)
#32     RenderBox.hitTest (package:flutter/src/rendering/box.dart:2484:11)
#33     RenderOffstage.hitTest (package:flutter/src/rendering/proxy_box.dart:3747:31)
#34     RenderProxyBoxMixin.hitTestChildren (package:flutter/src/rendering/proxy_box.dart:117:19)
#35     RenderBox.hitTest (package:flutter/src/rendering/box.dart:2484:11)
#36     _RenderTheaterMixin.hitTestChildren.childHitTest (package:flutter/src/widgets/overlay.dart:897:81)
#37     BoxHitTestResult.addWithPaintOffset (package:flutter/src/rendering/box.dart:800:31)
#38     _RenderTheaterMixin.hitTestChildren (package:flutter/src/widgets/overlay.dart:898:22)
#39     RenderBox.hitTest (package:flutter/src/rendering/box.dart:2484:11)
#40     RenderProxyBoxMixin.hitTestChildren (package:flutter/src/rendering/proxy_box.dart:117:19)
#41     RenderBox.hitTest (package:flutter/src/rendering/box.dart:2484:11)
#42     RenderAbsorbPointer.hitTest (package:flutter/src/rendering/proxy_box.dart:3872:17)
#43     RenderProxyBoxMixin.hitTestChildren (package:flutter/src/rendering/proxy_box.dart:117:19)
#44     RenderProxyBoxWithHitTestBehavior.hitTest (package:flutter/src/rendering/proxy_box.dart:172:19)
#45     RenderProxyBoxMixin.hitTestChildren (package:flutter/src/rendering/proxy_box.dart:117:19)
#46     RenderBox.hitTest (package:flutter/src/rendering/box.dart:2484:11)
#47     RenderProxyBoxMixin.hitTestChildren (package:flutter/src/rendering/proxy_box.dart:117:19)
#48     RenderBox.hitTest (package:flutter/src/rendering/box.dart:2484:11)
#49     RenderProxyBoxMixin.hitTestChildren (package:flutter/src/rendering/proxy_box.dart:117:19)
#50     RenderBox.hitTest (package:flutter/src/rendering/box.dart:2484:11)
#51     RenderProxyBoxMixin.hitTestChildren (package:flutter/src/rendering/proxy_box.dart:117:19)
#52     RenderTapRegionSurface.hitTest (package:flutter/src/widgets/tap_region.dart:213:28)
#53     RenderProxyBoxMixin.hitTestChildren (package:flutter/src/rendering/proxy_box.dart:117:19)
#54     RenderBox.hitTest (package:flutter/src/rendering/box.dart:2484:11)
#55     RenderProxyBoxMixin.hitTestChildren (package:flutter/src/rendering/proxy_box.dart:117:19)
#56     RenderBox.hitTest (package:flutter/src/rendering/box.dart:2484:11)
#57     RenderProxyBoxMixin.hitTestChildren (package:flutter/src/rendering/proxy_box.dart:117:19)
#58     RenderBox.hitTest (package:flutter/src/rendering/box.dart:2484:11)
#59     RenderView.hitTest (package:flutter/src/rendering/view.dart:211:14)
#60     RendererBinding.hitTestInView (package:flutter/src/rendering/binding.dart:624:34)
#61     GestureBinding._handlePointerEventImmediately (package:flutter/src/gestures/binding.dart:384:7)
#62     GestureBinding.handlePointerEvent (package:flutter/src/gestures/binding.dart:376:5)
#63     GestureBinding._flushPointerEventQueue (package:flutter/src/gestures/binding.dart:323:7)
#64     GestureBinding._handlePointerDataPacket (package:flutter/src/gestures/binding.dart:292:9)
#65     _invoke1 (dart:ui/hooks.dart:186:13)
#66     PlatformDispatcher._dispatchPointerDataPacket (dart:ui/platform_dispatcher.dart:433:7)
#67     _dispatchPointerDataPacket (dart:ui/hooks.dart:119:31)
#0      _AssertionError._doThrowNew (dart:core-patch/errors_patch.dart:51:61)
#1      _AssertionError._throwNew (dart:core-patch/errors_patch.dart:40:5)
#2      RenderBox.size (package:flutter/src/rendering/box.dart:1974:12)
#3      RenderProxyBoxMixin.performLayout (package:flutter/src/rendering/proxy_box.dart:104:65)
#4      RenderObject.layout (package:flutter/src/rendering/object.dart:2548:7)
#5      RenderBox.layout (package:flutter/src/rendering/box.dart:2391:11)
#6      RenderProxyBoxMixin.performLayout (package:flutter/src/rendering/proxy_box.dart:104:21)
#7      RenderObject.layout (package:flutter/src/rendering/object.dart:2548:7)
#8      RenderBox.layout (package:flutter/src/rendering/box.dart:2391:11)
#9      RenderProxyBoxMixin.performLayout (package:flutter/src/rendering/proxy_box.dart:104:21)
#10     RenderObject.layout (package:flutter/src/rendering/object.dart:2548:7)
#11     RenderBox.layout (package:flutter/sr#0      RenderBox.hitTest.<anonymous closure> (package:flutter/src/rendering/box.dart:2467:9)
#1      RenderBox.hitTest (package:flutter/src/rendering/box.dart:2482:6)
#2      RenderShiftedBox.hitTestChildren.<anonymous closure> (package:flutter/src/rendering/shifted_box.dart:88:24)
#3      BoxHitTestResult.addWithPaintOffset (package:flutter/src/rendering/box.dart:800:31)
#4      RenderShiftedBox.hitTestChildren (package:flutter/src/rendering/shifted_box.dart:83:21)
#5      RenderBox.hitTest (package:flutter/src/rendering/box.dart:2484:11)
#6      RenderShiftedBox.hitTestChildren.<anonymous closure> (package:flutter/src/rendering/shifted_box.dart:88:24)
#7      BoxHitTestResult.addWithPaintOffset (package:flutter/src/rendering/box.dart:800:31)
#8      RenderShiftedBox.hitTestChildren (package:flutter/src/rendering/shifted_box.dart:83:21)
#9      RenderBox.hitTest (package:flutter/src/rendering/box.dart:2484:11)
#10     RenderShiftedBox.hitTestChildren.<anonymous closure> (package:flutter/src/rendering/shifted_box.dart:88:24)
#11     BoxHitTestResult.addWithPaintOffset (package:flutter/src/rendering/box.dart:800:31)
#12     RenderShiftedBox.hitTestChildren (package:flutter/src/rendering/shifted_box.dart:83:21)
#13     RenderBox.hitTest (package:flutter/src/rendering/box.dart:2484:11)
#14     RenderShiftedBox.hitTestChildren.<anonymous closure> (package:flutter/src/rendering/shifted_box.dart:88:24)
#15     BoxHitTestResult.addWithPaintOffset (package:flutter/src/rendering/box.dart:800:31)
#16     RenderShiftedBox.hitTestChildren (package:flutter/src/rendering/shifted_box.dart:83:21)
#17     RenderBox.hitTest (package:flutter/src/rendering/box.dart:2484:11)
#18     RenderProxyBoxMixin.hitTestChildren (package:flutter/src/rendering/proxy_box.dart:117:19)
#19     RenderBox.hitTest (package:flutter/src/rendering/box.dart:2484:11)
#20     RenderProxyBoxMixin.hitTestChildren (package:flutter/src/rendering/proxy_box.dart:117:19)
#21     RenderBox.hitTest (package:flutter/src/rendering/box.dart:2484:11)
#22     RenderProxyBoxMixin.hitTestChildren (package:flutter/src/rendering/proxy_box.dart:117:19)
#23     RenderBox.hitTest (package:flutter/src/rendering/box.dart:2484:11)
#24     RenderIgnorePointer.hitTest (package:flutter/src/rendering/proxy_box.dart:3618:31)
#25     RenderProxyBoxMixin.hitTestChildren (package:flutter/src/rendering/proxy_box.dart:117:19)
#26     RenderBox.hitTest (package:flutter/src/rendering/box.dart:2484:11)
#27     RenderProxyBoxMixin.hitTestChildren (package:flutter/src/rendering/proxy_box.dart:117:19)
#28     RenderBox.hitTest (package:flutter/src/rendering/box.dart:2484:11)
#29     RenderProxyBoxMixin.hitTestChildren (package:flutter/src/rendering/proxy_box.dart:117:19)
#30     RenderBox.hitTest (package:flutter/src/rendering/box.dart:2484:11)
#31     RenderProxyBoxMixin.hitTestChildren (package:flutter/src/rendering/proxy_box.dart:117:19)
#32     RenderBox.hitTest (package:flutter/src/rendering/box.dart:2484:11)
#33     RenderOffstage.hitTest (package:flutter/src/rendering/proxy_box.dart:3747:31)
#34     RenderProxyBoxMixin.hitTestChildren (package:flutter/src/rendering/proxy_box.dart:117:19)
#35     RenderBox.hitTest (package:flutter/src/rendering/box.dart:2484:11)
#36     _RenderTheaterMixin.hitTestChildren.childHitTest (package:flutter/src/widgets/overlay.dart:897:81)
#37     BoxHitTestResult.addWithPaintOffset (package:flutter/src/rendering/box.dart:800:31)
#38     _RenderTheaterMixin.hitTestChildren (package:flutter/src/widgets/overlay.dart:898:22)
#39     RenderBox.hitTest (package:flutter/src/rendering/box.dart:2484:11)
#40     RenderProxyBoxMixin.hitTestChildren (package:flutter/src/rendering/proxy_box.dart:117:19)
#41     RenderBox.hitTest (package:flutter/src/rendering/box.dart:2484:11)
#42     RenderAbsorbPointer.hitTest (package:flutter/src/rendering/proxy_box.dart:3872:17)
#43     RenderProxyBoxMixin.hitTestChildren (package:flutter/src/rendering/proxy_box.dart:117:19)
#44     RenderProxyBoxWithHitTestBehavior.hitTest (package:flutter/src/rendering/proxy_box.dart:172:19)
#45     RenderProxyBoxMixin.hitTestChildren (package:flutter/src/rendering/proxy_box.dart:117:19)
#46     RenderBox.hitTest (package:flutter/src/rendering/box.dart:2484:11)
#47     RenderProxyBoxMixin.hitTestChildren (package:flutter/src/rendering/proxy_box.dart:117:19)
#48     RenderBox.hitTest (package:flutter/src/rendering/box.dart:2484:11)
#49     RenderProxyBoxMixin.hitTestChildren (package:flutter/src/rendering/proxy_box.dart:117:19)
#50     RenderBox.hitTest (package:flutter/src/rendering/box.dart:2484:11)
#51     RenderProxyBoxMixin.hitTestChildren (package:flutter/src/rendering/proxy_box.dart:117:19)
#52     RenderTapRegionSurface.hitTest (package:flutter/src/widgets/tap_region.dart:213:28)
#53     RenderProxyBoxMixin.hitTestChildren (package:flutter/src/rendering/proxy_box.dart:117:19)
#54     RenderBox.hitTest (package:flutter/src/rendering/box.dart:2484:11)
#55     RenderProxyBoxMixin.hitTestChildren (package:flutter/src/rendering/proxy_box.dart:117:19)
#56     RenderBox.hitTest (package:flutter/src/rendering/box.dart:2484:11)
#57     RenderProxyBoxMixin.hitTestChildren (package:flutter/src/rendering/proxy_box.dart:117:19)
#58     RenderBox.hitTest (package:flutter/src/rendering/box.dart:2484:11)
#59     RenderView.hitTest (package:flutter/src/rendering/view.dart:211:14)
#60     RendererBinding.hitTestInView (package:flutter/src/rendering/binding.dart:624:34)
#61     GestureBinding._handlePointerEventImmediately (package:flutter/src/gestures/binding.dart:384:7)
#62     GestureBinding.handlePointerEvent (package:flutter/src/gestures/binding.dart:376:5)
#63     GestureBinding._flushPointerEventQueue (package:flutter/src/gestures/binding.dart:323:7)
#64     GestureBinding._handlePointerDataPacket (package:flutter/src/gestures/binding.dart:292:9)
#65     _invoke1 (dart:ui/hooks.dart:186:13)
#66     PlatformDispatcher._dispatchPointerDataPacket (dart:ui/platform_dispatcher.dart:433:7)
#67     _dispatchPointerDataPacket (dart:ui/hooks.dart:119:31)
box.dart:2391:11)
#73     RenderProxyBoxMixin.performLayout (package:flutter/src/rendering/proxy_box.dart:104:21)
#74     RenderObject.layout (package:flutter/src/rendering/object.dart:2548:7)
#75     RenderBox.layout (package:flutter/src/rendering/box.dart:2391:11)
#76     RenderProxyBoxMixin.performLayout (package:flutter/src/rendering/proxy_box.dart:104:21)
#77     RenderObject.layout (package:flutter/src/rendering/object.dart:2548:7)
#78     RenderBox.layout (package:flutter/src/rendering/box.dart:2391:11)
#79     RenderProxyBoxMixin.performLayout (package:flutter/src/rendering/proxy_box.dart:104:21)
#80     RenderObject.layout (package:flutter/src/rendering/object.dart:2548:7)
#81     RenderBox.layout (package:flutter/src/rendering/box.dart:2391:11)
#82     RenderProxyBoxMixin.performLayout (package:flutter/src/rendering/proxy_box.dart:104:21)
#83     RenderObject.layout (package:flutter/src/rendering/object.dart:2548:7)
#84     RenderBox.layout (package:flutter/src/rendering/box.dart:2391:11)
#85     RenderProxyBoxMixin.performLayout (package:flutter/src/rendering/proxy_box.dart:104:21)
#86     RenderOffstage.performLayout (package:flutter/src/rendering/proxy_box.dart:3741:13)
#87     RenderObject.layout (package:flutter/src/rendering/object.dart:2548:7)
#88     RenderBox.layout (package:flutter/src/rendering/box.dart:2391:11)
#89     RenderProxyBoxMixin.performLayout (package:flutter/src/rendering/proxy_box.dart:104:21)
#90     RenderObject.layout (package:flutter/src/rendering/object.dart:2548:7)
#91     RenderBox.layout (package:flutter/src/rendering/box.dart:2391:11)
#92     _RenderTheaterMixin.performLayout (package:flutter/src/widgets/overlay.dart:879:15)
#93     RenderObject._layoutWithoutResize (package:flutter/src/rendering/object.dart:2387:7)
#94     PipelineOwner.flushLayout (package:flutter/src/rendering/object.dart:1027:18)
#95     PipelineOwner.flushLayout (package:flutter/src/rendering/object.dart:1040:15)
#96     RendererBinding.drawFrame (package:flutter/src/rendering/binding.dart:591:23)
#97     WidgetsBinding.drawFrame (package:flutter/src/widgets/binding.dart:959:13)
#98     RendererBinding._handlePersistentFrameCallback (package:flutter/src/rendering/binding.dart:457:5)
#99     SchedulerBinding._invokeFrameCallback (package:flutter/src/scheduler/binding.dart:1325:15)
#100    SchedulerBinding.handleDrawFrame (package:flutter/src/scheduler/binding.dart:1255:9)
#101    SchedulerBinding._handleDrawFrame (package:flutter/src/scheduler/binding.dart:1113:5)
#102    _invoke (dart:ui/hooks.dart:170:13)
#103    PlatformDispatcher._drawFrame (dart:ui/platform_dispatcher.dart:410:5)
#104    _drawFrame (dart:ui/hooks.dart:140:31)
erBinding._handleDrawFrame (package:flutter/src/scheduler/binding.dart:1113:5)
#105    _invoke (dart:ui/hooks.dart:170:13)
#106    PlatformDispatcher._drawFrame (dart:ui/platform_dispatcher.dart:410:5)
#107    _drawFrame (dart:ui/hooks.dart:140:31)
13)
#108    RenderObject.layout (package:flutter/src/rendering/object.dart:2548:7)
#109    RenderBox.layout (package:flutter/src/rendering/box.dart:2391:11)
#110    RenderProxyBoxMixin.performLayout (package:flutter/src/rendering/proxy_box.dart:104:21)
#111    RenderObject.layout (package:flutter/src/rendering/object.dart:2548:7)
#112    RenderBox.layout (package:flutter/src/rendering/box.dart:2391:11)
#113    _RenderTheaterMixin.performLayout (package:flutter/src/widgets/overlay.dart:879:15)
#114    RenderObject._layoutWithoutResize (package:flutter/src/rendering/object.dart:2387:7)
#115    PipelineOwner.flushLayout (package:flutter/src/rendering/object.dart:1027:18)
#116    PipelineOwner.flushLayout (package:flutter/src/rendering/object.dart:1040:15)
#117    RendererBinding.drawFrame (package:flutter/src/rendering/binding.dart:591:23)
#118    WidgetsBinding.drawFrame (package:flutter/src/widgets/binding.dart:959:13)
#119    RendererBinding._handlePersistentFrameCallback (package:flutter/src/rendering/binding.dart:457:5)
#120    SchedulerBinding._invokeFrameCallback (package:flutter/src/scheduler/binding.dart:1325:15)
#121    SchedulerBinding.handleDrawFrame (package:flutter/src/scheduler/binding.dart:1255:9)
#122    SchedulerBinding._handleDrawFrame (package:flutter/src/scheduler/binding.dart:1113:5)
#123    _invoke (dart:ui/hooks.dart:170:13)
#124    PlatformDispatcher._drawFrame (dart:ui/platform_dispatcher.dart:410:5)
#125    _drawFrame (dart:ui/hooks.dart:140:31)
Cannot hit test a render box with no size.
The hitTest() method was called on this RenderBox: RenderConstrainedBox#84120 relayoutBoundary=up1:
  needs compositing
  creator: ConstrainedBox ← Align ← MediaQuery ← Padding ← AnimatedPadding ← Dialog ← AlertDialog ← WindowsAddOptionDialog ← Builder ← IconTheme ← IconButtonTheme ← DefaultTextStyle ← ⋯
  parentData: offset=Offset(0.0, 0.0) (can use size)
  constraints: BoxConstraints(0.0<=w<=928.0, 0.0<=h<=681.0)
  size: MISSING
  additionalConstraints: BoxConstraints(280.0<=w<=Infinity, 0.0<=h<=Infinity)
Although this node is not marked as needing layout, its size is not set.
A RenderBox object must have an explicit size before it can be hit-tested. Make sure that the RenderBox in question sets its size during layout.ckage:flutter/src/rendering/shifted_box.dart:83:21)
#9      RenderBox.hitTest (package:flutter/src/rendering/box.dart:2484:11)
#10     RenderShiftedBox.hitTestChildren.<anonymous closure> (package:flutter/src/rendering/shifted_box.dart:88:24)
#11     BoxHitTestResult.addWithPaintOffset (package:flutter/src/rendering/box.dart:800:31)
#12     RenderShiftedBox.hitTestChildren (package:flutter/src/rendering/shifted_box.dart:83:21)
#13     RenderBox.hitTest (package:flutter/src/rendering/box.dart:2484:11)
#14     RenderShiftedBox.hitTestChildren.<anonymous closure> (package:flutter/src/rendering/shifted_box.dart:88:24)
#15     BoxHitTestResult.addWithPaintOffset (package:flutter/src/rendering/box.dart:800:31)
#16     RenderShiftedBox.hitTestChildren (package:flutter/src/rendering/shifted_box.dart:83:21)
#17     RenderBox.hitTest (package:flutter/src/rendering/box.dart:2484:11)
#18     RenderProxyBoxMixin.hitTestChildren (package:flutter/src/rendering/proxy_box.dart:117:19)
#19     RenderBox.hitTest (package:flutter/src/rendering/box.dart:2484:11)
#20     RenderProxyBoxMixin.hitTestChildren (package:flutter/src/rendering/proxy_box.dart:117:19)
#21     RenderBox.hitTest (package:flutter/src/rendering/box.dart:2484:11)
#22     RenderProxyBoxMixin.hitTestChildren (package:flutter/src/rendering/proxy_box.dart:117:19)
#23     RenderBox.hitTest (package:flutter/src/rendering/box.dart:2484:11)
#24     RenderIgnorePointer.hitTest (package:flutter/src/rendering/proxy_box.dart:3618:31)
#25     RenderProxyBoxMixin.hitTestChildren (package:flutter/src/rendering/proxy_box.dart:117:19)
#26     RenderBox.hitTest (package:flutter/src/rendering/box.dart:2484:11)
#27     RenderProxyBoxMixin.hitTestChildren (package:flutter/src/rendering/proxy_box.dart:117:19)
#28     RenderBox.hitTest (package:flutter/src/rendering/box.dart:2484:11)
#29     RenderProxyBoxMixin.hitTestChildren (package:flutter/src/rendering/proxy_box.dart:117:19)
#30     RenderBox.hitTest (package:flutter/src/rendering/box.dart:2484:11)
#31     RenderProxyBoxMixin.hitTestChildren (package:flutter/src/rendering/proxy_box.dart:117:19)
#32     RenderBox.hitTest (package:flutter/src/rendering/box.dart:2484:11)
#33     RenderOffstage.hitTest (package:flutter/src/rendering/proxy_box.dart:3747:31)
#34     RenderProxyBoxMixin.hitTestChildren (package:flutter/src/rendering/proxy_box.dart:117:19)
#35     RenderBox.hitTest (package:flutter/src/rendering/box.dart:2484:11)
#36     _RenderTheaterMixin.hitTestChildren.childHitTest (package:flutter/src/widgets/overlay.dart:897:81)
#37     BoxHitTestResult.addWithPaintOffset (package:flutter/src/rendering/box.dart:800:31)
#38     _RenderTheaterMixin.hitTestChildren (package:flutter/src/widgets/overlay.dart:898:22)
#39     RenderBox.hitTest (package:flutter/src/rendering/box.dart:2484:11)
#40     RenderProxyBoxMixin.hitTestChildren (package:flutter/src/rendering/proxy_box.dart:117:19)
#41     RenderBox.hitTest (package:flutter/src/rendering/box.dart:2484:11)
#42     RenderAbsorbPointer.hitTest (package:flutter/src/rendering/proxy_box.dart:3872:17)
#43     RenderProxyBoxMixin.hitTestChildren (package:flutter/src/rendering/proxy_box.dart:117:19)
#44     RenderProxyBoxWithHitTestBehavior.hitTest (package:flutter/src/rendering/proxy_box.dart:172:19)
#45     RenderProxyBoxMixin.hitTestChildren (package:flutter/src/rendering/proxy_box.dart:117:19)
#46     RenderBox.hitTest (package:flutter/src/rendering/box.dart:2484:11)
#47     RenderProxyBoxMixin.hitTestChildren (package:flutter/src/rendering/proxy_box.dart:117:19)
#48     RenderBox.hitTest (package:flutter/src/rendering/box.dart:2484:11)
#49     RenderProxyBoxMixin.hitTestChildren (package:flutter/src/rendering/proxy_box.dart:117:19)
#50     RenderBox.hitTest (package:flutter/src/rendering/box.dart:2484:11)
#51     RenderProxyBoxMixin.hitTestChildren (package:flutter/src/rendering/proxy_box.dart:117:19)
#52     RenderTapRegionSurface.hitTest (package:flutter/src/widgets/tap_region.dart:213:28)
#53     RenderProxyBoxMixin.hitTestChildren (package:flutter/src/rendering/proxy_box.dart:117:19)
#54     RenderBox.hitTest (package:flutter/src/rendering/box.dart:2484:11)
#55     RenderProxyBoxMixin.hitTestChildren (package:flutter/src/rendering/proxy_box.dart:117:19)
#56     RenderBox.hitTest (package:flutter/src/rendering/box.dart:2484:11)
#57     RenderProxyBoxMixin.hitTestChildren (package:flutter/src/rendering/proxy_box.dart:117:19)
#58     RenderBox.hitTest (package:flutter/src/rendering/box.dart:2484:11)
#59     RenderView.hitTest (package:flutter/src/rendering/view.dart:211:14)
#60     RendererBinding.hitTestInView (package:flutter/src/rendering/binding.dart:624:34)
#61     GestureBinding._handlePointerEventImmediately (package:flutter/src/gestures/binding.dart:384:7)
#62     GestureBinding.handlePointerEvent (package:flutter/src/gestures/binding.dart:376:5)
#63     GestureBinding._flushPointerEventQueue (package:flutter/src/gestures/binding.dart:323:7)
#64     GestureBinding._handlePointerDataPacket (package:flutter/src/gestures/binding.dart:292:9)
#65     _invoke1 (dart:ui/hooks.dart:186:13)
#66     PlatformDispatcher._dispatchPointerDataPacket (dart:ui/platform_dispatcher.dart:433:7)
#67     _dispatchPointerDataPacket (dart:ui/hooks.dart:119:31)
#0      _AssertionError._doThrowNew (dart:core-patch/errors_patch.dart:51:61)
#1      _AssertionError._throwNew (dart:core-patch/errors_patch.dart:40:5)
#2      MouseTracker._deviceUpdatePhase (package:flutter/src/rendering/mouse_tracker.dart:205:12)
#3      MouseTracker.updateAllDevices (package:flutter/src/rendering/mouse_tracker.dart:372:5)
#4      RendererBinding._scheduleMouseTrackerUpdate.<anonymous closure> (package:flutter/src/rendering/binding.dart:474:22)
#5      SchedulerBinding._invokeFrameCallback (package:flutter/src/scheduler/binding.dart:1325:15)
#6      SchedulerBinding.handleDrawFrame (package:flutter/src/scheduler/binding.dart:1264:9)
#7      SchedulerBinding._handleDrawFrame (package:flutter/src/scheduler/binding.dart:1113:5)
#8      _invoke (dart:ui/hooks.dart:170:13)
#9      PlatformDispatcher._drawFrame (dart:ui/platform_dispatcher.dart:410:5)
#10     _drawFrame (dart:ui/hooks.dart:140:31)
#10     RenderShiftedBox.hitTestChildren.<anonymous closure> (package:flutter/src/rendering/shifted_box.dart:88:24)
#11     BoxHitTestResult.addWithPaintOffset (package:flutter/src/rendering/box.dart:800:31)
#12     RenderShiftedBox.hitTestChildren (package:flutter/src/rendering/shifted_box.dart:83:21)
#13     RenderBox.hitTest (package:flutter/src/rendering/box.dart:2484:11)
#14     RenderShiftedBox.hitTestChildren.<anonymous closure> (package:flutter/src/rendering/shifted_box.dart:88:24)
#15     BoxHitTestResult.addWithPaintOffset (package:flutter/src/rendering/box.dart:800:31)
#16     RenderShiftedBox.hitTestChildren (package:flutter/src/rendering/shifted_box.dart:83:21)
#17     RenderBox.hitTest (package:flutter/src/rendering/box.dart:2484:11)
#18     RenderProxyBoxMixin.hitTestChildren (package:flutter/src/rendering/proxy_box.dart:117:19)
#19     RenderBox.hitTest (package:flutter/src/rendering/box.dart:2484:11)
#20     RenderProxyBoxMixin.hitTestChildren (package:flutter/src/rendering/proxy_box.dart:117:19)
#21     RenderBox.hitTest (package:flutter/src/rendering/box.dart:2484:11)
#22     RenderProxyBoxMixin.hitTestChildren (package:flutter/src/rendering/proxy_box.dart:117:19)
#23     RenderBox.hitTest (package:flutter/src/rendering/box.dart:2484:11)
#24     RenderIgnorePointer.hitTest (package:flutter/src/rendering/proxy_box.dart:3618:31)
#25     RenderProxyBoxMixin.hitTestChildren (package:flutter/src/rendering/proxy_box.dart:117:19)
#26     RenderBox.hitTest (package:flutter/src/rendering/box.dart:2484:11)
#27     RenderProxyBoxMixin.hitTestChildren (package:flutter/src/rendering/proxy_box.dart:117:19)
#28     RenderBox.hitTest (package:flutter/src/rendering/box.dart:2484:11)
#29     RenderProxyBoxMixin.hitTestChildren (package:flutter/src/rendering/proxy_box.dart:117:19)
#30     RenderBox.hitTest (package:flutter/src/rendering/box.dart:2484:11)
#31     RenderProxyBoxMixin.hitTestChildren (package:flutter/src/rendering/proxy_box.dart:117:19)
#32     RenderBox.hitTest (package:flutter/src/rendering/box.dart:2484:11)
#33     RenderOffstage.hitTest (package:flutter/src/rendering/proxy_box.dart:3747:31)
#34     RenderProxyBoxMixin.hitTestChildren (package:flutter/src/rendering/proxy_box.dart:117:19)
#35     RenderBox.hitTest (package:flutter/src/rendering/box.dart:2484:11)
#36     _RenderTheaterMixin.hitTestChildren.childHitTest (package:flutter/src/widgets/overlay.dart:897:81)
#37     BoxHitTestResult.addWithPaintOffset (package:flutter/src/rendering/box.dart:800:31)
#38     _RenderTheaterMixin.hitTestChildren (package:flutter/src/widgets/overlay.dart:898:22)
#39     RenderBox.hitTest (package:flutter/src/rendering/box.dart:2484:11)
#40     RenderProxyBoxMixin.hitTestChildren (package:flutter/src/rendering/proxy_box.dart:117:19)
#41     RenderBox.hitTest (package:flutter/src/rendering/box.dart:2484:11)
#42     RenderAbsorbPointer.hitTest (package:flutter/src/rendering/proxy_box.dart:3872:17)
#43     RenderProxyBoxMixin.hitTestChildren (package:flutter/src/rendering/proxy_box.dart:117:19)
#44     RenderProxyBoxWithHitTestBehavior.hitTest (package:flutter/src/rendering/proxy_box.dart:172:19)
#45     RenderProxyBoxMixin.hitTestChildren (package:flutter/src/rendering/proxy_box.dart:117:19)
#46     RenderBox.hitTest (package:flutter/src/rendering/box.dart:2484:11)
#47     RenderProxyBoxMixin.hitTestChildren (package:flutter/src/rendering/proxy_box.dart:117:19)
#48     RenderBox.hitTest (package:flutter/src/rendering/box.dart:2484:11)
#49     RenderProxyBoxMixin.hitTestChildren (package:flutter/src/rendering/proxy_box.dart:117:19)
#50     RenderBox.hitTest (package:flutter/src/rendering/box.dart:2484:11)
#51     RenderProxyBoxMixin.hitTestChildren (package:flutter/src/rendering/proxy_box.dart:117:19)
#52     RenderTapRegionSurface.hitTest (package:flutter/src/widgets/tap_region.dart:213:28)
#53     RenderProxyBoxMixin.hitTestChildren (package:flutter/src/rendering/proxy_box.dart:117:19)
#54     RenderBox.hitTest (package:flutter/src/rendering/box.dart:2484:11)
#55     RenderProxyBoxMixin.hitTestChildren (package:flutter/src/rendering/proxy_box.dart:117:19)
#56     RenderBox.hitTest (package:flutter/src/rendering/box.dart:2484:11)
#57     RenderProxyBoxMixin.hitTestChildren (package:flutter/src/rendering/proxy_box.dart:117:19)
#58     RenderBox.hitTest (package:flutter/src/rendering/box.dart:2484:11)
#59     RenderView.hitTest (package:flutter/src/rendering/view.dart:211:14)
#60     RendererBinding.hitTestInView (package:flutter/src/rendering/binding.dart:624:34)
#61     GestureBinding._handlePointerEventImmediately (package:flutter/src/gestures/binding.dart:384:7)
#62     GestureBinding.handlePointerEvent (package:flutter/src/gestures/binding.dart:376:5)
#63     GestureBinding._flushPointerEventQueue (package:flutter/src/gestures/binding.dart:323:7)
#64     GestureBinding._handlePointerDataPacket (package:flutter/src/gestures/binding.dart:292:9)
#65     _invoke1 (dart:ui/hooks.dart:186:13)
#66     PlatformDispatcher._dispatchPointerDataPacket (dart:ui/platform_dispatcher.dart:433:7)
#67     _dispatchPointerDataPacket (dart:ui/hooks.dart:119:31)
box.dart:104:21)
#73     RenderObject.layout (package:flutter/src/rendering/object.dart:2548:7)
#74     RenderBox.layout (package:flutter/src/rendering/box.dart:2391:11)
#75     RenderProxyBoxMixin.performLayout (package:flutter/src/rendering/proxy_box.dart:104:21)
#76     RenderObject.layout (package:flutter/src/rendering/object.dart:2548:7)
#77     RenderBox.layout (package:flutter/src/rendering/box.dart:2391:11)
#78     RenderProxyBoxMixin.performLayout (package:flutter/src/rendering/proxy_box.dart:104:21)
#79     RenderObject.layout (package:flutter/src/rendering/object.dart:2548:7)
#80     RenderBox.layout (package:flutter/src/rendering/box.dart:2391:11)
#81     RenderProxyBoxMixin.performLayout (package:flutter/src/rendering/proxy_box.dart:104:21)
#82     RenderOffstage.performLayout (package:flutter/src/rendering/proxy_box.dart:3741:13)
#83     RenderObject.layout (package:flutter/src/rendering/object.dart:2548:7)
#84     RenderBox.layout (package:flutter/src/rendering/box.dart:2391:11)
#85     RenderProxyBoxMixin.performLayout (package:flutter/src/rendering/proxy_box.dart:104:21)
#86     RenderObject.layout (package:flutter/src/rendering/object.dart:2548:7)
#87     RenderBox.layout (package:flutter/src/rendering/box.dart:2391:11)
#88     _RenderTheaterMixin.performLayout (package:flutter/src/widgets/overlay.dart:879:15)
#89     RenderObject._layoutWithoutResize (package:flutter/src/rendering/object.dart:2387:7)
#90     PipelineOwner.flushLayout (package:flutter/src/rendering/object.dart:1027:18)
#91     PipelineOwner.flushLayout (package:flutter/src/rendering/object.dart:1040:15)
#92     RendererBinding.drawFrame (package:flutter/src/rendering/binding.dart:591:23)
#93     WidgetsBinding.drawFrame (package:flutter/src/widgets/binding.dart:959:13)
#94     RendererBinding._handlePersistentFrameCallback (package:flutter/src/rendering/binding.dart:457:5)
#95     SchedulerBinding._invokeFrameCallback (package:flutter/src/scheduler/binding.dart:1325:15)
#96     SchedulerBinding.handleDrawFrame (package:flutter/src/scheduler/binding.dart:1255:9)
#97     SchedulerBinding._handleDrawFrame (package:flutter/src/scheduler/binding.dart:1113:5)
#98     _invoke (dart:ui/hooks.dart:170:13)
#99     PlatformDispatcher._drawFrame (dart:ui/platform_dispatcher.dart:410:5)
#100    _drawFrame (dart:ui/hooks.dart:140:31)
ering/proxy_box.dart:104:21)
#101    RenderObject.layout (package:flutter/src/rendering/object.dart:2548:7)
#102    RenderBox.layout (package:flutter/src/rendering/box.dart:2391:11)
#103    RenderProxyBoxMixin.performLayout (package:flutter/src/rendering/proxy_box.dart:104:21)
#104    RenderObject.layout (package:flutter/src/rendering/object.dart:2548:7)
#105    RenderBox.layout (package:flutter/src/rendering/box.dart:2391:11)
#106    RenderProxyBoxMixin.performLayout (package:flutter/src/rendering/proxy_box.dart:104:21)
#107    RenderObject.layout (package:flutter/src/rendering/object.dart:2548:7)
#108    RenderBox.layout (package:flutter/src/rendering/box.dart:2391:11)
#109    RenderProxyBoxMixin.performLayout (package:flutter/src/rendering/proxy_box.dart:104:21)
#110    RenderOffstage.performLayout (package:flutter/src/rendering/proxy_box.dart:3741:13)
#111    RenderObject.layout (package:flutter/src/rendering/object.dart:2548:7)
#112    RenderBox.layout (package:flutter/src/rendering/box.dart:2391:11)
#113    RenderProxyBoxMixin.performLayout (package:flutter/src/rendering/proxy_box.dart:104:21)
#114    RenderObject.layout (package:flutter/src/rendering/object.dart:2548:7)
#115    RenderBox.layout (package:flutter/src/rendering/box.dart:2391:11)
#116    _RenderTheaterMixin.performLayout (package:flutter/src/widgets/overlay.dart:879:15)
#117    RenderObject._layoutWithoutResize (package:flutter/src/rendering/object.dart:2387:7)
#118    PipelineOwner.flushLayout (package:flutter/src/rendering/object.dart:1027:18)
#119    PipelineOwner.flushLayout (package:flutter/src/rendering/object.dart:1040:15)
#120    RendererBinding.drawFrame (package:flutter/src/rendering/binding.dart:591:23)
#121    WidgetsBinding.drawFrame (package:flutter/src/widgets/binding.dart:959:13)
#122    RendererBinding._handlePersistentFrameCallback (package:flutter/src/rendering/binding.dart:457:5)
#123    SchedulerBinding._invokeFrameCallback (package:flutter/src/scheduler/binding.dart:1325:15)
#124    SchedulerBinding.handleDrawFrame (package:flutter/src/scheduler/binding.dart:1255:9)
#125    SchedulerBinding._handleDrawFrame (package:flutter/src/scheduler/binding.dart:1113:5)
#126    _invoke (dart:ui/hooks.dart:170:13)
#127    PlatformDispatcher._drawFrame (dart:ui/platform_dispatcher.dart:410:5)
#128    _drawFrame (dart:ui/hooks.dart:140:31)
'package:flutter/src/rendering/mouse_tracker.dart': Failed assertion: line 205 pos 12: '!_debugDuringDeviceUpdate': is not true.:flutter/src/rendering/box.dart:2482:6)
#2      RenderShiftedBox.hitTestChildren.<anonymous closure> (package:flutter/src/rendering/shifted_box.dart:88:24)
#3      BoxHitTestResult.addWithPaintOffset (package:flutter/src/rendering/box.dart:800:31)
#4      RenderShiftedBox.hitTestChildren (package:flutter/src/rendering/shifted_box.dart:83:21)
#5      RenderBox.hitTest (package:flutter/src/rendering/box.dart:2484:11)
#6      RenderShiftedBox.hitTestChildren.<anonymous closure> (package:flutter/src/rendering/shifted_box.dart:88:24)
#7      BoxHitTestResult.addWithPaintOffset (package:flutter/src/rendering/box.dart:800:31)
#8      RenderShiftedBox.hitTestChildren (package:flutter/src/rendering/shifted_box.dart:83:21)
#9      RenderBox.hitTest (package:flutter/src/rendering/box.dart:2484:11)
#10     RenderShiftedBox.hitTestChildren.<anonymous closure> (package:flutter/src/rendering/shifted_box.dart:88:24)
#11     BoxHitTestResult.addWithPaintOffset (package:flutter/src/rendering/box.dart:800:31)
#12     RenderShiftedBox.hitTestChildren (package:flutter/src/rendering/shifted_box.dart:83:21)
#13     RenderBox.hitTest (package:flutter/src/rendering/box.dart:2484:11)
#14     RenderShiftedBox.hitTestChildren.<anonymous closure> (package:flutter/src/rendering/shifted_box.dart:88:24)
#15     BoxHitTestResult.addWithPaintOffset (package:flutter/src/rendering/box.dart:800:31)
#16     RenderShiftedBox.hitTestChildren (package:flutter/src/rendering/shifted_box.dart:83:21)
#17     RenderBox.hitTest (package:flutter/src/rendering/box.dart:2484:11)
#18     RenderProxyBoxMixin.hitTestChildren (package:flutter/src/rendering/proxy_box.dart:117:19)
#19     RenderBox.hitTest (package:flutter/src/rendering/box.dart:2484:11)
#20     RenderProxyBoxMixin.hitTestChildren (package:flutter/src/rendering/proxy_box.dart:117:19)
#21     RenderBox.hitTest (package:flutter/src/rendering/box.dart:2484:11)
#22     RenderProxyBoxMixin.hitTestChildren (package:flutter/src/rendering/proxy_box.dart:117:19)
#23     RenderBox.hitTest (package:flutter/src/rendering/box.dart:2484:11)
#24     RenderIgnorePointer.hitTest (package:flutter/src/rendering/proxy_box.dart:3618:31)
#25     RenderProxyBoxMixin.hitTestChildren (package:flutter/src/rendering/proxy_box.dart:117:19)
#26     RenderBox.hitTest (package:flutter/src/rendering/box.dart:2484:11)
#27     RenderProxyBoxMixin.hitTestChildren (package:flutter/src/rendering/proxy_box.dart:117:19)
#28     RenderBox.hitTest (package:flutter/src/rendering/box.dart:2484:11)
#29     RenderProxyBoxMixin.hitTestChildren (package:flutter/src/rendering/proxy_box.dart:117:19)
#30     RenderBox.hitTest (package:flutter/src/rendering/box.dart:2484:11)
#31     RenderProxyBoxMixin.hitTestChildren (package:flutter/src/rendering/proxy_box.dart:117:19)
#32     RenderBox.hitTest (package:flutter/src/rendering/box.dart:2484:11)
#33     RenderOffstage.hitTest (package:flutter/src/rendering/proxy_box.dart:3747:31)
#34     RenderProxyBoxMixin.hitTestChildren (package:flutter/src/rendering/proxy_box.dart:117:19)
#35     RenderBox.hitTest (package:flutter/src/rendering/box.dart:2484:11)
#36     _RenderTheaterMixin.hitTestChildren.childHitTest (package:flutter/src/widgets/overlay.dart:897:81)
#37     BoxHitTestResult.addWithPaintOffset (package:flutter/src/rendering/box.dart:800:31)
#38     _RenderTheaterMixin.hitTestChildren (package:flutter/src/widgets/overlay.dart:898:22)
#39     RenderBox.hitTest (package:flutter/src/rendering/box.dart:2484:11)
#40     RenderProxyBoxMixin.hitTestChildren (package:flutter/src/rendering/proxy_box.dart:117:19)
#41     RenderBox.hitTest (package:flutter/src/rendering/box.dart:2484:11)
#42     RenderAbsorbPointer.hitTest (package:flutter/src/rendering/proxy_box.dart:3872:17)
#43     RenderProxyBoxMixin.hitTestChildren (package:flutter/src/rendering/proxy_box.dart:117:19)
#44     RenderProxyBoxWithHitTestBehavior.hitTest (package:flutter/src/rendering/proxy_box.dart:172:19)
#45     RenderProxyBoxMixin.hitTestChildren (package:flutter/src/rendering/proxy_box.dart:117:19)
#46     RenderBox.hitTest (package:flutter/src/rendering/box.dart:2484:11)
#47     RenderProxyBoxMixin.hitTestChildren (package:flutter/src/rendering/proxy_box.dart:117:19)
#48     RenderBox.hitTest (package:flutter/src/rendering/box.dart:2484:11)
#49     RenderProxyBoxMixin.hitTestChildren (package:flutter/src/rendering/proxy_box.dart:117:19)
#50     RenderBox.hitTest (package:flutter/src/rendering/box.dart:2484:11)
#51     RenderProxyBoxMixin.hitTestChildren (package:flutter/src/rendering/proxy_box.dart:117:19)
#52     RenderTapRegionSurface.hitTest (package:flutter/src/widgets/tap_region.dart:213:28)
#53     RenderProxyBoxMixin.hitTestChildren (package:flutter/src/rendering/proxy_box.dart:117:19)
#54     RenderBox.hitTest (package:flutter/src/rendering/box.dart:2484:11)
#55     RenderProxyBoxMixin.hitTestChildren (package:flutter/src/rendering/proxy_box.dart:117:19)
#56     RenderBox.hitTest (package:flutter/src/rendering/box.dart:2484:11)
#57     RenderProxyBoxMixin.hitTestChildren (package:flutter/src/rendering/proxy_box.dart:117:19)
#58     RenderBox.hitTest (package:flutter/src/rendering/box.dart:2484:11)
#59     RenderView.hitTest (package:flutter/src/rendering/view.dart:211:14)
#60     RendererBinding.hitTestInView (package:flutter/src/rendering/binding.dart:624:34)
#61     GestureBinding._handlePointerEventImmediately (package:flutter/src/gestures/binding.dart:384:7)
#62     GestureBinding.handlePointerEvent (package:flutter/src/gestures/binding.dart:376:5)
#63     GestureBinding._flushPointerEventQueue (package:flutter/src/gestures/binding.dart:323:7)
#64     GestureBinding._handlePointerDataPacket (package:flutter/src/gestures/binding.dart:292:9)
#65     _invoke1 (dart:ui/hooks.dart:186:13)
#66     PlatformDispatcher._dispatchPointerDataPacket (dart:ui/platform_dispatcher.dart:433:7)
#67     _dispatchPointerDataPacket (dart:ui/hooks.dart:119:31)
#0      _AssertionError._doThrowNew (dart:core-patch/errors_patch.dart:51:61)
#1      _AssertionError._throwNew (dart:core-patch/errors_patch.dart:40:5)
#2      MouseTracker._deviceUpdatePhase (package:flutter/src/rendering/mouse_tracker.dart:205:12)
#3      MouseTracker.updateAllDevices (package:flutter/src/rendering/mouse_tracker.dart:372:5)
#4      RendererBinding._scheduleMouseTrackerUpdate.<anonymous closure> (package:flutter/src/rendering/binding.dart:474:22)
#5      SchedulerBinding._invokeFrameCallback (package:flutter/src/scheduler/binding.dart:1325:15)
#6      SchedulerBinding.handleDrawFrame (package:flutter/src/scheduler/binding.dart:1264:9)
#7      SchedulerBinding._handleDrawFrame (package:flutter/src/scheduler/binding.dart:1113:5)
#8      _invoke (dart:ui/hooks.dart:170:13)
#9      PlatformDispatcher._drawFrame (dart:ui/platform_dispatcher.dart:410:5)
#10     _drawFrame (dart:ui/hooks.dart:140:31)
#0      _AssertionError._doThrowNew (dart:core-patch/errors_patch.dart:51:61)
#1      _AssertionError._throwNew (dart:core-patch/errors_patch.dart:40:5)
#2      MouseTracker._deviceUpdatePhase (package:flutter/src/rendering/mouse_tracker.dart:205:12)
#3      MouseTracker.updateAllDevices (package:flutter/src/rendering/mouse_tracker.dart:372:5)
#4      RendererBinding._scheduleMouseTrackerUpdate.<anonymous closure> (package:flutter/src/rendering/binding.dart:474:22)
#5      SchedulerBinding._invokeFrameCallback (package:flutter/src/scheduler/binding.dart:1325:15)
#6      SchedulerBinding.handleDrawFrame (package:flutter/src/scheduler/binding.dart:1264:9)
#7      SchedulerBinding._handleDrawFrame (package:flutter/src/scheduler/binding.dart:1113:5)
#8      _invoke (dart:ui/hooks.dart:170:13)
#9      PlatformDispatcher._drawFrame (dart:ui/platform_dispatcher.dart:410:5)
#10     _drawFrame (dart:ui/hooks.dart:140:31)

[2023.08.11 23:21:59]Cannot hit test a render box with no size.
The hitTest() method was called on this RenderBox: RenderConstrainedBox#84120 relayoutBoundary=up1:
  needs compositing
  creator: ConstrainedBox ← Align ← MediaQuery ← Padding ← AnimatedPadding ← Dialog ← AlertDialog ← WindowsAddOptionDialog ← Builder ← IconTheme ← IconButtonTheme ← DefaultTextStyle ← ⋯
  parentData: offset=Offset(0.0, 0.0) (can use size)
  constraints: BoxConstraints(0.0<=w<=928.0, 0.0<=h<=681.0)
  size: MISSING
  additionalConstraints: BoxConstraints(280.0<=w<=Infinity, 0.0<=h<=Infinity)
Although this node is not marked as needing layout, its size is not set.
A RenderBox object must have an explicit size before it can be hit-tested. Make sure that the RenderBox in question sets its size during layout.#0      RenderBox.hitTest.<anonymous closure> (package:flutter/src/rendering/box.dart:2467:9)
#1      RenderBox.hitTest (package:flutter/src/rendering/box.dart:2482:6)
#2      RenderShiftedBox.hitTestChildren.<anonymous closure> (package:flutter/src/rendering/shifted_box.dart:88:24)
#3      BoxHitTestResult.addWithPaintOffset (package:flutter/src/rendering/box.dart:800:31)
#4      RenderShiftedBox.hitTestChildren (package:flutter/src/rendering/shifted_box.dart:83:21)
#5      RenderBox.hitTest (package:flutter/src/rendering/box.dart:2484:11)
#6      RenderShiftedBox.hitTestChildren.<anonymous closure> (package:flutter/src/rendering/shifted_box.dart:88:24)
#7      BoxHitTestResult.addWithPaintOffset (package:flutter/src/rendering/box.dart:800:31)
#8      RenderShiftedBox.hitTestChildren (package:flutter/src/rendering/shifted_box.dart:83:21)
#9      RenderBox.hitTest (package:flutter/src/rendering/box.dart:2484:11)
#10     RenderShiftedBox.hitTestChildren.<anonymous closure> (package:flutter/src/rendering/shifted_box.dart:88:24)
#11     BoxHitTestResult.addWithPaintOffset (package:flutter/src/rendering/box.dart:800:31)
#12     RenderShiftedBox.hitTestChildren (package:flutter/src/rendering/shifted_box.dart:83:21)
#13     RenderBox.hitTest (package:flutter/src/rendering/box.dart:2484:11)
#14     RenderShiftedBox.hitTestChildren.<anonymous closure> (package:flutter/src/rendering/shifted_box.dart:88:24)
#15     BoxHitTestResult.addWithPaintOffset (package:flutter/src/rendering/box.dart:800:31)
#16     RenderShiftedBox.hitTestChildren (package:flutter/src/rendering/shifted_box.dart:83:21)
#17     RenderBox.hitTest (package:flutter/src/rendering/box.dart:2484:11)
#18     RenderProxyBoxMixin.hitTestChildren (package:flutter/src/rendering/proxy_box.dart:117:19)
#19     RenderBox.hitTest (package:flutter/src/rendering/box.dart:2484:11)
#20     RenderProxyBoxMixin.hitTestChildren (package:flutter/src/rendering/proxy_box.dart:117:19)
#21     RenderBox.hitTest (package:flutter/src/rendering/box.dart:2484:11)
#22     RenderProxyBoxMixin.hitTestChildren (package:flutter/src/rendering/proxy_box.dart:117:19)
#23     RenderBox.hitTest (package:flutter/src/rendering/box.dart:2484:11)
#24     RenderIgnorePointer.hitTest (package:flutter/src/rendering/proxy_box.dart:3618:31)
#25     RenderProxyBoxMixin.hitTestChildren (package:flutter/src/rendering/proxy_box.dart:117:19)
#26     RenderBox.hitTest (package:flutter/src/rendering/box.dart:2484:11)
#27     RenderProxyBoxMixin.hitTestChildren (package:flutter/src/rendering/proxy_box.dart:117:19)
#28     RenderBox.hitTest (package:flutter/src/rendering/box.dart:2484:11)
#29     RenderProxyBoxMixin.hitTestChildren (package:flutter/src/rendering/proxy_box.dart:117:19)
#30     RenderBox.hitTest (package:flutter/src/rendering/box.dart:2484:11)
#31     RenderProxyBoxMixin.hitTestChildren (package:flutter/src/rendering/proxy_box.dart:117:19)
#32     RenderBox.hitTest (package:flutter/src/rendering/box.dart:2484:11)
#33     RenderOffstage.hitTest (package:flutter/src/rendering/proxy_box.dart:3747:31)
#34     RenderProxyBoxMixin.hitTestChildren (package:flutter/src/rendering/proxy_box.dart:117:19)
#35     RenderBox.hitTest (package:flutter/src/rendering/box.dart:2484:11)
#36     _RenderTheaterMixin.hitTestChildren.childHitTest (package:flutter/src/widgets/overlay.dart:897:81)
#37     BoxHitTestResult.addWithPaintOffset (package:flutter/src/rendering/box.dart:800:31)
#38     _RenderTheaterMixin.hitTestChildren (package:flutter/src/widgets/overlay.dart:898:22)
#39     RenderBox.hitTest (package:flutter/src/rendering/box.dart:2484:11)
#40     RenderProxyBoxMixin.hitTestChildren (package:flutter/src/rendering/proxy_box.dart:117:19)
#41     RenderBox.hitTest (package:flutter/src/rendering/box.dart:2484:11)
#42     RenderAbsorbPointer.hitTest (package:flutter/src/rendering/proxy_box.dart:3872:17)
#43     RenderProxyBoxMixin.hitTestChildren (package:flutter/src/rendering/proxy_box.dart:117:19)
#44     RenderProxyBoxWithHitTestBehavior.hitTest (package:flutter/src/rendering/proxy_box.dart:172:19)
#45     RenderProxyBoxMixin.hitTestChildren (package:flutter/src/rendering/proxy_box.dart:117:19)
#46     RenderBox.hitTest (package:flutter/src/rendering/box.dart:2484:11)
#47     RenderProxyBoxMixin.hitTestChildren (package:flutter/src/rendering/proxy_box.dart:117:19)
#48     RenderBox.hitTest (package:flutter/src/rendering/box.dart:2484:11)
#49     RenderProxyBoxMixin.hitTestChildren (package:flutter/src/rendering/proxy_box.dart:117:19)
#50     RenderBox.hitTest (package:flutter/src/rendering/box.dart:2484:11)
#51     RenderProxyBoxMixin.hitTestChildren (package:flutter/src/rendering/proxy_box.dart:117:19)
#52     RenderTapRegionSurface.hitTest (package:flutter/src/widgets/tap_region.dart:213:28)
#53     RenderProxyBoxMixin.hitTestChildren (package:flutter/src/rendering/proxy_box.dart:117:19)
#54     RenderBox.hitTest (package:flutter/src/rendering/box.dart:2484:11)
#55     RenderProxyBoxMixin.hitTestChildren (package:flutter/src/rendering/proxy_box.dart:117:19)
#56     RenderBox.hitTest (package:flutter/src/rendering/box.dart:2484:11)
#57     RenderProxyBoxMixin.hitTestChildren (package:flutter/src/rendering/proxy_box.dart:117:19)
#58     RenderBox.hitTest (package:flutter/src/rendering/box.dart:2484:11)
#59     RenderView.hitTest (package:flutter/src/rendering/view.dart:211:14)
#60     RendererBinding.hitTestInView (package:flutter/src/rendering/binding.dart:624:34)
#61     GestureBinding._handlePointerEventImmediately (package:flutter/src/gestures/binding.dart:384:7)
#62     GestureBinding.handlePointerEvent (package:flutter/src/gestures/binding.dart:376:5)
#63     GestureBinding._flushPointerEventQueue (package:flutter/src/gestures/binding.dart:323:7)
#64     GestureBinding._handlePointerDataPacket (package:flutter/src/gestures/binding.dart:292:9)
#65     _invoke1 (dart:ui/hooks.dart:186:13)
#66     PlatformDispatcher._dispatchPointerDataPacket (dart:ui/platform_dispatcher.dart:433:7)
#67     _dispatchPointerDataPacket (dart:ui/hooks.dart:119:31)
[2023.08.11 23:21:59]Cannot hit test a render box with no size.
The hitTest() method was called on this RenderBox: RenderConstrainedBox#84120 relayoutBoundary=up1:
  needs compositing
  creator: ConstrainedBox ← Align ← MediaQuery ← Padding ← AnimatedPadding ← Dialog ← AlertDialog ← WindowsAddOptionDialog ← Builder ← IconTheme ← IconButtonTheme ← DefaultTextStyle ← ⋯
  parentData: offset=Offset(0.0, 0.0) (can use size)
  constraints: BoxConstraints(0.0<=w<=928.0, 0.0<=h<=681.0)
  size: MISSING
  additionalConstraints: BoxConstraints(280.0<=w<=Infinity, 0.0<=h<=Infinity)
Although this node is not marked as needing layout, its size is not set.
A RenderBox object must have an explicit size before it can be hit-tested. Make sure that the RenderBox in question sets its size during layout.Cannot hit test a render box with no size.
The hitTest() method was called on this RenderBox: RenderConstrainedBox#84120 relayoutBoundary=up1:
  needs compositing
  creator: ConstrainedBox ← Align ← MediaQuery ← Padding ← AnimatedPadding ← Dialog ← AlertDialog ← WindowsAddOptionDialog ← Builder ← IconTheme ← IconButtonTheme ← DefaultTextStyle ← ⋯
  parentData: offset=Offset(0.0, 0.0) (can use size)
  constraints: BoxConstraints(0.0<=w<=928.0, 0.0<=h<=681.0)
  size: MISSING
  additionalConstraints: BoxConstraints(280.0<=w<=Infinity, 0.0<=h<=Infinity)
Although this node is not marked as needing layout, its size is not set.
A RenderBox object must have an explicit size before it can be hit-tested. Make sure that the RenderBox in question sets its size during layout.ckage:flutter/src/rendering/shifted_box.dart:83:21)
#9      RenderBox.hitTest (package:flutter/src/rendering/box.dart:2484:11)
#10     RenderShiftedBox.hitTestChildren.<anonymous closure> (package:flutter/src/rendering/shifted_box.dart:88:24)
#11     BoxHitTestResult.addWithPaintOffset (package:flutter/src/rendering/box.dart:800:31)
#12     RenderShiftedBox.hitTestChildren (package:flutter/src/rendering/shifted_box.dart:83:21)
#13     RenderBox.hitTest (package:flutter/src/rendering/box.dart:2484:11)
#14     RenderShiftedBox.hitTestChildren.<anonymous closure> (package:flutter/src/rendering/shifted_box.dart:88:24)
#15     BoxHitTestResult.addWithPaintOffset (package:flutter/src/rendering/box.dart:800:31)
#16     RenderShiftedBox.hitTestChildren (package:flutter/src/rendering/shifted_box.dart:83:21)
#17     RenderBox.hitTest (package:flutter/src/rendering/box.dart:2484:11)
#18     RenderProxyBoxMixin.hitTestChildren (package:flutter/src/rendering/proxy_box.dart:117:19)
#19     RenderBox.hitTest (package:flutter/src/rendering/box.dart:2484:11)
#20     RenderProxyBoxMixin.hitTestChildren (package:flutter/src/rendering/proxy_box.dart:117:19)
#21     RenderBox.hitTest (package:flutter/src/rendering/box.dart:2484:11)
#22     RenderProxyBoxMixin.hitTestChildren (package:flutter/src/rendering/proxy_box.dart:117:19)
#23     RenderBox.hitTest (package:flutter/src/rendering/box.dart:2484:11)
#24     RenderIgnorePointer.hitTest (package:flutter/src/rendering/proxy_box.dart:3618:31)
#25     RenderProxyBoxMixin.hitTestChildren (package:flutter/src/rendering/proxy_box.dart:117:19)
#26     RenderBox.hitTest (package:flutter/src/rendering/box.dart:2484:11)
#27     RenderProxyBoxMixin.hitTestChildren (package:flutter/src/rendering/proxy_box.dart:117:19)
#28     RenderBox.hitTest (package:flutter/src/rendering/box.dart:2484:11)
#29     RenderProxyBoxMixin.hitTestChildren (package:flutter/src/rendering/proxy_box.dart:117:19)
#30     RenderBox.hitTest (package:flutter/src/rendering/box.dart:2484:11)
#31     RenderProxyBoxMixin.hitTestChildren (package:flutter/src/rendering/proxy_box.dart:117:19)
#32     RenderBox.hitTest (package:flutter/src/rendering/box.dart:2484:11)
#33     RenderOffstage.hitTest (package:flutter/src/rendering/proxy_box.dart:3747:31)
#34     RenderProxyBoxMixin.hitTestChildren (package:flutter/src/rendering/proxy_box.dart:117:19)
#35     RenderBox.hitTest (package:flutter/src/rendering/box.dart:2484:11)
#36     _RenderTheaterMixin.hitTestChildren.childHitTest (package:flutter/src/widgets/overlay.dart:897:81)
#37     BoxHitTestResult.addWithPaintOffset (package:flutter/src/rendering/box.dart:800:31)
#38     _RenderTheaterMixin.hitTestChildren (package:flutter/src/widgets/overlay.dart:898:22)
#39     RenderBox.hitTest (package:flutter/src/rendering/box.dart:2484:11)
#40     RenderProxyBoxMixin.hitTestChildren (package:flutter/src/rendering/proxy_box.dart:117:19)
#41     RenderBox.hitTest (package:flutter/src/rendering/box.dart:2484:11)
#42     RenderAbsorbPointer.hitTest (package:flutter/src/rendering/proxy_box.dart:3872:17)
#43     RenderProxyBoxMixin.hitTestChildren (package:flutter/src/rendering/proxy_box.dart:117:19)
#44     RenderProxyBoxWithHitTestBehavior.hitTest (package:flutter/src/rendering/proxy_box.dart:172:19)
#45     RenderProxyBoxMixin.hitTestChildren (package:flutter/src/rendering/proxy_box.dart:117:19)
#46     RenderBox.hitTest (package:flutter/src/rendering/box.dart:2484:11)
#47     RenderProxyBoxMixin.hitTestChildren (package:flutter/src/rendering/proxy_box.dart:117:19)
#48     RenderBox.hitTest (package:flutter/src/rendering/box.dart:2484:11)
#49     RenderProxyBoxMixin.hitTestChildren (package:flutter/src/rendering/proxy_box.dart:117:19)
#50     RenderBox.hitTest (package:flutter/src/rendering/box.dart:2484:11)
#51     RenderProxyBoxMixin.hitTestChildren (package:flutter/src/rendering/proxy_box.dart:117:19)
#52     RenderTapRegionSurface.hitTest (package:flutter/src/widgets/tap_region.dart:213:28)
#53     RenderProxyBoxMixin.hitTestChildren (package:flutter/src/rendering/proxy_box.dart:117:19)
#54     RenderBox.hitTest (package:flutter/src/rendering/box.dart:2484:11)
#55     RenderProxyBoxMixin.hitTestChildren (package:flutter/src/rendering/proxy_box.dart:117:19)
#56     RenderBox.hitTest (package:flutter/src/rendering/box.dart:2484:11)
#57     RenderProxyBoxMixin.hitTestChildren (package:flutter/src/rendering/proxy_box.dart:117:19)
#58     RenderBox.hitTest (package:flutter/src/rendering/box.dart:2484:11)
#59     RenderView.hitTest (package:flutter/src/rendering/view.dart:211:14)
#60     RendererBinding.hitTestInView (package:flutter/src/rendering/binding.dart:624:34)
#61     GestureBinding._handlePointerEventImmediately (package:flutter/src/gestures/binding.dart:384:7)
#62     GestureBinding.handlePointerEvent (package:flutter/src/gestures/binding.dart:376:5)
#63     GestureBinding._flushPointerEventQueue (package:flutter/src/gestures/binding.dart:323:7)
#64     GestureBinding._handlePointerDataPacket (package:flutter/src/gestures/binding.dart:292:9)
#65     _invoke1 (dart:ui/hooks.dart:186:13)
#66     PlatformDispatcher._dispatchPointerDataPacket (dart:ui/platform_dispatcher.dart:433:7)
#67     _dispatchPointerDataPacket (dart:ui/hooks.dart:119:31)
#0      RenderBox.hitTest.<anonymous closure> (package:flutter/src/rendering/box.dart:2467:9)
#1      RenderBox.hitTest (package:flutter/src/rendering/box.dart:2482:6)
#2      RenderShiftedBox.hitTestChildren.<anonymous closure> (package:flutter/src/rendering/shifted_box.dart:88:24)
#3      BoxHitTestResult.addWithPaintOffset (package:flutter/src/rendering/box.dart:800:31)
#4      RenderShiftedBox.hitTestChildren (package:flutter/src/rendering/shifted_box.dart:83:21)
#5      RenderBox.hitTest (package:flutter/src/rendering/box.dart:2484:11)
#6      RenderShiftedBox.hitTestChildren.<anonymous closure> (package:flutter/src/rendering/shifted_box.dart:88:24)
#7      BoxHitTestResult.addWithPaintOffset (package:flutter/src/rendering/box.dart:800:31)
#8      RenderShiftedBox.hitTestChildren (package:flutter/src/rendering/shifted_box.dart:83:21)
#9      RenderBox.hitTest (package:flutter/src/rendering/box.dart:2484:11)
#10     RenderShiftedBox.hitTestChildren.<anonymous closure> (package:flutter/src/rendering/shifted_box.dart:88:24)
#11     BoxHitTestResult.addWithPaintOffset (package:flutter/src/rendering/box.dart:800:31)
#12     RenderShiftedBox.hitTestChildren (package:flutter/src/rendering/shifted_box.dart:83:21)
#13     RenderBox.hitTest (package:flutter/src/rendering/box.dart:2484:11)
#14     RenderShiftedBox.hitTestChildren.<anonymous closure> (package:flutter/src/rendering/shifted_box.dart:88:24)
#15     BoxHitTestResult.addWithPaintOffset (package:flutter/src/rendering/box.dart:800:31)
#16     RenderShiftedBox.hitTestChildren (package:flutter/src/rendering/shifted_box.dart:83:21)
#17     RenderBox.hitTest (package:flutter/src/rendering/box.dart:2484:11)
#18     RenderProxyBoxMixin.hitTestChildren (package:flutter/src/rendering/proxy_box.dart:117:19)
#19     RenderBox.hitTest (package:flutter/src/rendering/box.dart:2484:11)
#20     RenderProxyBoxMixin.hitTestChildren (package:flutter/src/rendering/proxy_box.dart:117:19)
#21     RenderBox.hitTest (package:flutter/src/rendering/box.dart:2484:11)
#22     RenderProxyBoxMixin.hitTestChildren (package:flutter/src/rendering/proxy_box.dart:117:19)
#23     RenderBox.hitTest (package:flutter/src/rendering/box.dart:2484:11)
#24     RenderIgnorePointer.hitTest (package:flutter/src/rendering/proxy_box.dart:3618:31)
#25     RenderProxyBoxMixin.hitTestChildren (package:flutter/src/rendering/proxy_box.dart:117:19)
#26     RenderBox.hitTest (package:flutter/src/rendering/box.dart:2484:11)
#27     RenderProxyBoxMixin.hitTestChildren (package:flutter/src/rendering/proxy_box.dart:117:19)
#28     RenderBox.hitTest (package:flutter/src/rendering/box.dart:2484:11)
#29     RenderProxyBoxMixin.hitTestChildren (package:flutter/src/rendering/proxy_box.dart:117:19)
#30     RenderBox.hitTest (package:flutter/src/rendering/box.dart:2484:11)
#31     RenderProxyBoxMixin.hitTestChildren (package:flutter/src/rendering/proxy_box.dart:117:19)
#32     RenderBox.hitTest (package:flutter/src/rendering/box.dart:2484:11)
#33     RenderOffstage.hitTest (package:flutter/src/rendering/proxy_box.dart:3747:31)
#34     RenderProxyBoxMixin.hitTestChildren (package:flutter/src/rendering/proxy_box.dart:117:19)
#35     RenderBox.hitTest (package:flutter/src/rendering/box.dart:2484:11)
#36     _RenderTheaterMixin.hitTestChildren.childHitTest (package:flutter/src/widgets/overlay.dart:897:81)
#37     BoxHitTestResult.addWithPaintOffset (package:flutter/src/rendering/box.dart:800:31)
#38     _RenderTheaterMixin.hitTestChildren (package:flutter/src/widgets/overlay.dart:898:22)
#39     RenderBox.hitTest (package:flutter/src/rendering/box.dart:2484:11)
#40     RenderProxyBoxMixin.hitTestChildren (package:flutter/src/rendering/proxy_box.dart:117:19)
#41     RenderBox.hitTest (package:flutter/src/rendering/box.dart:2484:11)
#42     RenderAbsorbPointer.hitTest (package:flutter/src/rendering/proxy_box.dart:3872:17)
#43     RenderProxyBoxMixin.hitTestChildren (package:flutter/src/rendering/proxy_box.dart:117:19)
#44     RenderProxyBoxWithHitTestBehavior.hitTest (package:flutter/src/rendering/proxy_box.dart:172:19)
#45     RenderProxyBoxMixin.hitTestChildren (package:flutter/src/rendering/proxy_box.dart:117:19)
#46     RenderBox.hitTest (package:flutter/src/rendering/box.dart:2484:11)
#47     RenderProxyBoxMixin.hitTestChildren (package:flutter/src/rendering/proxy_box.dart:117:19)
#48     RenderBox.hitTest (package:flutter/src/rendering/box.dart:2484:11)
#49     RenderProxyBoxMixin.hitTestChildren (package:flutter/src/rendering/proxy_box.dart:117:19)
#50     RenderBox.hitTest (package:flutter/src/rendering/box.dart:2484:11)
#51     RenderProxyBoxMixin.hitTestChildren (package:flutter/src/rendering/proxy_box.dart:117:19)
#52     RenderTapRegionSurface.hitTest (package:flutter/src/widgets/tap_region.dart:213:28)
#53     RenderProxyBoxMixin.hitTestChildren (package:flutter/src/rendering/proxy_box.dart:117:19)
#54     RenderBox.hitTest (package:flutter/src/rendering/box.dart:2484:11)
#55     RenderProxyBoxMixin.hitTestChildren (package:flutter/src/rendering/proxy_box.dart:117:19)
#56     RenderBox.hitTest (package:flutter/src/rendering/box.dart:2484:11)
#57     RenderProxyBoxMixin.hitTestChildren (package:flutter/src/rendering/proxy_box.dart:117:19)
#58     RenderBox.hitTest (package:flutter/src/rendering/box.dart:2484:11)
#59     RenderView.hitTest (package:flutter/src/rendering/view.dart:211:14)
#60     RendererBinding.hitTestInView (package:flutter/src/rendering/binding.dart:624:34)
#61     GestureBinding._handlePointerEventImmediately (package:flutter/src/gestures/binding.dart:384:7)
#62     GestureBinding.handlePointerEvent (package:flutter/src/gestures/binding.dart:376:5)
#63     GestureBinding._flushPointerEventQueue (package:flutter/src/gestures/binding.dart:323:7)
#64     GestureBinding._handlePointerDataPacket (package:flutter/src/gestures/binding.dart:292:9)
#65     _invoke1 (dart:ui/hooks.dart:186:13)
#66     PlatformDispatcher._dispatchPointerDataPacket (dart:ui/platform_dispatcher.dart:433:7)
#67     _dispatchPointerDataPacket (dart:ui/hooks.dart:119:31)

2023.08.11 23:21:59]Cannot hit test a render box with no size.
The hitTest() method was called on this RenderBox: RenderConstrainedBox#84120 relayoutBoundary=up1:
  needs compositing
  creator: ConstrainedBox ← Align ← MediaQuery ← Padding ← AnimatedPadding ← Dialog ← AlertDialog ← WindowsAddOptionDialog ← Builder ← IconTheme ← IconButtonTheme ← DefaultTextStyle ← ⋯
  parentData: offset=Offset(0.0, 0.0) (can use size)
  constraints: BoxConstraints(0.0<=w<=928.0, 0.0<=h<=681.0)
  size: MISSING
  additionalConstraints: BoxConstraints(280.0<=w<=Infinity, 0.0<=h<=Infinity)
Although this node is not marked as needing layout, its size is not set.
A RenderBox object must have an explicit size before it can be hit-tested. Make sure that the RenderBox in question sets its size during layout.#0      RenderBox.hitTest.<anonymous closure> (package:flutter/src/rendering/box.dart:2467:9)
#1      RenderBox.hitTest (package:flutter/src/rendering/box.dart:2482:6)
#2      RenderShiftedBox.hitTestChildren.<anonymous closure> (package:flutter/src/rendering/shifted_box.dart:88:24)
#3      BoxHitTestResult.addWithPaintOffset (package:flutter/src/rendering/box.dart:800:31)
#4      RenderShiftedBox.hitTestChildren (package:flutter/src/rendering/shifted_box.dart:83:21)
#5      RenderBox.hitTest (package:flutter/src/rendering/box.dart:2484:11)
#6      RenderShiftedBox.hitTestChildren.<anonymous closure> (package:flutter/src/rendering/shifted_box.dart:88:24)
#7      BoxHitTestResult.addWithPaintOffset (package:flutter/src/rendering/box.dart:800:31)
#8      RenderShiftedBox.hitTestChildren (package:flutter/src/rendering/shifted_box.dart:83:21)
#9      RenderBox.hitTest (package:flutter/src/rendering/box.dart:2484:11)
#10     RenderShiftedBox.hitTestChildren.<anonymous closure> (package:flutter/src/rendering/shifted_box.dart:88:24)
#11     BoxHitTestResult.addWithPaintOffset (package:flutter/src/rendering/box.dart:800:31)
#12     RenderShiftedBox.hitTestChildren (package:flutter/src/rendering/shifted_box.dart:83:21)
#13     RenderBox.hitTest (package:flutter/src/rendering/box.dart:2484:11)
#14     RenderShiftedBox.hitTestChildren.<anonymous closure> (package:flutter/src/rendering/shifted_box.dart:88:24)
#15     BoxHitTestResult.addWithPaintOffset (package:flutter/src/rendering/box.dart:800:31)
#16     RenderShiftedBox.hitTestChildren (package:flutter/src/rendering/shifted_box.dart:83:21)
#17     RenderBox.hitTest (package:flutter/src/rendering/box.dart:2484:11)
#18     RenderProxyBoxMixin.hitTestChildren (package:flutter/src/rendering/proxy_box.dart:117:19)
#19     RenderBox.hitTest (package:flutter/src/rendering/box.dart:2484:11)
#20     RenderProxyBoxMixin.hitTestChildren (package:flutter/src/rendering/proxy_box.dart:117:19)
#21     RenderBox.hitTest (package:flutter/src/rendering/box.dart:2484:11)
#22     RenderProxyBoxMixin.hitTestChildren (package:flutter/src/rendering/proxy_box.dart:117:19)
#23     RenderBox.hitTest (package:flutter/src/rendering/box.dart:2484:11)
#24     RenderIgnorePointer.hitTest (package:flutter/src/rendering/proxy_box.dart:3618:31)
#25     RenderProxyBoxMixin.hitTestChildren (package:flutter/src/rendering/proxy_box.dart:117:19)
#26     RenderBox.hitTest (package:flutter/src/rendering/box.dart:2484:11)
#27     RenderProxyBoxMixin.hitTestChildren (package:flutter/src/rendering/proxy_box.dart:117:19)
#28     RenderBox.hitTest (package:flutter/src/rendering/box.dart:2484:11)
#29     RenderProxyBoxMixin.hitTestChildren (package:flutter/src/rendering/proxy_box.dart:117:19)
#30     RenderBox.hitTest (package:flutter/src/rendering/box.dart:2484:11)
#31     RenderProxyBoxMixin.hitTestChildren (package:flutter/src/rendering/proxy_box.dart:117:19)
#32     RenderBox.hitTest (package:flutter/src/rendering/box.dart:2484:11)
#33     RenderOffstage.hitTest (package:flutter/src/rendering/proxy_box.dart:3747:31)
#34     RenderProxyBoxMixin.hitTestChildren (package:flutter/src/rendering/proxy_box.dart:117:19)
#35     RenderBox.hitTest (package:flutter/src/rendering/box.dart:2484:11)
#36     _RenderTheaterMixin.hitTestChildren.childHitTest (package:flutter/src/widgets/overlay.dart:897:81)
#37     BoxHitTestResult.addWithPaintOffset (package:flutter/src/rendering/box.dart:800:31)
#38     _RenderTheaterMixin.hitTestChildren (package:flutter/src/widgets/overlay.dart:898:22)
#39     RenderBox.hitTest (package:flutter/src/rendering/box.dart:2484:11)
#40     RenderProxyBoxMixin.hitTestChildren (package:flutter/src/rendering/proxy_box.dart:117:19)
#41     RenderBox.hitTest (package:flutter/src/rendering/box.dart:2484:11)
#42     RenderAbsorbPointer.hitTest (package:flutter/src/rendering/proxy_box.dart:3872:17)
#43     RenderProxyBoxMixin.hitTestChildren (package:flutter/src/rendering/proxy_box.dart:117:19)
#44     RenderProxyBoxWithHitTestBehavior.hitTest (package:flutter/src/rendering/proxy_box.dart:172:19)
#45     RenderProxyBoxMixin.hitTestChildren (package:flutter/src/rendering/proxy_box.dart:117:19)
#46     RenderBox.hitTest (package:flutter/src/rendering/box.dart:2484:11)
#47     RenderProxyBoxMixin.hitTestChildren (package:flutter/src/rendering/proxy_box.dart:117:19)
#48     RenderBox.hitTest (package:flutter/src/rendering/box.dart:2484:11)
#49     RenderProxyBoxMixin.hitTestChildren (package:flutter/src/rendering/proxy_box.dart:117:19)
#50     RenderBox.hitTest (package:flutter/src/rendering/box.dart:2484:11)
#51     RenderProxyBoxMixin.hitTestChildren (package:flutter/src/rendering/proxy_box.dart:117:19)
#52     RenderTapRegionSurface.hitTest (package:flutter/src/widgets/tap_region.dart:213:28)
#53     RenderProxyBoxMixin.hitTestChildren (package:flutter/src/rendering/proxy_box.dart:117:19)
#54     RenderBox.hitTest (package:flutter/src/rendering/box.dart:2484:11)
#55     RenderProxyBoxMixin.hitTestChildren (package:flutter/src/rendering/proxy_box.dart:117:19)
#56     RenderBox.hitTest (package:flutter/src/rendering/box.dart:2484:11)
#57     RenderProxyBoxMixin.hitTestChildren (package:flutter/src/rendering/proxy_box.dart:117:19)
#58     RenderBox.hitTest (package:flutter/src/rendering/box.dart:2484:11)
#59     RenderView.hitTest (package:flutter/src/rendering/view.dart:211:14)
#60     RendererBinding.hitTestInView (package:flutter/src/rendering/binding.dart:624:34)
#61     GestureBinding._handlePointerEventImmediately (package:flutter/src/gestures/binding.dart:384:7)
#62     GestureBinding.handlePointerEvent (package:flutter/src/gestures/binding.dart:376:5)
#63     GestureBinding._flushPointerEventQueue (package:flutter/src/gestures/binding.dart:323:7)
#64     GestureBinding._handlePointerDataPacket (package:flutter/src/gestures/binding.dart:292:9)
#65     _invoke1 (dart:ui/hooks.dart:186:13)
#66     PlatformDispatcher._dispatchPointerDataPacket (dart:ui/platform_dispatcher.dart:433:7)
#67     _dispatchPointerDataPacket (dart:ui/hooks.dart:119:31)
#0      RenderBox.hitTest.<anonymous closure> (package:flutter/src/rendering/box.dart:2467:9)
#1      RenderBox.hitTest (package:flutter/src/rendering/box.dart:2482:6)
#2      RenderShiftedBox.hitTestChildren.<anonymous closure> (package:flutter/src/rendering/shifted_box.dart:88:24)
#3      BoxHitTestResult.addWithPaintOffset (package:flutter/src/rendering/box.dart:800:31)
#4      RenderShiftedBox.hitTestChildren (package:flutter/src/rendering/shifted_box.dart:83:21)
#5      RenderBox.hitTest (package:flutter/src/rendering/box.dart:2484:11)
#6      RenderShiftedBox.hitTestChildren.<anonymous closure> (package:flutter/src/rendering/shifted_box.dart:88:24)
#7      BoxHitTestResult.addWithPaintOffset (package:flutter/src/rendering/box.dart:800:31)
#8      RenderShiftedBox.hitTestChildren (package:flutter/src/rendering/shifted_box.dart:83:21)
#9      RenderBox.hitTest (package:flutter/src/rendering/box.dart:2484:11)
#10     RenderShiftedBox.hitTestChildren.<anonymous closure> (package:flutter/src/rendering/shifted_box.dart:88:24)
#11     BoxHitTestResult.addWithPaintOffset (package:flutter/src/rendering/box.dart:800:31)
#12     RenderShiftedBox.hitTestChildren (package:flutter/src/rendering/shifted_box.dart:83:21)
#13     RenderBox.hitTest (package:flutter/src/rendering/box.dart:2484:11)
#14     RenderShiftedBox.hitTestChildren.<anonymous closure> (package:flutter/src/rendering/shifted_box.dart:88:24)
#15     BoxHitTestResult.addWithPaintOffset (package:flutter/src/rendering/box.dart:800:31)
#16     RenderShiftedBox.hitTestChildren (package:flutter/src/rendering/shifted_box.dart:83:21)
#17     RenderBox.hitTest (package:flutter/src/rendering/box.dart:2484:11)
#18     RenderProxyBoxMixin.hitTestChildren (package:flutter/src/rendering/proxy_box.dart:117:19)
#19     RenderBox.hitTest (package:flutter/src/rendering/box.dart:2484:11)
#20     RenderProxyBoxMixin.hitTestChildren (package:flutter/src/rendering/proxy_box.dart:117:19)
#21     RenderBox.hitTest (package:flutter/src/rendering/box.dart:2484:11)
#22     RenderProxyBoxMixin.hitTestChildren (package:flutter/src/rendering/proxy_box.dart:117:19)
#23     RenderBox.hitTest (package:flutter/src/rendering/box.dart:2484:11)
#24     RenderIgnorePointer.hitTest (package:flutter/src/rendering/proxy_box.dart:3618:31)
#25     RenderProxyBoxMixin.hitTestChildren (package:flutter/src/rendering/proxy_box.dart:117:19)
#26     RenderBox.hitTest (package:flutter/src/rendering/box.dart:2484:11)
#27     RenderProxyBoxMixin.hitTestChildren (package:flutter/src/rendering/proxy_box.dart:117:19)
#28     RenderBox.hitTest (package:flutter/src/rendering/box.dart:2484:11)
#29     RenderProxyBoxMixin.hitTestChildren (package:flutter/src/rendering/proxy_box.dart:117:19)
#30     RenderBox.hitTest (package:flutter/src/rendering/box.dart:2484:11)
#31     RenderProxyBoxMixin.hitTestChildren (package:flutter/src/rendering/proxy_box.dart:117:19)
#32     RenderBox.hitTest (package:flutter/src/rendering/box.dart:2484:11)
#33     RenderOffstage.hitTest (package:flutter/src/rendering/proxy_box.dart:3747:31)
#34     RenderProxyBoxMixin.hitTestChildren (package:flutter/src/rendering/proxy_box.dart:117:19)
#35     RenderBox.hitTest (package:flutter/src/rendering/box.dart:2484:11)
#36     _RenderTheaterMixin.hitTestChildren.childHitTest (package:flutter/src/widgets/overlay.dart:897:81)
#37     BoxHitTestResult.addWithPaintOffset (package:flutter/src/rendering/box.dart:800:31)
#38     _RenderTheaterMixin.hitTestChildren (package:flutter/src/widgets/overlay.dart:898:22)
#39     RenderBox.hitTest (package:flutter/src/rendering/box.dart:2484:11)
#40     RenderProxyBoxMixin.hitTestChildren (package:flutter/src/rendering/proxy_box.dart:117:19)
#41     RenderBox.hitTest (package:flutter/src/rendering/box.dart:2484:11)
#42     RenderAbsorbPointer.hitTest (package:flutter/src/rendering/proxy_box.dart:3872:17)
#43     RenderProxyBoxMixin.hitTestChildren (package:flutter/src/rendering/proxy_box.dart:117:19)
#44     RenderProxyBoxWithHitTestBehavior.hitTest (package:flutter/src/rendering/proxy_box.dart:172:19)
#45     RenderProxyBoxMixin.hitTestChildren (package:flutter/src/rendering/proxy_box.dart:117:19)
#46     RenderBox.hitTest (package:flutter/src/rendering/box.dart:2484:11)
#47     RenderProxyBoxMixin.hitTestChildren (package:flutter/src/rendering/proxy_box.dart:117:19)
#48     RenderBox.hitTest (package:flutter/src/rendering/box.dart:2484:11)
#49     RenderProxyBoxMixin.hitTestChildren (package:flutter/src/rendering/proxy_box.dart:117:19)
#50     RenderBox.hitTest (package:flutter/src/rendering/box.dart:2484:11)
#51     RenderProxyBoxMixin.hitTestChildren (package:flutter/src/rendering/proxy_box.dart:117:19)
#52     RenderTapRegionSurface.hitTest (package:flutter/src/widgets/tap_region.dart:213:28)
#53     RenderProxyBoxMixin.hitTestChildren (package:flutter/src/rendering/proxy_box.dart:117:19)
#54     RenderBox.hitTest (package:flutter/src/rendering/box.dart:2484:11)
#55     RenderProxyBoxMixin.hitTestChildren (package:flutter/src/rendering/proxy_box.dart:117:19)
#56     RenderBox.hitTest (package:flutter/src/rendering/box.dart:2484:11)
#57     RenderProxyBoxMixin.hitTestChildren (package:flutter/src/rendering/proxy_box.dart:117:19)
#58     RenderBox.hitTest (package:flutter/src/rendering/box.dart:2484:11)
#59     RenderView.hitTest (package:flutter/src/rendering/view.dart:211:14)
#60     RendererBinding.hitTestInView (package:flutter/src/rendering/binding.dart:624:34)
#61     GestureBinding._handlePointerEventImmediately (package:flutter/src/gestures/binding.dart:384:7)
#62     GestureBinding.handlePointerEvent (package:flutter/src/gestures/binding.dart:376:5)
#63     GestureBinding._flushPointerEventQueue (package:flutter/src/gestures/binding.dart:323:7)
#64     GestureBinding._handlePointerDataPacket (package:flutter/src/gestures/binding.dart:292:9)
#65     _invoke1 (dart:ui/hooks.dart:186:13)
#66     PlatformDispatcher._dispatchPointerDataPacket (dart:ui/platform_dispatcher.dart:433:7)
#67     _dispatchPointerDataPacket (dart:ui/hooks.dart:119:31)

[2023.08.11 23:22:00]Cannot hit test a render box with no size.
The hitTest() method was called on this RenderBox: RenderConstrainedBox#84120 relayoutBoundary=up1:
  needs compositing
  creator: ConstrainedBox ← Align ← MediaQuery ← Padding ← AnimatedPadding ← Dialog ← AlertDialog ← WindowsAddOptionDialog ← Builder ← IconTheme ← IconButtonTheme ← DefaultTextStyle ← ⋯
  parentData: offset=Offset(0.0, 0.0) (can use size)
  constraints: BoxConstraints(0.0<=w<=928.0, 0.0<=h<=681.0)
  size: MISSING
  additionalConstraints: BoxConstraints(280.0<=w<=Infinity, 0.0<=h<=Infinity)
Although this node is not marked as needing layout, its size is not set.
A RenderBox object must have an explicit size before it can be hit-tested. Make sure that the RenderBox in question sets its size during layout.#0      RenderBox.hitTest.<anonymous closure> (package:flutter/src/rendering/box.dart:2467:9)
#1      RenderBox.hitTest (package:flutter/src/rendering/box.dart:2482:6)
#2      RenderShiftedBox.hitTestChildren.<anonymous closure> (package:flutter/src/rendering/shifted_box.dart:88:24)
#3      BoxHitTestResult.addWithPaintOffset (package:flutter/src/rendering/box.dart:800:31)
#4      RenderShiftedBox.hitTestChildren (package:flutter/src/rendering/shifted_box.dart:83:21)
#5      RenderBox.hitTest (package:flutter/src/rendering/box.dart:2484:11)
#6      RenderShiftedBox.hitTestChildren.<anonymous closure> (package:flutter/src/rendering/shifted_box.dart:88:24)
#7      BoxHitTestResult.addWithPaintOffset (package:flutter/src/rendering/box.dart:800:31)
#8      RenderShiftedBox.hitTestChildren (package:flutter/src/rendering/shifted_box.dart:83:21)
#9      RenderBox.hitTest (package:flutter/src/rendering/box.dart:2484:11)
#10     RenderShiftedBox.hitTestChildren.<anonymous closure> (package:flutter/src/rendering/shifted_box.dart:88:24)
#11     BoxHitTestResult.addWithPaintOffset (package:flutter/src/rendering/box.dart:800:31)
#12     RenderShiftedBox.hitTestChildren (package:flutter/src/rendering/shifted_box.dart:83:21)
#13     RenderBox.hitTest (package:flutter/src/rendering/box.dart:2484:11)
#14     RenderShiftedBox.hitTestChildren.<anonymous closure> (package:flutter/src/rendering/shifted_box.dart:88:24)
#15     BoxHitTestResult.addWithPaintOffset (package:flutter/src/rendering/box.dart:800:31)
#16     RenderShiftedBox.hitTestChildren (package:flutter/src/rendering/shifted_box.dart:83:21)
#17     RenderBox.hitTest (package:flutter/src/rendering/box.dart:2484:11)
#18     RenderProxyBoxMixin.hitTestChildren (package:flutter/src/rendering/proxy_box.dart:117:19)
#19     RenderBox.hitTest (package:flutter/src/rendering/box.dart:2484:11)
#20     RenderProxyBoxMixin.hitTestChildren (package:flutter/src/rendering/proxy_box.dart:117:19)
#21     RenderBox.hitTest (package:flutter/src/rendering/box.dart:2484:11)
#22     RenderProxyBoxMixin.hitTestChildren (package:flutter/src/rendering/proxy_box.dart:117:19)
#23     RenderBox.hitTest (package:flutter/src/rendering/box.dart:2484:11)
#24     RenderIgnorePointer.hitTest (package:flutter/src/rendering/proxy_box.dart:3618:31)
#25     RenderProxyBoxMixin.hitTestChildren (package:flutter/src/rendering/proxy_box.dart:117:19)
#26     RenderBox.hitTest (package:flutter/src/rendering/box.dart:2484:11)
#27     RenderProxyBoxMixin.hitTestChildren (package:flutter/src/rendering/proxy_box.dart:117:19)
#28     RenderBox.hitTest (package:flutter/src/rendering/box.dart:2484:11)
#29     RenderProxyBoxMixin.hitTestChildren (package:flutter/src/rendering/proxy_box.dart:117:19)
#30     RenderBox.hitTest (package:flutter/src/rendering/box.dart:2484:11)
#31     RenderProxyBoxMixin.hitTestChildren (package:flutter/src/rendering/proxy_box.dart:117:19)
#32     RenderBox.hitTest (package:flutter/src/rendering/box.dart:2484:11)
#33     RenderOffstage.hitTest (package:flutter/src/rendering/proxy_box.dart:3747:31)
#34     RenderProxyBoxMixin.hitTestChildren (package:flutter/src/rendering/proxy_box.dart:117:19)
#35     RenderBox.hitTest (package:flutter/src/rendering/box.dart:2484:11)
#36     _RenderTheaterMixin.hitTestChildren.childHitTest (package:flutter/src/widgets/overlay.dart:897:81)
#37     BoxHitTestResult.addWithPaintOffset (package:flutter/src/rendering/box.dart:800:31)
#38     _RenderTheaterMixin.hitTestChildren (package:flutter/src/widgets/overlay.dart:898:22)
#39     RenderBox.hitTest (package:flutter/src/rendering/box.dart:2484:11)
#40     RenderProxyBoxMixin.hitTestChildren (package:flutter/src/rendering/proxy_box.dart:117:19)
#41     RenderBox.hitTest (package:flutter/src/rendering/box.dart:2484:11)
#42     RenderAbsorbPointer.hitTest (package:flutter/src/rendering/proxy_box.dart:3872:17)
#43     RenderProxyBoxMixin.hitTestChildren (package:flutter/src/rendering/proxy_box.dart:117:19)
#44     RenderProxyBoxWithHitTestBehavior.hitTest (package:flutter/src/rendering/proxy_box.dart:172:19)
#45     RenderProxyBoxMixin.hitTestChildren (package:flutter/src/rendering/proxy_box.dart:117:19)
#46     RenderBox.hitTest (package:flutter/src/rendering/box.dart:2484:11)
#47     RenderProxyBoxMixin.hitTestChildren (package:flutter/src/rendering/proxy_box.dart:117:19)
#48     RenderBox.hitTest (package:flutter/src/rendering/box.dart:2484:11)
#49     RenderProxyBoxMixin.hitTestChildren (package:flutter/src/rendering/proxy_box.dart:117:19)
#50     RenderBox.hitTest (package:flutter/src/rendering/box.dart:2484:11)
#51     RenderProxyBoxMixin.hitTestChildren (package:flutter/src/rendering/proxy_box.dart:117:19)
#52     RenderTapRegionSurface.hitTest (package:flutter/src/widgets/tap_region.dart:213:28)
#53     RenderProxyBoxMixin.hitTestChildren (package:flutter/src/rendering/proxy_box.dart:117:19)
#54     RenderBox.hitTest (package:flutter/src/rendering/box.dart:2484:11)
#55     RenderProxyBoxMixin.hitTestChildren (package:flutter/src/rendering/proxy_box.dart:117:19)
#56     RenderBox.hitTest (package:flutter/src/rendering/box.dart:2484:11)
#57     RenderProxyBoxMixin.hitTestChildren (package:flutter/src/rendering/proxy_box.dart:117:19)
#58     RenderBox.hitTest (package:flutter/src/rendering/box.dart:2484:11)
#59     RenderView.hitTest (package:flutter/src/rendering/view.dart:211:14)
#60     RendererBinding.hitTestInView (package:flutter/src/rendering/binding.dart:624:34)
#61     GestureBinding._handlePointerEventImmediately (package:flutter/src/gestures/binding.dart:384:7)
#62     GestureBinding.handlePointerEvent (package:flutter/src/gestures/binding.dart:376:5)
#63     GestureBinding._flushPointerEventQueue (package:flutter/src/gestures/binding.dart:323:7)
#64     GestureBinding._handlePointerDataPacket (package:flutter/src/gestures/binding.dart:292:9)
#65     _invoke1 (dart:ui/hooks.dart:186:13)
#66     PlatformDispatcher._dispatchPointerDataPacket (dart:ui/platform_dispatcher.dart:433:7)
#67     _dispatchPointerDataPacket (dart:ui/hooks.dart:119:31)


2023.08.11 23:22:00]
2023.08.11 23:22:00]der box with no size.
The hitTest() method was called on this RenderBox: RenderConstrainedBox#84120 relayoutBoundary=up1:
  needs compositing
  creator: ConstrainedBox ← Align ← MediaQuery ← Padding ← AnimatedPadding ← Dialog ← AlertDialog ← WindowsAddOptionDialog ← Builder ← IconTheme ← IconButtonTheme ← DefaultTextStyle ← ⋯
  parentData: offset=Offset(0.0, 0.0) (can use size)
  constraints: BoxConstraints(0.0<=w<=928.0, 0.0<=h<=681.0)
  size: MISSING
  additionalConstraints: BoxConstraints(280.0<=w<=Infinity, 0.0<=h<=Infinity)
Although this node is not marked as needing layout, its size is not set.
A RenderBox object must have an explicit size before it can be hit-tested. Make sure that the RenderBox in question sets its size during layout.#0      RenderBox.hitTest.<anonymous closure> (package:flutter/src/rendering/box.dart:2467:9)
#1      RenderBox.hitTest (package:flutter/src/rendering/box.dart:2482:6)
#2      RenderShiftedBox.hitTestChildren.<anonymous closure> (package:flutter/src/rendering/shifted_box.dart:88:24)
#3      BoxHitTestResult.addWithPaintOffset (package:flutter/src/rendering/box.dart:800:31)
#4      RenderShiftedBox.hitTestChildren (package:flutter/src/rendering/shifted_box.dart:83:21)
#5      RenderBox.hitTest (package:flutter/src/rendering/box.dart:2484:11)
#6      RenderShiftedBox.hitTestChildren.<anonymous closure> (package:flutter/src/rendering/shifted_box.dart:88:24)
#7      BoxHitTestResult.addWithPaintOffset (package:flutter/src/rendering/box.dart:800:31)
#8      RenderShiftedBox.hitTestChildren (package:flutter/src/rendering/shifted_box.dart:83:21)
#9      RenderBox.hitTest (package:flutter/src/rendering/box.dart:2484:11)
#10     RenderShiftedBox.hitTestChildren.<anonymous closure> (package:flutter/src/rendering/shifted_box.dart:88:24)
#11     BoxHitTestResult.addWithPaintOffset (package:flutter/src/rendering/box.dart:800:31)
#12     RenderShiftedBox.hitTestChildren (package:flutter/src/rendering/shifted_box.dart:83:21)
#13     RenderBox.hitTest (package:flutter/src/rendering/box.dart:2484:11)
#14     RenderShiftedBox.hitTestChildren.<anonymous closure> (package:flutter/src/rendering/shifted_box.dart:88:24)
#15     BoxHitTestResult.addWithPaintOffset (package:flutter/src/rendering/box.dart:800:31)
#16     RenderShiftedBox.hitTestChildren (package:flutter/src/rendering/shifted_box.dart:83:21)
#17     RenderBox.hitTest (package:flutter/src/rendering/box.dart:2484:11)
#18     RenderProxyBoxMixin.hitTestChildren (package:flutter/src/rendering/proxy_box.dart:117:19)
#19     RenderBox.hitTest (package:flutter/src/rendering/box.dart:2484:11)
#20     RenderProxyBoxMixin.hitTestChildren (package:flutter/src/rendering/proxy_box.dart:117:19)
#21     RenderBox.hitTest (package:flutter/src/rendering/box.dart:2484:11)
#22     RenderProxyBoxMixin.hitTestChildren (package:flutter/src/rendering/proxy_box.dart:117:19)
#23     RenderBox.hitTest (package:flutter/src/rendering/box.dart:2484:11)
#24     RenderIgnorePointer.hitTest (package:flutter/src/rendering/proxy_box.dart:3618:31)
#25     RenderProxyBoxMixin.hitTestChildren (package:flutter/src/rendering/proxy_box.dart:117:19)
#26     RenderBox.hitTest (package:flutter/src/rendering/box.dart:2484:11)
#27     RenderProxyBoxMixin.hitTestChildren (package:flutter/src/rendering/proxy_box.dart:117:19)
#28     RenderBox.hitTest (package:flutter/src/rendering/box.dart:2484:11)
#29     RenderProxyBoxMixin.hitTestChildren (package:flutter/src/rendering/proxy_box.dart:117:19)
#30     RenderBox.hitTest (package:flutter/src/rendering/box.dart:2484:11)
#31     RenderProxyBoxMixin.hitTestChildren (package:flutter/src/rendering/proxy_box.dart:117:19)
#32     RenderBox.hitTest (package:flutter/src/rendering/box.dart:2484:11)
#33     RenderOffstage.hitTest (package:flutter/src/rendering/proxy_box.dart:3747:31)
#34     RenderProxyBoxMixin.hitTestChildren (package:flutter/src/rendering/proxy_box.dart:117:19)
#35     RenderBox.hitTest (package:flutter/src/rendering/box.dart:2484:11)
#36     _RenderTheaterMixin.hitTestChildren.childHitTest (package:flutter/src/widgets/overlay.dart:897:81)
#37     BoxHitTestResult.addWithPaintOffset (package:flutter/src/rendering/box.dart:800:31)
#38     _RenderTheaterMixin.hitTestChildren (package:flutter/src/widgets/overlay.dart:898:22)
#39     RenderBox.hitTest (package:flutter/src/rendering/box.dart:2484:11)
#40     RenderProxyBoxMixin.hitTestChildren (package:flutter/src/rendering/proxy_box.dart:117:19)
#41     RenderBox.hitTest (package:flutter/src/rendering/box.dart:2484:11)
#42     RenderAbsorbPointer.hitTest (package:flutter/src/rendering/proxy_box.dart:3872:17)
#43     RenderProxyBoxMixin.hitTestChildren (package:flutter/src/rendering/proxy_box.dart:117:19)
#44     RenderProxyBoxWithHitTestBehavior.hitTest (package:flutter/src/rendering/proxy_box.dart:172:19)
#45     RenderProxyBoxMixin.hitTestChildren (package:flutter/src/rendering/proxy_box.dart:117:19)
#46     RenderBox.hitTest (package:flutter/src/rendering/box.dart:2484:11)
#47     RenderProxyBoxMixin.hitTestChildren (package:flutter/src/rendering/proxy_box.dart:117:19)
#48     RenderBox.hitTest (package:flutter/src/rendering/box.dart:2484:11)
#49     RenderProxyBoxMixin.hitTestChildren (package:flutter/src/rendering/proxy_box.dart:117:19)
#50     RenderBox.hitTest (package:flutter/src/rendering/box.dart:2484:11)
#51     RenderProxyBoxMixin.hitTestChildren (package:flutter/src/rendering/proxy_box.dart:117:19)
#52     RenderTapRegionSurface.hitTest (package:flutter/src/widgets/tap_region.dart:213:28)
#53     RenderProxyBoxMixin.hitTestChildren (package:flutter/src/rendering/proxy_box.dart:117:19)
#54     RenderBox.hitTest (package:flutter/src/rendering/box.dart:2484:11)
#55     RenderProxyBoxMixin.hitTestChildren (package:flutter/src/rendering/proxy_box.dart:117:19)
#56     RenderBox.hitTest (package:flutter/src/rendering/box.dart:2484:11)
#57     RenderProxyBoxMixin.hitTestChildren (package:flutter/src/rendering/proxy_box.dart:117:19)
#58     RenderBox.hitTest (package:flutter/src/rendering/box.dart:2484:11)
#59     RenderView.hitTest (package:flutter/src/rendering/view.dart:211:14)
#60     RendererBinding.hitTestInView (package:flutter/src/rendering/binding.dart:624:34)
#61     GestureBinding._handlePointerEventImmediately (package:flutter/src/gestures/binding.dart:384:7)
#62     GestureBinding.handlePointerEvent (package:flutter/src/gestures/binding.dart:376:5)
#63     GestureBinding._flushPointerEventQueue (package:flutter/src/gestures/binding.dart:323:7)
#64     GestureBinding._handlePointerDataPacket (package:flutter/src/gestures/binding.dart:292:9)
#65     _invoke1 (dart:ui/hooks.dart:186:13)
#66     PlatformDispatcher._dispatchPointerDataPacket (dart:ui/platform_dispatcher.dart:433:7)
#67     _dispatchPointerDataPacket (dart:ui/hooks.dart:119:31)

annot hit test a render box with no size.
The hitTest() method was called on this RenderBox: RenderConstrainedBox#84120 relayoutBoundary=up1:
  needs compositing
  creator: ConstrainedBox ← Align ← MediaQuery ← Padding ← AnimatedPadding ← Dialog ← AlertDialog ← WindowsAddOptionDialog ← Builder ← IconTheme ← IconButtonTheme ← DefaultTextStyle ← ⋯
  parentData: offset=Offset(0.0, 0.0) (can use size)
  constraints: BoxConstraints(0.0<=w<=928.0, 0.0<=h<=681.0)
  size: MISSING
  additionalConstraints: BoxConstraints(280.0<=w<=Infinity, 0.0<=h<=Infinity)
Although this node is not marked as needing layout, its size is not set.
A RenderBox object must have an explicit size before it can be hit-tested. Make sure that the RenderBox in question sets its size during layout.ckage:flutter/src/rendering/shifted_box.dart:83:21)
#9      RenderBox.hitTest (package:flutter/src/rendering/box.dart:2484:11)
#10     RenderShiftedBox.hitTestChildren.<anonymous closure> (package:flutter/src/rendering/shifted_box.dart:88:24)
#11     BoxHitTestResult.addWithPaintOffset (package:flutter/src/rendering/box.dart:800:31)
#12     RenderShiftedBox.hitTestChildren (package:flutter/src/rendering/shifted_box.dart:83:21)
#13     RenderBox.hitTest (package:flutter/src/rendering/box.dart:2484:11)
#14     RenderShiftedBox.hitTestChildren.<anonymous closure> (package:flutter/src/rendering/shifted_box.dart:88:24)
#15     BoxHitTestResult.addWithPaintOffset (package:flutter/src/rendering/box.dart:800:31)
#16     RenderShiftedBox.hitTestChildren (package:flutter/src/rendering/shifted_box.dart:83:21)
#17     RenderBox.hitTest (package:flutter/src/rendering/box.dart:2484:11)
#18     RenderProxyBoxMixin.hitTestChildren (package:flutter/src/rendering/proxy_box.dart:117:19)
#19     RenderBox.hitTest (package:flutter/src/rendering/box.dart:2484:11)
#20     RenderProxyBoxMixin.hitTestChildren (package:flutter/src/rendering/proxy_box.dart:117:19)
#21     RenderBox.hitTest (package:flutter/src/rendering/box.dart:2484:11)
#22     RenderProxyBoxMixin.hitTestChildren (package:flutter/src/rendering/proxy_box.dart:117:19)
#23     RenderBox.hitTest (package:flutter/src/rendering/box.dart:2484:11)
#24     RenderIgnorePointer.hitTest (package:flutter/src/rendering/proxy_box.dart:3618:31)
#25     RenderProxyBoxMixin.hitTestChildren (package:flutter/src/rendering/proxy_box.dart:117:19)
#26     RenderBox.hitTest (package:flutter/src/rendering/box.dart:2484:11)
#27     RenderProxyBoxMixin.hitTestChildren (package:flutter/src/rendering/proxy_box.dart:117:19)
#28     RenderBox.hitTest (package:flutter/src/rendering/box.dart:2484:11)
#29     RenderProxyBoxMixin.hitTestChildren (package:flutter/src/rendering/proxy_box.dart:117:19)
#30     RenderBox.hitTest (package:flutter/src/rendering/box.dart:2484:11)
#31     RenderProxyBoxMixin.hitTestChildren (package:flutter/src/rendering/proxy_box.dart:117:19)
#32     RenderBox.hitTest (package:flutter/src/rendering/box.dart:2484:11)
#33     RenderOffstage.hitTest (package:flutter/src/rendering/proxy_box.dart:3747:31)
#34     RenderProxyBoxMixin.hitTestChildren (package:flutter/src/rendering/proxy_box.dart:117:19)
#35     RenderBox.hitTest (package:flutter/src/rendering/box.dart:2484:11)
#36     _RenderTheaterMixin.hitTestChildren.childHitTest (package:flutter/src/widgets/overlay.dart:897:81)
#37     BoxHitTestResult.addWithPaintOffset (package:flutter/src/rendering/box.dart:800:31)
#38     _RenderTheaterMixin.hitTestChildren (package:flutter/src/widgets/overlay.dart:898:22)
#39     RenderBox.hitTest (package:flutter/src/rendering/box.dart:2484:11)
#40     RenderProxyBoxMixin.hitTestChildren (package:flutter/src/rendering/proxy_box.dart:117:19)
#41     RenderBox.hitTest (package:flutter/src/rendering/box.dart:2484:11)
#42     RenderAbsorbPointer.hitTest (package:flutter/src/rendering/proxy_box.dart:3872:17)
#43     RenderProxyBoxMixin.hitTestChildren (package:flutter/src/rendering/proxy_box.dart:117:19)
#44     RenderProxyBoxWithHitTestBehavior.hitTest (package:flutter/src/rendering/proxy_box.dart:172:19)
#45     RenderProxyBoxMixin.hitTestChildren (package:flutter/src/rendering/proxy_box.dart:117:19)
#46     RenderBox.hitTest (package:flutter/src/rendering/box.dart:2484:11)
#47     RenderProxyBoxMixin.hitTestChildren (package:flutter/src/rendering/proxy_box.dart:117:19)
#48     RenderBox.hitTest (package:flutter/src/rendering/box.dart:2484:11)
#49     RenderProxyBoxMixin.hitTestChildren (package:flutter/src/rendering/proxy_box.dart:117:19)
#50     RenderBox.hitTest (package:flutter/src/rendering/box.dart:2484:11)
#51     RenderProxyBoxMixin.hitTestChildren (package:flutter/src/rendering/proxy_box.dart:117:19)
#52     RenderTapRegionSurface.hitTest (package:flutter/src/widgets/tap_region.dart:213:28)
#53     RenderProxyBoxMixin.hitTestChildren (package:flutter/src/rendering/proxy_box.dart:117:19)
#54     RenderBox.hitTest (package:flutter/src/rendering/box.dart:2484:11)
#55     RenderProxyBoxMixin.hitTestChildren (package:flutter/src/rendering/proxy_box.dart:117:19)
#56     RenderBox.hitTest (package:flutter/src/rendering/box.dart:2484:11)
#57     RenderProxyBoxMixin.hitTestChildren (package:flutter/src/rendering/proxy_box.dart:117:19)
#58     RenderBox.hitTest (package:flutter/src/rendering/box.dart:2484:11)
#59     RenderView.hitTest (package:flutter/src/rendering/view.dart:211:14)
#60     RendererBinding.hitTestInView (package:flutter/src/rendering/binding.dart:624:34)
#61     GestureBinding._handlePointerEventImmediately (package:flutter/src/gestures/binding.dart:384:7)
#62     GestureBinding.handlePointerEvent (package:flutter/src/gestures/binding.dart:376:5)
#63     GestureBinding._flushPointerEventQueue (package:flutter/src/gestures/binding.dart:323:7)
#64     GestureBinding._handlePointerDataPacket (package:flutter/src/gestures/binding.dart:292:9)
#65     _invoke1 (dart:ui/hooks.dart:186:13)
#66     PlatformDispatcher._dispatchPointerDataPacket (dart:ui/platform_dispatcher.dart:433:7)
#67     _dispatchPointerDataPacket (dart:ui/hooks.dart:119:31)

2023.08.11 23:22:00]Test.<anonymous closure> (package:flutter/src/rendering/box.dart:2467:9)
#1      RenderBox.hitTest (package:flutter/src/rendering/box.dart:2482:6)
#2      RenderShiftedBox.hitTestChildren.<anonymous closure> (package:flutter/src/rendering/shifted_box.dart:88:24)
#3      BoxHitTestResult.addWithPaintOffset (package:flutter/src/rendering/box.dart:800:31)
#4      RenderShiftedBox.hitTestChildren (package:flutter/src/rendering/shifted_box.dart:83:21)
#5      RenderBox.hitTest (package:flutter/src/rendering/box.dart:2484:11)
#6      RenderShiftedBox.hitTestChildren.<anonymous closure> (package:flutter/src/rendering/shifted_box.dart:88:24)
#7      BoxHitTestResult.addWithPaintOffset (package:flutter/src/rendering/box.dart:800:31)
#8      RenderShiftedBox.hitTestChildren (package:flutter/src/rendering/shifted_box.dart:83:21)
#9      RenderBox.hitTest (package:flutter/src/rendering/box.dart:2484:11)
#10     RenderShiftedBox.hitTestChildren.<anonymous closure> (package:flutter/src/rendering/shifted_box.dart:88:24)
#11     BoxHitTestResult.addWithPaintOffset (package:flutter/src/rendering/box.dart:800:31)
#12     RenderShiftedBox.hitTestChildren (package:flutter/src/rendering/shifted_box.dart:83:21)
#13     RenderBox.hitTest (package:flutter/src/rendering/box.dart:2484:11)
#14     RenderShiftedBox.hitTestChildren.<anonymous closure> (package:flutter/src/rendering/shifted_box.dart:88:24)
#15     BoxHitTestResult.addWithPaintOffset (package:flutter/src/rendering/box.dart:800:31)
#16     RenderShiftedBox.hitTestChildren (package:flutter/src/rendering/shifted_box.dart:83:21)
#17     RenderBox.hitTest (package:flutter/src/rendering/box.dart:2484:11)
#18     RenderProxyBoxMixin.hitTestChildren (package:flutter/src/rendering/proxy_box.dart:117:19)
#19     RenderBox.hitTest (package:flutter/src/rendering/box.dart:2484:11)
#20     RenderProxyBoxMixin.hitTestChildren (package:flutter/src/rendering/proxy_box.dart:117:19)
#21     RenderBox.hitTest (package:flutter/src/rendering/box.dart:2484:11)
#22     RenderProxyBoxMixin.hitTestChildren (package:flutter/src/rendering/proxy_box.dart:117:19)
#23     RenderBox.hitTest (package:flutter/src/rendering/box.dart:2484:11)
#24     RenderIgnorePointer.hitTest (package:flutter/src/rendering/proxy_box.dart:3618:31)
#25     RenderProxyBoxMixin.hitTestChildren (package:flutter/src/rendering/proxy_box.dart:117:19)
#26     RenderBox.hitTest (package:flutter/src/rendering/box.dart:2484:11)
#27     RenderProxyBoxMixin.hitTestChildren (package:flutter/src/rendering/proxy_box.dart:117:19)
#28     RenderBox.hitTest (package:flutter/src/rendering/box.dart:2484:11)
#29     RenderProxyBoxMixin.hitTestChildren (package:flutter/src/rendering/proxy_box.dart:117:19)
#30     RenderBox.hitTest (package:flutter/src/rendering/box.dart:2484:11)
#31     RenderProxyBoxMixin.hitTestChildren (package:flutter/src/rendering/proxy_box.dart:117:19)
#32     RenderBox.hitTest (package:flutter/src/rendering/box.dart:2484:11)
#33     RenderOffstage.hitTest (package:flutter/src/rendering/proxy_box.dart:3747:31)
#34     RenderProxyBoxMixin.hitTestChildren (package:flutter/src/rendering/proxy_box.dart:117:19)
#35     RenderBox.hitTest (package:flutter/src/rendering/box.dart:2484:11)
#36     _RenderTheaterMixin.hitTestChildren.childHitTest (package:flutter/src/widgets/overlay.dart:897:81)
#37     BoxHitTestResult.addWithPaintOffset (package:flutter/src/rendering/box.dart:800:31)
#38     _RenderTheaterMixin.hitTestChildren (package:flutter/src/widgets/overlay.dart:898:22)
#39     RenderBox.hitTest (package:flutter/src/rendering/box.dart:2484:11)
#40     RenderProxyBoxMixin.hitTestChildren (package:flutter/src/rendering/proxy_box.dart:117:19)
#41     RenderBox.hitTest (package:flutter/src/rendering/box.dart:2484:11)
#42     RenderAbsorbPointer.hitTest (package:flutter/src/rendering/proxy_box.dart:3872:17)
#43     RenderProxyBoxMixin.hitTestChildren (package:flutter/src/rendering/proxy_box.dart:117:19)
#44     RenderProxyBoxWithHitTestBehavior.hitTest (package:flutter/src/rendering/proxy_box.dart:172:19)
#45     RenderProxyBoxMixin.hitTestChildren (package:flutter/src/rendering/proxy_box.dart:117:19)
#46     RenderBox.hitTest (package:flutter/src/rendering/box.dart:2484:11)
#47     RenderProxyBoxMixin.hitTestChildren (package:flutter/src/rendering/proxy_box.dart:117:19)
#48     RenderBox.hitTest (package:flutter/src/rendering/box.dart:2484:11)
#49     RenderProxyBoxMixin.hitTestChildren (package:flutter/src/rendering/proxy_box.dart:117:19)
#50     RenderBox.hitTest (package:flutter/src/rendering/box.dart:2484:11)
#51     RenderProxyBoxMixin.hitTestChildren (package:flutter/src/rendering/proxy_box.dart:117:19)
#52     RenderTapRegionSurface.hitTest (package:flutter/src/widgets/tap_region.dart:213:28)
#53     RenderProxyBoxMixin.hitTestChildren (package:flutter/src/rendering/proxy_box.dart:117:19)
#54     RenderBox.hitTest (package:flutter/src/rendering/box.dart:2484:11)
#55     RenderProxyBoxMixin.hitTestChildren (package:flutter/src/rendering/proxy_box.dart:117:19)
#56     RenderBox.hitTest (package:flutter/src/rendering/box.dart:2484:11)
#57     RenderProxyBoxMixin.hitTestChildren (package:flutter/src/rendering/proxy_box.dart:117:19)
#58     RenderBox.hitTest (package:flutter/src/rendering/box.dart:2484:11)
#59     RenderView.hitTest (package:flutter/src/rendering/view.dart:211:14)
#60     RendererBinding.hitTestInView (package:flutter/src/rendering/binding.dart:624:34)
#61     GestureBinding._handlePointerEventImmediately (package:flutter/src/gestures/binding.dart:384:7)
#62     GestureBinding.handlePointerEvent (package:flutter/src/gestures/binding.dart:376:5)
#63     GestureBinding._flushPointerEventQueue (package:flutter/src/gestures/binding.dart:323:7)
#64     GestureBinding._handlePointerDataPacket (package:flutter/src/gestures/binding.dart:292:9)
#65     _invoke1 (dart:ui/hooks.dart:186:13)
#66     PlatformDispatcher._dispatchPointerDataPacket (dart:ui/platform_dispatcher.dart:433:7)
#67     _dispatchPointerDataPacket (dart:ui/hooks.dart:119:31)

2023.08.11 23:22:00]der box with no size.
The hitTest() method was called on this RenderBox: RenderConstrainedBox#84120 relayoutBoundary=up1:
  needs compositing
  creator: ConstrainedBox ← Align ← MediaQuery ← Padding ← AnimatedPadding ← Dialog ← AlertDialog ← WindowsAddOptionDialog ← Builder ← IconTheme ← IconButtonTheme ← DefaultTextStyle ← ⋯
  parentData: offset=Offset(0.0, 0.0) (can use size)
  constraints: BoxConstraints(0.0<=w<=928.0, 0.0<=h<=681.0)
  size: MISSING
  additionalConstraints: BoxConstraints(280.0<=w<=Infinity, 0.0<=h<=Infinity)
Although this node is not marked as needing layout, its size is not set.
A RenderBox object must have an explicit size before it can be hit-tested. Make sure that the RenderBox in question sets its size during layout.[2023.08.11 23:22:00]Test.<anonymous closure> (package:flutter/src/rendering/box.dart:2467:9)
#1      RenderBox.hitTest (package:flutter/src/rendering/box.dart:2482:6)
#2      RenderShiftedBox.hitTestChildren.<anonymous closure> (package:flutter/src/rendering/shifted_box.dart:88:24)
#3      BoxHitTestResult.addWithPaintOffset (package:flutter/src/rendering/box.dart:800:31)
#4      RenderShiftedBox.hitTestChildren (package:flutter/src/rendering/shifted_box.dart:83:21)
#5      RenderBox.hitTest (package:flutter/src/rendering/box.dart:2484:11)
#6      RenderShiftedBox.hitTestChildren.<anonymous closure> (package:flutter/src/rendering/shifted_box.dart:88:24)
#7      BoxHitTestResult.addWithPaintOffset (package:flutter/src/rendering/box.dart:800:31)
#8      RenderShiftedBox.hitTestChildren (package:flutter/src/rendering/shifted_box.dart:83:21)
#9      RenderBox.hitTest (package:flutter/src/rendering/box.dart:2484:11)
#10     RenderShiftedBox.hitTestChildren.<anonymous closure> (package:flutter/src/rendering/shifted_box.dart:88:24)
#11     BoxHitTestResult.addWithPaintOffset (package:flutter/src/rendering/box.dart:800:31)
#12     RenderShiftedBox.hitTestChildren (package:flutter/src/rendering/shifted_box.dart:83:21)
#13     RenderBox.hitTest (package:flutter/src/rendering/box.dart:2484:11)
#14     RenderShiftedBox.hitTestChildren.<anonymous closure> (package:flutter/src/rendering/shifted_box.dart:88:24)
#15     BoxHitTestResult.addWithPaintOffset (package:flutter/src/rendering/box.dart:800:31)
#16     RenderShiftedBox.hitTestChildren (package:flutter/src/rendering/shifted_box.dart:83:21)
#17     RenderBox.hitTest (package:flutter/src/rendering/box.dart:2484:11)
#18     RenderProxyBoxMixin.hitTestChildren (package:flutter/src/rendering/proxy_box.dart:117:19)
#19     RenderBox.hitTest (package:flutter/src/rendering/box.dart:2484:11)
#20     RenderProxyBoxMixin.hitTestChildren (package:flutter/src/rendering/proxy_box.dart:117:19)
#21     RenderBox.hitTest (package:flutter/src/rendering/box.dart:2484:11)
#22     RenderProxyBoxMixin.hitTestChildren (package:flutter/src/rendering/proxy_box.dart:117:19)
#23     RenderBox.hitTest (package:flutter/src/rendering/box.dart:2484:11)
#24     RenderIgnorePointer.hitTest (package:flutter/src/rendering/proxy_box.dart:3618:31)
#25     RenderProxyBoxMixin.hitTestChildren (package:flutter/src/rendering/proxy_box.dart:117:19)
#26     RenderBox.hitTest (package:flutter/src/rendering/box.dart:2484:11)
#27     RenderProxyBoxMixin.hitTestChildren (package:flutter/src/rendering/proxy_box.dart:117:19)
#28     RenderBox.hitTest (package:flutter/src/rendering/box.dart:2484:11)
#29     RenderProxyBoxMixin.hitTestChildren (package:flutter/src/rendering/proxy_box.dart:117:19)
#30     RenderBox.hitTest (package:flutter/src/rendering/box.dart:2484:11)
#31     RenderProxyBoxMixin.hitTestChildren (package:flutter/src/rendering/proxy_box.dart:117:19)
#32     RenderBox.hitTest (package:flutter/src/rendering/box.dart:2484:11)
#33     RenderOffstage.hitTest (package:flutter/src/rendering/proxy_box.dart:3747:31)
#34     RenderProxyBoxMixin.hitTestChildren (package:flutter/src/rendering/proxy_box.dart:117:19)
#35     RenderBox.hitTest (package:flutter/src/rendering/box.dart:2484:11)
#36     _RenderTheaterMixin.hitTestChildren.childHitTest (package:flutter/src/widgets/overlay.dart:897:81)
#37     BoxHitTestResult.addWithPaintOffset (package:flutter/src/rendering/box.dart:800:31)
#38     _RenderTheaterMixin.hitTestChildren (package:flutter/src/widgets/overlay.dart:898:22)
#39     RenderBox.hitTest (package:flutter/src/rendering/box.dart:2484:11)
#40     RenderProxyBoxMixin.hitTestChildren (package:flutter/src/rendering/proxy_box.dart:117:19)
#41     RenderBox.hitTest (package:flutter/src/rendering/box.dart:2484:11)
#42     RenderAbsorbPointer.hitTest (package:flutter/src/rendering/proxy_box.dart:3872:17)
#43     RenderProxyBoxMixin.hitTestChildren (package:flutter/src/rendering/proxy_box.dart:117:19)
#44     RenderProxyBoxWithHitTestBehavior.hitTest (package:flutter/src/rendering/proxy_box.dart:172:19)
#45     RenderProxyBoxMixin.hitTestChildren (package:flutter/src/rendering/proxy_box.dart:117:19)
#46     RenderBox.hitTest (package:flutter/src/rendering/box.dart:2484:11)
#47     RenderProxyBoxMixin.hitTestChildren (package:flutter/src/rendering/proxy_box.dart:117:19)
#48     RenderBox.hitTest (package:flutter/src/rendering/box.dart:2484:11)
#49     RenderProxyBoxMixin.hitTestChildren (package:flutter/src/rendering/proxy_box.dart:117:19)
#50     RenderBox.hitTest (package:flutter/src/rendering/box.dart:2484:11)
#51     RenderProxyBoxMixin.hitTestChildren (package:flutter/src/rendering/proxy_box.dart:117:19)
#52     RenderTapRegionSurface.hitTest (package:flutter/src/widgets/tap_region.dart:213:28)
#53     RenderProxyBoxMixin.hitTestChildren (package:flutter/src/rendering/proxy_box.dart:117:19)
#54     RenderBox.hitTest (package:flutter/src/rendering/box.dart:2484:11)
#55     RenderProxyBoxMixin.hitTestChildren (package:flutter/src/rendering/proxy_box.dart:117:19)
#56     RenderBox.hitTest (package:flutter/src/rendering/box.dart:2484:11)
#57     RenderProxyBoxMixin.hitTestChildren (package:flutter/src/rendering/proxy_box.dart:117:19)
#58     RenderBox.hitTest (package:flutter/src/rendering/box.dart:2484:11)
#59     RenderView.hitTest (package:flutter/src/rendering/view.dart:211:14)
#60     RendererBinding.hitTestInView (package:flutter/src/rendering/binding.dart:624:34)
#61     GestureBinding._handlePointerEventImmediately (package:flutter/src/gestures/binding.dart:384:7)
#62     GestureBinding.handlePointerEvent (package:flutter/src/gestures/binding.dart:376:5)
#63     GestureBinding._flushPointerEventQueue (package:flutter/src/gestures/binding.dart:323:7)
#64     GestureBinding._handlePointerDataPacket (package:flutter/src/gestures/binding.dart:292:9)
#65     _invoke1 (dart:ui/hooks.dart:186:13)
#66     PlatformDispatcher._dispatchPointerDataPacket (dart:ui/platform_dispatcher.dart:433:7)
#67     _dispatchPointerDataPacket (dart:ui/hooks.dart:119:31)

0      RenderBox.hitTest.<anonymous closure> (package:flutter/src/rendering/box.dart:2467:9)
#1      RenderBox.hitTest (package:flutter/src/rendering/box.dart:2482:6)
#2      RenderShiftedBox.hitTestChildren.<anonymous closure> (package:flutter/src/rendering/shifted_box.dart:88:24)
#3      BoxHitTestResult.addWithPaintOffset (package:flutter/src/rendering/box.dart:800:31)
#4      RenderShiftedBox.hitTestChildren (package:flutter/src/rendering/shifted_box.dart:83:21)
#5      RenderBox.hitTest (package:flutter/src/rendering/box.dart:2484:11)
#6      RenderShiftedBox.hitTestChildren.<anonymous closure> (package:flutter/src/rendering/shifted_box.dart:88:24)
#7      BoxHitTestResult.addWithPaintOffset (package:flutter/src/rendering/box.dart:800:31)
#8      RenderShiftedBox.hitTestChildren (package:flutter/src/rendering/shifted_box.dart:83:21)
#9      RenderBox.hitTest (package:flutter/src/rendering/box.dart:2484:11)
#10     RenderShiftedBox.hitTestChildren.<anonymous closure> (package:flutter/src/rendering/shifted_box.dart:88:24)
#11     BoxHitTestResult.addWithPaintOffset (package:flutter/src/rendering/box.dart:800:31)
#12     RenderShiftedBox.hitTestChildren (package:flutter/src/rendering/shifted_box.dart:83:21)
#13     RenderBox.hitTest (package:flutter/src/rendering/box.dart:2484:11)
#14     RenderShiftedBox.hitTestChildren.<anonymous closure> (package:flutter/src/rendering/shifted_box.dart:88:24)
#15     BoxHitTestResult.addWithPaintOffset (package:flutter/src/rendering/box.dart:800:31)
#16     RenderShiftedBox.hitTestChildren (package:flutter/src/rendering/shifted_box.dart:83:21)
#17     RenderBox.hitTest (package:flutter/src/rendering/box.dart:2484:11)
#18     RenderProxyBoxMixin.hitTestChildren (package:flutter/src/rendering/proxy_box.dart:117:19)
#19     RenderBox.hitTest (package:flutter/src/rendering/box.dart:2484:11)
#20     RenderProxyBoxMixin.hitTestChildren (package:flutter/src/rendering/proxy_box.dart:117:19)
#21     RenderBox.hitTest (package:flutter/src/rendering/box.dart:2484:11)
#22     RenderProxyBoxMixin.hitTestChildren (package:flutter/src/rendering/proxy_box.dart:117:19)
#23     RenderBox.hitTest (package:flutter/src/rendering/box.dart:2484:11)
#24     RenderIgnorePointer.hitTest (package:flutter/src/rendering/proxy_box.dart:3618:31)
#25     RenderProxyBoxMixin.hitTestChildren (package:flutter/src/rendering/proxy_box.dart:117:19)
#26     RenderBox.hitTest (package:flutter/src/rendering/box.dart:2484:11)
#27     RenderProxyBoxMixin.hitTestChildren (package:flutter/src/rendering/proxy_box.dart:117:19)
#28     RenderBox.hitTest (package:flutter/src/rendering/box.dart:2484:11)
#29     RenderProxyBoxMixin.hitTestChildren (package:flutter/src/rendering/proxy_box.dart:117:19)
#30     RenderBox.hitTest (package:flutter/src/rendering/box.dart:2484:11)
#31     RenderProxyBoxMixin.hitTestChildren (package:flutter/src/rendering/proxy_box.dart:117:19)
#32     RenderBox.hitTest (package:flutter/src/rendering/box.dart:2484:11)
#33     RenderOffstage.hitTest (package:flutter/src/rendering/proxy_box.dart:3747:31)
#34     RenderProxyBoxMixin.hitTestChildren (package:flutter/src/rendering/proxy_box.dart:117:19)
#35     RenderBox.hitTest (package:flutter/src/rendering/box.dart:2484:11)
#36     _RenderTheaterMixin.hitTestChildren.childHitTest (package:flutter/src/widgets/overlay.dart:897:81)
#37     BoxHitTestResult.addWithPaintOffset (package:flutter/src/rendering/box.dart:800:31)
#38     _RenderTheaterMixin.hitTestChildren (package:flutter/src/widgets/overlay.dart:898:22)
#39     RenderBox.hitTest (package:flutter/src/rendering/box.dart:2484:11)
#40     RenderProxyBoxMixin.hitTestChildren (package:flutter/src/rendering/proxy_box.dart:117:19)
#41     RenderBox.hitTest (package:flutter/src/rendering/box.dart:2484:11)
#42     RenderAbsorbPointer.hitTest (package:flutter/src/rendering/proxy_box.dart:3872:17)
#43     RenderProxyBoxMixin.hitTestChildren (package:flutter/src/rendering/proxy_box.dart:117:19)
#44     RenderProxyBoxWithHitTestBehavior.hitTest (package:flutter/src/rendering/proxy_box.dart:172:19)
#45     RenderProxyBoxMixin.hitTestChildren (package:flutter/src/rendering/proxy_box.dart:117:19)
#46     RenderBox.hitTest (package:flutter/src/rendering/box.dart:2484:11)
#47     RenderProxyBoxMixin.hitTestChildren (package:flutter/src/rendering/proxy_box.dart:117:19)
#48     RenderBox.hitTest (package:flutter/src/rendering/box.dart:2484:11)
#49     RenderProxyBoxMixin.hitTestChildren (package:flutter/src/rendering/proxy_box.dart:117:19)
#50     RenderBox.hitTest (package:flutter/src/rendering/box.dart:2484:11)
#51     RenderProxyBoxMixin.hitTestChildren (package:flutter/src/rendering/proxy_box.dart:117:19)
#52     RenderTapRegionSurface.hitTest (package:flutter/src/widgets/tap_region.dart:213:28)
#53     RenderProxyBoxMixin.hitTestChildren (package:flutter/src/rendering/proxy_box.dart:117:19)
#54     RenderBox.hitTest (package:flutter/src/rendering/box.dart:2484:11)
#55     RenderProxyBoxMixin.hitTestChildren (package:flutter/src/rendering/proxy_box.dart:117:19)
#56     RenderBox.hitTest (package:flutter/src/rendering/box.dart:2484:11)
#57     RenderProxyBoxMixin.hitTestChildren (package:flutter/src/rendering/proxy_box.dart:117:19)
#58     RenderBox.hitTest (package:flutter/src/rendering/box.dart:2484:11)
#59     RenderView.hitTest (package:flutter/src/rendering/view.dart:211:14)
#60     RendererBinding.hitTestInView (package:flutter/src/rendering/binding.dart:624:34)
#61     GestureBinding._handlePointerEventImmediately (package:flutter/src/gestures/binding.dart:384:7)
#62     GestureBinding.handlePointerEvent (package:flutter/src/gestures/binding.dart:376:5)
#63     GestureBinding._flushPointerEventQueue (package:flutter/src/gestures/binding.dart:323:7)
#64     GestureBinding._handlePointerDataPacket (package:flutter/src/gestures/binding.dart:292:9)
#65     _invoke1 (dart:ui/hooks.dart:186:13)
#66     PlatformDispatcher._dispatchPointerDataPacket (dart:ui/platform_dispatcher.dart:433:7)
#67     _dispatchPointerDataPacket (dart:ui/hooks.dart:119:31)

0      RenderBox.hitTest.<anonymous closure> (package:flutter/src/rendering/box.dart:2467:9)
#1      RenderBox.hitTest (package:flutter/src/rendering/box.dart:2482:6)
#2      RenderShiftedBox.hitTestChildren.<anonymous closure> (package:flutter/src/rendering/shifted_box.dart:88:24)
#3      BoxHitTestResult.addWithPaintOffset (package:flutter/src/rendering/box.dart:800:31)
#4      RenderShiftedBox.hitTestChildren (package:flutter/src/rendering/shifted_box.dart:83:21)
#5      RenderBox.hitTest (package:flutter/src/rendering/box.dart:2484:11)
#6      RenderShiftedBox.hitTestChildren.<anonymous closure> (package:flutter/src/rendering/shifted_box.dart:88:24)
#7      BoxHitTestResult.addWithPaintOffset (package:flutter/src/rendering/box.dart:800:31)
#8      RenderShiftedBox.hitTestChildren (package:flutter/src/rendering/shifted_box.dart:83:21)
#9      RenderBox.hitTest (package:flutter/src/rendering/box.dart:2484:11)
#10     RenderShiftedBox.hitTestChildren.<anonymous closure> (package:flutter/src/rendering/shifted_box.dart:88:24)
#11     BoxHitTestResult.addWithPaintOffset (package:flutter/src/rendering/box.dart:800:31)
#12     RenderShiftedBox.hitTestChildren (package:flutter/src/rendering/shifted_box.dart:83:21)
#13     RenderBox.hitTest (package:flutter/src/rendering/box.dart:2484:11)
#14     RenderShiftedBox.hitTestChildren.<anonymous closure> (package:flutter/src/rendering/shifted_box.dart:88:24)
#15     BoxHitTestResult.addWithPaintOffset (package:flutter/src/rendering/box.dart:800:31)
#16     RenderShiftedBox.hitTestChildren (package:flutter/src/rendering/shifted_box.dart:83:21)
#17     RenderBox.hitTest (package:flutter/src/rendering/box.dart:2484:11)
#18     RenderProxyBoxMixin.hitTestChildren (package:flutter/src/rendering/proxy_box.dart:117:19)
#19     RenderBox.hitTest (package:flutter/src/rendering/box.dart:2484:11)
#20     RenderProxyBoxMixin.hitTestChildren (package:flutter/src/rendering/proxy_box.dart:117:19)
#21     RenderBox.hitTest (package:flutter/src/rendering/box.dart:2484:11)
#22     RenderProxyBoxMixin.hitTestChildren (package:flutter/src/rendering/proxy_box.dart:117:19)
#23     RenderBox.hitTest (package:flutter/src/rendering/box.dart:2484:11)
#24     RenderIgnorePointer.hitTest (package:flutter/src/rendering/proxy_box.dart:3618:31)
#25     RenderProxyBoxMixin.hitTestChildren (package:flutter/src/rendering/proxy_box.dart:117:19)
#26     RenderBox.hitTest (package:flutter/src/rendering/box.dart:2484:11)
#27     RenderProxyBoxMixin.hitTestChildren (package:flutter/src/rendering/proxy_box.dart:117:19)
#28     RenderBox.hitTest (package:flutter/src/rendering/box.dart:2484:11)
#29     RenderProxyBoxMixin.hitTestChildren (package:flutter/src/rendering/proxy_box.dart:117:19)
#30     RenderBox.hitTest (package:flutter/src/rendering/box.dart:2484:11)
#31     RenderProxyBoxMixin.hitTestChildren (package:flutter/src/rendering/proxy_box.dart:117:19)
#32     RenderBox.hitTest (package:flutter/src/rendering/box.dart:2484:11)
#33     RenderOffstage.hitTest (package:flutter/src/rendering/proxy_box.dart:3747:31)
#34     RenderProxyBoxMixin.hitTestChildren (package:flutter/src/rendering/proxy_box.dart:117:19)
#35     RenderBox.hitTest (package:flutter/src/rendering/box.dart:2484:11)
#36     _RenderTheaterMixin.hitTestChildren.childHitTest (package:flutter/src/widgets/overlay.dart:897:81)
#37     BoxHitTestResult.addWithPaintOffset (package:flutter/src/rendering/box.dart:800:31)
#38     _RenderTheaterMixin.hitTestChildren (package:flutter/src/widgets/overlay.dart:898:22)
#39     RenderBox.hitTest (package:flutter/src/rendering/box.dart:2484:11)
#40     RenderProxyBoxMixin.hitTestChildren (package:flutter/src/rendering/proxy_box.dart:117:19)
#41     RenderBox.hitTest (package:flutter/src/rendering/box.dart:2484:11)
#42     RenderAbsorbPointer.hitTest (package:flutter/src/rendering/proxy_box.dart:3872:17)
#43     RenderProxyBoxMixin.hitTestChildren (package:flutter/src/rendering/proxy_box.dart:117:19)
#44     RenderProxyBoxWithHitTestBehavior.hitTest (package:flutter/src/rendering/proxy_box.dart:172:19)
#45     RenderProxyBoxMixin.hitTestChildren (package:flutter/src/rendering/proxy_box.dart:117:19)
#46     RenderBox.hitTest (package:flutter/src/rendering/box.dart:2484:11)
#47     RenderProxyBoxMixin.hitTestChildren (package:flutter/src/rendering/proxy_box.dart:117:19)
#48     RenderBox.hitTest (package:flutter/src/rendering/box.dart:2484:11)
#49     RenderProxyBoxMixin.hitTestChildren (package:flutter/src/rendering/proxy_box.dart:117:19)
#50     RenderBox.hitTest (package:flutter/src/rendering/box.dart:2484:11)
#51     RenderProxyBoxMixin.hitTestChildren (package:flutter/src/rendering/proxy_box.dart:117:19)
#52     RenderTapRegionSurface.hitTest (package:flutter/src/widgets/tap_region.dart:213:28)
#53     RenderProxyBoxMixin.hitTestChildren (package:flutter/src/rendering/proxy_box.dart:117:19)
#54     RenderBox.hitTest (package:flutter/src/rendering/box.dart:2484:11)
#55     RenderProxyBoxMixin.hitTestChildren (package:flutter/src/rendering/proxy_box.dart:117:19)
#56     RenderBox.hitTest (package:flutter/src/rendering/box.dart:2484:11)
#57     RenderProxyBoxMixin.hitTestChildren (package:flutter/src/rendering/proxy_box.dart:117:19)
#58     RenderBox.hitTest (package:flutter/src/rendering/box.dart:2484:11)
#59     RenderView.hitTest (package:flutter/src/rendering/view.dart:211:14)
#60     RendererBinding.hitTestInView (package:flutter/src/rendering/binding.dart:624:34)
#61     GestureBinding._handlePointerEventImmediately (package:flutter/src/gestures/binding.dart:384:7)
#62     GestureBinding.handlePointerEvent (package:flutter/src/gestures/binding.dart:376:5)
#63     GestureBinding._flushPointerEventQueue (package:flutter/src/gestures/binding.dart:323:7)
#64     GestureBinding._handlePointerDataPacket (package:flutter/src/gestures/binding.dart:292:9)
#65     _invoke1 (dart:ui/hooks.dart:186:13)
#66     PlatformDispatcher._dispatchPointerDataPacket (dart:ui/platform_dispatcher.dart:433:7)
#67     _dispatchPointerDataPacket (dart:ui/hooks.dart:119:31)
[2023.08.11 23:22:00]der box with no size.
The hitTest() method was called on this RenderBox: RenderConstrainedBox#84120 relayoutBoundary=up1:
  needs compositing
  creator: ConstrainedBox ← Align ← MediaQuery ← Padding ← AnimatedPadding ← Dialog ← AlertDialog ← WindowsAddOptionDialog ← Builder ← IconTheme ← IconButtonTheme ← DefaultTextStyle ← ⋯
  parentData: offset=Offset(0.0, 0.0) (can use size)
  constraints: BoxConstraints(0.0<=w<=928.0, 0.0<=h<=681.0)
  size: MISSING
  additionalConstraints: BoxConstraints(280.0<=w<=Infinity, 0.0<=h<=Infinity)
Although this node is not marked as needing layout, its size is not set.
A RenderBox object must have an explicit size before it can be hit-tested. Make sure that the RenderBox in question sets its size during layout.#0      RenderBox.hitTest.<anonymous closure> (package:flutter/src/rendering/box.dart:2467:9)
#1      RenderBox.hitTest (package:flutter/src/rendering/box.dart:2482:6)
#2      RenderShiftedBox.hitTestChildren.<anonymous closure> (package:flutter/src/rendering/shifted_box.dart:88:24)
#3      BoxHitTestResult.addWithPaintOffset (package:flutter/src/rendering/box.dart:800:31)
#4      RenderShiftedBox.hitTestChildren (package:flutter/src/rendering/shifted_box.dart:83:21)
#5      RenderBox.hitTest (package:flutter/src/rendering/box.dart:2484:11)
#6      RenderShiftedBox.hitTestChildren.<anonymous closure> (package:flutter/src/rendering/shifted_box.dart:88:24)
#7      BoxHitTestResult.addWithPaintOffset (package:flutter/src/rendering/box.dart:800:31)
#8      RenderShiftedBox.hitTestChildren (package:flutter/src/rendering/shifted_box.dart:83:21)
#9      RenderBox.hitTest (package:flutter/src/rendering/box.dart:2484:11)
#10     RenderShiftedBox.hitTestChildren.<anonymous closure> (package:flutter/src/rendering/shifted_box.dart:88:24)
#11     BoxHitTestResult.addWithPaintOffset (package:flutter/src/rendering/box.dart:800:31)
#12     RenderShiftedBox.hitTestChildren (package:flutter/src/rendering/shifted_box.dart:83:21)
#13     RenderBox.hitTest (package:flutter/src/rendering/box.dart:2484:11)
#14     RenderShiftedBox.hitTestChildren.<anonymous closure> (package:flutter/src/rendering/shifted_box.dart:88:24)
#15     BoxHitTestResult.addWithPaintOffset (package:flutter/src/rendering/box.dart:800:31)
#16     RenderShiftedBox.hitTestChildren (package:flutter/src/rendering/shifted_box.dart:83:21)
#17     RenderBox.hitTest (package:flutter/src/rendering/box.dart:2484:11)
#18     RenderProxyBoxMixin.hitTestChildren (package:flutter/src/rendering/proxy_box.dart:117:19)
#19     RenderBox.hitTest (package:flutter/src/rendering/box.dart:2484:11)
#20     RenderProxyBoxMixin.hitTestChildren (package:flutter/src/rendering/proxy_box.dart:117:19)
#21     RenderBox.hitTest (package:flutter/src/rendering/box.dart:2484:11)
#22     RenderProxyBoxMixin.hitTestChildren (package:flutter/src/rendering/proxy_box.dart:117:19)
#23     RenderBox.hitTest (package:flutter/src/rendering/box.dart:2484:11)
#24     RenderIgnorePointer.hitTest (package:flutter/src/rendering/proxy_box.dart:3618:31)
#25     RenderProxyBoxMixin.hitTestChildren (package:flutter/src/rendering/proxy_box.dart:117:19)
#26     RenderBox.hitTest (package:flutter/src/rendering/box.dart:2484:11)
#27     RenderProxyBoxMixin.hitTestChildren (package:flutter/src/rendering/proxy_box.dart:117:19)
#28     RenderBox.hitTest (package:flutter/src/rendering/box.dart:2484:11)
#29     RenderProxyBoxMixin.hitTestChildren (package:flutter/src/rendering/proxy_box.dart:117:19)
#30     RenderBox.hitTest (package:flutter/src/rendering/box.dart:2484:11)
#31     RenderProxyBoxMixin.hitTestChildren (package:flutter/src/rendering/proxy_box.dart:117:19)
#32     RenderBox.hitTest (package:flutter/src/rendering/box.dart:2484:11)
#33     RenderOffstage.hitTest (package:flutter/src/rendering/proxy_box.dart:3747:31)
#34     RenderProxyBoxMixin.hitTestChildren (package:flutter/src/rendering/proxy_box.dart:117:19)
#35     RenderBox.hitTest (package:flutter/src/rendering/box.dart:2484:11)
#36     _RenderTheaterMixin.hitTestChildren.childHitTest (package:flutter/src/widgets/overlay.dart:897:81)
#37     BoxHitTestResult.addWithPaintOffset (package:flutter/src/rendering/box.dart:800:31)
#38     _RenderTheaterMixin.hitTestChildren (package:flutter/src/widgets/overlay.dart:898:22)
#39     RenderBox.hitTest (package:flutter/src/rendering/box.dart:2484:11)
#40     RenderProxyBoxMixin.hitTestChildren (package:flutter/src/rendering/proxy_box.dart:117:19)
#41     RenderBox.hitTest (package:flutter/src/rendering/box.dart:2484:11)
#42     RenderAbsorbPointer.hitTest (package:flutter/src/rendering/proxy_box.dart:3872:17)
#43     RenderProxyBoxMixin.hitTestChildren (package:flutter/src/rendering/proxy_box.dart:117:19)
#44     RenderProxyBoxWithHitTestBehavior.hitTest (package:flutter/src/rendering/proxy_box.dart:172:19)
#45     RenderProxyBoxMixin.hitTestChildren (package:flutter/src/rendering/proxy_box.dart:117:19)
#46     RenderBox.hitTest (package:flutter/src/rendering/box.dart:2484:11)
#47     RenderProxyBoxMixin.hitTestChildren (package:flutter/src/rendering/proxy_box.dart:117:19)
#48     RenderBox.hitTest (package:flutter/src/rendering/box.dart:2484:11)
#49     RenderProxyBoxMixin.hitTestChildren (package:flutter/src/rendering/proxy_box.dart:117:19)
#50     RenderBox.hitTest (package:flutter/src/rendering/box.dart:2484:11)
#51     RenderProxyBoxMixin.hitTestChildren (package:flutter/src/rendering/proxy_box.dart:117:19)
#52     RenderTapRegionSurface.hitTest (package:flutter/src/widgets/tap_region.dart:213:28)
#53     RenderProxyBoxMixin.hitTestChildren (package:flutter/src/rendering/proxy_box.dart:117:19)
#54     RenderBox.hitTest (package:flutter/src/rendering/box.dart:2484:11)
#55     RenderProxyBoxMixin.hitTestChildren (package:flutter/src/rendering/proxy_box.dart:117:19)
#56     RenderBox.hitTest (package:flutter/src/rendering/box.dart:2484:11)
#57     RenderProxyBoxMixin.hitTestChildren (package:flutter/src/rendering/proxy_box.dart:117:19)
#58     RenderBox.hitTest (package:flutter/src/rendering/box.dart:2484:11)
#59     RenderView.hitTest (package:flutter/src/rendering/view.dart:211:14)
#60     RendererBinding.hitTestInView (package:flutter/src/rendering/binding.dart:624:34)
#61     GestureBinding._handlePointerEventImmediately (package:flutter/src/gestures/binding.dart:384:7)
#62     GestureBinding.handlePointerEvent (package:flutter/src/gestures/binding.dart:376:5)
#63     GestureBinding._flushPointerEventQueue (package:flutter/src/gestures/binding.dart:323:7)
#64     GestureBinding._handlePointerDataPacket (package:flutter/src/gestures/binding.dart:292:9)
#65     _invoke1 (dart:ui/hooks.dart:186:13)
#66     PlatformDispatcher._dispatchPointerDataPacket (dart:ui/platform_dispatcher.dart:433:7)
#67     _dispatchPointerDataPacket (dart:ui/hooks.dart:119:31)
#0      RenderBox.hitTest.<anonymous closure> (package:flutter/src/rendering/box.dart:2467:9)
#1      RenderBox.hitTest (package:flutter/src/rendering/box.dart:2482:6)
#2      RenderShiftedBox.hitTestChildren.<anonymous closure> (package:flutter/src/rendering/shifted_box.dart:88:24)
#3      BoxHitTestResult.addWithPaintOffset (package:flutter/src/rendering/box.dart:800:31)
#4      RenderShiftedBox.hitTestChildren (package:flutter/src/rendering/shifted_box.dart:83:21)
#5      RenderBox.hitTest (package:flutter/src/rendering/box.dart:2484:11)
#6      RenderShiftedBox.hitTestChildren.<anonymous closure> (package:flutter/src/rendering/shifted_box.dart:88:24)
#7      BoxHitTestResult.addWithPaintOffset (package:flutter/src/rendering/box.dart:800:31)
#8      RenderShiftedBox.hitTestChildren (package:flutter/src/rendering/shifted_box.dart:83:21)
#9      RenderBox.hitTest (package:flutter/src/rendering/box.dart:2484:11)
#10     RenderShiftedBox.hitTestChildren.<anonymous closure> (package:flutter/src/rendering/shifted_box.dart:88:24)
#11     BoxHitTestResult.addWithPaintOffset (package:flutter/src/rendering/box.dart:800:31)
#12     RenderShiftedBox.hitTestChildren (package:flutter/src/rendering/shifted_box.dart:83:21)
#13     RenderBox.hitTest (package:flutter/src/rendering/box.dart:2484:11)
#14     RenderShiftedBox.hitTestChildren.<anonymous closure> (package:flutter/src/rendering/shifted_box.dart:88:24)
#15     BoxHitTestResult.addWithPaintOffset (package:flutter/src/rendering/box.dart:800:31)
#16     RenderShiftedBox.hitTestChildren (package:flutter/src/rendering/shifted_box.dart:83:21)
#17     RenderBox.hitTest (package:flutter/src/rendering/box.dart:2484:11)
#18     RenderProxyBoxMixin.hitTestChildren (package:flutter/src/rendering/proxy_box.dart:117:19)
#19     RenderBox.hitTest (package:flutter/src/rendering/box.dart:2484:11)
#20     RenderProxyBoxMixin.hitTestChildren (package:flutter/src/rendering/proxy_box.dart:117:19)
#21     RenderBox.hitTest (package:flutter/src/rendering/box.dart:2484:11)
#22     RenderProxyBoxMixin.hitTestChildren (package:flutter/src/rendering/proxy_box.dart:117:19)
#23     RenderBox.hitTest (package:flutter/src/rendering/box.dart:2484:11)
#24     RenderIgnorePointer.hitTest (package:flutter/src/rendering/proxy_box.dart:3618:31)
#25     RenderProxyBoxMixin.hitTestChildren (package:flutter/src/rendering/proxy_box.dart:117:19)
#26     RenderBox.hitTest (package:flutter/src/rendering/box.dart:2484:11)
#27     RenderProxyBoxMixin.hitTestChildren (package:flutter/src/rendering/proxy_box.dart:117:19)
#28     RenderBox.hitTest (package:flutter/src/rendering/box.dart:2484:11)
#29     RenderProxyBoxMixin.hitTestChildren (package:flutter/src/rendering/proxy_box.dart:117:19)
#30     RenderBox.hitTest (package:flutter/src/rendering/box.dart:2484:11)
#31     RenderProxyBoxMixin.hitTestChildren (package:flutter/src/rendering/proxy_box.dart:117:19)
#32     RenderBox.hitTest (package:flutter/src/rendering/box.dart:2484:11)
#33     RenderOffstage.hitTest (package:flutter/src/rendering/proxy_box.dart:3747:31)
#34     RenderProxyBoxMixin.hitTestChildren (package:flutter/src/rendering/proxy_box.dart:117:19)
#35     RenderBox.hitTest (package:flutter/src/rendering/box.dart:2484:11)
#36     _RenderTheaterMixin.hitTestChildren.childHitTest (package:flutter/src/widgets/overlay.dart:897:81)
#37     BoxHitTestResult.addWithPaintOffset (package:flutter/src/rendering/box.dart:800:31)
#38     _RenderTheaterMixin.hitTestChildren (package:flutter/src/widgets/overlay.dart:898:22)
#39     RenderBox.hitTest (package:flutter/src/rendering/box.dart:2484:11)
#40     RenderProxyBoxMixin.hitTestChildren (package:flutter/src/rendering/proxy_box.dart:117:19)
#41     RenderBox.hitTest (package:flutter/src/rendering/box.dart:2484:11)
#42     RenderAbsorbPointer.hitTest (package:flutter/src/rendering/proxy_box.dart:3872:17)
#43     RenderProxyBoxMixin.hitTestChildren (package:flutter/src/rendering/proxy_box.dart:117:19)
#44     RenderProxyBoxWithHitTestBehavior.hitTest (package:flutter/src/rendering/proxy_box.dart:172:19)
#45     RenderProxyBoxMixin.hitTestChildren (package:flutter/src/rendering/proxy_box.dart:117:19)
#46     RenderBox.hitTest (package:flutter/src/rendering/box.dart:2484:11)
#47     RenderProxyBoxMixin.hitTestChildren (package:flutter/src/rendering/proxy_box.dart:117:19)
#48     RenderBox.hitTest (package:flutter/src/rendering/box.dart:2484:11)
#49     RenderProxyBoxMixin.hitTestChildren (package:flutter/src/rendering/proxy_box.dart:117:19)
#50     RenderBox.hitTest (package:flutter/src/rendering/box.dart:2484:11)
#51     RenderProxyBoxMixin.hitTestChildren (package:flutter/src/rendering/proxy_box.dart:117:19)
#52     RenderTapRegionSurface.hitTest (package:flutter/src/widgets/tap_region.dart:213:28)
#53     RenderProxyBoxMixin.hitTestChildren (package:flutter/src/rendering/proxy_box.dart:117:19)
#54     RenderBox.hitTest (package:flutter/src/rendering/box.dart:2484:11)
#55     RenderProxyBoxMixin.hitTestChildren (package:flutter/src/rendering/proxy_box.dart:117:19)
#56     RenderBox.hitTest (package:flutter/src/rendering/box.dart:2484:11)
#57     RenderProxyBoxMixin.hitTestChildren (package:flutter/src/rendering/proxy_box.dart:117:19)
#58     RenderBox.hitTest (package:flutter/src/rendering/box.dart:2484:11)
#59     RenderView.hitTest (package:flutter/src/rendering/view.dart:211:14)
#60     RendererBinding.hitTestInView (package:flutter/src/rendering/binding.dart:624:34)
#61     GestureBinding._handlePointerEventImmediately (package:flutter/src/gestures/binding.dart:384:7)
#62     GestureBinding.handlePointerEvent (package:flutter/src/gestures/binding.dart:376:5)
#63     GestureBinding._flushPointerEventQueue (package:flutter/src/gestures/binding.dart:323:7)
#64     GestureBinding._handlePointerDataPacket (package:flutter/src/gestures/binding.dart:292:9)
#65     _invoke1 (dart:ui/hooks.dart:186:13)
#66     PlatformDispatcher._dispatchPointerDataPacket (dart:ui/platform_dispatcher.dart:433:7)
#67     _dispatchPointerDataPacket (dart:ui/hooks.dart:119:31)
[2023.08.11 23:22:00]Cannot hit test a render box with no size.
The hitTest() method was called on this RenderBox: RenderConstrainedBox#84120 relayoutBoundary=up1:
  needs compositing
  creator: ConstrainedBox ← Align ← MediaQuery ← Padding ← AnimatedPadding ← Dialog ← AlertDialog ← WindowsAddOptionDialog ← Builder ← IconTheme ← IconButtonTheme ← DefaultTextStyle ← ⋯
  parentData: offset=Offset(0.0, 0.0) (can use size)
  constraints: BoxConstraints(0.0<=w<=928.0, 0.0<=h<=681.0)
  size: MISSING
  additionalConstraints: BoxConstraints(280.0<=w<=Infinity, 0.0<=h<=Infinity)
Although this node is not marked as needing layout, its size is not set.
A RenderBox object must have an explicit size before it can be hit-tested. Make sure that the RenderBox in question sets its size during layout.#0      RenderBox.hitTest.<anonymous closure> (package:flutter/src/rendering/box.dart:2467:9)
#1      RenderBox.hitTest (package:flutter/src/rendering/box.dart:2482:6)
#2      RenderShiftedBox.hitTestChildren.<anonymous closure> (package:flutter/src/rendering/shifted_box.dart:88:24)
#3      BoxHitTestResult.addWithPaintOffset (package:flutter/src/rendering/box.dart:800:31)
#4      RenderShiftedBox.hitTestChildren (package:flutter/src/rendering/shifted_box.dart:83:21)
#5      RenderBox.hitTest (package:flutter/src/rendering/box.dart:2484:11)
#6      RenderShiftedBox.hitTestChildren.<anonymous closure> (package:flutter/src/rendering/shifted_box.dart:88:24)
#7      BoxHitTestResult.addWithPaintOffset (package:flutter/src/rendering/box.dart:800:31)
#8      RenderShiftedBox.hitTestChildren (package:flutter/src/rendering/shifted_box.dart:83:21)
#9      RenderBox.hitTest (package:flutter/src/rendering/box.dart:2484:11)
#10     RenderShiftedBox.hitTestChildren.<anonymous closure> (package:flutter/src/rendering/shifted_box.dart:88:24)
#11     BoxHitTestResult.addWithPaintOffset (package:flutter/src/rendering/box.dart:800:31)
#12     RenderShiftedBox.hitTestChildren (package:flutter/src/rendering/shifted_box.dart:83:21)
#13     RenderBox.hitTest (package:flutter/src/rendering/box.dart:2484:11)
#14     RenderShiftedBox.hitTestChildren.<anonymous closure> (package:flutter/src/rendering/shifted_box.dart:88:24)
#15     BoxHitTestResult.addWithPaintOffset (package:flutter/src/rendering/box.dart:800:31)
#16     RenderShiftedBox.hitTestChildren (package:flutter/src/rendering/shifted_box.dart:83:21)
#17     RenderBox.hitTest (package:flutter/src/rendering/box.dart:2484:11)
#18     RenderProxyBoxMixin.hitTestChildren (package:flutter/src/rendering/proxy_box.dart:117:19)
#19     RenderBox.hitTest (package:flutter/src/rendering/box.dart:2484:11)
#20     RenderProxyBoxMixin.hitTestChildren (package:flutter/src/rendering/proxy_box.dart:117:19)
#21     RenderBox.hitTest (package:flutter/src/rendering/box.dart:2484:11)
#22     RenderProxyBoxMixin.hitTestChildren (package:flutter/src/rendering/proxy_box.dart:117:19)
#23     RenderBox.hitTest (package:flutter/src/rendering/box.dart:2484:11)
#24     RenderIgnorePointer.hitTest (package:flutter/src/rendering/proxy_box.dart:3618:31)
#25     RenderProxyBoxMixin.hitTestChildren (package:flutter/src/rendering/proxy_box.dart:117:19)
#26     RenderBox.hitTest (package:flutter/src/rendering/box.dart:2484:11)
#27     RenderProxyBoxMixin.hitTestChildren (package:flutter/src/rendering/proxy_box.dart:117:19)
#28     RenderBox.hitTest (package:flutter/src/rendering/box.dart:2484:11)
#29     RenderProxyBoxMixin.hitTestChildren (package:flutter/src/rendering/proxy_box.dart:117:19)
#30     RenderBox.hitTest (package:flutter/src/rendering/box.dart:2484:11)
#31     RenderProxyBoxMixin.hitTestChildren (package:flutter/src/rendering/proxy_box.dart:117:19)
#32     RenderBox.hitTest (package:flutter/src/rendering/box.dart:2484:11)
#33     RenderOffstage.hitTest (package:flutter/src/rendering/proxy_box.dart:3747:31)
#34     RenderProxyBoxMixin.hitTestChildren (package:flutter/src/rendering/proxy_box.dart:117:19)
#35     RenderBox.hitTest (package:flutter/src/rendering/box.dart:2484:11)
#36     _RenderTheaterMixin.hitTestChildren.childHitTest (package:flutter/src/widgets/overlay.dart:897:81)
#37     BoxHitTestResult.addWithPaintOffset (package:flutter/src/rendering/box.dart:800:31)
#38     _RenderTheaterMixin.hitTestChildren (package:flutter/src/widgets/overlay.dart:898:22)
#39     RenderBox.hitTest (package:flutter/src/rendering/box.dart:2484:11)
#40     RenderProxyBoxMixin.hitTestChildren (package:flutter/src/rendering/proxy_box.dart:117:19)
#41     RenderBox.hitTest (package:flutter/src/rendering/box.dart:2484:11)
#42     RenderAbsorbPointer.hitTest (package:flutter/src/rendering/proxy_box.dart:3872:17)
#43     RenderProxyBoxMixin.hitTestChildren (package:flutter/src/rendering/proxy_box.dart:117:19)
#44     RenderProxyBoxWithHitTestBehavior.hitTest (package:flutter/src/rendering/proxy_box.dart:172:19)
#45     RenderProxyBoxMixin.hitTestChildren (package:flutter/src/rendering/proxy_box.dart:117:19)
#46     RenderBox.hitTest (package:flutter/src/rendering/box.dart:2484:11)
#47     RenderProxyBoxMixin.hitTestChildren (package:flutter/src/rendering/proxy_box.dart:117:19)
#48     RenderBox.hitTest (package:flutter/src/rendering/box.dart:2484:11)
#49     RenderProxyBoxMixin.hitTestChildren (package:flutter/src/rendering/proxy_box.dart:117:19)
#50     RenderBox.hitTest (package:flutter/src/rendering/box.dart:2484:11)
#51     RenderProxyBoxMixin.hitTestChildren (package:flutter/src/rendering/proxy_box.dart:117:19)
#52     RenderTapRegionSurface.hitTest (package:flutter/src/widgets/tap_region.dart:213:28)
#53     RenderProxyBoxMixin.hitTestChildren (package:flutter/src/rendering/proxy_box.dart:117:19)
#54     RenderBox.hitTest (package:flutter/src/rendering/box.dart:2484:11)
#55     RenderProxyBoxMixin.hitTestChildren (package:flutter/src/rendering/proxy_box.dart:117:19)
#56     RenderBox.hitTest (package:flutter/src/rendering/box.dart:2484:11)
#57     RenderProxyBoxMixin.hitTestChildren (package:flutter/src/rendering/proxy_box.dart:117:19)
#58     RenderBox.hitTest (package:flutter/src/rendering/box.dart:2484:11)
#59     RenderView.hitTest (package:flutter/src/rendering/view.dart:211:14)
#60     RendererBinding.hitTestInView (package:flutter/src/rendering/binding.dart:624:34)
#61     GestureBinding._handlePointerEventImmediately (package:flutter/src/gestures/binding.dart:384:7)
#62     GestureBinding.handlePointerEvent (package:flutter/src/gestures/binding.dart:376:5)
#63     GestureBinding._flushPointerEventQueue (package:flutter/src/gestures/binding.dart:323:7)
#64     GestureBinding._handlePointerDataPacket (package:flutter/src/gestures/binding.dart:292:9)
#65     _invoke1 (dart:ui/hooks.dart:186:13)
#66     PlatformDispatcher._dispatchPointerDataPacket (dart:ui/platform_dispatcher.dart:433:7)
#67     _dispatchPointerDataPacket (dart:ui/hooks.dart:119:31)

[2023.08.11 23:22:00]Cannot hit test a render box with no size.
The hitTest() method was called on this RenderBox: RenderConstrainedBox#84120 relayoutBoundary=up1:
  needs compositing
  creator: ConstrainedBox ← Align ← MediaQuery ← Padding ← AnimatedPadding ← Dialog ← AlertDialog ← WindowsAddOptionDialog ← Builder ← IconTheme ← IconButtonTheme ← DefaultTextStyle ← ⋯
  parentData: offset=Offset(0.0, 0.0) (can use size)
  constraints: BoxConstraints(0.0<=w<=928.0, 0.0<=h<=681.0)
  size: MISSING
  additionalConstraints: BoxConstraints(280.0<=w<=Infinity, 0.0<=h<=Infinity)
Although this node is not marked as needing layout, its size is not set.
A RenderBox object must have an explicit size before it can be hit-tested. Make sure that the RenderBox in question sets its size during layout.#0      RenderBox.hitTest.<anonymous closure> (package:flutter/src/rendering/box.dart:2467:9)
#1      RenderBox.hitTest (package:flutter/src/rendering/box.dart:2482:6)
#2      RenderShiftedBox.hitTestChildren.<anonymous closure> (package:flutter/src/rendering/shifted_box.dart:88:24)
#3      BoxHitTestResult.addWithPaintOffset (package:flutter/src/rendering/box.dart:800:31)
#4      RenderShiftedBox.hitTestChildren (package:flutter/src/rendering/shifted_box.dart:83:21)
#5      RenderBox.hitTest (package:flutter/src/rendering/box.dart:2484:11)
#6      RenderShiftedBox.hitTestChildren.<anonymous closure> (package:flutter/src/rendering/shifted_box.dart:88:24)
#7      BoxHitTestResult.addWithPaintOffset (package:flutter/src/rendering/box.dart:800:31)
#8      RenderShiftedBox.hitTestChildren (package:flutter/src/rendering/shifted_box.dart:83:21)
#9      RenderBox.hitTest (package:flutter/src/rendering/box.dart:2484:11)
#10     RenderShiftedBox.hitTestChildren.<anonymous closure> (package:flutter/src/rendering/shifted_box.dart:88:24)
#11     BoxHitTestResult.addWithPaintOffset (package:flutter/src/rendering/box.dart:800:31)
#12     RenderShiftedBox.hitTestChildren (package:flutter/src/rendering/shifted_box.dart:83:21)
#13     RenderBox.hitTest (package:flutter/src/rendering/box.dart:2484:11)
#14     RenderShiftedBox.hitTestChildren.<anonymous closure> (package:flutter/src/rendering/shifted_box.dart:88:24)
#15     BoxHitTestResult.addWithPaintOffset (package:flutter/src/rendering/box.dart:800:31)
#16     RenderShiftedBox.hitTestChildren (package:flutter/src/rendering/shifted_box.dart:83:21)
#17     RenderBox.hitTest (package:flutter/src/rendering/box.dart:2484:11)
#18     RenderProxyBoxMixin.hitTestChildren (package:flutter/src/rendering/proxy_box.dart:117:19)
#19     RenderBox.hitTest (package:flutter/src/rendering/box.dart:2484:11)
#20     RenderProxyBoxMixin.hitTestChildren (package:flutter/src/rendering/proxy_box.dart:117:19)
#21     RenderBox.hitTest (package:flutter/src/rendering/box.dart:2484:11)
#22     RenderProxyBoxMixin.hitTestChildren (package:flutter/src/rendering/proxy_box.dart:117:19)
#23     RenderBox.hitTest (package:flutter/src/rendering/box.dart:2484:11)
#24     RenderIgnorePointer.hitTest (package:flutter/src/rendering/proxy_box.dart:3618:31)
#25     RenderProxyBoxMixin.hitTestChildren (package:flutter/src/rendering/proxy_box.dart:117:19)
#26     RenderBox.hitTest (package:flutter/src/rendering/box.dart:2484:11)
#27     RenderProxyBoxMixin.hitTestChildren (package:flutter/src/rendering/proxy_box.dart:117:19)
#28     RenderBox.hitTest (package:flutter/src/rendering/box.dart:2484:11)
#29     RenderProxyBoxMixin.hitTestChildren (package:flutter/src/rendering/proxy_box.dart:117:19)
#30     RenderBox.hitTest (package:flutter/src/rendering/box.dart:2484:11)
#31     RenderProxyBoxMixin.hitTestChildren (package:flutter/src/rendering/proxy_box.dart:117:19)
#32     RenderBox.hitTest (package:flutter/src/rendering/box.dart:2484:11)
#33     RenderOffstage.hitTest (package:flutter/src/rendering/proxy_box.dart:3747:31)
#34     RenderProxyBoxMixin.hitTestChildren (package:flutter/src/rendering/proxy_box.dart:117:19)
#35     RenderBox.hitTest (package:flutter/src/rendering/box.dart:2484:11)
#36     _RenderTheaterMixin.hitTestChildren.childHitTest (package:flutter/src/widgets/overlay.dart:897:81)
#37     BoxHitTestResult.addWithPaintOffset (package:flutter/src/rendering/box.dart:800:31)
#38     _RenderTheaterMixin.hitTestChildren (package:flutter/src/widgets/overlay.dart:898:22)
#39     RenderBox.hitTest (package:flutter/src/rendering/box.dart:2484:11)
#40     RenderProxyBoxMixin.hitTestChildren (package:flutter/src/rendering/proxy_box.dart:117:19)
#41     RenderBox.hitTest (package:flutter/src/rendering/box.dart:2484:11)
#42     RenderAbsorbPointer.hitTest (package:flutter/src/rendering/proxy_box.dart:3872:17)
#43     RenderProxyBoxMixin.hitTestChildren (package:flutter/src/rendering/proxy_box.dart:117:19)
#44     RenderProxyBoxWithHitTestBehavior.hitTest (package:flutter/src/rendering/proxy_box.dart:172:19)
#45     RenderProxyBoxMixin.hitTestChildren (package:flutter/src/rendering/proxy_box.dart:117:19)
#46     RenderBox.hitTest (package:flutter/src/rendering/box.dart:2484:11)
#47     RenderProxyBoxMixin.hitTestChildren (package:flutter/src/rendering/proxy_box.dart:117:19)
#48     RenderBox.hitTest (package:flutter/src/rendering/box.dart:2484:11)
#49     RenderProxyBoxMixin.hitTestChildren (package:flutter/src/rendering/proxy_box.dart:117:19)
#50     RenderBox.hitTest (package:flutter/src/rendering/box.dart:2484:11)
#51     RenderProxyBoxMixin.hitTestChildren (package:flutter/src/rendering/proxy_box.dart:117:19)
#52     RenderTapRegionSurface.hitTest (package:flutter/src/widgets/tap_region.dart:213:28)
#53     RenderProxyBoxMixin.hitTestChildren (package:flutter/src/rendering/proxy_box.dart:117:19)
#54     RenderBox.hitTest (package:flutter/src/rendering/box.dart:2484:11)
#55     RenderProxyBoxMixin.hitTestChildren (package:flutter/src/rendering/proxy_box.dart:117:19)
#56     RenderBox.hitTest (package:flutter/src/rendering/box.dart:2484:11)
#57     RenderProxyBoxMixin.hitTestChildren (package:flutter/src/rendering/proxy_box.dart:117:19)
#58     RenderBox.hitTest (package:flutter/src/rendering/box.dart:2484:11)
#59     RenderView.hitTest (package:flutter/src/rendering/view.dart:211:14)
#60     RendererBinding.hitTestInView (package:flutter/src/rendering/binding.dart:624:34)
#61     GestureBinding._handlePointerEventImmediately (package:flutter/src/gestures/binding.dart:384:7)
#62     GestureBinding.handlePointerEvent (package:flutter/src/gestures/binding.dart:376:5)
#63     GestureBinding._flushPointerEventQueue (package:flutter/src/gestures/binding.dart:323:7)
#64     GestureBinding._handlePointerDataPacket (package:flutter/src/gestures/binding.dart:292:9)
#65     _invoke1 (dart:ui/hooks.dart:186:13)
#66     PlatformDispatcher._dispatchPointerDataPacket (dart:ui/platform_dispatcher.dart:433:7)
#67     _dispatchPointerDataPacket (dart:ui/hooks.dart:119:31)
[2023.08.11 23:22:00]Cannot hit test a render box with no size.
The hitTest() method was called on this RenderBox: RenderConstrainedBox#84120 relayoutBoundary=up1:
  needs compositing
  creator: ConstrainedBox ← Align ← MediaQuery ← Padding ← AnimatedPadding ← Dialog ← AlertDialog ← WindowsAddOptionDialog ← Builder ← IconTheme ← IconButtonTheme ← DefaultTextStyle ← ⋯
  parentData: offset=Offset(0.0, 0.0) (can use size)
  constraints: BoxConstraints(0.0<=w<=928.0, 0.0<=h<=681.0)
  size: MISSING
  additionalConstraints: BoxConstraints(280.0<=w<=Infinity, 0.0<=h<=Infinity)
Although this node is not marked as needing layout, its size is not set.
A RenderBox object must have an explicit size before it can be hit-tested. Make sure that the RenderBox in question sets its size during layout.#0      RenderBox.hitTest.<anonymous closure> (package:flutter/src/rendering/box.dart:2467:9)
#1      RenderBox.hitTest (package:flutter/src/rendering/box.dart:2482:6)
#2      RenderShiftedBox.hitTestChildren.<anonymous closure> (package:flutter/src/rendering/shifted_box.dart:88:24)
#3      BoxHitTestResult.addWithPaintOffset (package:flutter/src/rendering/box.dart:800:31)
#4      RenderShiftedBox.hitTestChildren (package:flutter/src/rendering/shifted_box.dart:83:21)
#5      RenderBox.hitTest (package:flutter/src/rendering/box.dart:2484:11)
#6      RenderShiftedBox.hitTestChildren.<anonymous closure> (package:flutter/src/rendering/shifted_box.dart:88:24)
#7      BoxHitTestResult.addWithPaintOffset (package:flutter/src/rendering/box.dart:800:31)
#8      RenderShiftedBox.hitTestChildren (package:flutter/src/rendering/shifted_box.dart:83:21)
#9      RenderBox.hitTest (package:flutter/src/rendering/box.dart:2484:11)
#10     RenderShiftedBox.hitTestChildren.<anonymous closure> (package:flutter/src/rendering/shifted_box.dart:88:24)
#11     BoxHitTestResult.addWithPaintOffset (package:flutter/src/rendering/box.dart:800:31)
#12     RenderShiftedBox.hitTestChildren (package:flutter/src/rendering/shifted_box.dart:83:21)
#13     RenderBox.hitTest (package:flutter/src/rendering/box.dart:2484:11)
#14     RenderShiftedBox.hitTestChildren.<anonymous closure> (package:flutter/src/rendering/shifted_box.dart:88:24)
#15     BoxHitTestResult.addWithPaintOffset (package:flutter/src/rendering/box.dart:800:31)
#16     RenderShiftedBox.hitTestChildren (package:flutter/src/rendering/shifted_box.dart:83:21)
#17     RenderBox.hitTest (package:flutter/src/rendering/box.dart:2484:11)
#18     RenderProxyBoxMixin.hitTestChildren (package:flutter/src/rendering/proxy_box.dart:117:19)
#19     RenderBox.hitTest (package:flutter/src/rendering/box.dart:2484:11)
#20     RenderProxyBoxMixin.hitTestChildren (package:flutter/src/rendering/proxy_box.dart:117:19)
#21     RenderBox.hitTest (package:flutter/src/rendering/box.dart:2484:11)
#22     RenderProxyBoxMixin.hitTestChildren (package:flutter/src/rendering/proxy_box.dart:117:19)
#23     RenderBox.hitTest (package:flutter/src/rendering/box.dart:2484:11)
#24     RenderIgnorePointer.hitTest (package:flutter/src/rendering/proxy_box.dart:3618:31)
#25     RenderProxyBoxMixin.hitTestChildren (package:flutter/src/rendering/proxy_box.dart:117:19)
#26     RenderBox.hitTest (package:flutter/src/rendering/box.dart:2484:11)
#27     RenderProxyBoxMixin.hitTestChildren (package:flutter/src/rendering/proxy_box.dart:117:19)
#28     RenderBox.hitTest (package:flutter/src/rendering/box.dart:2484:11)
#29     RenderProxyBoxMixin.hitTestChildren (package:flutter/src/rendering/proxy_box.dart:117:19)
#30     RenderBox.hitTest (package:flutter/src/rendering/box.dart:2484:11)
#31     RenderProxyBoxMixin.hitTestChildren (package:flutter/src/rendering/proxy_box.dart:117:19)
#32     RenderBox.hitTest (package:flutter/src/rendering/box.dart:2484:11)
#33     RenderOffstage.hitTest (package:flutter/src/rendering/proxy_box.dart:3747:31)
#34     RenderProxyBoxMixin.hitTestChildren (package:flutter/src/rendering/proxy_box.dart:117:19)
#35     RenderBox.hitTest (package:flutter/src/rendering/box.dart:2484:11)
#36     _RenderTheaterMixin.hitTestChildren.childHitTest (package:flutter/src/widgets/overlay.dart:897:81)
#37     BoxHitTestResult.addWithPaintOffset (package:flutter/src/rendering/box.dart:800:31)
#38     _RenderTheaterMixin.hitTestChildren (package:flutter/src/widgets/overlay.dart:898:22)
#39     RenderBox.hitTest (package:flutter/src/rendering/box.dart:2484:11)
#40     RenderProxyBoxMixin.hitTestChildren (package:flutter/src/rendering/proxy_box.dart:117:19)
#41     RenderBox.hitTest (package:flutter/src/rendering/box.dart:2484:11)
#42     RenderAbsorbPointer.hitTest (package:flutter/src/rendering/proxy_box.dart:3872:17)
#43     RenderProxyBoxMixin.hitTestChildren (package:flutter/src/rendering/proxy_box.dart:117:19)
#44     RenderProxyBoxWithHitTestBehavior.hitTest (package:flutter/src/rendering/proxy_box.dart:172:19)
#45     RenderProxyBoxMixin.hitTestChildren (package:flutter/src/rendering/proxy_box.dart:117:19)
#46     RenderBox.hitTest (package:flutter/src/rendering/box.dart:2484:11)
#47     RenderProxyBoxMixin.hitTestChildren (package:flutter/src/rendering/proxy_box.dart:117:19)
#48     RenderBox.hitTest (package:flutter/src/rendering/box.dart:2484:11)
#49     RenderProxyBoxMixin.hitTestChildren (package:flutter/src/rendering/proxy_box.dart:117:19)
#50     RenderBox.hitTest (package:flutter/src/rendering/box.dart:2484:11)
#51     RenderProxyBoxMixin.hitTestChildren (package:flutter/src/rendering/proxy_box.dart:117:19)
#52     RenderTapRegionSurface.hitTest (package:flutter/src/widgets/tap_region.dart:213:28)
#53     RenderProxyBoxMixin.hitTestChildren (package:flutter/src/rendering/proxy_box.dart:117:19)
#54     RenderBox.hitTest (package:flutter/src/rendering/box.dart:2484:11)
#55     RenderProxyBoxMixin.hitTestChildren (package:flutter/src/rendering/proxy_box.dart:117:19)
#56     RenderBox.hitTest (package:flutter/src/rendering/box.dart:2484:11)
#57     RenderProxyBoxMixin.hitTestChildren (package:flutter/src/rendering/proxy_box.dart:117:19)
#58     RenderBox.hitTest (package:flutter/src/rendering/box.dart:2484:11)
#59     RenderView.hitTest (package:flutter/src/rendering/view.dart:211:14)
#60     RendererBinding.hitTestInView (package:flutter/src/rendering/binding.dart:624:34)
#61     GestureBinding._handlePointerEventImmediately (package:flutter/src/gestures/binding.dart:384:7)
#62     GestureBinding.handlePointerEvent (package:flutter/src/gestures/binding.dart:376:5)
#63     GestureBinding._flushPointerEventQueue (package:flutter/src/gestures/binding.dart:323:7)
#64     GestureBinding._handlePointerDataPacket (package:flutter/src/gestures/binding.dart:292:9)
#65     _invoke1 (dart:ui/hooks.dart:186:13)
#66     PlatformDispatcher._dispatchPointerDataPacket (dart:ui/platform_dispatcher.dart:433:7)
#67     _dispatchPointerDataPacket (dart:ui/hooks.dart:119:31)
Cannot hit test a render box with no size.
The hitTest() method was called on this RenderBox: RenderConstrainedBox#84120 relayoutBoundary=up1:
  needs compositing
  creator: ConstrainedBox ← Align ← MediaQuery ← Padding ← AnimatedPadding ← Dialog ← AlertDialog ← WindowsAddOptionDialog ← Builder ← IconTheme ← IconButtonTheme ← DefaultTextStyle ← ⋯
  parentData: offset=Offset(0.0, 0.0) (can use size)
  constraints: BoxConstraints(0.0<=w<=928.0, 0.0<=h<=681.0)
  size: MISSING
  additionalConstraints: BoxConstraints(280.0<=w<=Infinity, 0.0<=h<=Infinity)
Although this node is not marked as needing layout, its size is not set.
A RenderBox object must have an explicit size before it can be hit-tested. Make sure that the RenderBox in question sets its size during layout.ckage:flutter/src/rendering/shifted_box.dart:83:21)
#9      RenderBox.hitTest (package:flutter/src/rendering/box.dart:2484:11)
#10     RenderShiftedBox.hitTestChildren.<anonymous closure> (package:flutter/src/rendering/shifted_box.dart:88:24)
#11     BoxHitTestResult.addWithPaintOffset (package:flutter/src/rendering/box.dart:800:31)
#12     RenderShiftedBox.hitTestChildren (package:flutter/src/rendering/shifted_box.dart:83:21)
#13     RenderBox.hitTest (package:flutter/src/rendering/box.dart:2484:11)
#14     RenderShiftedBox.hitTestChildren.<anonymous closure> (package:flutter/src/rendering/shifted_box.dart:88:24)
#15     BoxHitTestResult.addWithPaintOffset (package:flutter/src/rendering/box.dart:800:31)
#16     RenderShiftedBox.hitTestChildren (package:flutter/src/rendering/shifted_box.dart:83:21)
#17     RenderBox.hitTest (package:flutter/src/rendering/box.dart:2484:11)
#18     RenderProxyBoxMixin.hitTestChildren (package:flutter/src/rendering/proxy_box.dart:117:19)
#19     RenderBox.hitTest (package:flutter/src/rendering/box.dart:2484:11)
#20     RenderProxyBoxMixin.hitTestChildren (package:flutter/src/rendering/proxy_box.dart:117:19)
#21     RenderBox.hitTest (package:flutter/src/rendering/box.dart:2484:11)
#22     RenderProxyBoxMixin.hitTestChildren (package:flutter/src/rendering/proxy_box.dart:117:19)
#23     RenderBox.hitTest (package:flutter/src/rendering/box.dart:2484:11)
#24     RenderIgnorePointer.hitTest (package:flutter/src/rendering/proxy_box.dart:3618:31)
#25     RenderProxyBoxMixin.hitTestChildren (package:flutter/src/rendering/proxy_box.dart:117:19)
#26     RenderBox.hitTest (package:flutter/src/rendering/box.dart:2484:11)
#27     RenderProxyBoxMixin.hitTestChildren (package:flutter/src/rendering/proxy_box.dart:117:19)
#28     RenderBox.hitTest (package:flutter/src/rendering/box.dart:2484:11)
#29     RenderProxyBoxMixin.hitTestChildren (package:flutter/src/rendering/proxy_box.dart:117:19)
#30     RenderBox.hitTest (package:flutter/src/rendering/box.dart:2484:11)
#31     RenderProxyBoxMixin.hitTestChildren (package:flutter/src/rendering/proxy_box.dart:117:19)
#32     RenderBox.hitTest (package:flutter/src/rendering/box.dart:2484:11)
#33     RenderOffstage.hitTest (package:flutter/src/rendering/proxy_box.dart:3747:31)
#34     RenderProxyBoxMixin.hitTestChildren (package:flutter/src/rendering/proxy_box.dart:117:19)
#35     RenderBox.hitTest (package:flutter/src/rendering/box.dart:2484:11)
#36     _RenderTheaterMixin.hitTestChildren.childHitTest (package:flutter/src/widgets/overlay.dart:897:81)
#37     BoxHitTestResult.addWithPaintOffset (package:flutter/src/rendering/box.dart:800:31)
#38     _RenderTheaterMixin.hitTestChildren (package:flutter/src/widgets/overlay.dart:898:22)
#39     RenderBox.hitTest (package:flutter/src/rendering/box.dart:2484:11)
#40     RenderProxyBoxMixin.hitTestChildren (package:flutter/src/rendering/proxy_box.dart:117:19)
#41     RenderBox.hitTest (package:flutter/src/rendering/box.dart:2484:11)
#42     RenderAbsorbPointer.hitTest (package:flutter/src/rendering/proxy_box.dart:3872:17)
#43     RenderProxyBoxMixin.hitTestChildren (package:flutter/src/rendering/proxy_box.dart:117:19)
#44     RenderProxyBoxWithHitTestBehavior.hitTest (package:flutter/src/rendering/proxy_box.dart:172:19)
#45     RenderProxyBoxMixin.hitTestChildren (package:flutter/src/rendering/proxy_box.dart:117:19)
#46     RenderBox.hitTest (package:flutter/src/rendering/box.dart:2484:11)
#47     RenderProxyBoxMixin.hitTestChildren (package:flutter/src/rendering/proxy_box.dart:117:19)
#48     RenderBox.hitTest (package:flutter/src/rendering/box.dart:2484:11)
#49     RenderProxyBoxMixin.hitTestChildren (package:flutter/src/rendering/proxy_box.dart:117:19)
#50     RenderBox.hitTest (package:flutter/src/rendering/box.dart:2484:11)
#51     RenderProxyBoxMixin.hitTestChildren (package:flutter/src/rendering/proxy_box.dart:117:19)
#52     RenderTapRegionSurface.hitTest (package:flutter/src/widgets/tap_region.dart:213:28)
#53     RenderProxyBoxMixin.hitTestChildren (package:flutter/src/rendering/proxy_box.dart:117:19)
#54     RenderBox.hitTest (package:flutter/src/rendering/box.dart:2484:11)
#55     RenderProxyBoxMixin.hitTestChildren (package:flutter/src/rendering/proxy_box.dart:117:19)
#56     RenderBox.hitTest (package:flutter/src/rendering/box.dart:2484:11)
#57     RenderProxyBoxMixin.hitTestChildren (package:flutter/src/rendering/proxy_box.dart:117:19)
#58     RenderBox.hitTest (package:flutter/src/rendering/box.dart:2484:11)
#59     RenderView.hitTest (package:flutter/src/rendering/view.dart:211:14)
#60     RendererBinding.hitTestInView (package:flutter/src/rendering/binding.dart:624:34)
#61     GestureBinding._handlePointerEventImmediately (package:flutter/src/gestures/binding.dart:384:7)
#62     GestureBinding.handlePointerEvent (package:flutter/src/gestures/binding.dart:376:5)
#63     GestureBinding._flushPointerEventQueue (package:flutter/src/gestures/binding.dart:323:7)
#64     GestureBinding._handlePointerDataPacket (package:flutter/src/gestures/binding.dart:292:9)
#65     _invoke1 (dart:ui/hooks.dart:186:13)
#66     PlatformDispatcher._dispatchPointerDataPacket (dart:ui/platform_dispatcher.dart:433:7)
#67     _dispatchPointerDataPacket (dart:ui/hooks.dart:119:31)

0      RenderBox.hitTest.<anonymous closure> (package:flutter/src/rendering/box.dart:2467:9)
#1      RenderBox.hitTest (package:flutter/src/rendering/box.dart:2482:6)
#2      RenderShiftedBox.hitTestChildren.<anonymous closure> (package:flutter/src/rendering/shifted_box.dart:88:24)
#3      BoxHitTestResult.addWithPaintOffset (package:flutter/src/rendering/box.dart:800:31)
#4      RenderShiftedBox.hitTestChildren (package:flutter/src/rendering/shifted_box.dart:83:21)
#5      RenderBox.hitTest (package:flutter/src/rendering/box.dart:2484:11)
#6      RenderShiftedBox.hitTestChildren.<anonymous closure> (package:flutter/src/rendering/shifted_box.dart:88:24)
#7      BoxHitTestResult.addWithPaintOffset (package:flutter/src/rendering/box.dart:800:31)
#8      RenderShiftedBox.hitTestChildren (package:flutter/src/rendering/shifted_box.dart:83:21)
#9      RenderBox.hitTest (package:flutter/src/rendering/box.dart:2484:11)
#10     RenderShiftedBox.hitTestChildren.<anonymous closure> (package:flutter/src/rendering/shifted_box.dart:88:24)
#11     BoxHitTestResult.addWithPaintOffset (package:flutter/src/rendering/box.dart:800:31)
#12     RenderShiftedBox.hitTestChildren (package:flutter/src/rendering/shifted_box.dart:83:21)
#13     RenderBox.hitTest (package:flutter/src/rendering/box.dart:2484:11)
#14     RenderShiftedBox.hitTestChildren.<anonymous closure> (package:flutter/src/rendering/shifted_box.dart:88:24)
#15     BoxHitTestResult.addWithPaintOffset (package:flutter/src/rendering/box.dart:800:31)
#16     RenderShiftedBox.hitTestChildren (package:flutter/src/rendering/shifted_box.dart:83:21)
#17     RenderBox.hitTest (package:flutter/src/rendering/box.dart:2484:11)
#18     RenderProxyBoxMixin.hitTestChildren (package:flutter/src/rendering/proxy_box.dart:117:19)
#19     RenderBox.hitTest (package:flutter/src/rendering/box.dart:2484:11)
#20     RenderProxyBoxMixin.hitTestChildren (package:flutter/src/rendering/proxy_box.dart:117:19)
#21     RenderBox.hitTest (package:flutter/src/rendering/box.dart:2484:11)
#22     RenderProxyBoxMixin.hitTestChildren (package:flutter/src/rendering/proxy_box.dart:117:19)
#23     RenderBox.hitTest (package:flutter/src/rendering/box.dart:2484:11)
#24     RenderIgnorePointer.hitTest (package:flutter/src/rendering/proxy_box.dart:3618:31)
#25     RenderProxyBoxMixin.hitTestChildren (package:flutter/src/rendering/proxy_box.dart:117:19)
#26     RenderBox.hitTest (package:flutter/src/rendering/box.dart:2484:11)
#27     RenderProxyBoxMixin.hitTestChildren (package:flutter/src/rendering/proxy_box.dart:117:19)
#28     RenderBox.hitTest (package:flutter/src/rendering/box.dart:2484:11)
#29     RenderProxyBoxMixin.hitTestChildren (package:flutter/src/rendering/proxy_box.dart:117:19)
#30     RenderBox.hitTest (package:flutter/src/rendering/box.dart:2484:11)
#31     RenderProxyBoxMixin.hitTestChildren (package:flutter/src/rendering/proxy_box.dart:117:19)
#32     RenderBox.hitTest (package:flutter/src/rendering/box.dart:2484:11)
#33     RenderOffstage.hitTest (package:flutter/src/rendering/proxy_box.dart:3747:31)
#34     RenderProxyBoxMixin.hitTestChildren (package:flutter/src/rendering/proxy_box.dart:117:19)
#35     RenderBox.hitTest (package:flutter/src/rendering/box.dart:2484:11)
#36     _RenderTheaterMixin.hitTestChildren.childHitTest (package:flutter/src/widgets/overlay.dart:897:81)
#37     BoxHitTestResult.addWithPaintOffset (package:flutter/src/rendering/box.dart:800:31)
#38     _RenderTheaterMixin.hitTestChildren (package:flutter/src/widgets/overlay.dart:898:22)
#39     RenderBox.hitTest (package:flutter/src/rendering/box.dart:2484:11)
#40     RenderProxyBoxMixin.hitTestChildren (package:flutter/src/rendering/proxy_box.dart:117:19)
#41     RenderBox.hitTest (package:flutter/src/rendering/box.dart:2484:11)
#42     RenderAbsorbPointer.hitTest (package:flutter/src/rendering/proxy_box.dart:3872:17)
#43     RenderProxyBoxMixin.hitTestChildren (package:flutter/src/rendering/proxy_box.dart:117:19)
#44     RenderProxyBoxWithHitTestBehavior.hitTest (package:flutter/src/rendering/proxy_box.dart:172:19)
#45     RenderProxyBoxMixin.hitTestChildren (package:flutter/src/rendering/proxy_box.dart:117:19)
#46     RenderBox.hitTest (package:flutter/src/rendering/box.dart:2484:11)
#47     RenderProxyBoxMixin.hitTestChildren (package:flutter/src/rendering/proxy_box.dart:117:19)
#48     RenderBox.hitTest (package:flutter/src/rendering/box.dart:2484:11)
#49     RenderProxyBoxMixin.hitTestChildren (package:flutter/src/rendering/proxy_box.dart:117:19)
#50     RenderBox.hitTest (package:flutter/src/rendering/box.dart:2484:11)
#51     RenderProxyBoxMixin.hitTestChildren (package:flutter/src/rendering/proxy_box.dart:117:19)
#52     RenderTapRegionSurface.hitTest (package:flutter/src/widgets/tap_region.dart:213:28)
#53     RenderProxyBoxMixin.hitTestChildren (package:flutter/src/rendering/proxy_box.dart:117:19)
#54     RenderBox.hitTest (package:flutter/src/rendering/box.dart:2484:11)
#55     RenderProxyBoxMixin.hitTestChildren (package:flutter/src/rendering/proxy_box.dart:117:19)
#56     RenderBox.hitTest (package:flutter/src/rendering/box.dart:2484:11)
#57     RenderProxyBoxMixin.hitTestChildren (package:flutter/src/rendering/proxy_box.dart:117:19)
#58     RenderBox.hitTest (package:flutter/src/rendering/box.dart:2484:11)
#59     RenderView.hitTest (package:flutter/src/rendering/view.dart:211:14)
#60     RendererBinding.hitTestInView (package:flutter/src/rendering/binding.dart:624:34)
#61     GestureBinding._handlePointerEventImmediately (package:flutter/src/gestures/binding.dart:384:7)
#62     GestureBinding.handlePointerEvent (package:flutter/src/gestures/binding.dart:376:5)
#63     GestureBinding._flushPointerEventQueue (package:flutter/src/gestures/binding.dart:323:7)
#64     GestureBinding._handlePointerDataPacket (package:flutter/src/gestures/binding.dart:292:9)
#65     _invoke1 (dart:ui/hooks.dart:186:13)
#66     PlatformDispatcher._dispatchPointerDataPacket (dart:ui/platform_dispatcher.dart:433:7)
#67     _dispatchPointerDataPacket (dart:ui/hooks.dart:119:31)
Cannot hit test a render box with no size.
The hitTest() method was called on this RenderBox: RenderConstrainedBox#84120 relayoutBoundary=up1:
  needs compositing
  creator: ConstrainedBox ← Align ← MediaQuery ← Padding ← AnimatedPadding ← Dialog ← AlertDialog ← WindowsAddOptionDialog ← Builder ← IconTheme ← IconButtonTheme ← DefaultTextStyle ← ⋯
  parentData: offset=Offset(0.0, 0.0) (can use size)
  constraints: BoxConstraints(0.0<=w<=928.0, 0.0<=h<=681.0)
  size: MISSING
  additionalConstraints: BoxConstraints(280.0<=w<=Infinity, 0.0<=h<=Infinity)
Although this node is not marked as needing layout, its size is not set.
A RenderBox object must have an explicit size before it can be hit-tested. Make sure that the RenderBox in question sets its size during layout.[2023.08.11 23:22:00]Test.<anonymous closure> (package:flutter/src/rendering/box.dart:2467:9)
#1      RenderBox.hitTest (package:flutter/src/rendering/box.dart:2482:6)
#2      RenderShiftedBox.hitTestChildren.<anonymous closure> (package:flutter/src/rendering/shifted_box.dart:88:24)
#3      BoxHitTestResult.addWithPaintOffset (package:flutter/src/rendering/box.dart:800:31)
#4      RenderShiftedBox.hitTestChildren (package:flutter/src/rendering/shifted_box.dart:83:21)
#5      RenderBox.hitTest (package:flutter/src/rendering/box.dart:2484:11)
#6      RenderShiftedBox.hitTestChildren.<anonymous closure> (package:flutter/src/rendering/shifted_box.dart:88:24)
#7      BoxHitTestResult.addWithPaintOffset (package:flutter/src/rendering/box.dart:800:31)
#8      RenderShiftedBox.hitTestChildren (package:flutter/src/rendering/shifted_box.dart:83:21)
#9      RenderBox.hitTest (package:flutter/src/rendering/box.dart:2484:11)
#10     RenderShiftedBox.hitTestChildren.<anonymous closure> (package:flutter/src/rendering/shifted_box.dart:88:24)
#11     BoxHitTestResult.addWithPaintOffset (package:flutter/src/rendering/box.dart:800:31)
#12     RenderShiftedBox.hitTestChildren (package:flutter/src/rendering/shifted_box.dart:83:21)
#13     RenderBox.hitTest (package:flutter/src/rendering/box.dart:2484:11)
#14     RenderShiftedBox.hitTestChildren.<anonymous closure> (package:flutter/src/rendering/shifted_box.dart:88:24)
#15     BoxHitTestResult.addWithPaintOffset (package:flutter/src/rendering/box.dart:800:31)
#16     RenderShiftedBox.hitTestChildren (package:flutter/src/rendering/shifted_box.dart:83:21)
#17     RenderBox.hitTest (package:flutter/src/rendering/box.dart:2484:11)
#18     RenderProxyBoxMixin.hitTestChildren (package:flutter/src/rendering/proxy_box.dart:117:19)
#19     RenderBox.hitTest (package:flutter/src/rendering/box.dart:2484:11)
#20     RenderProxyBoxMixin.hitTestChildren (package:flutter/src/rendering/proxy_box.dart:117:19)
#21     RenderBox.hitTest (package:flutter/src/rendering/box.dart:2484:11)
#22     RenderProxyBoxMixin.hitTestChildren (package:flutter/src/rendering/proxy_box.dart:117:19)
#23     RenderBox.hitTest (package:flutter/src/rendering/box.dart:2484:11)
#24     RenderIgnorePointer.hitTest (package:flutter/src/rendering/proxy_box.dart:3618:31)
#25     RenderProxyBoxMixin.hitTestChildren (package:flutter/src/rendering/proxy_box.dart:117:19)
#26     RenderBox.hitTest (package:flutter/src/rendering/box.dart:2484:11)
#27     RenderProxyBoxMixin.hitTestChildren (package:flutter/src/rendering/proxy_box.dart:117:19)
#28     RenderBox.hitTest (package:flutter/src/rendering/box.dart:2484:11)
#29     RenderProxyBoxMixin.hitTestChildren (package:flutter/src/rendering/proxy_box.dart:117:19)
#30     RenderBox.hitTest (package:flutter/src/rendering/box.dart:2484:11)
#31     RenderProxyBoxMixin.hitTestChildren (package:flutter/src/rendering/proxy_box.dart:117:19)
#32     RenderBox.hitTest (package:flutter/src/rendering/box.dart:2484:11)
#33     RenderOffstage.hitTest (package:flutter/src/rendering/proxy_box.dart:3747:31)
#34     RenderProxyBoxMixin.hitTestChildren (package:flutter/src/rendering/proxy_box.dart:117:19)
#35     RenderBox.hitTest (package:flutter/src/rendering/box.dart:2484:11)
#36     _RenderTheaterMixin.hitTestChildren.childHitTest (package:flutter/src/widgets/overlay.dart:897:81)
#37     BoxHitTestResult.addWithPaintOffset (package:flutter/src/rendering/box.dart:800:31)
#38     _RenderTheaterMixin.hitTestChildren (package:flutter/src/widgets/overlay.dart:898:22)
#39     RenderBox.hitTest (package:flutter/src/rendering/box.dart:2484:11)
#40     RenderProxyBoxMixin.hitTestChildren (package:flutter/src/rendering/proxy_box.dart:117:19)
#41     RenderBox.hitTest (package:flutter/src/rendering/box.dart:2484:11)
#42     RenderAbsorbPointer.hitTest (package:flutter/src/rendering/proxy_box.dart:3872:17)
#43     RenderProxyBoxMixin.hitTestChildren (package:flutter/src/rendering/proxy_box.dart:117:19)
#44     RenderProxyBoxWithHitTestBehavior.hitTest (package:flutter/src/rendering/proxy_box.dart:172:19)
#45     RenderProxyBoxMixin.hitTestChildren (package:flutter/src/rendering/proxy_box.dart:117:19)
#46     RenderBox.hitTest (package:flutter/src/rendering/box.dart:2484:11)
#47     RenderProxyBoxMixin.hitTestChildren (package:flutter/src/rendering/proxy_box.dart:117:19)
#48     RenderBox.hitTest (package:flutter/src/rendering/box.dart:2484:11)
#49     RenderProxyBoxMixin.hitTestChildren (package:flutter/src/rendering/proxy_box.dart:117:19)
#50     RenderBox.hitTest (package:flutter/src/rendering/box.dart:2484:11)
#51     RenderProxyBoxMixin.hitTestChildren (package:flutter/src/rendering/proxy_box.dart:117:19)
#52     RenderTapRegionSurface.hitTest (package:flutter/src/widgets/tap_region.dart:213:28)
#53     RenderProxyBoxMixin.hitTestChildren (package:flutter/src/rendering/proxy_box.dart:117:19)
#54     RenderBox.hitTest (package:flutter/src/rendering/box.dart:2484:11)
#55     RenderProxyBoxMixin.hitTestChildren (package:flutter/src/rendering/proxy_box.dart:117:19)
#56     RenderBox.hitTest (package:flutter/src/rendering/box.dart:2484:11)
#57     RenderProxyBoxMixin.hitTestChildren (package:flutter/src/rendering/proxy_box.dart:117:19)
#58     RenderBox.hitTest (package:flutter/src/rendering/box.dart:2484:11)
#59     RenderView.hitTest (package:flutter/src/rendering/view.dart:211:14)
#60     RendererBinding.hitTestInView (package:flutter/src/rendering/binding.dart:624:34)
#61     GestureBinding._handlePointerEventImmediately (package:flutter/src/gestures/binding.dart:384:7)
#62     GestureBinding.handlePointerEvent (package:flutter/src/gestures/binding.dart:376:5)
#63     GestureBinding._flushPointerEventQueue (package:flutter/src/gestures/binding.dart:323:7)
#64     GestureBinding._handlePointerDataPacket (package:flutter/src/gestures/binding.dart:292:9)
#65     _invoke1 (dart:ui/hooks.dart:186:13)
#66     PlatformDispatcher._dispatchPointerDataPacket (dart:ui/platform_dispatcher.dart:433:7)
#67     _dispatchPointerDataPacket (dart:ui/hooks.dart:119:31)

0      RenderBox.hitTest.<anonymous closure> (package:flutter/src/rendering/box.dart:2467:9)
#1      RenderBox.hitTest (package:flutter/src/rendering/box.dart:2482:6)
#2      RenderShiftedBox.hitTestChildren.<anonymous closure> (package:flutter/src/rendering/shifted_box.dart:88:24)
#3      BoxHitTestResult.addWithPaintOffset (package:flutter/src/rendering/box.dart:800:31)
#4      RenderShiftedBox.hitTestChildren (package:flutter/src/rendering/shifted_box.dart:83:21)
#5      RenderBox.hitTest (package:flutter/src/rendering/box.dart:2484:11)
#6      RenderShiftedBox.hitTestChildren.<anonymous closure> (package:flutter/src/rendering/shifted_box.dart:88:24)
#7      BoxHitTestResult.addWithPaintOffset (package:flutter/src/rendering/box.dart:800:31)
#8      RenderShiftedBox.hitTestChildren (package:flutter/src/rendering/shifted_box.dart:83:21)
#9      RenderBox.hitTest (package:flutter/src/rendering/box.dart:2484:11)
#10     RenderShiftedBox.hitTestChildren.<anonymous closure> (package:flutter/src/rendering/shifted_box.dart:88:24)
#11     BoxHitTestResult.addWithPaintOffset (package:flutter/src/rendering/box.dart:800:31)
#12     RenderShiftedBox.hitTestChildren (package:flutter/src/rendering/shifted_box.dart:83:21)
#13     RenderBox.hitTest (package:flutter/src/rendering/box.dart:2484:11)
#14     RenderShiftedBox.hitTestChildren.<anonymous closure> (package:flutter/src/rendering/shifted_box.dart:88:24)
#15     BoxHitTestResult.addWithPaintOffset (package:flutter/src/rendering/box.dart:800:31)
#16     RenderShiftedBox.hitTestChildren (package:flutter/src/rendering/shifted_box.dart:83:21)
#17     RenderBox.hitTest (package:flutter/src/rendering/box.dart:2484:11)
#18     RenderProxyBoxMixin.hitTestChildren (package:flutter/src/rendering/proxy_box.dart:117:19)
#19     RenderBox.hitTest (package:flutter/src/rendering/box.dart:2484:11)
#20     RenderProxyBoxMixin.hitTestChildren (package:flutter/src/rendering/proxy_box.dart:117:19)
#21     RenderBox.hitTest (package:flutter/src/rendering/box.dart:2484:11)
#22     RenderProxyBoxMixin.hitTestChildren (package:flutter/src/rendering/proxy_box.dart:117:19)
#23     RenderBox.hitTest (package:flutter/src/rendering/box.dart:2484:11)
#24     RenderIgnorePointer.hitTest (package:flutter/src/rendering/proxy_box.dart:3618:31)
#25     RenderProxyBoxMixin.hitTestChildren (package:flutter/src/rendering/proxy_box.dart:117:19)
#26     RenderBox.hitTest (package:flutter/src/rendering/box.dart:2484:11)
#27     RenderProxyBoxMixin.hitTestChildren (package:flutter/src/rendering/proxy_box.dart:117:19)
#28     RenderBox.hitTest (package:flutter/src/rendering/box.dart:2484:11)
#29     RenderProxyBoxMixin.hitTestChildren (package:flutter/src/rendering/proxy_box.dart:117:19)
#30     RenderBox.hitTest (package:flutter/src/rendering/box.dart:2484:11)
#31     RenderProxyBoxMixin.hitTestChildren (package:flutter/src/rendering/proxy_box.dart:117:19)
#32     RenderBox.hitTest (package:flutter/src/rendering/box.dart:2484:11)
#33     RenderOffstage.hitTest (package:flutter/src/rendering/proxy_box.dart:3747:31)
#34     RenderProxyBoxMixin.hitTestChildren (package:flutter/src/rendering/proxy_box.dart:117:19)
#35     RenderBox.hitTest (package:flutter/src/rendering/box.dart:2484:11)
#36     _RenderTheaterMixin.hitTestChildren.childHitTest (package:flutter/src/widgets/overlay.dart:897:81)
#37     BoxHitTestResult.addWithPaintOffset (package:flutter/src/rendering/box.dart:800:31)
#38     _RenderTheaterMixin.hitTestChildren (package:flutter/src/widgets/overlay.dart:898:22)
#39     RenderBox.hitTest (package:flutter/src/rendering/box.dart:2484:11)
#40     RenderProxyBoxMixin.hitTestChildren (package:flutter/src/rendering/proxy_box.dart:117:19)
#41     RenderBox.hitTest (package:flutter/src/rendering/box.dart:2484:11)
#42     RenderAbsorbPointer.hitTest (package:flutter/src/rendering/proxy_box.dart:3872:17)
#43     RenderProxyBoxMixin.hitTestChildren (package:flutter/src/rendering/proxy_box.dart:117:19)
#44     RenderProxyBoxWithHitTestBehavior.hitTest (package:flutter/src/rendering/proxy_box.dart:172:19)
#45     RenderProxyBoxMixin.hitTestChildren (package:flutter/src/rendering/proxy_box.dart:117:19)
#46     RenderBox.hitTest (package:flutter/src/rendering/box.dart:2484:11)
#47     RenderProxyBoxMixin.hitTestChildren (package:flutter/src/rendering/proxy_box.dart:117:19)
#48     RenderBox.hitTest (package:flutter/src/rendering/box.dart:2484:11)
#49     RenderProxyBoxMixin.hitTestChildren (package:flutter/src/rendering/proxy_box.dart:117:19)
#50     RenderBox.hitTest (package:flutter/src/rendering/box.dart:2484:11)
#51     RenderProxyBoxMixin.hitTestChildren (package:flutter/src/rendering/proxy_box.dart:117:19)
#52     RenderTapRegionSurface.hitTest (package:flutter/src/widgets/tap_region.dart:213:28)
#53     RenderProxyBoxMixin.hitTestChildren (package:flutter/src/rendering/proxy_box.dart:117:19)
#54     RenderBox.hitTest (package:flutter/src/rendering/box.dart:2484:11)
#55     RenderProxyBoxMixin.hitTestChildren (package:flutter/src/rendering/proxy_box.dart:117:19)
#56     RenderBox.hitTest (package:flutter/src/rendering/box.dart:2484:11)
#57     RenderProxyBoxMixin.hitTestChildren (package:flutter/src/rendering/proxy_box.dart:117:19)
#58     RenderBox.hitTest (package:flutter/src/rendering/box.dart:2484:11)
#59     RenderView.hitTest (package:flutter/src/rendering/view.dart:211:14)
#60     RendererBinding.hitTestInView (package:flutter/src/rendering/binding.dart:624:34)
#61     GestureBinding._handlePointerEventImmediately (package:flutter/src/gestures/binding.dart:384:7)
#62     GestureBinding.handlePointerEvent (package:flutter/src/gestures/binding.dart:376:5)
#63     GestureBinding._flushPointerEventQueue (package:flutter/src/gestures/binding.dart:323:7)
#64     GestureBinding._handlePointerDataPacket (package:flutter/src/gestures/binding.dart:292:9)
#65     _invoke1 (dart:ui/hooks.dart:186:13)
#66     PlatformDispatcher._dispatchPointerDataPacket (dart:ui/platform_dispatcher.dart:433:7)
#67     _dispatchPointerDataPacket (dart:ui/hooks.dart:119:31)
[2023.08.11 23:22:00]Test.<anonymous closure> (package:flutter/src/rendering/box.dart:2467:9)
#1      RenderBox.hitTest (package:flutter/src/rendering/box.dart:2482:6)
#2      RenderShiftedBox.hitTestChildren.<anonymous closure> (package:flutter/src/rendering/shifted_box.dart:88:24)
#3      BoxHitTestResult.addWithPaintOffset (package:flutter/src/rendering/box.dart:800:31)
#4      RenderShiftedBox.hitTestChildren (package:flutter/src/rendering/shifted_box.dart:83:21)
#5      RenderBox.hitTest (package:flutter/src/rendering/box.dart:2484:11)
#6      RenderShiftedBox.hitTestChildren.<anonymous closure> (package:flutter/src/rendering/shifted_box.dart:88:24)
#7      BoxHitTestResult.addWithPaintOffset (package:flutter/src/rendering/box.dart:800:31)
#8      RenderShiftedBox.hitTestChildren (package:flutter/src/rendering/shifted_box.dart:83:21)
#9      RenderBox.hitTest (package:flutter/src/rendering/box.dart:2484:11)
#10     RenderShiftedBox.hitTestChildren.<anonymous closure> (package:flutter/src/rendering/shifted_box.dart:88:24)
#11     BoxHitTestResult.addWithPaintOffset (package:flutter/src/rendering/box.dart:800:31)
#12     RenderShiftedBox.hitTestChildren (package:flutter/src/rendering/shifted_box.dart:83:21)
#13     RenderBox.hitTest (package:flutter/src/rendering/box.dart:2484:11)
#14     RenderShiftedBox.hitTestChildren.<anonymous closure> (package:flutter/src/rendering/shifted_box.dart:88:24)
#15     BoxHitTestResult.addWithPaintOffset (package:flutter/src/rendering/box.dart:800:31)
#16     RenderShiftedBox.hitTestChildren (package:flutter/src/rendering/shifted_box.dart:83:21)
#17     RenderBox.hitTest (package:flutter/src/rendering/box.dart:2484:11)
#18     RenderProxyBoxMixin.hitTestChildren (package:flutter/src/rendering/proxy_box.dart:117:19)
#19     RenderBox.hitTest (package:flutter/src/rendering/box.dart:2484:11)
#20     RenderProxyBoxMixin.hitTestChildren (package:flutter/src/rendering/proxy_box.dart:117:19)
#21     RenderBox.hitTest (package:flutter/src/rendering/box.dart:2484:11)
#22     RenderProxyBoxMixin.hitTestChildren (package:flutter/src/rendering/proxy_box.dart:117:19)
#23     RenderBox.hitTest (package:flutter/src/rendering/box.dart:2484:11)
#24     RenderIgnorePointer.hitTest (package:flutter/src/rendering/proxy_box.dart:3618:31)
#25     RenderProxyBoxMixin.hitTestChildren (package:flutter/src/rendering/proxy_box.dart:117:19)
#26     RenderBox.hitTest (package:flutter/src/rendering/box.dart:2484:11)
#27     RenderProxyBoxMixin.hitTestChildren (package:flutter/src/rendering/proxy_box.dart:117:19)
#28     RenderBox.hitTest (package:flutter/src/rendering/box.dart:2484:11)
#29     RenderProxyBoxMixin.hitTestChildren (package:flutter/src/rendering/proxy_box.dart:117:19)
#30     RenderBox.hitTest (package:flutter/src/rendering/box.dart:2484:11)
#31     RenderProxyBoxMixin.hitTestChildren (package:flutter/src/rendering/proxy_box.dart:117:19)
#32     RenderBox.hitTest (package:flutter/src/rendering/box.dart:2484:11)
#33     RenderOffstage.hitTest (package:flutter/src/rendering/proxy_box.dart:3747:31)
#34     RenderProxyBoxMixin.hitTestChildren (package:flutter/src/rendering/proxy_box.dart:117:19)
#35     RenderBox.hitTest (package:flutter/src/rendering/box.dart:2484:11)
#36     _RenderTheaterMixin.hitTestChildren.childHitTest (package:flutter/src/widgets/overlay.dart:897:81)
#37     BoxHitTestResult.addWithPaintOffset (package:flutter/src/rendering/box.dart:800:31)
#38     _RenderTheaterMixin.hitTestChildren (package:flutter/src/widgets/overlay.dart:898:22)
#39     RenderBox.hitTest (package:flutter/src/rendering/box.dart:2484:11)
#40     RenderProxyBoxMixin.hitTestChildren (package:flutter/src/rendering/proxy_box.dart:117:19)
#41     RenderBox.hitTest (package:flutter/src/rendering/box.dart:2484:11)
#42     RenderAbsorbPointer.hitTest (package:flutter/src/rendering/proxy_box.dart:3872:17)
#43     RenderProxyBoxMixin.hitTestChildren (package:flutter/src/rendering/proxy_box.dart:117:19)
#44     RenderProxyBoxWithHitTestBehavior.hitTest (package:flutter/src/rendering/proxy_box.dart:172:19)
#45     RenderProxyBoxMixin.hitTestChildren (package:flutter/src/rendering/proxy_box.dart:117:19)
#46     RenderBox.hitTest (package:flutter/src/rendering/box.dart:2484:11)
#47     RenderProxyBoxMixin.hitTestChildren (package:flutter/src/rendering/proxy_box.dart:117:19)
#48     RenderBox.hitTest (package:flutter/src/rendering/box.dart:2484:11)
#49     RenderProxyBoxMixin.hitTestChildren (package:flutter/src/rendering/proxy_box.dart:117:19)
#50     RenderBox.hitTest (package:flutter/src/rendering/box.dart:2484:11)
#51     RenderProxyBoxMixin.hitTestChildren (package:flutter/src/rendering/proxy_box.dart:117:19)
#52     RenderTapRegionSurface.hitTest (package:flutter/src/widgets/tap_region.dart:213:28)
#53     RenderProxyBoxMixin.hitTestChildren (package:flutter/src/rendering/proxy_box.dart:117:19)
#54     RenderBox.hitTest (package:flutter/src/rendering/box.dart:2484:11)
#55     RenderProxyBoxMixin.hitTestChildren (package:flutter/src/rendering/proxy_box.dart:117:19)
#56     RenderBox.hitTest (package:flutter/src/rendering/box.dart:2484:11)
#57     RenderProxyBoxMixin.hitTestChildren (package:flutter/src/rendering/proxy_box.dart:117:19)
#58     RenderBox.hitTest (package:flutter/src/rendering/box.dart:2484:11)
#59     RenderView.hitTest (package:flutter/src/rendering/view.dart:211:14)
#60     RendererBinding.hitTestInView (package:flutter/src/rendering/binding.dart:624:34)
#61     GestureBinding._handlePointerEventImmediately (package:flutter/src/gestures/binding.dart:384:7)
#62     GestureBinding.handlePointerEvent (package:flutter/src/gestures/binding.dart:376:5)
#63     GestureBinding._flushPointerEventQueue (package:flutter/src/gestures/binding.dart:323:7)
#64     GestureBinding._handlePointerDataPacket (package:flutter/src/gestures/binding.dart:292:9)
#65     _invoke1 (dart:ui/hooks.dart:186:13)
#66     PlatformDispatcher._dispatchPointerDataPacket (dart:ui/platform_dispatcher.dart:433:7)
#67     _dispatchPointerDataPacket (dart:ui/hooks.dart:119:31)

annot hit test a render box with no size.
The hitTest() method was called on this RenderBox: RenderConstrainedBox#84120 relayoutBoundary=up1:
  needs compositing
  creator: ConstrainedBox ← Align ← MediaQuery ← Padding ← AnimatedPadding ← Dialog ← AlertDialog ← WindowsAddOptionDialog ← Builder ← IconTheme ← IconButtonTheme ← DefaultTextStyle ← ⋯
  parentData: offset=Offset(0.0, 0.0) (can use size)
  constraints: BoxConstraints(0.0<=w<=928.0, 0.0<=h<=681.0)
  size: MISSING
  additionalConstraints: BoxConstraints(280.0<=w<=Infinity, 0.0<=h<=Infinity)
Although this node is not marked as needing layout, its size is not set.
A RenderBox object must have an explicit size before it can be hit-tested. Make sure that the RenderBox in question sets its size during layout.#0      RenderBox.hitTest.<anonymous closure> (package:flutter/src/rendering/box.dart:2467:9)
#1      RenderBox.hitTest (package:flutter/src/rendering/box.dart:2482:6)
#2      RenderShiftedBox.hitTestChildren.<anonymous closure> (package:flutter/src/rendering/shifted_box.dart:88:24)
#3      BoxHitTestResult.addWithPaintOffset (package:flutter/src/rendering/box.dart:800:31)
#4      RenderShiftedBox.hitTestChildren (package:flutter/src/rendering/shifted_box.dart:83:21)
#5      RenderBox.hitTest (package:flutter/src/rendering/box.dart:2484:11)
#6      RenderShiftedBox.hitTestChildren.<anonymous closure> (package:flutter/src/rendering/shifted_box.dart:88:24)
#7      BoxHitTestResult.addWithPaintOffset (package:flutter/src/rendering/box.dart:800:31)
#8      RenderShiftedBox.hitTestChildren (package:flutter/src/rendering/shifted_box.dart:83:21)
#9      RenderBox.hitTest (package:flutter/src/rendering/box.dart:2484:11)
#10     RenderShiftedBox.hitTestChildren.<anonymous closure> (package:flutter/src/rendering/shifted_box.dart:88:24)
#11     BoxHitTestResult.addWithPaintOffset (package:flutter/src/rendering/box.dart:800:31)
#12     RenderShiftedBox.hitTestChildren (package:flutter/src/rendering/shifted_box.dart:83:21)
#13     RenderBox.hitTest (package:flutter/src/rendering/box.dart:2484:11)
#14     RenderShiftedBox.hitTestChildren.<anonymous closure> (package:flutter/src/rendering/shifted_box.dart:88:24)
#15     BoxHitTestResult.addWithPaintOffset (package:flutter/src/rendering/box.dart:800:31)
#16     RenderShiftedBox.hitTestChildren (package:flutter/src/rendering/shifted_box.dart:83:21)
#17     RenderBox.hitTest (package:flutter/src/rendering/box.dart:2484:11)
#18     RenderProxyBoxMixin.hitTestChildren (package:flutter/src/rendering/proxy_box.dart:117:19)
#19     RenderBox.hitTest (package:flutter/src/rendering/box.dart:2484:11)
#20     RenderProxyBoxMixin.hitTestChildren (package:flutter/src/rendering/proxy_box.dart:117:19)
#21     RenderBox.hitTest (package:flutter/src/rendering/box.dart:2484:11)
#22     RenderProxyBoxMixin.hitTestChildren (package:flutter/src/rendering/proxy_box.dart:117:19)
#23     RenderBox.hitTest (package:flutter/src/rendering/box.dart:2484:11)
#24     RenderIgnorePointer.hitTest (package:flutter/src/rendering/proxy_box.dart:3618:31)
#25     RenderProxyBoxMixin.hitTestChildren (package:flutter/src/rendering/proxy_box.dart:117:19)
#26     RenderBox.hitTest (package:flutter/src/rendering/box.dart:2484:11)
#27     RenderProxyBoxMixin.hitTestChildren (package:flutter/src/rendering/proxy_box.dart:117:19)
#28     RenderBox.hitTest (package:flutter/src/rendering/box.dart:2484:11)
#29     RenderProxyBoxMixin.hitTestChildren (package:flutter/src/rendering/proxy_box.dart:117:19)
#30     RenderBox.hitTest (package:flutter/src/rendering/box.dart:2484:11)
#31     RenderProxyBoxMixin.hitTestChildren (package:flutter/src/rendering/proxy_box.dart:117:19)
#32     RenderBox.hitTest (package:flutter/src/rendering/box.dart:2484:11)
#33     RenderOffstage.hitTest (package:flutter/src/rendering/proxy_box.dart:3747:31)
#34     RenderProxyBoxMixin.hitTestChildren (package:flutter/src/rendering/proxy_box.dart:117:19)
#35     RenderBox.hitTest (package:flutter/src/rendering/box.dart:2484:11)
#36     _RenderTheaterMixin.hitTestChildren.childHitTest (package:flutter/src/widgets/overlay.dart:897:81)
#37     BoxHitTestResult.addWithPaintOffset (package:flutter/src/rendering/box.dart:800:31)
#38     _RenderTheaterMixin.hitTestChildren (package:flutter/src/widgets/overlay.dart:898:22)
#39     RenderBox.hitTest (package:flutter/src/rendering/box.dart:2484:11)
#40     RenderProxyBoxMixin.hitTestChildren (package:flutter/src/rendering/proxy_box.dart:117:19)
#41     RenderBox.hitTest (package:flutter/src/rendering/box.dart:2484:11)
#42     RenderAbsorbPointer.hitTest (package:flutter/src/rendering/proxy_box.dart:3872:17)
#43     RenderProxyBoxMixin.hitTestChildren (package:flutter/src/rendering/proxy_box.dart:117:19)
#44     RenderProxyBoxWithHitTestBehavior.hitTest (package:flutter/src/rendering/proxy_box.dart:172:19)
#45     RenderProxyBoxMixin.hitTestChildren (package:flutter/src/rendering/proxy_box.dart:117:19)
#46     RenderBox.hitTest (package:flutter/src/rendering/box.dart:2484:11)
#47     RenderProxyBoxMixin.hitTestChildren (package:flutter/src/rendering/proxy_box.dart:117:19)
#48     RenderBox.hitTest (package:flutter/src/rendering/box.dart:2484:11)
#49     RenderProxyBoxMixin.hitTestChildren (package:flutter/src/rendering/proxy_box.dart:117:19)
#50     RenderBox.hitTest (package:flutter/src/rendering/box.dart:2484:11)
#51     RenderProxyBoxMixin.hitTestChildren (package:flutter/src/rendering/proxy_box.dart:117:19)
#52     RenderTapRegionSurface.hitTest (package:flutter/src/widgets/tap_region.dart:213:28)
#53     RenderProxyBoxMixin.hitTestChildren (package:flutter/src/rendering/proxy_box.dart:117:19)
#54     RenderBox.hitTest (package:flutter/src/rendering/box.dart:2484:11)
#55     RenderProxyBoxMixin.hitTestChildren (package:flutter/src/rendering/proxy_box.dart:117:19)
#56     RenderBox.hitTest (package:flutter/src/rendering/box.dart:2484:11)
#57     RenderProxyBoxMixin.hitTestChildren (package:flutter/src/rendering/proxy_box.dart:117:19)
#58     RenderBox.hitTest (package:flutter/src/rendering/box.dart:2484:11)
#59     RenderView.hitTest (package:flutter/src/rendering/view.dart:211:14)
#60     RendererBinding.hitTestInView (package:flutter/src/rendering/binding.dart:624:34)
#61     GestureBinding._handlePointerEventImmediately (package:flutter/src/gestures/binding.dart:384:7)
#62     GestureBinding.handlePointerEvent (package:flutter/src/gestures/binding.dart:376:5)
#63     GestureBinding._flushPointerEventQueue (package:flutter/src/gestures/binding.dart:323:7)
#64     GestureBinding._handlePointerDataPacket (package:flutter/src/gestures/binding.dart:292:9)
#65     _invoke1 (dart:ui/hooks.dart:186:13)
#66     PlatformDispatcher._dispatchPointerDataPacket (dart:ui/platform_dispatcher.dart:433:7)
#67     _dispatchPointerDataPacket (dart:ui/hooks.dart:119:31)
Cannot hit test a render box with no size.
The hitTest() method was called on this RenderBox: RenderConstrainedBox#84120 relayoutBoundary=up1:
  needs compositing
  creator: ConstrainedBox ← Align ← MediaQuery ← Padding ← AnimatedPadding ← Dialog ← AlertDialog ← WindowsAddOptionDialog ← Builder ← IconTheme ← IconButtonTheme ← DefaultTextStyle ← ⋯
  parentData: offset=Offset(0.0, 0.0) (can use size)
  constraints: BoxConstraints(0.0<=w<=928.0, 0.0<=h<=681.0)
  size: MISSING
  additionalConstraints: BoxConstraints(280.0<=w<=Infinity, 0.0<=h<=Infinity)
Although this node is not marked as needing layout, its size is not set.
A RenderBox object must have an explicit size before it can be hit-tested. Make sure that the RenderBox in question sets its size during layout.ckage:flutter/src/rendering/shifted_box.dart:83:21)
#9      RenderBox.hitTest (package:flutter/src/rendering/box.dart:2484:11)
#10     RenderShiftedBox.hitTestChildren.<anonymous closure> (package:flutter/src/rendering/shifted_box.dart:88:24)
#11     BoxHitTestResult.addWithPaintOffset (package:flutter/src/rendering/box.dart:800:31)
#12     RenderShiftedBox.hitTestChildren (package:flutter/src/rendering/shifted_box.dart:83:21)
#13     RenderBox.hitTest (package:flutter/src/rendering/box.dart:2484:11)
#14     RenderShiftedBox.hitTestChildren.<anonymous closure> (package:flutter/src/rendering/shifted_box.dart:88:24)
#15     BoxHitTestResult.addWithPaintOffset (package:flutter/src/rendering/box.dart:800:31)
#16     RenderShiftedBox.hitTestChildren (package:flutter/src/rendering/shifted_box.dart:83:21)
#17     RenderBox.hitTest (package:flutter/src/rendering/box.dart:2484:11)
#18     RenderProxyBoxMixin.hitTestChildren (package:flutter/src/rendering/proxy_box.dart:117:19)
#19     RenderBox.hitTest (package:flutter/src/rendering/box.dart:2484:11)
#20     RenderProxyBoxMixin.hitTestChildren (package:flutter/src/rendering/proxy_box.dart:117:19)
#21     RenderBox.hitTest (package:flutter/src/rendering/box.dart:2484:11)
#22     RenderProxyBoxMixin.hitTestChildren (package:flutter/src/rendering/proxy_box.dart:117:19)
#23     RenderBox.hitTest (package:flutter/src/rendering/box.dart:2484:11)
#24     RenderIgnorePointer.hitTest (package:flutter/src/rendering/proxy_box.dart:3618:31)
#25     RenderProxyBoxMixin.hitTestChildren (package:flutter/src/rendering/proxy_box.dart:117:19)
#26     RenderBox.hitTest (package:flutter/src/rendering/box.dart:2484:11)
#27     RenderProxyBoxMixin.hitTestChildren (package:flutter/src/rendering/proxy_box.dart:117:19)
#28     RenderBox.hitTest (package:flutter/src/rendering/box.dart:2484:11)
#29     RenderProxyBoxMixin.hitTestChildren (package:flutter/src/rendering/proxy_box.dart:117:19)
#30     RenderBox.hitTest (package:flutter/src/rendering/box.dart:2484:11)
#31     RenderProxyBoxMixin.hitTestChildren (package:flutter/src/rendering/proxy_box.dart:117:19)
#32     RenderBox.hitTest (package:flutter/src/rendering/box.dart:2484:11)
#33     RenderOffstage.hitTest (package:flutter/src/rendering/proxy_box.dart:3747:31)
#34     RenderProxyBoxMixin.hitTestChildren (package:flutter/src/rendering/proxy_box.dart:117:19)
#35     RenderBox.hitTest (package:flutter/src/rendering/box.dart:2484:11)
#36     _RenderTheaterMixin.hitTestChildren.childHitTest (package:flutter/src/widgets/overlay.dart:897:81)
#37     BoxHitTestResult.addWithPaintOffset (package:flutter/src/rendering/box.dart:800:31)
#38     _RenderTheaterMixin.hitTestChildren (package:flutter/src/widgets/overlay.dart:898:22)
#39     RenderBox.hitTest (package:flutter/src/rendering/box.dart:2484:11)
#40     RenderProxyBoxMixin.hitTestChildren (package:flutter/src/rendering/proxy_box.dart:117:19)
#41     RenderBox.hitTest (package:flutter/src/rendering/box.dart:2484:11)
#42     RenderAbsorbPointer.hitTest (package:flutter/src/rendering/proxy_box.dart:3872:17)
#43     RenderProxyBoxMixin.hitTestChildren (package:flutter/src/rendering/proxy_box.dart:117:19)
#44     RenderProxyBoxWithHitTestBehavior.hitTest (package:flutter/src/rendering/proxy_box.dart:172:19)
#45     RenderProxyBoxMixin.hitTestChildren (package:flutter/src/rendering/proxy_box.dart:117:19)
#46     RenderBox.hitTest (package:flutter/src/rendering/box.dart:2484:11)
#47     RenderProxyBoxMixin.hitTestChildren (package:flutter/src/rendering/proxy_box.dart:117:19)
#48     RenderBox.hitTest (package:flutter/src/rendering/box.dart:2484:11)
#49     RenderProxyBoxMixin.hitTestChildren (package:flutter/src/rendering/proxy_box.dart:117:19)
#50     RenderBox.hitTest (package:flutter/src/rendering/box.dart:2484:11)
#51     RenderProxyBoxMixin.hitTestChildren (package:flutter/src/rendering/proxy_box.dart:117:19)
#52     RenderTapRegionSurface.hitTest (package:flutter/src/widgets/tap_region.dart:213:28)
#53     RenderProxyBoxMixin.hitTestChildren (package:flutter/src/rendering/proxy_box.dart:117:19)
#54     RenderBox.hitTest (package:flutter/src/rendering/box.dart:2484:11)
#55     RenderProxyBoxMixin.hitTestChildren (package:flutter/src/rendering/proxy_box.dart:117:19)
#56     RenderBox.hitTest (package:flutter/src/rendering/box.dart:2484:11)
#57     RenderProxyBoxMixin.hitTestChildren (package:flutter/src/rendering/proxy_box.dart:117:19)
#58     RenderBox.hitTest (package:flutter/src/rendering/box.dart:2484:11)
#59     RenderView.hitTest (package:flutter/src/rendering/view.dart:211:14)
#60     RendererBinding.hitTestInView (package:flutter/src/rendering/binding.dart:624:34)
#61     GestureBinding._handlePointerEventImmediately (package:flutter/src/gestures/binding.dart:384:7)
#62     GestureBinding.handlePointerEvent (package:flutter/src/gestures/binding.dart:376:5)
#63     GestureBinding._flushPointerEventQueue (package:flutter/src/gestures/binding.dart:323:7)
#64     GestureBinding._handlePointerDataPacket (package:flutter/src/gestures/binding.dart:292:9)
#65     _invoke1 (dart:ui/hooks.dart:186:13)
#66     PlatformDispatcher._dispatchPointerDataPacket (dart:ui/platform_dispatcher.dart:433:7)
#67     _dispatchPointerDataPacket (dart:ui/hooks.dart:119:31)
#0      RenderBox.hitTest.<anonymous closure> (package:flutter/src/rendering/box.dart:2467:9)
#1      RenderBox.hitTest (package:flutter/src/rendering/box.dart:2482:6)
#2      RenderShiftedBox.hitTestChildren.<anonymous closure> (package:flutter/src/rendering/shifted_box.dart:88:24)
#3      BoxHitTestResult.addWithPaintOffset (package:flutter/src/rendering/box.dart:800:31)
#4      RenderShiftedBox.hitTestChildren (package:flutter/src/rendering/shifted_box.dart:83:21)
#5      RenderBox.hitTest (package:flutter/src/rendering/box.dart:2484:11)
#6      RenderShiftedBox.hitTestChildren.<anonymous closure> (package:flutter/src/rendering/shifted_box.dart:88:24)
#7      BoxHitTestResult.addWithPaintOffset (package:flutter/src/rendering/box.dart:800:31)
#8      RenderShiftedBox.hitTestChildren (package:flutter/src/rendering/shifted_box.dart:83:21)
#9      RenderBox.hitTest (package:flutter/src/rendering/box.dart:2484:11)
#10     RenderShiftedBox.hitTestChildren.<anonymous closure> (package:flutter/src/rendering/shifted_box.dart:88:24)
#11     BoxHitTestResult.addWithPaintOffset (package:flutter/src/rendering/box.dart:800:31)
#12     RenderShiftedBox.hitTestChildren (package:flutter/src/rendering/shifted_box.dart:83:21)
#13     RenderBox.hitTest (package:flutter/src/rendering/box.dart:2484:11)
#14     RenderShiftedBox.hitTestChildren.<anonymous closure> (package:flutter/src/rendering/shifted_box.dart:88:24)
#15     BoxHitTestResult.addWithPaintOffset (package:flutter/src/rendering/box.dart:800:31)
#16     RenderShiftedBox.hitTestChildren (package:flutter/src/rendering/shifted_box.dart:83:21)
#17     RenderBox.hitTest (package:flutter/src/rendering/box.dart:2484:11)
#18     RenderProxyBoxMixin.hitTestChildren (package:flutter/src/rendering/proxy_box.dart:117:19)
#19     RenderBox.hitTest (package:flutter/src/rendering/box.dart:2484:11)
#20     RenderProxyBoxMixin.hitTestChildren (package:flutter/src/rendering/proxy_box.dart:117:19)
#21     RenderBox.hitTest (package:flutter/src/rendering/box.dart:2484:11)
#22     RenderProxyBoxMixin.hitTestChildren (package:flutter/src/rendering/proxy_box.dart:117:19)
#23     RenderBox.hitTest (package:flutter/src/rendering/box.dart:2484:11)
#24     RenderIgnorePointer.hitTest (package:flutter/src/rendering/proxy_box.dart:3618:31)
#25     RenderProxyBoxMixin.hitTestChildren (package:flutter/src/rendering/proxy_box.dart:117:19)
#26     RenderBox.hitTest (package:flutter/src/rendering/box.dart:2484:11)
#27     RenderProxyBoxMixin.hitTestChildren (package:flutter/src/rendering/proxy_box.dart:117:19)
#28     RenderBox.hitTest (package:flutter/src/rendering/box.dart:2484:11)
#29     RenderProxyBoxMixin.hitTestChildren (package:flutter/src/rendering/proxy_box.dart:117:19)
#30     RenderBox.hitTest (package:flutter/src/rendering/box.dart:2484:11)
#31     RenderProxyBoxMixin.hitTestChildren (package:flutter/src/rendering/proxy_box.dart:117:19)
#32     RenderBox.hitTest (package:flutter/src/rendering/box.dart:2484:11)
#33     RenderOffstage.hitTest (package:flutter/src/rendering/proxy_box.dart:3747:31)
#34     RenderProxyBoxMixin.hitTestChildren (package:flutter/src/rendering/proxy_box.dart:117:19)
#35     RenderBox.hitTest (package:flutter/src/rendering/box.dart:2484:11)
#36     _RenderTheaterMixin.hitTestChildren.childHitTest (package:flutter/src/widgets/overlay.dart:897:81)
#37     BoxHitTestResult.addWithPaintOffset (package:flutter/src/rendering/box.dart:800:31)
#38     _RenderTheaterMixin.hitTestChildren (package:flutter/src/widgets/overlay.dart:898:22)
#39     RenderBox.hitTest (package:flutter/src/rendering/box.dart:2484:11)
#40     RenderProxyBoxMixin.hitTestChildren (package:flutter/src/rendering/proxy_box.dart:117:19)
#41     RenderBox.hitTest (package:flutter/src/rendering/box.dart:2484:11)
#42     RenderAbsorbPointer.hitTest (package:flutter/src/rendering/proxy_box.dart:3872:17)
#43     RenderProxyBoxMixin.hitTestChildren (package:flutter/src/rendering/proxy_box.dart:117:19)
#44     RenderProxyBoxWithHitTestBehavior.hitTest (package:flutter/src/rendering/proxy_box.dart:172:19)
#45     RenderProxyBoxMixin.hitTestChildren (package:flutter/src/rendering/proxy_box.dart:117:19)
#46     RenderBox.hitTest (package:flutter/src/rendering/box.dart:2484:11)
#47     RenderProxyBoxMixin.hitTestChildren (package:flutter/src/rendering/proxy_box.dart:117:19)
#48     RenderBox.hitTest (package:flutter/src/rendering/box.dart:2484:11)
#49     RenderProxyBoxMixin.hitTestChildren (package:flutter/src/rendering/proxy_box.dart:117:19)
#50     RenderBox.hitTest (package:flutter/src/rendering/box.dart:2484:11)
#51     RenderProxyBoxMixin.hitTestChildren (package:flutter/src/rendering/proxy_box.dart:117:19)
#52     RenderTapRegionSurface.hitTest (package:flutter/src/widgets/tap_region.dart:213:28)
#53     RenderProxyBoxMixin.hitTestChildren (package:flutter/src/rendering/proxy_box.dart:117:19)
#54     RenderBox.hitTest (package:flutter/src/rendering/box.dart:2484:11)
#55     RenderProxyBoxMixin.hitTestChildren (package:flutter/src/rendering/proxy_box.dart:117:19)
#56     RenderBox.hitTest (package:flutter/src/rendering/box.dart:2484:11)
#57     RenderProxyBoxMixin.hitTestChildren (package:flutter/src/rendering/proxy_box.dart:117:19)
#58     RenderBox.hitTest (package:flutter/src/rendering/box.dart:2484:11)
#59     RenderView.hitTest (package:flutter/src/rendering/view.dart:211:14)
#60     RendererBinding.hitTestInView (package:flutter/src/rendering/binding.dart:624:34)
#61     GestureBinding._handlePointerEventImmediately (package:flutter/src/gestures/binding.dart:384:7)
#62     GestureBinding.handlePointerEvent (package:flutter/src/gestures/binding.dart:376:5)
#63     GestureBinding._flushPointerEventQueue (package:flutter/src/gestures/binding.dart:323:7)
#64     GestureBinding._handlePointerDataPacket (package:flutter/src/gestures/binding.dart:292:9)
#65     _invoke1 (dart:ui/hooks.dart:186:13)
#66     PlatformDispatcher._dispatchPointerDataPacket (dart:ui/platform_dispatcher.dart:433:7)
#67     _dispatchPointerDataPacket (dart:ui/hooks.dart:119:31)

[2023.08.11 23:22:00]Cannot hit test a render box with no size.
The hitTest() method was called on this RenderBox: RenderConstrainedBox#84120 relayoutBoundary=up1:
  needs compositing
  creator: ConstrainedBox ← Align ← MediaQuery ← Padding ← AnimatedPadding ← Dialog ← AlertDialog ← WindowsAddOptionDialog ← Builder ← IconTheme ← IconButtonTheme ← DefaultTextStyle ← ⋯
  parentData: offset=Offset(0.0, 0.0) (can use size)
  constraints: BoxConstraints(0.0<=w<=928.0, 0.0<=h<=681.0)
  size: MISSING
  additionalConstraints: BoxConstraints(280.0<=w<=Infinity, 0.0<=h<=Infinity)
Although this node is not marked as needing layout, its size is not set.
A RenderBox object must have an explicit size before it can be hit-tested. Make sure that the RenderBox in question sets its size during layout.
0      RenderBox.hitTest.<anonymous closure> (package:flutter/src/rendering/box.dart:2467:9)
#1      RenderBox.hitTest (package:flutter/src/rendering/box.dart:2482:6)
#2      RenderShiftedBox.hitTestChildren.<anonymous closure> (package:flutter/src/rendering/shifted_box.dart:88:24)
#3      BoxHitTestResult.addWithPaintOffset (package:flutter/src/rendering/box.dart:800:31)
#4      RenderShiftedBox.hitTestChildren (package:flutter/src/rendering/shifted_box.dart:83:21)
#5      RenderBox.hitTest (package:flutter/src/rendering/box.dart:2484:11)
#6      RenderShiftedBox.hitTestChildren.<anonymous closure> (package:flutter/src/rendering/shifted_box.dart:88:24)
#7      BoxHitTestResult.addWithPaintOffset (package:flutter/src/rendering/box.dart:800:31)
#8      RenderShiftedBox.hitTestChildren (package:flutter/src/rendering/shifted_box.dart:83:21)
#9      RenderBox.hitTest (package:flutter/src/rendering/box.dart:2484:11)
#10     RenderShiftedBox.hitTestChildren.<anonymous closure> (package:flutter/src/rendering/shifted_box.dart:88:24)
#11     BoxHitTestResult.addWithPaintOffset (package:flutter/src/rendering/box.dart:800:31)
#12     RenderShiftedBox.hitTestChildren (package:flutter/src/rendering/shifted_box.dart:83:21)
#13     RenderBox.hitTest (package:flutter/src/rendering/box.dart:2484:11)
#14     RenderShiftedBox.hitTestChildren.<anonymous closure> (package:flutter/src/rendering/shifted_box.dart:88:24)
#15     BoxHitTestResult.addWithPaintOffset (package:flutter/src/rendering/box.dart:800:31)
#16     RenderShiftedBox.hitTestChildren (package:flutter/src/rendering/shifted_box.dart:83:21)
#17     RenderBox.hitTest (package:flutter/src/rendering/box.dart:2484:11)
#18     RenderProxyBoxMixin.hitTestChildren (package:flutter/src/rendering/proxy_box.dart:117:19)
#19     RenderBox.hitTest (package:flutter/src/rendering/box.dart:2484:11)
#20     RenderProxyBoxMixin.hitTestChildren (package:flutter/src/rendering/proxy_box.dart:117:19)
#21     RenderBox.hitTest (package:flutter/src/rendering/box.dart:2484:11)
#22     RenderProxyBoxMixin.hitTestChildren (package:flutter/src/rendering/proxy_box.dart:117:19)
#23     RenderBox.hitTest (package:flutter/src/rendering/box.dart:2484:11)
#24     RenderIgnorePointer.hitTest (package:flutter/src/rendering/proxy_box.dart:3618:31)
#25     RenderProxyBoxMixin.hitTestChildren (package:flutter/src/rendering/proxy_box.dart:117:19)
#26     RenderBox.hitTest (package:flutter/src/rendering/box.dart:2484:11)
#27     RenderProxyBoxMixin.hitTestChildren (package:flutter/src/rendering/proxy_box.dart:117:19)
#28     RenderBox.hitTest (package:flutter/src/rendering/box.dart:2484:11)
#29     RenderProxyBoxMixin.hitTestChildren (package:flutter/src/rendering/proxy_box.dart:117:19)
#30     RenderBox.hitTest (package:flutter/src/rendering/box.dart:2484:11)
#31     RenderProxyBoxMixin.hitTestChildren (package:flutter/src/rendering/proxy_box.dart:117:19)
#32     RenderBox.hitTest (package:flutter/src/rendering/box.dart:2484:11)
#33     RenderOffstage.hitTest (package:flutter/src/rendering/proxy_box.dart:3747:31)
#34     RenderProxyBoxMixin.hitTestChildren (package:flutter/src/rendering/proxy_box.dart:117:19)
#35     RenderBox.hitTest (package:flutter/src/rendering/box.dart:2484:11)
#36     _RenderTheaterMixin.hitTestChildren.childHitTest (package:flutter/src/widgets/overlay.dart:897:81)
#37     BoxHitTestResult.addWithPaintOffset (package:flutter/src/rendering/box.dart:800:31)
#38     _RenderTheaterMixin.hitTestChildren (package:flutter/src/widgets/overlay.dart:898:22)
#39     RenderBox.hitTest (package:flutter/src/rendering/box.dart:2484:11)
#40     RenderProxyBoxMixin.hitTestChildren (package:flutter/src/rendering/proxy_box.dart:117:19)
#41     RenderBox.hitTest (package:flutter/src/rendering/box.dart:2484:11)
#42     RenderAbsorbPointer.hitTest (package:flutter/src/rendering/proxy_box.dart:3872:17)
#43     RenderProxyBoxMixin.hitTestChildren (package:flutter/src/rendering/proxy_box.dart:117:19)
#44     RenderProxyBoxWithHitTestBehavior.hitTest (package:flutter/src/rendering/proxy_box.dart:172:19)
#45     RenderProxyBoxMixin.hitTestChildren (package:flutter/src/rendering/proxy_box.dart:117:19)
#46     RenderBox.hitTest (package:flutter/src/rendering/box.dart:2484:11)
#47     RenderProxyBoxMixin.hitTestChildren (package:flutter/src/rendering/proxy_box.dart:117:19)
#48     RenderBox.hitTest (package:flutter/src/rendering/box.dart:2484:11)
#49     RenderProxyBoxMixin.hitTestChildren (package:flutter/src/rendering/proxy_box.dart:117:19)
#50     RenderBox.hitTest (package:flutter/src/rendering/box.dart:2484:11)
#51     RenderProxyBoxMixin.hitTestChildren (package:flutter/src/rendering/proxy_box.dart:117:19)
#52     RenderTapRegionSurface.hitTest (package:flutter/src/widgets/tap_region.dart:213:28)
#53     RenderProxyBoxMixin.hitTestChildren (package:flutter/src/rendering/proxy_box.dart:117:19)
#54     RenderBox.hitTest (package:flutter/src/rendering/box.dart:2484:11)
#55     RenderProxyBoxMixin.hitTestChildren (package:flutter/src/rendering/proxy_box.dart:117:19)
#56     RenderBox.hitTest (package:flutter/src/rendering/box.dart:2484:11)
#57     RenderProxyBoxMixin.hitTestChildren (package:flutter/src/rendering/proxy_box.dart:117:19)
#58     RenderBox.hitTest (package:flutter/src/rendering/box.dart:2484:11)
#59     RenderView.hitTest (package:flutter/src/rendering/view.dart:211:14)
#60     RendererBinding.hitTestInView (package:flutter/src/rendering/binding.dart:624:34)
#61     GestureBinding._handlePointerEventImmediately (package:flutter/src/gestures/binding.dart:384:7)
#62     GestureBinding.handlePointerEvent (package:flutter/src/gestures/binding.dart:376:5)
#63     GestureBinding._flushPointerEventQueue (package:flutter/src/gestures/binding.dart:323:7)
#64     GestureBinding._handlePointerDataPacket (package:flutter/src/gestures/binding.dart:292:9)
#65     _invoke1 (dart:ui/hooks.dart:186:13)
#66     PlatformDispatcher._dispatchPointerDataPacket (dart:ui/platform_dispatcher.dart:433:7)
#67     _dispatchPointerDataPacket (dart:ui/hooks.dart:119:31)
[2023.08.11 23:22:00]
annot hit test a render box with no size.
The hitTest() method was called on this RenderBox: RenderConstrainedBox#84120 relayoutBoundary=up1:
  needs compositing
  creator: ConstrainedBox ← Align ← MediaQuery ← Padding ← AnimatedPadding ← Dialog ← AlertDialog ← WindowsAddOptionDialog ← Builder ← IconTheme ← IconButtonTheme ← DefaultTextStyle ← ⋯
  parentData: offset=Offset(0.0, 0.0) (can use size)
  constraints: BoxConstraints(0.0<=w<=928.0, 0.0<=h<=681.0)
  size: MISSING
  additionalConstraints: BoxConstraints(280.0<=w<=Infinity, 0.0<=h<=Infinity)
Although this node is not marked as needing layout, its size is not set.
A RenderBox object must have an explicit size before it can be hit-tested. Make sure that the RenderBox in question sets its size during layout.#0      RenderBox.hitTest.<anonymous closure> (package:flutter/src/rendering/box.dart:2467:9)
#1      RenderBox.hitTest (package:flutter/src/rendering/box.dart:2482:6)
#2      RenderShiftedBox.hitTestChildren.<anonymous closure> (package:flutter/src/rendering/shifted_box.dart:88:24)
#3      BoxHitTestResult.addWithPaintOffset (package:flutter/src/rendering/box.dart:800:31)
#4      RenderShiftedBox.hitTestChildren (package:flutter/src/rendering/shifted_box.dart:83:21)
#5      RenderBox.hitTest (package:flutter/src/rendering/box.dart:2484:11)
#6      RenderShiftedBox.hitTestChildren.<anonymous closure> (package:flutter/src/rendering/shifted_box.dart:88:24)
#7      BoxHitTestResult.addWithPaintOffset (package:flutter/src/rendering/box.dart:800:31)
#8      RenderShiftedBox.hitTestChildren (package:flutter/src/rendering/shifted_box.dart:83:21)
#9      RenderBox.hitTest (package:flutter/src/rendering/box.dart:2484:11)
#10     RenderShiftedBox.hitTestChildren.<anonymous closure> (package:flutter/src/rendering/shifted_box.dart:88:24)
#11     BoxHitTestResult.addWithPaintOffset (package:flutter/src/rendering/box.dart:800:31)
#12     RenderShiftedBox.hitTestChildren (package:flutter/src/rendering/shifted_box.dart:83:21)
#13     RenderBox.hitTest (package:flutter/src/rendering/box.dart:2484:11)
#14     RenderShiftedBox.hitTestChildren.<anonymous closure> (package:flutter/src/rendering/shifted_box.dart:88:24)
#15     BoxHitTestResult.addWithPaintOffset (package:flutter/src/rendering/box.dart:800:31)
#16     RenderShiftedBox.hitTestChildren (package:flutter/src/rendering/shifted_box.dart:83:21)
#17     RenderBox.hitTest (package:flutter/src/rendering/box.dart:2484:11)
#18     RenderProxyBoxMixin.hitTestChildren (package:flutter/src/rendering/proxy_box.dart:117:19)
#19     RenderBox.hitTest (package:flutter/src/rendering/box.dart:2484:11)
#20     RenderProxyBoxMixin.hitTestChildren (package:flutter/src/rendering/proxy_box.dart:117:19)
#21     RenderBox.hitTest (package:flutter/src/rendering/box.dart:2484:11)
#22     RenderProxyBoxMixin.hitTestChildren (package:flutter/src/rendering/proxy_box.dart:117:19)
#23     RenderBox.hitTest (package:flutter/src/rendering/box.dart:2484:11)
#24     RenderIgnorePointer.hitTest (package:flutter/src/rendering/proxy_box.dart:3618:31)
#25     RenderProxyBoxMixin.hitTestChildren (package:flutter/src/rendering/proxy_box.dart:117:19)
#26     RenderBox.hitTest (package:flutter/src/rendering/box.dart:2484:11)
#27     RenderProxyBoxMixin.hitTestChildren (package:flutter/src/rendering/proxy_box.dart:117:19)
#28     RenderBox.hitTest (package:flutter/src/rendering/box.dart:2484:11)
#29     RenderProxyBoxMixin.hitTestChildren (package:flutter/src/rendering/proxy_box.dart:117:19)
#30     RenderBox.hitTest (package:flutter/src/rendering/box.dart:2484:11)
#31     RenderProxyBoxMixin.hitTestChildren (package:flutter/src/rendering/proxy_box.dart:117:19)
#32     RenderBox.hitTest (package:flutter/src/rendering/box.dart:2484:11)
#33     RenderOffstage.hitTest (package:flutter/src/rendering/proxy_box.dart:3747:31)
#34     RenderProxyBoxMixin.hitTestChildren (package:flutter/src/rendering/proxy_box.dart:117:19)
#35     RenderBox.hitTest (package:flutter/src/rendering/box.dart:2484:11)
#36     _RenderTheaterMixin.hitTestChildren.childHitTest (package:flutter/src/widgets/overlay.dart:897:81)
#37     BoxHitTestResult.addWithPaintOffset (package:flutter/src/rendering/box.dart:800:31)
#38     _RenderTheaterMixin.hitTestChildren (package:flutter/src/widgets/overlay.dart:898:22)
#39     RenderBox.hitTest (package:flutter/src/rendering/box.dart:2484:11)
#40     RenderProxyBoxMixin.hitTestChildren (package:flutter/src/rendering/proxy_box.dart:117:19)
#41     RenderBox.hitTest (package:flutter/src/rendering/box.dart:2484:11)
#42     RenderAbsorbPointer.hitTest (package:flutter/src/rendering/proxy_box.dart:3872:17)
#43     RenderProxyBoxMixin.hitTestChildren (package:flutter/src/rendering/proxy_box.dart:117:19)
#44     RenderProxyBoxWithHitTestBehavior.hitTest (package:flutter/src/rendering/proxy_box.dart:172:19)
#45     RenderProxyBoxMixin.hitTestChildren (package:flutter/src/rendering/proxy_box.dart:117:19)
#46     RenderBox.hitTest (package:flutter/src/rendering/box.dart:2484:11)
#47     RenderProxyBoxMixin.hitTestChildren (package:flutter/src/rendering/proxy_box.dart:117:19)
#48     RenderBox.hitTest (package:flutter/src/rendering/box.dart:2484:11)
#49     RenderProxyBoxMixin.hitTestChildren (package:flutter/src/rendering/proxy_box.dart:117:19)
#50     RenderBox.hitTest (package:flutter/src/rendering/box.dart:2484:11)
#51     RenderProxyBoxMixin.hitTestChildren (package:flutter/src/rendering/proxy_box.dart:117:19)
#52     RenderTapRegionSurface.hitTest (package:flutter/src/widgets/tap_region.dart:213:28)
#53     RenderProxyBoxMixin.hitTestChildren (package:flutter/src/rendering/proxy_box.dart:117:19)
#54     RenderBox.hitTest (package:flutter/src/rendering/box.dart:2484:11)
#55     RenderProxyBoxMixin.hitTestChildren (package:flutter/src/rendering/proxy_box.dart:117:19)
#56     RenderBox.hitTest (package:flutter/src/rendering/box.dart:2484:11)
#57     RenderProxyBoxMixin.hitTestChildren (package:flutter/src/rendering/proxy_box.dart:117:19)
#58     RenderBox.hitTest (package:flutter/src/rendering/box.dart:2484:11)
#59     RenderView.hitTest (package:flutter/src/rendering/view.dart:211:14)
#60     RendererBinding.hitTestInView (package:flutter/src/rendering/binding.dart:624:34)
#61     GestureBinding._handlePointerEventImmediately (package:flutter/src/gestures/binding.dart:384:7)
#62     GestureBinding.handlePointerEvent (package:flutter/src/gestures/binding.dart:376:5)
#63     GestureBinding._flushPointerEventQueue (package:flutter/src/gestures/binding.dart:323:7)
#64     GestureBinding._handlePointerDataPacket (package:flutter/src/gestures/binding.dart:292:9)
#65     _invoke1 (dart:ui/hooks.dart:186:13)
#66     PlatformDispatcher._dispatchPointerDataPacket (dart:ui/platform_dispatcher.dart:433:7)
#67     _dispatchPointerDataPacket (dart:ui/hooks.dart:119:31)
Cannot hit test a render box with no size.
The hitTest() method was called on this RenderBox: RenderConstrainedBox#84120 relayoutBoundary=up1:
  needs compositing
  creator: ConstrainedBox ← Align ← MediaQuery ← Padding ← AnimatedPadding ← Dialog ← AlertDialog ← WindowsAddOptionDialog ← Builder ← IconTheme ← IconButtonTheme ← DefaultTextStyle ← ⋯
  parentData: offset=Offset(0.0, 0.0) (can use size)
  constraints: BoxConstraints(0.0<=w<=928.0, 0.0<=h<=681.0)
  size: MISSING
  additionalConstraints: BoxConstraints(280.0<=w<=Infinity, 0.0<=h<=Infinity)
Although this node is not marked as needing layout, its size is not set.
A RenderBox object must have an explicit size before it can be hit-tested. Make sure that the RenderBox in question sets its size during layout.#0      RenderBox.hitTest.<anonymous closure> (package:flutter/src/rendering/box.dart:2467:9)
#1      RenderBox.hitTest (package:flutter/src/rendering/box.dart:2482:6)
#2      RenderShiftedBox.hitTestChildren.<anonymous closure> (package:flutter/src/rendering/shifted_box.dart:88:24)
#3      BoxHitTestResult.addWithPaintOffset (package:flutter/src/rendering/box.dart:800:31)
#4      RenderShiftedBox.hitTestChildren (package:flutter/src/rendering/shifted_box.dart:83:21)
#5      RenderBox.hitTest (package:flutter/src/rendering/box.dart:2484:11)
#6      RenderShiftedBox.hitTestChildren.<anonymous closure> (package:flutter/src/rendering/shifted_box.dart:88:24)
#7      BoxHitTestResult.addWithPaintOffset (package:flutter/src/rendering/box.dart:800:31)
#8      RenderShiftedBox.hitTestChildren (package:flutter/src/rendering/shifted_box.dart:83:21)
#9      RenderBox.hitTest (package:flutter/src/rendering/box.dart:2484:11)
#10     RenderShiftedBox.hitTestChildren.<anonymous closure> (package:flutter/src/rendering/shifted_box.dart:88:24)
#11     BoxHitTestResult.addWithPaintOffset (package:flutter/src/rendering/box.dart:800:31)
#12     RenderShiftedBox.hitTestChildren (package:flutter/src/rendering/shifted_box.dart:83:21)
#13     RenderBox.hitTest (package:flutter/src/rendering/box.dart:2484:11)
#14     RenderShiftedBox.hitTestChildren.<anonymous closure> (package:flutter/src/rendering/shifted_box.dart:88:24)
#15     BoxHitTestResult.addWithPaintOffset (package:flutter/src/rendering/box.dart:800:31)
#16     RenderShiftedBox.hitTestChildren (package:flutter/src/rendering/shifted_box.dart:83:21)
#17     RenderBox.hitTest (package:flutter/src/rendering/box.dart:2484:11)
#18     RenderProxyBoxMixin.hitTestChildren (package:flutter/src/rendering/proxy_box.dart:117:19)
#19     RenderBox.hitTest (package:flutter/src/rendering/box.dart:2484:11)
#20     RenderProxyBoxMixin.hitTestChildren (package:flutter/src/rendering/proxy_box.dart:117:19)
#21     RenderBox.hitTest (package:flutter/src/rendering/box.dart:2484:11)
#22     RenderProxyBoxMixin.hitTestChildren (package:flutter/src/rendering/proxy_box.dart:117:19)
#23     RenderBox.hitTest (package:flutter/src/rendering/box.dart:2484:11)
#24     RenderIgnorePointer.hitTest (package:flutter/src/rendering/proxy_box.dart:3618:31)
#25     RenderProxyBoxMixin.hitTestChildren (package:flutter/src/rendering/proxy_box.dart:117:19)
#26     RenderBox.hitTest (package:flutter/src/rendering/box.dart:2484:11)
#27     RenderProxyBoxMixin.hitTestChildren (package:flutter/src/rendering/proxy_box.dart:117:19)
#28     RenderBox.hitTest (package:flutter/src/rendering/box.dart:2484:11)
#29     RenderProxyBoxMixin.hitTestChildren (package:flutter/src/rendering/proxy_box.dart:117:19)
#30     RenderBox.hitTest (package:flutter/src/rendering/box.dart:2484:11)
#31     RenderProxyBoxMixin.hitTestChildren (package:flutter/src/rendering/proxy_box.dart:117:19)
#32     RenderBox.hitTest (package:flutter/src/rendering/box.dart:2484:11)
#33     RenderOffstage.hitTest (package:flutter/src/rendering/proxy_box.dart:3747:31)
#34     RenderProxyBoxMixin.hitTestChildren (package:flutter/src/rendering/proxy_box.dart:117:19)
#35     RenderBox.hitTest (package:flutter/src/rendering/box.dart:2484:11)
#36     _RenderTheaterMixin.hitTestChildren.childHitTest (package:flutter/src/widgets/overlay.dart:897:81)
#37     BoxHitTestResult.addWithPaintOffset (package:flutter/src/rendering/box.dart:800:31)
#38     _RenderTheaterMixin.hitTestChildren (package:flutter/src/widgets/overlay.dart:898:22)
#39     RenderBox.hitTest (package:flutter/src/rendering/box.dart:2484:11)
#40     RenderProxyBoxMixin.hitTestChildren (package:flutter/src/rendering/proxy_box.dart:117:19)
#41     RenderBox.hitTest (package:flutter/src/rendering/box.dart:2484:11)
#42     RenderAbsorbPointer.hitTest (package:flutter/src/rendering/proxy_box.dart:3872:17)
#43     RenderProxyBoxMixin.hitTestChildren (package:flutter/src/rendering/proxy_box.dart:117:19)
#44     RenderProxyBoxWithHitTestBehavior.hitTest (package:flutter/src/rendering/proxy_box.dart:172:19)
#45     RenderProxyBoxMixin.hitTestChildren (package:flutter/src/rendering/proxy_box.dart:117:19)
#46     RenderBox.hitTest (package:flutter/src/rendering/box.dart:2484:11)
#47     RenderProxyBoxMixin.hitTestChildren (package:flutter/src/rendering/proxy_box.dart:117:19)
#48     RenderBox.hitTest (package:flutter/src/rendering/box.dart:2484:11)
#49     RenderProxyBoxMixin.hitTestChildren (package:flutter/src/rendering/proxy_box.dart:117:19)
#50     RenderBox.hitTest (package:flutter/src/rendering/box.dart:2484:11)
#51     RenderProxyBoxMixin.hitTestChildren (package:flutter/src/rendering/proxy_box.dart:117:19)
#52     RenderTapRegionSurface.hitTest (package:flutter/src/widgets/tap_region.dart:213:28)
#53     RenderProxyBoxMixin.hitTestChildren (package:flutter/src/rendering/proxy_box.dart:117:19)
#54     RenderBox.hitTest (package:flutter/src/rendering/box.dart:2484:11)
#55     RenderProxyBoxMixin.hitTestChildren (package:flutter/src/rendering/proxy_box.dart:117:19)
#56     RenderBox.hitTest (package:flutter/src/rendering/box.dart:2484:11)
#57     RenderProxyBoxMixin.hitTestChildren (package:flutter/src/rendering/proxy_box.dart:117:19)
#58     RenderBox.hitTest (package:flutter/src/rendering/box.dart:2484:11)
#59     RenderView.hitTest (package:flutter/src/rendering/view.dart:211:14)
#60     RendererBinding.hitTestInView (package:flutter/src/rendering/binding.dart:624:34)
#61     GestureBinding._handlePointerEventImmediately (package:flutter/src/gestures/binding.dart:384:7)
#62     GestureBinding.handlePointerEvent (package:flutter/src/gestures/binding.dart:376:5)
#63     GestureBinding._flushPointerEventQueue (package:flutter/src/gestures/binding.dart:323:7)
#64     GestureBinding._handlePointerDataPacket (package:flutter/src/gestures/binding.dart:292:9)
#65     _invoke1 (dart:ui/hooks.dart:186:13)
#66     PlatformDispatcher._dispatchPointerDataPacket (dart:ui/platform_dispatcher.dart:433:7)
#67     _dispatchPointerDataPacket (dart:ui/hooks.dart:119:31)

[2023.08.11 23:22:00]Cannot hit test a render box with no size.
The hitTest() method was called on this RenderBox: RenderConstrainedBox#84120 relayoutBoundary=up1:
  needs compositing
  creator: ConstrainedBox ← Align ← MediaQuery ← Padding ← AnimatedPadding ← Dialog ← AlertDialog ← WindowsAddOptionDialog ← Builder ← IconTheme ← IconButtonTheme ← DefaultTextStyle ← ⋯
  parentData: offset=Offset(0.0, 0.0) (can use size)
  constraints: BoxConstraints(0.0<=w<=928.0, 0.0<=h<=681.0)
  size: MISSING
  additionalConstraints: BoxConstraints(280.0<=w<=Infinity, 0.0<=h<=Infinity)
Although this node is not marked as needing layout, its size is not set.
A RenderBox object must have an explicit size before it can be hit-tested. Make sure that the RenderBox in question sets its size during layout.#0      RenderBox.hitTest.<anonymous closure> (package:flutter/src/rendering/box.dart:2467:9)
#1      RenderBox.hitTest (package:flutter/src/rendering/box.dart:2482:6)
#2      RenderShiftedBox.hitTestChildren.<anonymous closure> (package:flutter/src/rendering/shifted_box.dart:88:24)
#3      BoxHitTestResult.addWithPaintOffset (package:flutter/src/rendering/box.dart:800:31)
#4      RenderShiftedBox.hitTestChildren (package:flutter/src/rendering/shifted_box.dart:83:21)
#5      RenderBox.hitTest (package:flutter/src/rendering/box.dart:2484:11)
#6      RenderShiftedBox.hitTestChildren.<anonymous closure> (package:flutter/src/rendering/shifted_box.dart:88:24)
#7      BoxHitTestResult.addWithPaintOffset (package:flutter/src/rendering/box.dart:800:31)
#8      RenderShiftedBox.hitTestChildren (package:flutter/src/rendering/shifted_box.dart:83:21)
#9      RenderBox.hitTest (package:flutter/src/rendering/box.dart:2484:11)
#10     RenderShiftedBox.hitTestChildren.<anonymous closure> (package:flutter/src/rendering/shifted_box.dart:88:24)
#11     BoxHitTestResult.addWithPaintOffset (package:flutter/src/rendering/box.dart:800:31)
#12     RenderShiftedBox.hitTestChildren (package:flutter/src/rendering/shifted_box.dart:83:21)
#13     RenderBox.hitTest (package:flutter/src/rendering/box.dart:2484:11)
#14     RenderShiftedBox.hitTestChildren.<anonymous closure> (package:flutter/src/rendering/shifted_box.dart:88:24)
#15     BoxHitTestResult.addWithPaintOffset (package:flutter/src/rendering/box.dart:800:31)
#16     RenderShiftedBox.hitTestChildren (package:flutter/src/rendering/shifted_box.dart:83:21)
#17     RenderBox.hitTest (package:flutter/src/rendering/box.dart:2484:11)
#18     RenderProxyBoxMixin.hitTestChildren (package:flutter/src/rendering/proxy_box.dart:117:19)
#19     RenderBox.hitTest (package:flutter/src/rendering/box.dart:2484:11)
#20     RenderProxyBoxMixin.hitTestChildren (package:flutter/src/rendering/proxy_box.dart:117:19)
#21     RenderBox.hitTest (package:flutter/src/rendering/box.dart:2484:11)
#22     RenderProxyBoxMixin.hitTestChildren (package:flutter/src/rendering/proxy_box.dart:117:19)
#23     RenderBox.hitTest (package:flutter/src/rendering/box.dart:2484:11)
#24     RenderIgnorePointer.hitTest (package:flutter/src/rendering/proxy_box.dart:3618:31)
#25     RenderProxyBoxMixin.hitTestChildren (package:flutter/src/rendering/proxy_box.dart:117:19)
#26     RenderBox.hitTest (package:flutter/src/rendering/box.dart:2484:11)
#27     RenderProxyBoxMixin.hitTestChildren (package:flutter/src/rendering/proxy_box.dart:117:19)
#28     RenderBox.hitTest (package:flutter/src/rendering/box.dart:2484:11)
#29     RenderProxyBoxMixin.hitTestChildren (package:flutter/src/rendering/proxy_box.dart:117:19)
#30     RenderBox.hitTest (package:flutter/src/rendering/box.dart:2484:11)
#31     RenderProxyBoxMixin.hitTestChildren (package:flutter/src/rendering/proxy_box.dart:117:19)
#32     RenderBox.hitTest (package:flutter/src/rendering/box.dart:2484:11)
#33     RenderOffstage.hitTest (package:flutter/src/rendering/proxy_box.dart:3747:31)
#34     RenderProxyBoxMixin.hitTestChildren (package:flutter/src/rendering/proxy_box.dart:117:19)
#35     RenderBox.hitTest (package:flutter/src/rendering/box.dart:2484:11)
#36     _RenderTheaterMixin.hitTestChildren.childHitTest (package:flutter/src/widgets/overlay.dart:897:81)
#37     BoxHitTestResult.addWithPaintOffset (package:flutter/src/rendering/box.dart:800:31)
#38     _RenderTheaterMixin.hitTestChildren (package:flutter/src/widgets/overlay.dart:898:22)
#39     RenderBox.hitTest (package:flutter/src/rendering/box.dart:2484:11)
#40     RenderProxyBoxMixin.hitTestChildren (package:flutter/src/rendering/proxy_box.dart:117:19)
#41     RenderBox.hitTest (package:flutter/src/rendering/box.dart:2484:11)
#42     RenderAbsorbPointer.hitTest (package:flutter/src/rendering/proxy_box.dart:3872:17)
#43     RenderProxyBoxMixin.hitTestChildren (package:flutter/src/rendering/proxy_box.dart:117:19)
#44     RenderProxyBoxWithHitTestBehavior.hitTest (package:flutter/src/rendering/proxy_box.dart:172:19)
#45     RenderProxyBoxMixin.hitTestChildren (package:flutter/src/rendering/proxy_box.dart:117:19)
#46     RenderBox.hitTest (package:flutter/src/rendering/box.dart:2484:11)
#47     RenderProxyBoxMixin.hitTestChildren (package:flutter/src/rendering/proxy_box.dart:117:19)
#48     RenderBox.hitTest (package:flutter/src/rendering/box.dart:2484:11)
#49     RenderProxyBoxMixin.hitTestChildren (package:flutter/src/rendering/proxy_box.dart:117:19)
#50     RenderBox.hitTest (package:flutter/src/rendering/box.dart:2484:11)
#51     RenderProxyBoxMixin.hitTestChildren (package:flutter/src/rendering/proxy_box.dart:117:19)
#52     RenderTapRegionSurface.hitTest (package:flutter/src/widgets/tap_region.dart:213:28)
#53     RenderProxyBoxMixin.hitTestChildren (package:flutter/src/rendering/proxy_box.dart:117:19)
#54     RenderBox.hitTest (package:flutter/src/rendering/box.dart:2484:11)
#55     RenderProxyBoxMixin.hitTestChildren (package:flutter/src/rendering/proxy_box.dart:117:19)
#56     RenderBox.hitTest (package:flutter/src/rendering/box.dart:2484:11)
#57     RenderProxyBoxMixin.hitTestChildren (package:flutter/src/rendering/proxy_box.dart:117:19)
#58     RenderBox.hitTest (package:flutter/src/rendering/box.dart:2484:11)
#59     RenderView.hitTest (package:flutter/src/rendering/view.dart:211:14)
#60     RendererBinding.hitTestInView (package:flutter/src/rendering/binding.dart:624:34)
#61     GestureBinding._handlePointerEventImmediately (package:flutter/src/gestures/binding.dart:384:7)
#62     GestureBinding.handlePointerEvent (package:flutter/src/gestures/binding.dart:376:5)
#63     GestureBinding._flushPointerEventQueue (package:flutter/src/gestures/binding.dart:323:7)
#64     GestureBinding._handlePointerDataPacket (package:flutter/src/gestures/binding.dart:292:9)
#65     _invoke1 (dart:ui/hooks.dart:186:13)
#66     PlatformDispatcher._dispatchPointerDataPacket (dart:ui/platform_dispatcher.dart:433:7)
#67     _dispatchPointerDataPacket (dart:ui/hooks.dart:119:31)


2023.08.11 23:22:00][2023.08.11 23:22:00]der box with no size.
The hitTest() method was called on this RenderBox: RenderConstrainedBox#84120 relayoutBoundary=up1:
  needs compositing
  creator: ConstrainedBox ← Align ← MediaQuery ← Padding ← AnimatedPadding ← Dialog ← AlertDialog ← WindowsAddOptionDialog ← Builder ← IconTheme ← IconButtonTheme ← DefaultTextStyle ← ⋯
  parentData: offset=Offset(0.0, 0.0) (can use size)
  constraints: BoxConstraints(0.0<=w<=928.0, 0.0<=h<=681.0)
  size: MISSING
  additionalConstraints: BoxConstraints(280.0<=w<=Infinity, 0.0<=h<=Infinity)
Although this node is not marked as needing layout, its size is not set.
A RenderBox object must have an explicit size before it can be hit-tested. Make sure that the RenderBox in question sets its size during layout.#0      RenderBox.hitTest.<anonymous closure> (package:flutter/src/rendering/box.dart:2467:9)
#1      RenderBox.hitTest (package:flutter/src/rendering/box.dart:2482:6)
#2      RenderShiftedBox.hitTestChildren.<anonymous closure> (package:flutter/src/rendering/shifted_box.dart:88:24)
#3      BoxHitTestResult.addWithPaintOffset (package:flutter/src/rendering/box.dart:800:31)
#4      RenderShiftedBox.hitTestChildren (package:flutter/src/rendering/shifted_box.dart:83:21)
#5      RenderBox.hitTest (package:flutter/src/rendering/box.dart:2484:11)
#6      RenderShiftedBox.hitTestChildren.<anonymous closure> (package:flutter/src/rendering/shifted_box.dart:88:24)
#7      BoxHitTestResult.addWithPaintOffset (package:flutter/src/rendering/box.dart:800:31)
#8      RenderShiftedBox.hitTestChildren (package:flutter/src/rendering/shifted_box.dart:83:21)
#9      RenderBox.hitTest (package:flutter/src/rendering/box.dart:2484:11)
#10     RenderShiftedBox.hitTestChildren.<anonymous closure> (package:flutter/src/rendering/shifted_box.dart:88:24)
#11     BoxHitTestResult.addWithPaintOffset (package:flutter/src/rendering/box.dart:800:31)
#12     RenderShiftedBox.hitTestChildren (package:flutter/src/rendering/shifted_box.dart:83:21)
#13     RenderBox.hitTest (package:flutter/src/rendering/box.dart:2484:11)
#14     RenderShiftedBox.hitTestChildren.<anonymous closure> (package:flutter/src/rendering/shifted_box.dart:88:24)
#15     BoxHitTestResult.addWithPaintOffset (package:flutter/src/rendering/box.dart:800:31)
#16     RenderShiftedBox.hitTestChildren (package:flutter/src/rendering/shifted_box.dart:83:21)
#17     RenderBox.hitTest (package:flutter/src/rendering/box.dart:2484:11)
#18     RenderProxyBoxMixin.hitTestChildren (package:flutter/src/rendering/proxy_box.dart:117:19)
#19     RenderBox.hitTest (package:flutter/src/rendering/box.dart:2484:11)
#20     RenderProxyBoxMixin.hitTestChildren (package:flutter/src/rendering/proxy_box.dart:117:19)
#21     RenderBox.hitTest (package:flutter/src/rendering/box.dart:2484:11)
#22     RenderProxyBoxMixin.hitTestChildren (package:flutter/src/rendering/proxy_box.dart:117:19)
#23     RenderBox.hitTest (package:flutter/src/rendering/box.dart:2484:11)
#24     RenderIgnorePointer.hitTest (package:flutter/src/rendering/proxy_box.dart:3618:31)
#25     RenderProxyBoxMixin.hitTestChildren (package:flutter/src/rendering/proxy_box.dart:117:19)
#26     RenderBox.hitTest (package:flutter/src/rendering/box.dart:2484:11)
#27     RenderProxyBoxMixin.hitTestChildren (package:flutter/src/rendering/proxy_box.dart:117:19)
#28     RenderBox.hitTest (package:flutter/src/rendering/box.dart:2484:11)
#29     RenderProxyBoxMixin.hitTestChildren (package:flutter/src/rendering/proxy_box.dart:117:19)
#30     RenderBox.hitTest (package:flutter/src/rendering/box.dart:2484:11)
#31     RenderProxyBoxMixin.hitTestChildren (package:flutter/src/rendering/proxy_box.dart:117:19)
#32     RenderBox.hitTest (package:flutter/src/rendering/box.dart:2484:11)
#33     RenderOffstage.hitTest (package:flutter/src/rendering/proxy_box.dart:3747:31)
#34     RenderProxyBoxMixin.hitTestChildren (package:flutter/src/rendering/proxy_box.dart:117:19)
#35     RenderBox.hitTest (package:flutter/src/rendering/box.dart:2484:11)
#36     _RenderTheaterMixin.hitTestChildren.childHitTest (package:flutter/src/widgets/overlay.dart:897:81)
#37     BoxHitTestResult.addWithPaintOffset (package:flutter/src/rendering/box.dart:800:31)
#38     _RenderTheaterMixin.hitTestChildren (package:flutter/src/widgets/overlay.dart:898:22)
#39     RenderBox.hitTest (package:flutter/src/rendering/box.dart:2484:11)
#40     RenderProxyBoxMixin.hitTestChildren (package:flutter/src/rendering/proxy_box.dart:117:19)
#41     RenderBox.hitTest (package:flutter/src/rendering/box.dart:2484:11)
#42     RenderAbsorbPointer.hitTest (package:flutter/src/rendering/proxy_box.dart:3872:17)
#43     RenderProxyBoxMixin.hitTestChildren (package:flutter/src/rendering/proxy_box.dart:117:19)
#44     RenderProxyBoxWithHitTestBehavior.hitTest (package:flutter/src/rendering/proxy_box.dart:172:19)
#45     RenderProxyBoxMixin.hitTestChildren (package:flutter/src/rendering/proxy_box.dart:117:19)
#46     RenderBox.hitTest (package:flutter/src/rendering/box.dart:2484:11)
#47     RenderProxyBoxMixin.hitTestChildren (package:flutter/src/rendering/proxy_box.dart:117:19)
#48     RenderBox.hitTest (package:flutter/src/rendering/box.dart:2484:11)
#49     RenderProxyBoxMixin.hitTestChildren (package:flutter/src/rendering/proxy_box.dart:117:19)
#50     RenderBox.hitTest (package:flutter/src/rendering/box.dart:2484:11)
#51     RenderProxyBoxMixin.hitTestChildren (package:flutter/src/rendering/proxy_box.dart:117:19)
#52     RenderTapRegionSurface.hitTest (package:flutter/src/widgets/tap_region.dart:213:28)
#53     RenderProxyBoxMixin.hitTestChildren (package:flutter/src/rendering/proxy_box.dart:117:19)
#54     RenderBox.hitTest (package:flutter/src/rendering/box.dart:2484:11)
#55     RenderProxyBoxMixin.hitTestChildren (package:flutter/src/rendering/proxy_box.dart:117:19)
#56     RenderBox.hitTest (package:flutter/src/rendering/box.dart:2484:11)
#57     RenderProxyBoxMixin.hitTestChildren (package:flutter/src/rendering/proxy_box.dart:117:19)
#58     RenderBox.hitTest (package:flutter/src/rendering/box.dart:2484:11)
#59     RenderView.hitTest (package:flutter/src/rendering/view.dart:211:14)
#60     RendererBinding.hitTestInView (package:flutter/src/rendering/binding.dart:624:34)
#61     GestureBinding._handlePointerEventImmediately (package:flutter/src/gestures/binding.dart:384:7)
#62     GestureBinding.handlePointerEvent (package:flutter/src/gestures/binding.dart:376:5)
#63     GestureBinding._flushPointerEventQueue (package:flutter/src/gestures/binding.dart:323:7)
#64     GestureBinding._handlePointerDataPacket (package:flutter/src/gestures/binding.dart:292:9)
#65     _invoke1 (dart:ui/hooks.dart:186:13)
#66     PlatformDispatcher._dispatchPointerDataPacket (dart:ui/platform_dispatcher.dart:433:7)
#67     _dispatchPointerDataPacket (dart:ui/hooks.dart:119:31)
Cannot hit test a render box with no size.
The hitTest() method was called on this RenderBox: RenderConstrainedBox#84120 relayoutBoundary=up1:
  needs compositing
  creator: ConstrainedBox ← Align ← MediaQuery ← Padding ← AnimatedPadding ← Dialog ← AlertDialog ← WindowsAddOptionDialog ← Builder ← IconTheme ← IconButtonTheme ← DefaultTextStyle ← ⋯
  parentData: offset=Offset(0.0, 0.0) (can use size)
  constraints: BoxConstraints(0.0<=w<=928.0, 0.0<=h<=681.0)
  size: MISSING
  additionalConstraints: BoxConstraints(280.0<=w<=Infinity, 0.0<=h<=Infinity)
Although this node is not marked as needing layout, its size is not set.
A RenderBox object must have an explicit size before it can be hit-tested. Make sure that the RenderBox in question sets its size during layout.ckage:flutter/src/rendering/shifted_box.dart:83:21)
#9      RenderBox.hitTest (package:flutter/src/rendering/box.dart:2484:11)
#10     RenderShiftedBox.hitTestChildren.<anonymous closure> (package:flutter/src/rendering/shifted_box.dart:88:24)
#11     BoxHitTestResult.addWithPaintOffset (package:flutter/src/rendering/box.dart:800:31)
#12     RenderShiftedBox.hitTestChildren (package:flutter/src/rendering/shifted_box.dart:83:21)
#13     RenderBox.hitTest (package:flutter/src/rendering/box.dart:2484:11)
#14     RenderShiftedBox.hitTestChildren.<anonymous closure> (package:flutter/src/rendering/shifted_box.dart:88:24)
#15     BoxHitTestResult.addWithPaintOffset (package:flutter/src/rendering/box.dart:800:31)
#16     RenderShiftedBox.hitTestChildren (package:flutter/src/rendering/shifted_box.dart:83:21)
#17     RenderBox.hitTest (package:flutter/src/rendering/box.dart:2484:11)
#18     RenderProxyBoxMixin.hitTestChildren (package:flutter/src/rendering/proxy_box.dart:117:19)
#19     RenderBox.hitTest (package:flutter/src/rendering/box.dart:2484:11)
#20     RenderProxyBoxMixin.hitTestChildren (package:flutter/src/rendering/proxy_box.dart:117:19)
#21     RenderBox.hitTest (package:flutter/src/rendering/box.dart:2484:11)
#22     RenderProxyBoxMixin.hitTestChildren (package:flutter/src/rendering/proxy_box.dart:117:19)
#23     RenderBox.hitTest (package:flutter/src/rendering/box.dart:2484:11)
#24     RenderIgnorePointer.hitTest (package:flutter/src/rendering/proxy_box.dart:3618:31)
#25     RenderProxyBoxMixin.hitTestChildren (package:flutter/src/rendering/proxy_box.dart:117:19)
#26     RenderBox.hitTest (package:flutter/src/rendering/box.dart:2484:11)
#27     RenderProxyBoxMixin.hitTestChildren (package:flutter/src/rendering/proxy_box.dart:117:19)
#28     RenderBox.hitTest (package:flutter/src/rendering/box.dart:2484:11)
#29     RenderProxyBoxMixin.hitTestChildren (package:flutter/src/rendering/proxy_box.dart:117:19)
#30     RenderBox.hitTest (package:flutter/src/rendering/box.dart:2484:11)
#31     RenderProxyBoxMixin.hitTestChildren (package:flutter/src/rendering/proxy_box.dart:117:19)
#32     RenderBox.hitTest (package:flutter/src/rendering/box.dart:2484:11)
#33     RenderOffstage.hitTest (package:flutter/src/rendering/proxy_box.dart:3747:31)
#34     RenderProxyBoxMixin.hitTestChildren (package:flutter/src/rendering/proxy_box.dart:117:19)
#35     RenderBox.hitTest (package:flutter/src/rendering/box.dart:2484:11)
#36     _RenderTheaterMixin.hitTestChildren.childHitTest (package:flutter/src/widgets/overlay.dart:897:81)
#37     BoxHitTestResult.addWithPaintOffset (package:flutter/src/rendering/box.dart:800:31)
#38     _RenderTheaterMixin.hitTestChildren (package:flutter/src/widgets/overlay.dart:898:22)
#39     RenderBox.hitTest (package:flutter/src/rendering/box.dart:2484:11)
#40     RenderProxyBoxMixin.hitTestChildren (package:flutter/src/rendering/proxy_box.dart:117:19)
#41     RenderBox.hitTest (package:flutter/src/rendering/box.dart:2484:11)
#42     RenderAbsorbPointer.hitTest (package:flutter/src/rendering/proxy_box.dart:3872:17)
#43     RenderProxyBoxMixin.hitTestChildren (package:flutter/src/rendering/proxy_box.dart:117:19)
#44     RenderProxyBoxWithHitTestBehavior.hitTest (package:flutter/src/rendering/proxy_box.dart:172:19)
#45     RenderProxyBoxMixin.hitTestChildren (package:flutter/src/rendering/proxy_box.dart:117:19)
#46     RenderBox.hitTest (package:flutter/src/rendering/box.dart:2484:11)
#47     RenderProxyBoxMixin.hitTestChildren (package:flutter/src/rendering/proxy_box.dart:117:19)
#48     RenderBox.hitTest (package:flutter/src/rendering/box.dart:2484:11)
#49     RenderProxyBoxMixin.hitTestChildren (package:flutter/src/rendering/proxy_box.dart:117:19)
#50     RenderBox.hitTest (package:flutter/src/rendering/box.dart:2484:11)
#51     RenderProxyBoxMixin.hitTestChildren (package:flutter/src/rendering/proxy_box.dart:117:19)
#52     RenderTapRegionSurface.hitTest (package:flutter/src/widgets/tap_region.dart:213:28)
#53     RenderProxyBoxMixin.hitTestChildren (package:flutter/src/rendering/proxy_box.dart:117:19)
#54     RenderBox.hitTest (package:flutter/src/rendering/box.dart:2484:11)
#55     RenderProxyBoxMixin.hitTestChildren (package:flutter/src/rendering/proxy_box.dart:117:19)
#56     RenderBox.hitTest (package:flutter/src/rendering/box.dart:2484:11)
#57     RenderProxyBoxMixin.hitTestChildren (package:flutter/src/rendering/proxy_box.dart:117:19)
#58     RenderBox.hitTest (package:flutter/src/rendering/box.dart:2484:11)
#59     RenderView.hitTest (package:flutter/src/rendering/view.dart:211:14)
#60     RendererBinding.hitTestInView (package:flutter/src/rendering/binding.dart:624:34)
#61     GestureBinding._handlePointerEventImmediately (package:flutter/src/gestures/binding.dart:384:7)
#62     GestureBinding.handlePointerEvent (package:flutter/src/gestures/binding.dart:376:5)
#63     GestureBinding._flushPointerEventQueue (package:flutter/src/gestures/binding.dart:323:7)
#64     GestureBinding._handlePointerDataPacket (package:flutter/src/gestures/binding.dart:292:9)
#65     _invoke1 (dart:ui/hooks.dart:186:13)
#66     PlatformDispatcher._dispatchPointerDataPacket (dart:ui/platform_dispatcher.dart:433:7)
#67     _dispatchPointerDataPacket (dart:ui/hooks.dart:119:31)
#0      RenderBox.hitTest.<anonymous closure> (package:flutter/src/rendering/box.dart:2467:9)
#1      RenderBox.hitTest (package:flutter/src/rendering/box.dart:2482:6)
#2      RenderShiftedBox.hitTestChildren.<anonymous closure> (package:flutter/src/rendering/shifted_box.dart:88:24)
#3      BoxHitTestResult.addWithPaintOffset (package:flutter/src/rendering/box.dart:800:31)
#4      RenderShiftedBox.hitTestChildren (package:flutter/src/rendering/shifted_box.dart:83:21)
#5      RenderBox.hitTest (package:flutter/src/rendering/box.dart:2484:11)
#6      RenderShiftedBox.hitTestChildren.<anonymous closure> (package:flutter/src/rendering/shifted_box.dart:88:24)
#7      BoxHitTestResult.addWithPaintOffset (package:flutter/src/rendering/box.dart:800:31)
#8      RenderShiftedBox.hitTestChildren (package:flutter/src/rendering/shifted_box.dart:83:21)
#9      RenderBox.hitTest (package:flutter/src/rendering/box.dart:2484:11)
#10     RenderShiftedBox.hitTestChildren.<anonymous closure> (package:flutter/src/rendering/shifted_box.dart:88:24)
#11     BoxHitTestResult.addWithPaintOffset (package:flutter/src/rendering/box.dart:800:31)
#12     RenderShiftedBox.hitTestChildren (package:flutter/src/rendering/shifted_box.dart:83:21)
#13     RenderBox.hitTest (package:flutter/src/rendering/box.dart:2484:11)
#14     RenderShiftedBox.hitTestChildren.<anonymous closure> (package:flutter/src/rendering/shifted_box.dart:88:24)
#15     BoxHitTestResult.addWithPaintOffset (package:flutter/src/rendering/box.dart:800:31)
#16     RenderShiftedBox.hitTestChildren (package:flutter/src/rendering/shifted_box.dart:83:21)
#17     RenderBox.hitTest (package:flutter/src/rendering/box.dart:2484:11)
#18     RenderProxyBoxMixin.hitTestChildren (package:flutter/src/rendering/proxy_box.dart:117:19)
#19     RenderBox.hitTest (package:flutter/src/rendering/box.dart:2484:11)
#20     RenderProxyBoxMixin.hitTestChildren (package:flutter/src/rendering/proxy_box.dart:117:19)
#21     RenderBox.hitTest (package:flutter/src/rendering/box.dart:2484:11)
#22     RenderProxyBoxMixin.hitTestChildren (package:flutter/src/rendering/proxy_box.dart:117:19)
#23     RenderBox.hitTest (package:flutter/src/rendering/box.dart:2484:11)
#24     RenderIgnorePointer.hitTest (package:flutter/src/rendering/proxy_box.dart:3618:31)
#25     RenderProxyBoxMixin.hitTestChildren (package:flutter/src/rendering/proxy_box.dart:117:19)
#26     RenderBox.hitTest (package:flutter/src/rendering/box.dart:2484:11)
#27     RenderProxyBoxMixin.hitTestChildren (package:flutter/src/rendering/proxy_box.dart:117:19)
#28     RenderBox.hitTest (package:flutter/src/rendering/box.dart:2484:11)
#29     RenderProxyBoxMixin.hitTestChildren (package:flutter/src/rendering/proxy_box.dart:117:19)
#30     RenderBox.hitTest (package:flutter/src/rendering/box.dart:2484:11)
#31     RenderProxyBoxMixin.hitTestChildren (package:flutter/src/rendering/proxy_box.dart:117:19)
#32     RenderBox.hitTest (package:flutter/src/rendering/box.dart:2484:11)
#33     RenderOffstage.hitTest (package:flutter/src/rendering/proxy_box.dart:3747:31)
#34     RenderProxyBoxMixin.hitTestChildren (package:flutter/src/rendering/proxy_box.dart:117:19)
#35     RenderBox.hitTest (package:flutter/src/rendering/box.dart:2484:11)
#36     _RenderTheaterMixin.hitTestChildren.childHitTest (package:flutter/src/widgets/overlay.dart:897:81)
#37     BoxHitTestResult.addWithPaintOffset (package:flutter/src/rendering/box.dart:800:31)
#38     _RenderTheaterMixin.hitTestChildren (package:flutter/src/widgets/overlay.dart:898:22)
#39     RenderBox.hitTest (package:flutter/src/rendering/box.dart:2484:11)
#40     RenderProxyBoxMixin.hitTestChildren (package:flutter/src/rendering/proxy_box.dart:117:19)
#41     RenderBox.hitTest (package:flutter/src/rendering/box.dart:2484:11)
#42     RenderAbsorbPointer.hitTest (package:flutter/src/rendering/proxy_box.dart:3872:17)
#43     RenderProxyBoxMixin.hitTestChildren (package:flutter/src/rendering/proxy_box.dart:117:19)
#44     RenderProxyBoxWithHitTestBehavior.hitTest (package:flutter/src/rendering/proxy_box.dart:172:19)
#45     RenderProxyBoxMixin.hitTestChildren (package:flutter/src/rendering/proxy_box.dart:117:19)
#46     RenderBox.hitTest (package:flutter/src/rendering/box.dart:2484:11)
#47     RenderProxyBoxMixin.hitTestChildren (package:flutter/src/rendering/proxy_box.dart:117:19)
#48     RenderBox.hitTest (package:flutter/src/rendering/box.dart:2484:11)
#49     RenderProxyBoxMixin.hitTestChildren (package:flutter/src/rendering/proxy_box.dart:117:19)
#50     RenderBox.hitTest (package:flutter/src/rendering/box.dart:2484:11)
#51     RenderProxyBoxMixin.hitTestChildren (package:flutter/src/rendering/proxy_box.dart:117:19)
#52     RenderTapRegionSurface.hitTest (package:flutter/src/widgets/tap_region.dart:213:28)
#53     RenderProxyBoxMixin.hitTestChildren (package:flutter/src/rendering/proxy_box.dart:117:19)
#54     RenderBox.hitTest (package:flutter/src/rendering/box.dart:2484:11)
#55     RenderProxyBoxMixin.hitTestChildren (package:flutter/src/rendering/proxy_box.dart:117:19)
#56     RenderBox.hitTest (package:flutter/src/rendering/box.dart:2484:11)
#57     RenderProxyBoxMixin.hitTestChildren (package:flutter/src/rendering/proxy_box.dart:117:19)
#58     RenderBox.hitTest (package:flutter/src/rendering/box.dart:2484:11)
#59     RenderView.hitTest (package:flutter/src/rendering/view.dart:211:14)
#60     RendererBinding.hitTestInView (package:flutter/src/rendering/binding.dart:624:34)
#61     GestureBinding._handlePointerEventImmediately (package:flutter/src/gestures/binding.dart:384:7)
#62     GestureBinding.handlePointerEvent (package:flutter/src/gestures/binding.dart:376:5)
#63     GestureBinding._flushPointerEventQueue (package:flutter/src/gestures/binding.dart:323:7)
#64     GestureBinding._handlePointerDataPacket (package:flutter/src/gestures/binding.dart:292:9)
#65     _invoke1 (dart:ui/hooks.dart:186:13)
#66     PlatformDispatcher._dispatchPointerDataPacket (dart:ui/platform_dispatcher.dart:433:7)
#67     _dispatchPointerDataPacket (dart:ui/hooks.dart:119:31)
Cannot hit test a render box with no size.
The hitTest() method was called on this RenderBox: RenderConstrainedBox#84120 relayoutBoundary=up1:
  needs compositing
  creator: ConstrainedBox ← Align ← MediaQuery ← Padding ← AnimatedPadding ← Dialog ← AlertDialog ← WindowsAddOptionDialog ← Builder ← IconTheme ← IconButtonTheme ← DefaultTextStyle ← ⋯
  parentData: offset=Offset(0.0, 0.0) (can use size)
  constraints: BoxConstraints(0.0<=w<=928.0, 0.0<=h<=681.0)
  size: MISSING
  additionalConstraints: BoxConstraints(280.0<=w<=Infinity, 0.0<=h<=Infinity)
Although this node is not marked as needing layout, its size is not set.
A RenderBox object must have an explicit size before it can be hit-tested. Make sure that the RenderBox in question sets its size during layout.Cannot hit test a render box with no size.
The hitTest() method was called on this RenderBox: RenderConstrainedBox#84120 relayoutBoundary=up1:
  needs compositing
  creator: ConstrainedBox ← Align ← MediaQuery ← Padding ← AnimatedPadding ← Dialog ← AlertDialog ← WindowsAddOptionDialog ← Builder ← IconTheme ← IconButtonTheme ← DefaultTextStyle ← ⋯
  parentData: offset=Offset(0.0, 0.0) (can use size)
  constraints: BoxConstraints(0.0<=w<=928.0, 0.0<=h<=681.0)
  size: MISSING
  additionalConstraints: BoxConstraints(280.0<=w<=Infinity, 0.0<=h<=Infinity)
Although this node is not marked as needing layout, its size is not set.
A RenderBox object must have an explicit size before it can be hit-tested. Make sure that the RenderBox in question sets its size during layout.ckage:flutter/src/rendering/shifted_box.dart:83:21)
#9      RenderBox.hitTest (package:flutter/src/rendering/box.dart:2484:11)
#10     RenderShiftedBox.hitTestChildren.<anonymous closure> (package:flutter/src/rendering/shifted_box.dart:88:24)
#11     BoxHitTestResult.addWithPaintOffset (package:flutter/src/rendering/box.dart:800:31)
#12     RenderShiftedBox.hitTestChildren (package:flutter/src/rendering/shifted_box.dart:83:21)
#13     RenderBox.hitTest (package:flutter/src/rendering/box.dart:2484:11)
#14     RenderShiftedBox.hitTestChildren.<anonymous closure> (package:flutter/src/rendering/shifted_box.dart:88:24)
#15     BoxHitTestResult.addWithPaintOffset (package:flutter/src/rendering/box.dart:800:31)
#16     RenderShiftedBox.hitTestChildren (package:flutter/src/rendering/shifted_box.dart:83:21)
#17     RenderBox.hitTest (package:flutter/src/rendering/box.dart:2484:11)
#18     RenderProxyBoxMixin.hitTestChildren (package:flutter/src/rendering/proxy_box.dart:117:19)
#19     RenderBox.hitTest (package:flutter/src/rendering/box.dart:2484:11)
#20     RenderProxyBoxMixin.hitTestChildren (package:flutter/src/rendering/proxy_box.dart:117:19)
#21     RenderBox.hitTest (package:flutter/src/rendering/box.dart:2484:11)
#22     RenderProxyBoxMixin.hitTestChildren (package:flutter/src/rendering/proxy_box.dart:117:19)
#23     RenderBox.hitTest (package:flutter/src/rendering/box.dart:2484:11)
#24     RenderIgnorePointer.hitTest (package:flutter/src/rendering/proxy_box.dart:3618:31)
#25     RenderProxyBoxMixin.hitTestChildren (package:flutter/src/rendering/proxy_box.dart:117:19)
#26     RenderBox.hitTest (package:flutter/src/rendering/box.dart:2484:11)
#27     RenderProxyBoxMixin.hitTestChildren (package:flutter/src/rendering/proxy_box.dart:117:19)
#28     RenderBox.hitTest (package:flutter/src/rendering/box.dart:2484:11)
#29     RenderProxyBoxMixin.hitTestChildren (package:flutter/src/rendering/proxy_box.dart:117:19)
#30     RenderBox.hitTest (package:flutter/src/rendering/box.dart:2484:11)
#31     RenderProxyBoxMixin.hitTestChildren (package:flutter/src/rendering/proxy_box.dart:117:19)
#32     RenderBox.hitTest (package:flutter/src/rendering/box.dart:2484:11)
#33     RenderOffstage.hitTest (package:flutter/src/rendering/proxy_box.dart:3747:31)
#34     RenderProxyBoxMixin.hitTestChildren (package:flutter/src/rendering/proxy_box.dart:117:19)
#35     RenderBox.hitTest (package:flutter/src/rendering/box.dart:2484:11)
#36     _RenderTheaterMixin.hitTestChildren.childHitTest (package:flutter/src/widgets/overlay.dart:897:81)
#37     BoxHitTestResult.addWithPaintOffset (package:flutter/src/rendering/box.dart:800:31)
#38     _RenderTheaterMixin.hitTestChildren (package:flutter/src/widgets/overlay.dart:898:22)
#39     RenderBox.hitTest (package:flutter/src/rendering/box.dart:2484:11)
#40     RenderProxyBoxMixin.hitTestChildren (package:flutter/src/rendering/proxy_box.dart:117:19)
#41     RenderBox.hitTest (package:flutter/src/rendering/box.dart:2484:11)
#42     RenderAbsorbPointer.hitTest (package:flutter/src/rendering/proxy_box.dart:3872:17)
#43     RenderProxyBoxMixin.hitTestChildren (package:flutter/src/rendering/proxy_box.dart:117:19)
#44     RenderProxyBoxWithHitTestBehavior.hitTest (package:flutter/src/rendering/proxy_box.dart:172:19)
#45     RenderProxyBoxMixin.hitTestChildren (package:flutter/src/rendering/proxy_box.dart:117:19)
#46     RenderBox.hitTest (package:flutter/src/rendering/box.dart:2484:11)
#47     RenderProxyBoxMixin.hitTestChildren (package:flutter/src/rendering/proxy_box.dart:117:19)
#48     RenderBox.hitTest (package:flutter/src/rendering/box.dart:2484:11)
#49     RenderProxyBoxMixin.hitTestChildren (package:flutter/src/rendering/proxy_box.dart:117:19)
#50     RenderBox.hitTest (package:flutter/src/rendering/box.dart:2484:11)
#51     RenderProxyBoxMixin.hitTestChildren (package:flutter/src/rendering/proxy_box.dart:117:19)
#52     RenderTapRegionSurface.hitTest (package:flutter/src/widgets/tap_region.dart:213:28)
#53     RenderProxyBoxMixin.hitTestChildren (package:flutter/src/rendering/proxy_box.dart:117:19)
#54     RenderBox.hitTest (package:flutter/src/rendering/box.dart:2484:11)
#55     RenderProxyBoxMixin.hitTestChildren (package:flutter/src/rendering/proxy_box.dart:117:19)
#56     RenderBox.hitTest (package:flutter/src/rendering/box.dart:2484:11)
#57     RenderProxyBoxMixin.hitTestChildren (package:flutter/src/rendering/proxy_box.dart:117:19)
#58     RenderBox.hitTest (package:flutter/src/rendering/box.dart:2484:11)
#59     RenderView.hitTest (package:flutter/src/rendering/view.dart:211:14)
#60     RendererBinding.hitTestInView (package:flutter/src/rendering/binding.dart:624:34)
#61     GestureBinding._handlePointerEventImmediately (package:flutter/src/gestures/binding.dart:384:7)
#62     GestureBinding.handlePointerEvent (package:flutter/src/gestures/binding.dart:376:5)
#63     GestureBinding._flushPointerEventQueue (package:flutter/src/gestures/binding.dart:323:7)
#64     GestureBinding._handlePointerDataPacket (package:flutter/src/gestures/binding.dart:292:9)
#65     _invoke1 (dart:ui/hooks.dart:186:13)
#66     PlatformDispatcher._dispatchPointerDataPacket (dart:ui/platform_dispatcher.dart:433:7)
#67     _dispatchPointerDataPacket (dart:ui/hooks.dart:119:31)

0      RenderBox.hitTest.<anonymous closure> (package:flutter/src/rendering/box.dart:2467:9)
#1      RenderBox.hitTest (package:flutter/src/rendering/box.dart:2482:6)
#2      RenderShiftedBox.hitTestChildren.<anonymous closure> (package:flutter/src/rendering/shifted_box.dart:88:24)
#3      BoxHitTestResult.addWithPaintOffset (package:flutter/src/rendering/box.dart:800:31)
#4      RenderShiftedBox.hitTestChildren (package:flutter/src/rendering/shifted_box.dart:83:21)
#5      RenderBox.hitTest (package:flutter/src/rendering/box.dart:2484:11)
#6      RenderShiftedBox.hitTestChildren.<anonymous closure> (package:flutter/src/rendering/shifted_box.dart:88:24)
#7      BoxHitTestResult.addWithPaintOffset (package:flutter/src/rendering/box.dart:800:31)
#8      RenderShiftedBox.hitTestChildren (package:flutter/src/rendering/shifted_box.dart:83:21)
#9      RenderBox.hitTest (package:flutter/src/rendering/box.dart:2484:11)
#10     RenderShiftedBox.hitTestChildren.<anonymous closure> (package:flutter/src/rendering/shifted_box.dart:88:24)
#11     BoxHitTestResult.addWithPaintOffset (package:flutter/src/rendering/box.dart:800:31)
#12     RenderShiftedBox.hitTestChildren (package:flutter/src/rendering/shifted_box.dart:83:21)
#13     RenderBox.hitTest (package:flutter/src/rendering/box.dart:2484:11)
#14     RenderShiftedBox.hitTestChildren.<anonymous closure> (package:flutter/src/rendering/shifted_box.dart:88:24)
#15     BoxHitTestResult.addWithPaintOffset (package:flutter/src/rendering/box.dart:800:31)
#16     RenderShiftedBox.hitTestChildren (package:flutter/src/rendering/shifted_box.dart:83:21)
#17     RenderBox.hitTest (package:flutter/src/rendering/box.dart:2484:11)
#18     RenderProxyBoxMixin.hitTestChildren (package:flutter/src/rendering/proxy_box.dart:117:19)
#19     RenderBox.hitTest (package:flutter/src/rendering/box.dart:2484:11)
#20     RenderProxyBoxMixin.hitTestChildren (package:flutter/src/rendering/proxy_box.dart:117:19)
#21     RenderBox.hitTest (package:flutter/src/rendering/box.dart:2484:11)
#22     RenderProxyBoxMixin.hitTestChildren (package:flutter/src/rendering/proxy_box.dart:117:19)
#23     RenderBox.hitTest (package:flutter/src/rendering/box.dart:2484:11)
#24     RenderIgnorePointer.hitTest (package:flutter/src/rendering/proxy_box.dart:3618:31)
#25     RenderProxyBoxMixin.hitTestChildren (package:flutter/src/rendering/proxy_box.dart:117:19)
#26     RenderBox.hitTest (package:flutter/src/rendering/box.dart:2484:11)
#27     RenderProxyBoxMixin.hitTestChildren (package:flutter/src/rendering/proxy_box.dart:117:19)
#28     RenderBox.hitTest (package:flutter/src/rendering/box.dart:2484:11)
#29     RenderProxyBoxMixin.hitTestChildren (package:flutter/src/rendering/proxy_box.dart:117:19)
#30     RenderBox.hitTest (package:flutter/src/rendering/box.dart:2484:11)
#31     RenderProxyBoxMixin.hitTestChildren (package:flutter/src/rendering/proxy_box.dart:117:19)
#32     RenderBox.hitTest (package:flutter/src/rendering/box.dart:2484:11)
#33     RenderOffstage.hitTest (package:flutter/src/rendering/proxy_box.dart:3747:31)
#34     RenderProxyBoxMixin.hitTestChildren (package:flutter/src/rendering/proxy_box.dart:117:19)
#35     RenderBox.hitTest (package:flutter/src/rendering/box.dart:2484:11)
#36     _RenderTheaterMixin.hitTestChildren.childHitTest (package:flutter/src/widgets/overlay.dart:897:81)
#37     BoxHitTestResult.addWithPaintOffset (package:flutter/src/rendering/box.dart:800:31)
#38     _RenderTheaterMixin.hitTestChildren (package:flutter/src/widgets/overlay.dart:898:22)
#39     RenderBox.hitTest (package:flutter/src/rendering/box.dart:2484:11)
#40     RenderProxyBoxMixin.hitTestChildren (package:flutter/src/rendering/proxy_box.dart:117:19)
#41     RenderBox.hitTest (package:flutter/src/rendering/box.dart:2484:11)
#42     RenderAbsorbPointer.hitTest (package:flutter/src/rendering/proxy_box.dart:3872:17)
#43     RenderProxyBoxMixin.hitTestChildren (package:flutter/src/rendering/proxy_box.dart:117:19)
#44     RenderProxyBoxWithHitTestBehavior.hitTest (package:flutter/src/rendering/proxy_box.dart:172:19)
#45     RenderProxyBoxMixin.hitTestChildren (package:flutter/src/rendering/proxy_box.dart:117:19)
#46     RenderBox.hitTest (package:flutter/src/rendering/box.dart:2484:11)
#47     RenderProxyBoxMixin.hitTestChildren (package:flutter/src/rendering/proxy_box.dart:117:19)
#48     RenderBox.hitTest (package:flutter/src/rendering/box.dart:2484:11)
#49     RenderProxyBoxMixin.hitTestChildren (package:flutter/src/rendering/proxy_box.dart:117:19)
#50     RenderBox.hitTest (package:flutter/src/rendering/box.dart:2484:11)
#51     RenderProxyBoxMixin.hitTestChildren (package:flutter/src/rendering/proxy_box.dart:117:19)
#52     RenderTapRegionSurface.hitTest (package:flutter/src/widgets/tap_region.dart:213:28)
#53     RenderProxyBoxMixin.hitTestChildren (package:flutter/src/rendering/proxy_box.dart:117:19)
#54     RenderBox.hitTest (package:flutter/src/rendering/box.dart:2484:11)
#55     RenderProxyBoxMixin.hitTestChildren (package:flutter/src/rendering/proxy_box.dart:117:19)
#56     RenderBox.hitTest (package:flutter/src/rendering/box.dart:2484:11)
#57     RenderProxyBoxMixin.hitTestChildren (package:flutter/src/rendering/proxy_box.dart:117:19)
#58     RenderBox.hitTest (package:flutter/src/rendering/box.dart:2484:11)
#59     RenderView.hitTest (package:flutter/src/rendering/view.dart:211:14)
#60     RendererBinding.hitTestInView (package:flutter/src/rendering/binding.dart:624:34)
#61     GestureBinding._handlePointerEventImmediately (package:flutter/src/gestures/binding.dart:384:7)
#62     GestureBinding.handlePointerEvent (package:flutter/src/gestures/binding.dart:376:5)
#63     GestureBinding._flushPointerEventQueue (package:flutter/src/gestures/binding.dart:323:7)
#64     GestureBinding._handlePointerDataPacket (package:flutter/src/gestures/binding.dart:292:9)
#65     _invoke1 (dart:ui/hooks.dart:186:13)
#66     PlatformDispatcher._dispatchPointerDataPacket (dart:ui/platform_dispatcher.dart:433:7)
#67     _dispatchPointerDataPacket (dart:ui/hooks.dart:119:31)

2023.08.11 23:22:00]Test.<anonymous closure> (package:flutter/src/rendering/box.dart:2467:9)
#1      RenderBox.hitTest (package:flutter/src/rendering/box.dart:2482:6)
#2      RenderShiftedBox.hitTestChildren.<anonymous closure> (package:flutter/src/rendering/shifted_box.dart:88:24)
#3      BoxHitTestResult.addWithPaintOffset (package:flutter/src/rendering/box.dart:800:31)
#4      RenderShiftedBox.hitTestChildren (package:flutter/src/rendering/shifted_box.dart:83:21)
#5      RenderBox.hitTest (package:flutter/src/rendering/box.dart:2484:11)
#6      RenderShiftedBox.hitTestChildren.<anonymous closure> (package:flutter/src/rendering/shifted_box.dart:88:24)
#7      BoxHitTestResult.addWithPaintOffset (package:flutter/src/rendering/box.dart:800:31)
#8      RenderShiftedBox.hitTestChildren (package:flutter/src/rendering/shifted_box.dart:83:21)
#9      RenderBox.hitTest (package:flutter/src/rendering/box.dart:2484:11)
#10     RenderShiftedBox.hitTestChildren.<anonymous closure> (package:flutter/src/rendering/shifted_box.dart:88:24)
#11     BoxHitTestResult.addWithPaintOffset (package:flutter/src/rendering/box.dart:800:31)
#12     RenderShiftedBox.hitTestChildren (package:flutter/src/rendering/shifted_box.dart:83:21)
#13     RenderBox.hitTest (package:flutter/src/rendering/box.dart:2484:11)
#14     RenderShiftedBox.hitTestChildren.<anonymous closure> (package:flutter/src/rendering/shifted_box.dart:88:24)
#15     BoxHitTestResult.addWithPaintOffset (package:flutter/src/rendering/box.dart:800:31)
#16     RenderShiftedBox.hitTestChildren (package:flutter/src/rendering/shifted_box.dart:83:21)
#17     RenderBox.hitTest (package:flutter/src/rendering/box.dart:2484:11)
#18     RenderProxyBoxMixin.hitTestChildren (package:flutter/src/rendering/proxy_box.dart:117:19)
#19     RenderBox.hitTest (package:flutter/src/rendering/box.dart:2484:11)
#20     RenderProxyBoxMixin.hitTestChildren (package:flutter/src/rendering/proxy_box.dart:117:19)
#21     RenderBox.hitTest (package:flutter/src/rendering/box.dart:2484:11)
#22     RenderProxyBoxMixin.hitTestChildren (package:flutter/src/rendering/proxy_box.dart:117:19)
#23     RenderBox.hitTest (package:flutter/src/rendering/box.dart:2484:11)
#24     RenderIgnorePointer.hitTest (package:flutter/src/rendering/proxy_box.dart:3618:31)
#25     RenderProxyBoxMixin.hitTestChildren (package:flutter/src/rendering/proxy_box.dart:117:19)
#26     RenderBox.hitTest (package:flutter/src/rendering/box.dart:2484:11)
#27     RenderProxyBoxMixin.hitTestChildren (package:flutter/src/rendering/proxy_box.dart:117:19)
#28     RenderBox.hitTest (package:flutter/src/rendering/box.dart:2484:11)
#29     RenderProxyBoxMixin.hitTestChildren (package:flutter/src/rendering/proxy_box.dart:117:19)
#30     RenderBox.hitTest (package:flutter/src/rendering/box.dart:2484:11)
#31     RenderProxyBoxMixin.hitTestChildren (package:flutter/src/rendering/proxy_box.dart:117:19)
#32     RenderBox.hitTest (package:flutter/src/rendering/box.dart:2484:11)
#33     RenderOffstage.hitTest (package:flutter/src/rendering/proxy_box.dart:3747:31)
#34     RenderProxyBoxMixin.hitTestChildren (package:flutter/src/rendering/proxy_box.dart:117:19)
#35     RenderBox.hitTest (package:flutter/src/rendering/box.dart:2484:11)
#36     _RenderTheaterMixin.hitTestChildren.childHitTest (package:flutter/src/widgets/overlay.dart:897:81)
#37     BoxHitTestResult.addWithPaintOffset (package:flutter/src/rendering/box.dart:800:31)
#38     _RenderTheaterMixin.hitTestChildren (package:flutter/src/widgets/overlay.dart:898:22)
#39     RenderBox.hitTest (package:flutter/src/rendering/box.dart:2484:11)
#40     RenderProxyBoxMixin.hitTestChildren (package:flutter/src/rendering/proxy_box.dart:117:19)
#41     RenderBox.hitTest (package:flutter/src/rendering/box.dart:2484:11)
#42     RenderAbsorbPointer.hitTest (package:flutter/src/rendering/proxy_box.dart:3872:17)
#43     RenderProxyBoxMixin.hitTestChildren (package:flutter/src/rendering/proxy_box.dart:117:19)
#44     RenderProxyBoxWithHitTestBehavior.hitTest (package:flutter/src/rendering/proxy_box.dart:172:19)
#45     RenderProxyBoxMixin.hitTestChildren (package:flutter/src/rendering/proxy_box.dart:117:19)
#46     RenderBox.hitTest (package:flutter/src/rendering/box.dart:2484:11)
#47     RenderProxyBoxMixin.hitTestChildren (package:flutter/src/rendering/proxy_box.dart:117:19)
#48     RenderBox.hitTest (package:flutter/src/rendering/box.dart:2484:11)
#49     RenderProxyBoxMixin.hitTestChildren (package:flutter/src/rendering/proxy_box.dart:117:19)
#50     RenderBox.hitTest (package:flutter/src/rendering/box.dart:2484:11)
#51     RenderProxyBoxMixin.hitTestChildren (package:flutter/src/rendering/proxy_box.dart:117:19)
#52     RenderTapRegionSurface.hitTest (package:flutter/src/widgets/tap_region.dart:213:28)
#53     RenderProxyBoxMixin.hitTestChildren (package:flutter/src/rendering/proxy_box.dart:117:19)
#54     RenderBox.hitTest (package:flutter/src/rendering/box.dart:2484:11)
#55     RenderProxyBoxMixin.hitTestChildren (package:flutter/src/rendering/proxy_box.dart:117:19)
#56     RenderBox.hitTest (package:flutter/src/rendering/box.dart:2484:11)
#57     RenderProxyBoxMixin.hitTestChildren (package:flutter/src/rendering/proxy_box.dart:117:19)
#58     RenderBox.hitTest (package:flutter/src/rendering/box.dart:2484:11)
#59     RenderView.hitTest (package:flutter/src/rendering/view.dart:211:14)
#60     RendererBinding.hitTestInView (package:flutter/src/rendering/binding.dart:624:34)
#61     GestureBinding._handlePointerEventImmediately (package:flutter/src/gestures/binding.dart:384:7)
#62     GestureBinding.handlePointerEvent (package:flutter/src/gestures/binding.dart:376:5)
#63     GestureBinding._flushPointerEventQueue (package:flutter/src/gestures/binding.dart:323:7)
#64     GestureBinding._handlePointerDataPacket (package:flutter/src/gestures/binding.dart:292:9)
#65     _invoke1 (dart:ui/hooks.dart:186:13)
#66     PlatformDispatcher._dispatchPointerDataPacket (dart:ui/platform_dispatcher.dart:433:7)
#67     _dispatchPointerDataPacket (dart:ui/hooks.dart:119:31)
Cannot hit test a render box with no size.
The hitTest() method was called on this RenderBox: RenderConstrainedBox#84120 relayoutBoundary=up1:
  needs compositing
  creator: ConstrainedBox ← Align ← MediaQuery ← Padding ← AnimatedPadding ← Dialog ← AlertDialog ← WindowsAddOptionDialog ← Builder ← IconTheme ← IconButtonTheme ← DefaultTextStyle ← ⋯
  parentData: offset=Offset(0.0, 0.0) (can use size)
  constraints: BoxConstraints(0.0<=w<=928.0, 0.0<=h<=681.0)
  size: MISSING
  additionalConstraints: BoxConstraints(280.0<=w<=Infinity, 0.0<=h<=Infinity)
Although this node is not marked as needing layout, its size is not set.
A RenderBox object must have an explicit size before it can be hit-tested. Make sure that the RenderBox in question sets its size during layout.Cannot hit test a render box with no size.
The hitTest() method was called on this RenderBox: RenderConstrainedBox#84120 relayoutBoundary=up1:
  needs compositing
  creator: ConstrainedBox ← Align ← MediaQuery ← Padding ← AnimatedPadding ← Dialog ← AlertDialog ← WindowsAddOptionDialog ← Builder ← IconTheme ← IconButtonTheme ← DefaultTextStyle ← ⋯
  parentData: offset=Offset(0.0, 0.0) (can use size)
  constraints: BoxConstraints(0.0<=w<=928.0, 0.0<=h<=681.0)
  size: MISSING
  additionalConstraints: BoxConstraints(280.0<=w<=Infinity, 0.0<=h<=Infinity)
Although this node is not marked as needing layout, its size is not set.
A RenderBox object must have an explicit size before it can be hit-tested. Make sure that the RenderBox in question sets its size during layout.ckage:flutter/src/rendering/shifted_box.dart:83:21)
#9      RenderBox.hitTest (package:flutter/src/rendering/box.dart:2484:11)
#10     RenderShiftedBox.hitTestChildren.<anonymous closure> (package:flutter/src/rendering/shifted_box.dart:88:24)
#11     BoxHitTestResult.addWithPaintOffset (package:flutter/src/rendering/box.dart:800:31)
#12     RenderShiftedBox.hitTestChildren (package:flutter/src/rendering/shifted_box.dart:83:21)
#13     RenderBox.hitTest (package:flutter/src/rendering/box.dart:2484:11)
#14     RenderShiftedBox.hitTestChildren.<anonymous closure> (package:flutter/src/rendering/shifted_box.dart:88:24)
#15     BoxHitTestResult.addWithPaintOffset (package:flutter/src/rendering/box.dart:800:31)
#16     RenderShiftedBox.hitTestChildren (package:flutter/src/rendering/shifted_box.dart:83:21)
#17     RenderBox.hitTest (package:flutter/src/rendering/box.dart:2484:11)
#18     RenderProxyBoxMixin.hitTestChildren (package:flutter/src/rendering/proxy_box.dart:117:19)
#19     RenderBox.hitTest (package:flutter/src/rendering/box.dart:2484:11)
#20     RenderProxyBoxMixin.hitTestChildren (package:flutter/src/rendering/proxy_box.dart:117:19)
#21     RenderBox.hitTest (package:flutter/src/rendering/box.dart:2484:11)
#22     RenderProxyBoxMixin.hitTestChildren (package:flutter/src/rendering/proxy_box.dart:117:19)
#23     RenderBox.hitTest (package:flutter/src/rendering/box.dart:2484:11)
#24     RenderIgnorePointer.hitTest (package:flutter/src/rendering/proxy_box.dart:3618:31)
#25     RenderProxyBoxMixin.hitTestChildren (package:flutter/src/rendering/proxy_box.dart:117:19)
#26     RenderBox.hitTest (package:flutter/src/rendering/box.dart:2484:11)
#27     RenderProxyBoxMixin.hitTestChildren (package:flutter/src/rendering/proxy_box.dart:117:19)
#28     RenderBox.hitTest (package:flutter/src/rendering/box.dart:2484:11)
#29     RenderProxyBoxMixin.hitTestChildren (package:flutter/src/rendering/proxy_box.dart:117:19)
#30     RenderBox.hitTest (package:flutter/src/rendering/box.dart:2484:11)
#31     RenderProxyBoxMixin.hitTestChildren (package:flutter/src/rendering/proxy_box.dart:117:19)
#32     RenderBox.hitTest (package:flutter/src/rendering/box.dart:2484:11)
#33     RenderOffstage.hitTest (package:flutter/src/rendering/proxy_box.dart:3747:31)
#34     RenderProxyBoxMixin.hitTestChildren (package:flutter/src/rendering/proxy_box.dart:117:19)
#35     RenderBox.hitTest (package:flutter/src/rendering/box.dart:2484:11)
#36     _RenderTheaterMixin.hitTestChildren.childHitTest (package:flutter/src/widgets/overlay.dart:897:81)
#37     BoxHitTestResult.addWithPaintOffset (package:flutter/src/rendering/box.dart:800:31)
#38     _RenderTheaterMixin.hitTestChildren (package:flutter/src/widgets/overlay.dart:898:22)
#39     RenderBox.hitTest (package:flutter/src/rendering/box.dart:2484:11)
#40     RenderProxyBoxMixin.hitTestChildren (package:flutter/src/rendering/proxy_box.dart:117:19)
#41     RenderBox.hitTest (package:flutter/src/rendering/box.dart:2484:11)
#42     RenderAbsorbPointer.hitTest (package:flutter/src/rendering/proxy_box.dart:3872:17)
#43     RenderProxyBoxMixin.hitTestChildren (package:flutter/src/rendering/proxy_box.dart:117:19)
#44     RenderProxyBoxWithHitTestBehavior.hitTest (package:flutter/src/rendering/proxy_box.dart:172:19)
#45     RenderProxyBoxMixin.hitTestChildren (package:flutter/src/rendering/proxy_box.dart:117:19)
#46     RenderBox.hitTest (package:flutter/src/rendering/box.dart:2484:11)
#47     RenderProxyBoxMixin.hitTestChildren (package:flutter/src/rendering/proxy_box.dart:117:19)
#48     RenderBox.hitTest (package:flutter/src/rendering/box.dart:2484:11)
#49     RenderProxyBoxMixin.hitTestChildren (package:flutter/src/rendering/proxy_box.dart:117:19)
#50     RenderBox.hitTest (package:flutter/src/rendering/box.dart:2484:11)
#51     RenderProxyBoxMixin.hitTestChildren (package:flutter/src/rendering/proxy_box.dart:117:19)
#52     RenderTapRegionSurface.hitTest (package:flutter/src/widgets/tap_region.dart:213:28)
#53     RenderProxyBoxMixin.hitTestChildren (package:flutter/src/rendering/proxy_box.dart:117:19)
#54     RenderBox.hitTest (package:flutter/src/rendering/box.dart:2484:11)
#55     RenderProxyBoxMixin.hitTestChildren (package:flutter/src/rendering/proxy_box.dart:117:19)
#56     RenderBox.hitTest (package:flutter/src/rendering/box.dart:2484:11)
#57     RenderProxyBoxMixin.hitTestChildren (package:flutter/src/rendering/proxy_box.dart:117:19)
#58     RenderBox.hitTest (package:flutter/src/rendering/box.dart:2484:11)
#59     RenderView.hitTest (package:flutter/src/rendering/view.dart:211:14)
#60     RendererBinding.hitTestInView (package:flutter/src/rendering/binding.dart:624:34)
#61     GestureBinding._handlePointerEventImmediately (package:flutter/src/gestures/binding.dart:384:7)
#62     GestureBinding.handlePointerEvent (package:flutter/src/gestures/binding.dart:376:5)
#63     GestureBinding._flushPointerEventQueue (package:flutter/src/gestures/binding.dart:323:7)
#64     GestureBinding._handlePointerDataPacket (package:flutter/src/gestures/binding.dart:292:9)
#65     _invoke1 (dart:ui/hooks.dart:186:13)
#66     PlatformDispatcher._dispatchPointerDataPacket (dart:ui/platform_dispatcher.dart:433:7)
#67     _dispatchPointerDataPacket (dart:ui/hooks.dart:119:31)
#0      RenderBox.hitTest.<anonymous closure> (package:flutter/src/rendering/box.dart:2467:9)
#1      RenderBox.hitTest (package:flutter/src/rendering/box.dart:2482:6)
#2      RenderShiftedBox.hitTestChildren.<anonymous closure> (package:flutter/src/rendering/shifted_box.dart:88:24)
#3      BoxHitTestResult.addWithPaintOffset (package:flutter/src/rendering/box.dart:800:31)
#4      RenderShiftedBox.hitTestChildren (package:flutter/src/rendering/shifted_box.dart:83:21)
#5      RenderBox.hitTest (package:flutter/src/rendering/box.dart:2484:11)
#6      RenderShiftedBox.hitTestChildren.<anonymous closure> (package:flutter/src/rendering/shifted_box.dart:88:24)
#7      BoxHitTestResult.addWithPaintOffset (package:flutter/src/rendering/box.dart:800:31)
#8      RenderShiftedBox.hitTestChildren (package:flutter/src/rendering/shifted_box.dart:83:21)
#9      RenderBox.hitTest (package:flutter/src/rendering/box.dart:2484:11)
#10     RenderShiftedBox.hitTestChildren.<anonymous closure> (package:flutter/src/rendering/shifted_box.dart:88:24)
#11     BoxHitTestResult.addWithPaintOffset (package:flutter/src/rendering/box.dart:800:31)
#12     RenderShiftedBox.hitTestChildren (package:flutter/src/rendering/shifted_box.dart:83:21)
#13     RenderBox.hitTest (package:flutter/src/rendering/box.dart:2484:11)
#14     RenderShiftedBox.hitTestChildren.<anonymous closure> (package:flutter/src/rendering/shifted_box.dart:88:24)
#15     BoxHitTestResult.addWithPaintOffset (package:flutter/src/rendering/box.dart:800:31)
#16     RenderShiftedBox.hitTestChildren (package:flutter/src/rendering/shifted_box.dart:83:21)
#17     RenderBox.hitTest (package:flutter/src/rendering/box.dart:2484:11)
#18     RenderProxyBoxMixin.hitTestChildren (package:flutter/src/rendering/proxy_box.dart:117:19)
#19     RenderBox.hitTest (package:flutter/src/rendering/box.dart:2484:11)
#20     RenderProxyBoxMixin.hitTestChildren (package:flutter/src/rendering/proxy_box.dart:117:19)
#21     RenderBox.hitTest (package:flutter/src/rendering/box.dart:2484:11)
#22     RenderProxyBoxMixin.hitTestChildren (package:flutter/src/rendering/proxy_box.dart:117:19)
#23     RenderBox.hitTest (package:flutter/src/rendering/box.dart:2484:11)
#24     RenderIgnorePointer.hitTest (package:flutter/src/rendering/proxy_box.dart:3618:31)
#25     RenderProxyBoxMixin.hitTestChildren (package:flutter/src/rendering/proxy_box.dart:117:19)
#26     RenderBox.hitTest (package:flutter/src/rendering/box.dart:2484:11)
#27     RenderProxyBoxMixin.hitTestChildren (package:flutter/src/rendering/proxy_box.dart:117:19)
#28     RenderBox.hitTest (package:flutter/src/rendering/box.dart:2484:11)
#29     RenderProxyBoxMixin.hitTestChildren (package:flutter/src/rendering/proxy_box.dart:117:19)
#30     RenderBox.hitTest (package:flutter/src/rendering/box.dart:2484:11)
#31     RenderProxyBoxMixin.hitTestChildren (package:flutter/src/rendering/proxy_box.dart:117:19)
#32     RenderBox.hitTest (package:flutter/src/rendering/box.dart:2484:11)
#33     RenderOffstage.hitTest (package:flutter/src/rendering/proxy_box.dart:3747:31)
#34     RenderProxyBoxMixin.hitTestChildren (package:flutter/src/rendering/proxy_box.dart:117:19)
#35     RenderBox.hitTest (package:flutter/src/rendering/box.dart:2484:11)
#36     _RenderTheaterMixin.hitTestChildren.childHitTest (package:flutter/src/widgets/overlay.dart:897:81)
#37     BoxHitTestResult.addWithPaintOffset (package:flutter/src/rendering/box.dart:800:31)
#38     _RenderTheaterMixin.hitTestChildren (package:flutter/src/widgets/overlay.dart:898:22)
#39     RenderBox.hitTest (package:flutter/src/rendering/box.dart:2484:11)
#40     RenderProxyBoxMixin.hitTestChildren (package:flutter/src/rendering/proxy_box.dart:117:19)
#41     RenderBox.hitTest (package:flutter/src/rendering/box.dart:2484:11)
#42     RenderAbsorbPointer.hitTest (package:flutter/src/rendering/proxy_box.dart:3872:17)
#43     RenderProxyBoxMixin.hitTestChildren (package:flutter/src/rendering/proxy_box.dart:117:19)
#44     RenderProxyBoxWithHitTestBehavior.hitTest (package:flutter/src/rendering/proxy_box.dart:172:19)
#45     RenderProxyBoxMixin.hitTestChildren (package:flutter/src/rendering/proxy_box.dart:117:19)
#46     RenderBox.hitTest (package:flutter/src/rendering/box.dart:2484:11)
#47     RenderProxyBoxMixin.hitTestChildren (package:flutter/src/rendering/proxy_box.dart:117:19)
#48     RenderBox.hitTest (package:flutter/src/rendering/box.dart:2484:11)
#49     RenderProxyBoxMixin.hitTestChildren (package:flutter/src/rendering/proxy_box.dart:117:19)
#50     RenderBox.hitTest (package:flutter/src/rendering/box.dart:2484:11)
#51     RenderProxyBoxMixin.hitTestChildren (package:flutter/src/rendering/proxy_box.dart:117:19)
#52     RenderTapRegionSurface.hitTest (package:flutter/src/widgets/tap_region.dart:213:28)
#53     RenderProxyBoxMixin.hitTestChildren (package:flutter/src/rendering/proxy_box.dart:117:19)
#54     RenderBox.hitTest (package:flutter/src/rendering/box.dart:2484:11)
#55     RenderProxyBoxMixin.hitTestChildren (package:flutter/src/rendering/proxy_box.dart:117:19)
#56     RenderBox.hitTest (package:flutter/src/rendering/box.dart:2484:11)
#57     RenderProxyBoxMixin.hitTestChildren (package:flutter/src/rendering/proxy_box.dart:117:19)
#58     RenderBox.hitTest (package:flutter/src/rendering/box.dart:2484:11)
#59     RenderView.hitTest (package:flutter/src/rendering/view.dart:211:14)
#60     RendererBinding.hitTestInView (package:flutter/src/rendering/binding.dart:624:34)
#61     GestureBinding._handlePointerEventImmediately (package:flutter/src/gestures/binding.dart:384:7)
#62     GestureBinding.handlePointerEvent (package:flutter/src/gestures/binding.dart:376:5)
#63     GestureBinding._flushPointerEventQueue (package:flutter/src/gestures/binding.dart:323:7)
#64     GestureBinding._handlePointerDataPacket (package:flutter/src/gestures/binding.dart:292:9)
#65     _invoke1 (dart:ui/hooks.dart:186:13)
#66     PlatformDispatcher._dispatchPointerDataPacket (dart:ui/platform_dispatcher.dart:433:7)
#67     _dispatchPointerDataPacket (dart:ui/hooks.dart:119:31)
Cannot hit test a render box with no size.
The hitTest() method was called on this RenderBox: RenderConstrainedBox#84120 relayoutBoundary=up1:
  needs compositing
  creator: ConstrainedBox ← Align ← MediaQuery ← Padding ← AnimatedPadding ← Dialog ← AlertDialog ← WindowsAddOptionDialog ← Builder ← IconTheme ← IconButtonTheme ← DefaultTextStyle ← ⋯
  parentData: offset=Offset(0.0, 0.0) (can use size)
  constraints: BoxConstraints(0.0<=w<=928.0, 0.0<=h<=681.0)
  size: MISSING
  additionalConstraints: BoxConstraints(280.0<=w<=Infinity, 0.0<=h<=Infinity)
Although this node is not marked as needing layout, its size is not set.
A RenderBox object must have an explicit size before it can be hit-tested. Make sure that the RenderBox in question sets its size during layout.'package:flutter/src/rendering/mouse_tracker.dart': Failed assertion: line 205 pos 12: '!_debugDuringDeviceUpdate': is not true.:flutter/src/rendering/box.dart:2482:6)
#2      RenderShiftedBox.hitTestChildren.<anonymous closure> (package:flutter/src/rendering/shifted_box.dart:88:24)
#3      BoxHitTestResult.addWithPaintOffset (package:flutter/src/rendering/box.dart:800:31)
#4      RenderShiftedBox.hitTestChildren (package:flutter/src/rendering/shifted_box.dart:83:21)
#5      RenderBox.hitTest (package:flutter/src/rendering/box.dart:2484:11)
#6      RenderShiftedBox.hitTestChildren.<anonymous closure> (package:flutter/src/rendering/shifted_box.dart:88:24)
#7      BoxHitTestResult.addWithPaintOffset (package:flutter/src/rendering/box.dart:800:31)
#8      RenderShiftedBox.hitTestChildren (package:flutter/src/rendering/shifted_box.dart:83:21)
#9      RenderBox.hitTest (package:flutter/src/rendering/box.dart:2484:11)
#10     RenderShiftedBox.hitTestChildren.<anonymous closure> (package:flutter/src/rendering/shifted_box.dart:88:24)
#11     BoxHitTestResult.addWithPaintOffset (package:flutter/src/rendering/box.dart:800:31)
#12     RenderShiftedBox.hitTestChildren (package:flutter/src/rendering/shifted_box.dart:83:21)
#13     RenderBox.hitTest (package:flutter/src/rendering/box.dart:2484:11)
#14     RenderShiftedBox.hitTestChildren.<anonymous closure> (package:flutter/src/rendering/shifted_box.dart:88:24)
#15     BoxHitTestResult.addWithPaintOffset (package:flutter/src/rendering/box.dart:800:31)
#16     RenderShiftedBox.hitTestChildren (package:flutter/src/rendering/shifted_box.dart:83:21)
#17     RenderBox.hitTest (package:flutter/src/rendering/box.dart:2484:11)
#18     RenderProxyBoxMixin.hitTestChildren (package:flutter/src/rendering/proxy_box.dart:117:19)
#19     RenderBox.hitTest (package:flutter/src/rendering/box.dart:2484:11)
#20     RenderProxyBoxMixin.hitTestChildren (package:flutter/src/rendering/proxy_box.dart:117:19)
#21     RenderBox.hitTest (package:flutter/src/rendering/box.dart:2484:11)
#22     RenderProxyBoxMixin.hitTestChildren (package:flutter/src/rendering/proxy_box.dart:117:19)
#23     RenderBox.hitTest (package:flutter/src/rendering/box.dart:2484:11)
#24     RenderIgnorePointer.hitTest (package:flutter/src/rendering/proxy_box.dart:3618:31)
#25     RenderProxyBoxMixin.hitTestChildren (package:flutter/src/rendering/proxy_box.dart:117:19)
#26     RenderBox.hitTest (package:flutter/src/rendering/box.dart:2484:11)
#27     RenderProxyBoxMixin.hitTestChildren (package:flutter/src/rendering/proxy_box.dart:117:19)
#28     RenderBox.hitTest (package:flutter/src/rendering/box.dart:2484:11)
#29     RenderProxyBoxMixin.hitTestChildren (package:flutter/src/rendering/proxy_box.dart:117:19)
#30     RenderBox.hitTest (package:flutter/src/rendering/box.dart:2484:11)
#31     RenderProxyBoxMixin.hitTestChildren (package:flutter/src/rendering/proxy_box.dart:117:19)
#32     RenderBox.hitTest (package:flutter/src/rendering/box.dart:2484:11)
#33     RenderOffstage.hitTest (package:flutter/src/rendering/proxy_box.dart:3747:31)
#34     RenderProxyBoxMixin.hitTestChildren (package:flutter/src/rendering/proxy_box.dart:117:19)
#35     RenderBox.hitTest (package:flutter/src/rendering/box.dart:2484:11)
#36     _RenderTheaterMixin.hitTestChildren.childHitTest (package:flutter/src/widgets/overlay.dart:897:81)
#37     BoxHitTestResult.addWithPaintOffset (package:flutter/src/rendering/box.dart:800:31)
#38     _RenderTheaterMixin.hitTestChildren (package:flutter/src/widgets/overlay.dart:898:22)
#39     RenderBox.hitTest (package:flutter/src/rendering/box.dart:2484:11)
#40     RenderProxyBoxMixin.hitTestChildren (package:flutter/src/rendering/proxy_box.dart:117:19)
#41     RenderBox.hitTest (package:flutter/src/rendering/box.dart:2484:11)
#42     RenderAbsorbPointer.hitTest (package:flutter/src/rendering/proxy_box.dart:3872:17)
#43     RenderProxyBoxMixin.hitTestChildren (package:flutter/src/rendering/proxy_box.dart:117:19)
#44     RenderProxyBoxWithHitTestBehavior.hitTest (package:flutter/src/rendering/proxy_box.dart:172:19)
#45     RenderProxyBoxMixin.hitTestChildren (package:flutter/src/rendering/proxy_box.dart:117:19)
#46     RenderBox.hitTest (package:flutter/src/rendering/box.dart:2484:11)
#47     RenderProxyBoxMixin.hitTestChildren (package:flutter/src/rendering/proxy_box.dart:117:19)
#48     RenderBox.hitTest (package:flutter/src/rendering/box.dart:2484:11)
#49     RenderProxyBoxMixin.hitTestChildren (package:flutter/src/rendering/proxy_box.dart:117:19)
#50     RenderBox.hitTest (package:flutter/src/rendering/box.dart:2484:11)
#51     RenderProxyBoxMixin.hitTestChildren (package:flutter/src/rendering/proxy_box.dart:117:19)
#52     RenderTapRegionSurface.hitTest (package:flutter/src/widgets/tap_region.dart:213:28)
#53     RenderProxyBoxMixin.hitTestChildren (package:flutter/src/rendering/proxy_box.dart:117:19)
#54     RenderBox.hitTest (package:flutter/src/rendering/box.dart:2484:11)
#55     RenderProxyBoxMixin.hitTestChildren (package:flutter/src/rendering/proxy_box.dart:117:19)
#56     RenderBox.hitTest (package:flutter/src/rendering/box.dart:2484:11)
#57     RenderProxyBoxMixin.hitTestChildren (package:flutter/src/rendering/proxy_box.dart:117:19)
#58     RenderBox.hitTest (package:flutter/src/rendering/box.dart:2484:11)
#59     RenderView.hitTest (package:flutter/src/rendering/view.dart:211:14)
#60     RendererBinding.hitTestInView (package:flutter/src/rendering/binding.dart:624:34)
#61     GestureBinding._handlePointerEventImmediately (package:flutter/src/gestures/binding.dart:384:7)
#62     GestureBinding.handlePointerEvent (package:flutter/src/gestures/binding.dart:376:5)
#63     GestureBinding._flushPointerEventQueue (package:flutter/src/gestures/binding.dart:323:7)
#64     GestureBinding._handlePointerDataPacket (package:flutter/src/gestures/binding.dart:292:9)
#65     _invoke1 (dart:ui/hooks.dart:186:13)
#66     PlatformDispatcher._dispatchPointerDataPacket (dart:ui/platform_dispatcher.dart:433:7)
#67     _dispatchPointerDataPacket (dart:ui/hooks.dart:119:31)
#0      _AssertionError._doThrowNew (dart:core-patch/errors_patch.dart:51:61)
#1      _AssertionError._throwNew (dart:core-patch/errors_patch.dart:40:5)
#2      MouseTracker._deviceUpdatePhase (package:flutter/src/rendering/mouse_tracker.dart:205:12)
#3      MouseTracker.updateWithEvent.<anonymous closure> (package:flutter/src/rendering/mouse_tracker.dart:328:7)
#4      MouseTracker._monitorMouseConnection (package:flutter/src/rendering/mouse_tracker.dart:193:9)
#5      MouseTracker.updateWithEvent (package:flutter/src/rendering/mouse_tracker.dart:327:5)
#6      RendererBinding.dispatchEvent (package:flutter/src/rendering/binding.dart:432:20)
#7      GestureBinding._handlePointerEventImmediately (package:flutter/src/gestures/binding.dart:413:7)
#8      GestureBinding.handlePointerEvent (package:flutter/src/gestures/binding.dart:376:5)
#9      GestureBinding._flushPointerEventQueue (package:flutter/src/gestures/binding.dart:323:7)
#10     GestureBinding._handlePointerDataPacket (package:flutter/src/gestures/binding.dart:292:9)
#11     _invoke1 (dart:ui/hooks.dart:186:13)
#12     PlatformDispatcher._dispatchPointerDataPacket (dart:ui/platform_dispatcher.dart:433:7)
#13     _dispatchPointerDataPacket (dart:ui/hooks.dart:119:31)
ox.hitTest (package:flutter/src/rendering/box.dart:2484:11)
#14     RenderShiftedBox.hitTestChildren.<anonymous closure> (package:flutter/src/rendering/shifted_box.dart:88:24)
#15     BoxHitTestResult.addWithPaintOffset (package:flutter/src/rendering/box.dart:800:31)
#16     RenderShiftedBox.hitTestChildren (package:flutter/src/rendering/shifted_box.dart:83:21)
#17     RenderBox.hitTest (package:flutter/src/rendering/box.dart:2484:11)
#18     RenderProxyBoxMixin.hitTestChildren (package:flutter/src/rendering/proxy_box.dart:117:19)
#19     RenderBox.hitTest (package:flutter/src/rendering/box.dart:2484:11)
#20     RenderProxyBoxMixin.hitTestChildren (package:flutter/src/rendering/proxy_box.dart:117:19)
#21     RenderBox.hitTest (package:flutter/src/rendering/box.dart:2484:11)
#22     RenderProxyBoxMixin.hitTestChildren (package:flutter/src/rendering/proxy_box.dart:117:19)
#23     RenderBox.hitTest (package:flutter/src/rendering/box.dart:2484:11)
#24     RenderIgnorePointer.hitTest (package:flutter/src/rendering/proxy_box.dart:3618:31)
#25     RenderProxyBoxMixin.hitTestChildren (package:flutter/src/rendering/proxy_box.dart:117:19)
#26     RenderBox.hitTest (package:flutter/src/rendering/box.dart:2484:11)
#27     RenderProxyBoxMixin.hitTestChildren (package:flutter/src/rendering/proxy_box.dart:117:19)
#28     RenderBox.hitTest (package:flutter/src/rendering/box.dart:2484:11)
#29     RenderProxyBoxMixin.hitTestChildren (package:flutter/src/rendering/proxy_box.dart:117:19)
#30     RenderBox.hitTest (package:flutter/src/rendering/box.dart:2484:11)
#31     RenderProxyBoxMixin.hitTestChildren (package:flutter/src/rendering/proxy_box.dart:117:19)
#32     RenderBox.hitTest (package:flutter/src/rendering/box.dart:2484:11)
#33     RenderOffstage.hitTest (package:flutter/src/rendering/proxy_box.dart:3747:31)
#34     RenderProxyBoxMixin.hitTestChildren (package:flutter/src/rendering/proxy_box.dart:117:19)
#35     RenderBox.hitTest (package:flutter/src/rendering/box.dart:2484:11)
#36     _RenderTheaterMixin.hitTestChildren.childHitTest (package:flutter/src/widgets/overlay.dart:897:81)
#37     BoxHitTestResult.addWithPaintOffset (package:flutter/src/rendering/box.dart:800:31)
#38     _RenderTheaterMixin.hitTestChildren (package:flutter/src/widgets/overlay.dart:898:22)
#39     RenderBox.hitTest (package:flutter/src/rendering/box.dart:2484:11)
#40     RenderProxyBoxMixin.hitTestChildren (package:flutter/src/rendering/proxy_box.dart:117:19)
#41     RenderBox.hitTest (package:flutter/src/rendering/box.dart:2484:11)
#42     RenderAbsorbPointer.hitTest (package:flutter/src/rendering/proxy_box.dart:3872:17)
#43     RenderProxyBoxMixin.hitTestChildren (package:flutter/src/rendering/proxy_box.dart:117:19)
#44     RenderProxyBoxWithHitTestBehavior.hitTest (package:flutter/src/rendering/proxy_box.dart:172:19)
#45     RenderProxyBoxMixin.hitTestChildren (package:flutter/src/rendering/proxy_box.dart:117:19)
#46     RenderBox.hitTest (package:flutter/src/rendering/box.dart:2484:11)
#47     RenderProxyBoxMixin.hitTestChildren (package:flutter/src/rendering/proxy_box.dart:117:19)
#48     RenderBox.hitTest (package:flutter/src/rendering/box.dart:2484:11)
#49     RenderProxyBoxMixin.hitTestChildren (package:flutter/src/rendering/proxy_box.dart:117:19)
#50     RenderBox.hitTest (package:flutter/src/rendering/box.dart:2484:11)
#51     RenderProxyBoxMixin.hitTestChildren (package:flutter/src/rendering/proxy_box.dart:117:19)
#52     RenderTapRegionSurface.hitTest (package:flutter/src/widgets/tap_region.dart:213:28)
#53     RenderProxyBoxMixin.hitTestChildren (package:flutter/src/rendering/proxy_box.dart:117:19)
#54     RenderBox.hitTest (package:flutter/src/rendering/box.dart:2484:11)
#55     RenderProxyBoxMixin.hitTestChildren (package:flutter/src/rendering/proxy_box.dart:117:19)
#56     RenderBox.hitTest (package:flutter/src/rendering/box.dart:2484:11)
#57     RenderProxyBoxMixin.hitTestChildren (package:flutter/src/rendering/proxy_box.dart:117:19)
#58     RenderBox.hitTest (package:flutter/src/rendering/box.dart:2484:11)
#59     RenderView.hitTest (package:flutter/src/rendering/view.dart:211:14)
#60     RendererBinding.hitTestInView (package:flutter/src/rendering/binding.dart:624:34)
#61     GestureBinding._handlePointerEventImmediately (package:flutter/src/gestures/binding.dart:384:7)
#62     GestureBinding.handlePointerEvent (package:flutter/src/gestures/binding.dart:376:5)
#63     GestureBinding._flushPointerEventQueue (package:flutter/src/gestures/binding.dart:323:7)
#64     GestureBinding._handlePointerDataPacket (package:flutter/src/gestures/binding.dart:292:9)
#65     _invoke1 (dart:ui/hooks.dart:186:13)
#66     PlatformDispatcher._dispatchPointerDataPacket (dart:ui/platform_dispatcher.dart:433:7)
#67     _dispatchPointerDataPacket (dart:ui/hooks.dart:119:31)

[2023.08.11 23:22:05]'package:flutter/src/rendering/mouse_tracker.dart': Failed assertion: line 205 pos 12: '!_debugDuringDeviceUpdate': is not true.#0      _AssertionError._doThrowNew (dart:core-patch/errors_patch.dart:51:61)
#1      _AssertionError._throwNew (dart:core-patch/errors_patch.dart:40:5)
#2      MouseTracker._deviceUpdatePhase (package:flutter/src/rendering/mouse_tracker.dart:205:12)
#3      MouseTracker.updateAllDevices (package:flutter/src/rendering/mouse_tracker.dart:372:5)
#4      RendererBinding._scheduleMouseTrackerUpdate.<anonymous closure> (package:flutter/src/rendering/binding.dart:474:22)
#5      SchedulerBinding._invokeFrameCallback (package:flutter/src/scheduler/binding.dart:1325:15)
#6      SchedulerBinding.handleDrawFrame (package:flutter/src/scheduler/binding.dart:1264:9)
#7      SchedulerBinding._handleDrawFrame (package:flutter/src/scheduler/binding.dart:1113:5)
#8      _invoke (dart:ui/hooks.dart:170:13)
#9      PlatformDispatcher._drawFrame (dart:ui/platform_dispatcher.dart:410:5)
#10     _drawFrame (dart:ui/hooks.dart:140:31)

[2023.08.11 23:22:18]
package:flutter/src/rendering/mouse_tracker.dart': Failed assertion: line 205 pos 12: '!_debugDuringDeviceUpdate': is not true.[2023.08.11 23:22:18]or._doThrowNew (dart:core-patch/errors_patch.dart:51:61)
#1      _AssertionError._throwNew (dart:core-patch/errors_patch.dart:40:5)
#2      MouseTracker._deviceUpdatePhase (package:flutter/src/rendering/mouse_tracker.dart:205:12)
#3      MouseTracker.updateAllDevices (package:flutter/src/rendering/mouse_tracker.dart:372:5)
#4      RendererBinding._scheduleMouseTrackerUpdate.<anonymous closure> (package:flutter/src/rendering/binding.dart:474:22)
#5      SchedulerBinding._invokeFrameCallback (package:flutter/src/scheduler/binding.dart:1325:15)
#6      SchedulerBinding.handleDrawFrame (package:flutter/src/scheduler/binding.dart:1264:9)
#7      SchedulerBinding.scheduleWarmUpFrame.<anonymous closure> (package:flutter/src/scheduler/binding.dart:978:7)
#8      Timer._createTimer.<anonymous closure> (dart:async-patch/timer_patch.dart:18:15)
#9      _Timer._runTimers (dart:isolate-patch/timer_impl.dart:398:19)
#10     _Timer._handleMessage (dart:isolate-patch/timer_impl.dart:429:5)
#11     _RawReceivePort._handleMessage (dart:isolate-patch/isolate_patch.dart:184:12)

package:flutter/src/rendering/mouse_tracker.dart': Failed assertion: line 205 pos 12: '!_debugDuringDeviceUpdate': is not true.
0      _AssertionError._doThrowNew (dart:core-patch/errors_patch.dart:51:61)
#1      _AssertionError._throwNew (dart:core-patch/errors_patch.dart:40:5)
#2      MouseTracker._deviceUpdatePhase (package:flutter/src/rendering/mouse_tracker.dart:205:12)
#3      MouseTracker.updateAllDevices (package:flutter/src/rendering/mouse_tracker.dart:372:5)
#4      RendererBinding._scheduleMouseTrackerUpdate.<anonymous closure> (package:flutter/src/rendering/binding.dart:474:22)
#5      SchedulerBinding._invokeFrameCallback (package:flutter/src/scheduler/binding.dart:1325:15)
#6      SchedulerBinding.handleDrawFrame (package:flutter/src/scheduler/binding.dart:1264:9)
#7      SchedulerBinding._handleDrawFrame (package:flutter/src/scheduler/binding.dart:1113:5)
#8      _invoke (dart:ui/hooks.dart:170:13)
#9      PlatformDispatcher._drawFrame (dart:ui/platform_dispatcher.dart:410:5)
#10     _drawFrame (dart:ui/hooks.dart:140:31)
'package:flutter/src/rendering/mouse_tracker.dart': Failed assertion: line 205 pos 12: '!_debugDuringDeviceUpdate': is not true.'package:flutter/src/rendering/mouse_tracker.dart': Failed assertion: line 205 pos 12: '!_debugDuringDeviceUpdate': is not true./errors_patch.dart:40:5)
#2      MouseTracker._deviceUpdatePhase (package:flutter/src/rendering/mouse_tracker.dart:205:12)
#3      MouseTracker.updateAllDevices (package:flutter/src/rendering/mouse_tracker.dart:372:5)
#4      RendererBinding._scheduleMouseTrackerUpdate.<anonymous closure> (package:flutter/src/rendering/binding.dart:474:22)
#5      SchedulerBinding._invokeFrameCallback (package:flutter/src/scheduler/binding.dart:1325:15)
#6      SchedulerBinding.handleDrawFrame (package:flutter/src/scheduler/binding.dart:1264:9)
#7      SchedulerBinding._handleDrawFrame (package:flutter/src/scheduler/binding.dart:1113:5)
#8      _invoke (dart:ui/hooks.dart:170:13)
#9      PlatformDispatcher._drawFrame (dart:ui/platform_dispatcher.dart:410:5)
#10     _drawFrame (dart:ui/hooks.dart:140:31)

0      _AssertionError._doThrowNew (dart:core-patch/errors_patch.dart:51:61)
#1      _AssertionError._throwNew (dart:core-patch/errors_patch.dart:40:5)
#2      MouseTracker._deviceUpdatePhase (package:flutter/src/rendering/mouse_tracker.dart:205:12)
#3      MouseTracker.updateAllDevices (package:flutter/src/rendering/mouse_tracker.dart:372:5)
#4      RendererBinding._scheduleMouseTrackerUpdate.<anonymous closure> (package:flutter/src/rendering/binding.dart:474:22)
#5      SchedulerBinding._invokeFrameCallback (package:flutter/src/scheduler/binding.dart:1325:15)
#6      SchedulerBinding.handleDrawFrame (package:flutter/src/scheduler/binding.dart:1264:9)
#7      SchedulerBinding._handleDrawFrame (package:flutter/src/scheduler/binding.dart:1113:5)
#8      _invoke (dart:ui/hooks.dart:170:13)
#9      PlatformDispatcher._drawFrame (dart:ui/platform_dispatcher.dart:410:5)
#10     _drawFrame (dart:ui/hooks.dart:140:31)

2023.08.11 23:22:18]'package:flutter/src/rendering/mouse_tracker.dart': Failed assertion: line 205 pos 12: '!_debugDuringDeviceUpdate': is not true.
package:flutter/src/rendering/mouse_tracker.dart': Failed assertion: line 205 pos 12: '!_debugDuringDeviceUpdate': is not true./errors_patch.dart:40:5)
#2      MouseTracker._deviceUpdatePhase (package:flutter/src/rendering/mouse_tracker.dart:205:12)
#3      MouseTracker.updateAllDevices (package:flutter/src/rendering/mouse_tracker.dart:372:5)
#4      RendererBinding._scheduleMouseTrackerUpdate.<anonymous closure> (package:flutter/src/rendering/binding.dart:474:22)
#5      SchedulerBinding._invokeFrameCallback (package:flutter/src/scheduler/binding.dart:1325:15)
#6      SchedulerBinding.handleDrawFrame (package:flutter/src/scheduler/binding.dart:1264:9)
#7      SchedulerBinding._handleDrawFrame (package:flutter/src/scheduler/binding.dart:1113:5)
#8      _invoke (dart:ui/hooks.dart:170:13)
#9      PlatformDispatcher._drawFrame (dart:ui/platform_dispatcher.dart:410:5)
#10     _drawFrame (dart:ui/hooks.dart:140:31)
#0      _AssertionError._doThrowNew (dart:core-patch/errors_patch.dart:51:61)
#1      _AssertionError._throwNew (dart:core-patch/errors_patch.dart:40:5)
#2      MouseTracker._deviceUpdatePhase (package:flutter/src/rendering/mouse_tracker.dart:205:12)
#3      MouseTracker.updateAllDevices (package:flutter/src/rendering/mouse_tracker.dart:372:5)
#4      RendererBinding._scheduleMouseTrackerUpdate.<anonymous closure> (package:flutter/src/rendering/binding.dart:474:22)
#5      SchedulerBinding._invokeFrameCallback (package:flutter/src/scheduler/binding.dart:1325:15)
#6      SchedulerBinding.handleDrawFrame (package:flutter/src/scheduler/binding.dart:1264:9)
#7      SchedulerBinding._handleDrawFrame (package:flutter/src/scheduler/binding.dart:1113:5)
#8      _invoke (dart:ui/hooks.dart:170:13)
#9      PlatformDispatcher._drawFrame (dart:ui/platform_dispatcher.dart:410:5)
#10     _drawFrame (dart:ui/hooks.dart:140:31)
[2023.08.11 23:22:18]rendering/mouse_tracker.dart': Failed assertion: line 205 pos 12: '!_debugDuringDeviceUpdate': is not true.[2023.08.11 23:22:18]or._doThrowNew (dart:core-patch/errors_patch.dart:51:61)
#1      _AssertionError._throwNew (dart:core-patch#0      _AssertionError._doThrowNew (dart:core-patch/errors_patch.dart:51:61)
#1      _AssertionError._throwNew (dart:core-patch/errors_patch.dart:40:5)
#2      MouseTracker._deviceUpdatePhase (package:flutter/src/rendering/mouse_tracker.dart:205:12)
#3      MouseTracker.updateAllDevices (package:flutter/src/rendering/mouse_tracker.dart:372:5)
#4      RendererBinding._scheduleMouseTrackerUpdate.<anonymous closure> (package:flutter/src/rendering/binding.dart:474:22)
#5      SchedulerBinding._invokeFrameCallback (package:flutter/src/scheduler/binding.dart:1325:15)
#6      SchedulerBinding.handleDrawFrame (package:flutter/src/scheduler/binding.dart:1264:9)
#7      SchedulerBinding._handleDrawFrame (package:flutter/src/scheduler/binding.dart:1113:5)
#8      _invoke (dart:ui/hooks.dart:170:13)
#9      PlatformDispatcher._drawFrame (dart:ui/platform_dispatcher.dart:410:5)
#10     _drawFrame (dart:ui/hooks.dart:140:31)
'package:flutter/src/rendering/mouse_tracker.dart': Failed assertion: line 205 pos 12: '!_debugDuringDeviceUpdate': is not true./errors_patch.dart:40:5)
#2      MouseTracker._deviceUpdatePhase (package:flutter/src/rendering/mouse_tracker.dart:205:12)
#3      MouseTracker.updateAllDevices (package:flutter/src/rendering/mouse_tracker.dart:372:5)
#4      RendererBinding._scheduleMouseTrackerUpdate.<anonymous closure> (package:flutter/src/rendering/binding.dart:474:22)
#5      SchedulerBinding._invokeFrameCallback (package:flutter/src/scheduler/binding.dart:1325:15)
#6      SchedulerBinding.handleDrawFrame (package:flutter/src/scheduler/binding.dart:1264:9)
#7      SchedulerBinding._handleDrawFrame (package:flutter/src/scheduler/binding.dart:1113:5)
#8      _invoke (dart:ui/hooks.dart:170:13)
#9      PlatformDispatcher._drawFrame (dart:ui/platform_dispatcher.dart:410:5)
#10     _drawFrame (dart:ui/hooks.dart:140:31)

package:flutter/src/rendering/mouse_tracker.dart': Failed assertion: line 205 pos 12: '!_debugDuringDeviceUpdate': is not true./errors_patch.dart:40:5)
#2      MouseTracker._deviceUpdatePhase (package:flutter/src/rendering/mouse_tracker.dart:205:12)
#3      MouseTracker.updateAllDevices (package:flutter/src/rendering/mouse_tracker.dart:372:5)
#4      RendererBinding._scheduleMouseTrackerUpdate.<anonymous closure> (package:flutter/src/rendering/binding.dart:474:22)
#5      SchedulerBinding._invokeFrameCallback (package:flutter/src/scheduler/binding.dart:1325:15)
#6      SchedulerBinding.handleDrawFrame (package:flutter/src/scheduler/binding.dart:1264:9)
#7      SchedulerBinding._handleDrawFrame (package:flutter/src/scheduler/binding.dart:1113:5)
#8      _invoke (dart:ui/hooks.dart:170:13)
#9      PlatformDispatcher._drawFrame (dart:ui/platform_dispatcher.dart:410:5)
#10     _drawFrame (dart:ui/hooks.dart:140:31)
[2023.08.11 23:22:18]or._doThrowNew (dart:core-patch/errors_patch.dart:51:61)
#1      _AssertionError._throwNew (dart:core-patch/errors_patch.dart:40:5)
#2      MouseTracker._deviceUpdatePhase (package:flutter/src/rendering/mouse_tracker.dart:205:12)
#3      MouseTracker.updateAllDevices (package:flutter/src/rendering/mouse_tracker.dart:372:5)
#4      RendererBinding._scheduleMouseTrackerUpdate.<anonymous closure> (package:flutter/src/rendering/binding.dart:474:22)
#5      SchedulerBinding._invokeFrameCallback (package:flutter/src/scheduler/binding.dart:1325:15)
#6      SchedulerBinding.handleDrawFrame (package:flutter/src/scheduler/binding.dart:1264:9)
#7      SchedulerBinding._handleDrawFrame (package:flutter/src/scheduler/binding.dart:1113:5)
#8      _invoke (dart:ui/hooks.dart:170:13)
#9      PlatformDispatcher._drawFrame (dart:ui/platform_dispatcher.dart:410:5)
#10     _drawFrame (dart:ui/hooks.dart:140:31)
'package:flutter/src/rendering/mouse_tracker.dart': Failed assertion: line 205 pos 12: '!_debugDuringDeviceUpdate': is not true.'package:flutter/src/rendering/mouse_tracker.dart': Failed assertion: line 205 pos 12: '!_debugDuringDeviceUpdate': is not true./errors_patch.dart:40:5)
#2      MouseTracker._deviceUpdatePhase (package:flutter/src/rendering/mouse_tracker.dart:205:12)
#3      MouseTracker.updateAllDevices (package:flutter/src/rendering/mouse_tracker.dart:372:5)
#4      RendererBinding._scheduleMouseTrackerUpdate.<anonymous closure> (package:flutter/src/rendering/binding.dart:474:22)
#5      SchedulerBinding._invokeFrameCallback (package:flutter/src/scheduler/binding.dart:1325:15)
#6      SchedulerBinding.handleDrawFrame (package:flutter/src/scheduler/binding.dart:1264:9)
#7      SchedulerBinding._handleDrawFrame (package:flutter/src/scheduler/binding.dart:1113:5)
#8      _invoke (dart:ui/hooks.dart:170:13)
#9      PlatformDispatcher._drawFrame (dart:ui/platform_dispatcher.dart:410:5)
#10     _drawFrame (dart:ui/hooks.dart:140:31)
#0      _AssertionError._doThrowNew (dart:core-patch/errors_patch.dart:51:61)
#1      _AssertionError._throwNew (dart:core-patch/errors_patch.dart:40:5)
#2      MouseTracker._deviceUpdatePhase (package:flutter/src/rendering/mouse_tracker.dart:205:12)
#3      MouseTracker.updateAllDevices (package:flutter/src/rendering/mouse_tracker.dart:372:5)
#4      RendererBinding._scheduleMouseTrackerUpdate.<anonymous closure> (package:flutter/src/rendering/binding.dart:474:22)
#5      SchedulerBinding._invokeFrameCallback (package:flutter/src/scheduler/binding.dart:1325:15)
#6      SchedulerBinding.handleDrawFrame (package:flutter/src/scheduler/binding.dart:1264:9)
#7      SchedulerBinding._handleDrawFrame (package:flutter/src/scheduler/binding.dart:1113:5)
#8      _invoke (dart:ui/hooks.dart:170:13)
#9      PlatformDispatcher._drawFrame (dart:ui/platform_dispatcher.dart:410:5)
#10     _drawFrame (dart:ui/hooks.dart:140:31)
#0      _AssertionError._doThrowNew (dart:core-patch/errors_patch.dart:51:61)
#1      _AssertionError._throwNew (dart:core-patch/errors_patch.dart:40:5)
#2      MouseTracker._deviceUpdatePhase (package:flutter/src/rendering/mouse_tracker.dart:205:12)
#3      MouseTracker.updateAllDevices (package:flutter/src/rendering/mouse_tracker.dart:372:5)
#4      RendererBinding._scheduleMouseTrackerUpdate.<anonymous closure> (package:flutter/src/rendering/binding.dart:474:22)
#5      SchedulerBinding._invokeFrameCallback (package:flutter/src/scheduler/binding.dart:1325:15)
#6      SchedulerBinding.handleDrawFrame (package:flutter/src/scheduler/binding.dart:1264:9)
#7      SchedulerBinding._handleDrawFrame (package:flutter/src/scheduler/binding.dart:1113:5)
#8      _invoke (dart:ui/hooks.dart:170:13)
#9      PlatformDispatcher._drawFrame (dart:ui/platform_dispatcher.dart:410:5)
#10     _drawFrame (dart:ui/hooks.dart:140:31)
#0      _AssertionError._doThrowNew (dart:core-patch/errors_patch.dart:51:61)
#1      _AssertionError._throwNew (dart:core-patch/errors_patch.dart:40:5)
#2      MouseTracker._deviceUpdatePhase (package:flutter/src/rendering/mouse_tracker.dart:205:12)
#3      MouseTracker.updateAllDevices (package:flutter/src/rendering/mouse_tracker.dart:372:5)
#4      RendererBinding._scheduleMouseTrackerUpdate.<anonymous closure> (package:flutter/src/rendering/binding.dart:474:22)
#5      SchedulerBinding._invokeFrameCallback (package:flutter/src/scheduler/binding.dart:1325:15)
#6      SchedulerBinding.handleDrawFrame (package:flutter/src/scheduler/binding.dart:1264:9)
#7      SchedulerBinding._handleDrawFrame (package:flutter/src/scheduler/binding.dart:1113:5)
#8      _invoke (dart:ui/hooks.dart:170:13)
#9      PlatformDispatcher._drawFrame (dart:ui/platform_dispatcher.dart:410:5)
#10     _drawFrame (dart:ui/hooks.dart:140:31)


2023.08.11 23:22:19][2023.08.11 23:22:19]rendering/mouse_tracker.dart': Failed assertion: line 226 pos 12: '(event is PointerAddedEvent) == (lastEvent is PointerRemovedEvent)': is not true.#0      _AssertionError._doThrowNew (dart:core-patch/errors_patch.dart:51:61)
#1      _AssertionError._throwNew (dart:core-patch/errors_patch.dart:40:5)
#2      MouseTracker._shouldMarkStateDirty (package:flutter/src/rendering/mouse_tracker.dart:226:12)
#3      MouseTracker.updateWithEvent (package:flutter/src/rendering/mouse_tracker.dart:323:10)
#4      RendererBinding.dispatchEvent (package:flutter/src/rendering/binding.dart:432:20)
#5      GestureBinding._handlePointerEventImmediately (package:flutter/src/gestures/binding.dart:413:7)
#6      GestureBinding.handlePointerEvent (package:flutter/src/gestures/binding.dart:376:5)
#7      GestureBinding._flushPointerEventQueue (package:flutter/src/gestures/binding.dart:323:7)
#8      GestureBinding._handlePointerDataPacket (package:flutter/src/gestures/binding.dart:292:9)
#9      _invoke1 (dart:ui/hooks.dart:186:13)
#10     PlatformDispatcher._dispatchPointerDataPacket (dart:ui/platform_dispatcher.dart:433:7)
#11     _dispatchPointerDataPacket (dart:ui/hooks.dart:119:31)
['package:flutter/src#0      _AssertionError._doThrowNew (dart:core-patch/errors_patch.dart:51:61)
#1      _AssertionError._throwNew (dart:core-patch/errors_patch.dart:40:5)
#2      MouseTracker._deviceUpdatePhase (package:flutter/src/rendering/mouse_tracker.dart:205:12)
#3      MouseTracker.updateWithEvent.<anonymous closure> (package:flutter/src/rendering/mouse_tracker.dart:328:7)
#4      MouseTracker._monitorMouseConnection (package:flutter/src/rendering/mouse_tracker.dart:193:9)
#5      MouseTracker.updateWithEvent (package:flutter/src/rendering/mouse_tracker.dart:327:5)
#6      RendererBinding.dispatchEvent (package:flutter/src/rendering/binding.dart:432:20)
#7      GestureBinding._handlePointerEventImmediately (package:flutter/src/gestures/binding.dart:413:7)
#8      GestureBinding.handlePointerEvent (package:flutter/src/gestures/binding.dart:376:5)
#9      GestureBinding._flushPointerEventQueue (package:flutter/src/gestures/binding.dart:323:7)
#10     GestureBinding._handlePointerDataPacket (package:flutter/src/gestures/binding.dart:292:9)
#11     _invoke1 (dart:ui/hooks.dart:186:13)
#12     PlatformDispatcher._dispatchPointerDataPacket (dart:ui/platform_dispatcher.dart:433:7)
#13     _dispatchPointerDataPacket (dart:u'package:flutter/src/rendering/mouse_tracker.dart': Failed assertion: line 205 pos 12: '!_debugDuringDeviceUpdate': is not true.'package:flutter/src/rendering/mouse_tracker.dart': Failed assertion: line 205 pos 12: '!_debugDuringDeviceUpdate': is not true./errors_patch.dart:40:5)
#2      MouseTracker._deviceUpdatePhase (package:flutter/src/rendering/mouse_tracker.dart:205:12)
#3      MouseTracker.updateWithEvent.<anonymous closure> (package:flutter/src/rendering/mouse_tracker.dart:328:7)
#4      MouseTracker._monitorMouseConnection (package:flutter/src/rendering/mouse_tracker.dart:193:9)
#5      MouseTracker.updateWithEvent (package:flutter/src/rendering/mouse_tracker.dart:327:5)
#6      RendererBinding.dispatchEvent (package:flutter/src/rendering/binding.dart:432:20)
#7      GestureBinding._handlePointerEventImmediately (package:flutter/src/gestures/binding.dart:413:7)
#8      GestureBinding.handlePointerEvent (package:flutter/src/gestures/binding.dart:376:5)
#9      GestureBinding._flushPointerEventQueue (package:flutter/src/gestures/binding.dart:323:7)
#10     GestureBinding._handlePointerDataPacket (package:flutter/src/gestures/binding.dart:292:9)
#11     _invoke1 (dart:ui/hooks.dart:186:13)
#12     PlatformDispatcher._dispatchPointerDataPacket (dart:ui/platform_dispatcher.dart:433:7)
#13     _dispatchPointerDataPacket (dart:ui/hooks.dart:119:31)
#0      _AssertionError._doThrowNew (dart:core-patch/errors_patch.dart:51:61)
#1      _AssertionError._throwNew (dart:core-patch/errors_patch.dart:40:5)
#2      MouseTracker._deviceUpdatePhase (package:flutter/src/rendering/mouse_tracker.dart:205:12)
#3      MouseTracker.updateWithEvent.<anonymous closure> (package:flutter/src/rendering/mouse_tracker.dart:328:7)
#4      MouseTracker._monitorMouseConnection (package:flutter/src/rendering/mouse_tracker.dart:193:9)
#5      MouseTracker.updateWithEvent (package:flutter/src/rendering/mouse_tracker.dart:327:5)
#6      RendererBinding.dispatchEvent (package:flutter/src/rendering/binding.dart:432:20)
#7      GestureBinding._handlePointerEventImmediately (package:flutter/src/gestures/binding.dart:413:7)
#8      GestureBinding.handlePointerEvent (package:flutter/src/gestures/binding.dart:376:5)
#9      GestureBinding._flushPointerEventQueue (package:flutter/src/gestures/binding.dart:323:7)
#10     GestureBinding._handlePointerDataPacket (package:flutter/src/gestures/binding.dart:292:9)
#11     _invoke1 (dart:ui/hooks.dart:186:13)
#12     PlatformDispatcher._dispatchPointerDataPacket (dart:ui/platform_dispatcher.dart:433:7)
#13     _dispatchPointerDataPacket (dart:ui/hooks.dart:119:31)
'package:flutter/src/rendering/mouse_tracker.dart': Failed assertion: line 205 pos 12: '!_debugDuringDeviceUpdate': is not true./errors_patch.dart:40:5)
#2      MouseTracker._deviceUpdatePhase (package:flutter/src/rendering/mouse_tracker.dart:205:12)
#3      MouseTracker.updateWithEvent.<anonymous closure> (package:flutter/src/rendering/mouse_tracker.dart:328:7)
#4      MouseTracker._monitorMouseConnection (package:flutter/src/rendering/mouse_tracker.dart:193:9)
#5      MouseTracker.updateWithEvent (package:flutter/src/rendering/mouse_tracker.dart:327:5)
#6      RendererBinding.dispatchEvent (package:flutter/src/rendering/binding.dart:432:20)
#7      GestureBinding._handlePointerEventImmediately (package:flutter/src/gestures/binding.dart:413:7)
#8      GestureBinding.handlePointerEvent (package:flutter/src/gestures/binding.dart:376:5)
#9      GestureBinding._flushPointerEventQueue (package:flutter/src/gestures/binding.dart:323:7)
#10     GestureBinding._handlePointerDataPacket (package:flutter/src/gestures/binding.dart:292:9)
#11     _invoke1 (dart:ui/hooks.dart:186:13)
#12     PlatformDispatcher._dispatchPointerDataPacket (dart:ui/platform_dispatcher.dart:433:7)
#13     _dispatchPointerDataPacket (dart:ui/hooks.dart:119:31)

0      _AssertionError._doThrowNew (dart:core-patch/errors_patch.dart:51:61)
#1      _AssertionError._throwNew (dart:core-patch/errors_patch.dart:40:5)
#2      MouseTracker._deviceUpdatePhase (package:flutter/src/rendering/mouse_tracker.dart:205:12)
#3      MouseTracker.updateWithEvent.<anonymous closure> (package:flutter/src/rendering/mouse_tracker.dart:328:7)
#4      MouseTracker._monitorMouseConnection (package:flutter/src/rendering/mouse_tracker.dart:193:9)
#5      MouseTracker.updateWithEvent (package:flutter/src/rendering/mouse_tracker.dart:327:5)
#6      RendererBinding.dispatchEvent (package:flutter/src/rendering/binding.dart:432:20)
#7      GestureBinding._handlePointerEventImmediately (package:flutter/src/gestures/binding.dart:413:7)
#8      GestureBinding.handlePointerEvent (package:flutter/src/gestures/binding.dart:376:5)
#9      GestureBinding._flushPointerEventQueue (package:flutter/src/gestures/binding.dart:323:7)
#10     GestureBinding._handlePointerDataPacket (package:flutter/src/gestures/binding.dart:292:9)
#11     _invoke1 (dart:ui/hooks.dart:186:13)
#12     PlatformDispatcher._dispatchPointerDataPacket (dart:ui/platform_dispatcher.dart:433:7)
#13     _dispatchPointerDataPacket (dart:ui/hooks.dart:119:31)
[2023.08.11 23:22:19]rendering/mouse_tracker.dart': Failed assertion: line 205 pos 12: '!_debugDuringDeviceUpdate': is not true.#0      _AssertionError._doThrowNew (dart:core-patch/errors_patch.dart:51:61)
#1      _AssertionError._throwNew (dart:core-patch[2023.08.11 23:22:19]rendering/mouse_tracker.dart': Failed assertion: line 205 pos 12: '!_debugDuringDeviceUpdate': is not true.   MouseTracker.updateWithEvent.<anonymous closure> (package:flutter/src/rendering/mouse_tracker.dart:328:7)
#4      MouseTracker._monitorMouseConnection (package:flutter/src/rendering/mouse_tracker.dart:193:9)
#5      MouseTracker.updateWithEvent (package:flutter/src/rendering/mouse_tracker.dart:327:5)
#6      RendererBinding.dispatchEvent (package:flutter/src/rendering/binding.dart:432:20)
#7      GestureBinding._handlePointerEventImmediately (package:flutter/src/gestures/binding.dart:413:7)
#8      GestureBinding.handlePointerEvent (package:flutter/src/gestures/binding.dart:376:5)
#9      GestureBinding._flushPointerEventQueue (package:flutter/src/gestures/binding.dart:323:7)
#10     GestureBinding._handlePointerDataPacket (package:flutter/src/gestures/binding.dart:292:9)
#11     _invoke1 (dart:ui/hooks.dart:186:13)
#12     PlatformDispatcher._dispatchPointerDataPacket (dart:ui/platform_dispatcher.dart:433:7)
#13     _dispatchPointerDataPacket (dart:ui/hooks.dart:119:31)
#0      _AssertionError._doThrowNew (dart:core-patch/errors_patch.dart:51:61)
#1      _AssertionError._throwNew (dart:core-patch#0      _AssertionError._doThrowNew (dart:core-patch/errors_patch.dart:51:61)
#1      _AssertionError._throwNew (dart:core-patch/errors_patch.dart:40:5)
#2      MouseTracker._deviceUpdatePhase (package:flutter/src/rendering/mouse_tracker.dart:205:12)
#3      MouseTracker.updateWithEvent.<anonymous closure> (package:flutter/src/rendering/mouse_tracker.dart:328:7)
#4      MouseTracker._monitorMouseConnection (package:flutter/src/rendering/mouse_tracker.dart:193:9)
#5      MouseTracker.updateWithEvent (package:flutter/src/rendering/mouse_tracker.dart:327:5)
#6      RendererBinding.dispatchEvent (package:flutter/src/rendering/binding.dart:432:20)
#7      GestureBinding._handlePointerEventImmediately (package:flutter/src/gestures/binding.dart:413:7)
#8      GestureBinding.handlePointerEvent (package:flutter/src/gestures/binding.dart:376:5)
#9      GestureBinding._flushPointerEventQueue (package:flutter/src/gestures/binding.dart:323:7)
#10     GestureBinding._handlePointerDataPacket (package:flutter/src/gestures/binding.dart:292:9)
#11     _invoke1 (dart:ui/hooks.dart:186:13)
#12     PlatformDispatcher._dispatchPointerDataPacket (dart:ui/platform_dispatcher.dart:433:7)
#13     _dispatchPointerDataPacket (dart:ui/hooks.dart:119:31)
[2023.08.11 23:22:19]or._doThrowNew (dart:core-patch/errors_patch.dart:51:61)
#1      _AssertionError._throwNew (dart:core-patch/errors_patch.dart:40:5)
#2      MouseTracker._deviceUpdatePhase (package:flutter/src/rendering/mouse_tracker.dart:205:12)
#3      MouseTracker.updateWithEvent.<anonymous closure> (package:flutter/src/rendering/mouse_tracker.dart:328:7)
#4      MouseTracker._monitorMouseConnection (package:flutter/src/rendering/mouse_tracker.dart:193:9)
#5      MouseTracker.updateWithEvent (package:flutter/src/rendering/mouse_tracker.dart:327:5)
#6      RendererBinding.dispatchEvent (package:flutter/src/rendering/binding.dart:432:20)
#7      GestureBinding._handlePointerEventImmediately (package:flutter/src/gestures/binding.dart:413:7)
#8      GestureBinding.handlePointerEvent (package:flutter/src/gestures/binding.dart:376:5)
#9      GestureBinding._flushPointerEventQueue (package:flutter/src/gestures/binding.dart:323:7)
#10     GestureBinding._handlePointerDataPacket (package:flutter/src/gestures/binding.dart:292:9)
#11     _invoke1 (dart:ui/hooks.dart:186:13)
#12     PlatformDispatcher._dispatchPointerDataPacket (dart:ui/platform_dispatcher.dart:433:7)
#13     _dispatchPointerDataPacket (dart:ui/hooks.dart:119:31)
#0      _AssertionError._doThrowNew (dart:core-patch/errors_patch.dart:51:61)
#1      _AssertionError._throwNew (dart:core-patch/errors_patch.dart:40:5)
#2      MouseTracker._deviceUpdatePhase (package:flutter/src/rendering/mouse_tracker.dart:205:12)
#3      MouseTracker.updateWithEvent.<anonymous closure> (package:flutter/src/rendering/mouse_tracker.dart:328:7)
#4      MouseTracker._monitorMouseConnection (package:flutter/src/rendering/mouse_tracker.dart:193:9)
#5      MouseTracker.updateWithEvent (package:flutter/src/rendering/mouse_tracker.dart:327:5)
#6      RendererBinding.dispatchEvent (package:flutter/src/rendering/binding.dart:432:20)
#7      GestureBinding._handlePointerEventImmediately (package:flutter/src/gestures/binding.dart:413:7)
#8      GestureBinding.handlePointerEvent (package:flutter/src/gestures/binding.dart:376:5)
#9      GestureBinding._flushPointerEventQueue (package:flutter/src/gestures/binding.dart:323:7)
#10     GestureBinding._handlePointerDataPacket (package:flutter/src/gestures/binding.dart:292:9)
#11     _invoke1 (dart:ui/hooks.dart:186:13)
#12     PlatformDispatcher._dispatchPointerDataPacket (dart:ui/platform_dispatcher.dart:433:7)
#13     _dispatchPointerDataPacket (dart:ui/hooks.dart:119:31)
#0      _AssertionError._doThrowNew (dart:core-patch/errors_patch.dart:51:61)
#1      _AssertionError._throwNew (dart:core-patch/errors_patch.dart:40:5)
#2      MouseTracker._deviceUpdatePhase (package:flutter/src/rendering/mouse_tracker.dart:205:12)
#3      MouseTracker.updateWithEvent.<anonymous closure> (package:flutter/src/rendering/mouse_tracker.dart:328:7)
#4      MouseTracker._monitorMouseConnection (package:flutter/src/rendering/mouse_tracker.dart:193:9)
#5      MouseTracker.updateWithEvent (package:flutter/src/rendering/mouse_tracker.dart:327:5)
#6      RendererBinding.dispatchEvent (package:flutter/src/rendering/binding.dart:432:20)
#7      GestureBinding._handlePointerEventImmediately (package:flutter/src/gestures/binding.dart:413:7)
#8      GestureBinding.handlePointerEvent (package:flutter/src/gestures/binding.dart:376:5)
#9      GestureBinding._flushPointerEventQueue (package:flutter/src/gestures/binding.dart:323:7)
#10     GestureBinding._handlePointerDataPacket (package:flutter/src/gestures/binding.dart:292:9)
#11     _invoke1 (dart:ui/hooks.dart:186:13)
#12     PlatformDispatcher._dispatchPointerDataPacket (dart:ui/platform_dispatcher.dart:433:7)
#13     _dispatchPointerDataPacket (dart:ui/hooks.dart:119:31)


2023.08.11 23:22:19]
package:flutter/src/rendering/mouse_tracker.dart': Failed assertion: line 205 pos 12: '!_debugDuringDeviceUpdate': is not true.'package:flutter/src/rendering/mouse_tracker.dart': Failed assertion: line 205 pos 12: '!_debugDuringDeviceUpdate': is not true./errors_patch.dart:40:5)
#2      MouseTracker._deviceUpdatePhase (package:flutter/src/rendering/mouse_tracker.dart:205:12)
#3      MouseTracker.updateWithEvent.<anonymous closure> (package:flutter/src/rendering/mouse_tracker.dart:328:7)
#4      MouseTracker._monitorMouseConnection (package:flutter/src/rendering/mouse_tracker.dart:193:9)
#5      MouseTracker.updateWithEvent (package:flutter/src/rendering/mouse_tracker.dart:327:5)
#6      RendererBinding.dispatchEvent (package:flutter/src/rendering/binding.dart:432:20)
#7      GestureBinding._handlePointerEventImmediately (package:flutter/src/gestures/binding.dart:413:7)
#8      GestureBinding.handlePointerEvent (package:flutter/src/gestures/binding.dart:376:5)
#9      GestureBinding._flushPointerEventQueue (package:flutter/src/gestures/binding.dart:323:7)
#10     GestureBinding._handlePointerDataPacket (package:flutter/src/gestures/binding.dart:292:9)
#11     _invoke1 (dart:ui/hooks.dart:186:13)
#12     PlatformDispatcher._dispatchPointerDataPacket (dart:ui/platform_dispatcher.dart:433:7)
#13     _dispatchPointerDataPacket (dart:ui/hooks.dart:119:31)

package:flutter/src/rendering/mouse_tracker.dart': Failed assertion: line 205 pos 12: '!_debugDuringDeviceUpdate': is not true./errors_patch.dart:40:5)
#2      MouseTracker._deviceUpdatePhase (package:flutter/src/rendering/mouse_tracker.dart:205:12)
#3      MouseTracker.updateWithEvent.<anonymous closure> (package:flutter/src/rendering/mouse_tracker.dart:328:7)
#4      MouseTracker._monitorMouseConnection (package:flutter/src/rendering/mouse_tracker.dart:193:9)
#5      MouseTracker.updateWithEvent (package:flutter/src/rendering/mouse_tracker.dart:327:5)
#6      RendererBinding.dispatchEvent (package:flutter/src/rendering/binding.dart:432:20)
#7      GestureBinding._handlePointerEventImmediately (package:flutter/src/gestures/binding.dart:413:7)
#8      GestureBinding.handlePointerEvent (package:flutter/src/gestures/binding.dart:376:5)
#9      GestureBinding._flushPointerEventQueue (package:flutter/src/gestures/binding.dart:323:7)
#10     GestureBinding._handlePointerDataPacket (package:flutter/src/gestures/binding.dart:292:9)
#11     _invoke1 (dart:ui/hooks.dart:186:13)
#12     PlatformDispatcher._dispatchPointerDataPacket (dart:ui/platform_dispatcher.dart:433:7)
#13     _dispatchPointerDataPacket (dart:ui/hooks.dart:119:31)

2023.08.11 23:22:19]or._doThrowNew (dart:core-patch/errors_patch.dart:51:61)
#1      _AssertionError._throwNew (dart:core-patch/errors_patch.dart:40:5)
#2      MouseTracker._deviceUpdatePhase (package:flutter/src/rendering/mouse_tracker.dart:205:12)
#3      MouseTracker.updateWithEvent.<anonymous closure> (package:flutter/src/rendering/mouse_tracker.dart:328:7)
#4      MouseTracker._monitorMouseConnection (package:flutter/src/rendering/mouse_tracker.dart:193:9)
#5      MouseTracker.updateWithEvent (package:flutter/src/rendering/mouse_tracker.dart:327:5)
#6      RendererBinding.dispatchEvent (package:flutter/src/rendering/binding.dart:432:20)
#7      GestureBinding._handlePointerEventImmediately (package:flutter/src/gestures/binding.dart:413:7)
#8      GestureBinding.handlePointerEvent (package:flutter/src/gestures/binding.dart:376:5)
#9      GestureBinding._flushPointerEventQueue (package:flutter/src/gestures/binding.dart:323:7)
#10     GestureBinding._handlePointerDataPacket (package:flutter/src/gestures/binding.dart:292:9)
#11     _invoke1 (dart:ui/hooks.dart:186:13)
#12     PlatformDispatcher._dispatchPointerDataPacket (dart:ui/platform_dispatcher.dart:433:7)
#13     _dispatchPointerDataPacket (dart:ui/hooks.dart:119:31)
'package:flutter/src/rendering/mouse_tracker.dart': Failed assertion: line 205 pos 12: '!_debugDuringDeviceUpdate': is not true.#0      _AssertionError._doThrowNew (dart:core-patch/errors_patch.dart:51:61)
#1      _AssertionError._throwNew (dart:core-patch/errors_patch.dart:40:5)
#2      MouseTracker._deviceUpdatePhase (package:flutter/src/rendering/mouse_tracker.dart:205:12)
#3      MouseTracker.updateWithEvent.<anonymous closure> (package:flutter/src/rendering/mouse_tracker.dart:328:7)
#4      MouseTracker._monitorMouseConnection (package:flutter/src/rendering/mouse_tracker.dart:193:9)
#5      MouseTracker.updateWithEvent (package:flutter/src/rendering/mouse_tracker.dart:327:5)
#6      RendererBinding.dispatchEvent (package:flutter/src/rendering/binding.dart:432:20)
#7      GestureBinding._handlePointerEventImmediately (package:flutter/src/gestures/binding.dart:413:7)
#8      GestureBinding.handlePointerEvent (package:flutter/src/gestures/binding.dart:376:5)
#9      GestureBinding._flushPointerEventQueue (package:flutter/src/gestures/binding.dart:323:7)
#10     GestureBinding._handlePointerDataPacket (package:flutter/src/gestures/binding.dart:292:9)
#11     _invoke1 (dart:ui/hooks.dart:186:13)
#12     PlatformDispatcher._dispatchPointerDataPacket (dart:ui/platform_dispatcher.dart:433:7)
#13     _dispatchPointerDataPacket (dart:ui/hooks.dart:119:31)

0      _AssertionError._doThrowNew (dart:core-patch/errors_patch.dart:51:61)
#1      _AssertionError._throwNew (dart:core-patch/errors_patch.dart:40:5)
#2      MouseTracker._deviceUpdatePhase (package:flutter/src/rendering/mouse_tracker.dart:205:12)
#3      MouseTracker.updateWithEvent.<anonymous closure> (package:flutter/src/rendering/mouse_tracker.dart:328:7)
#4      MouseTracker._monitorMouseConnection (package:flutter/src/rendering/mouse_tracker.dart:193:9)
#5      MouseTracker.updateWithEvent (package:flutter/src/rendering/mouse_tracker.dart:327:5)
#6      RendererBinding.dispatchEvent (package:flutter/src/rendering/binding.dart:432:20)
#7      GestureBinding._handlePointerEventImmediately (package:flutter/src/gestures/binding.dart:413:7)
#8      GestureBinding.handlePointerEvent (package:flutter/src/gestures/binding.dart:376:5)
#9      GestureBinding._flushPointerEventQueue (package:flutter/src/gestures/binding.dart:323:7)
#10     GestureBinding._handlePointerDataPacket (package:flutter/src/gestures/binding.dart:292:9)
#11     _invoke1 (dart:ui/hooks.dart:186:13)
#12     PlatformDispatcher._dispatchPointerDataPacket (dart:ui/platform_dispatcher.dart:433:7)
#13     _dispatchPointerDataPacket (dart:ui/hooks.dart:119:31)
#0      _AssertionError._doThrowNew (dart:core-patch/errors_patch.dart:51:61)
#1      _AssertionError._throwNew (dart:core-patch/errors_patch.dart:40:5)
#2      MouseTracker._deviceUpdatePhase (package:flutter/src/rendering/mouse_tracker.dart:205:12)
#3      MouseTracker.updateWithEvent.<anonymous closure> (package:flutter/src/rendering/mouse_tracker.dart:328:7)
#4      MouseTracker._monitorMouseConnection (package:flutter/src/rendering/mouse_tracker.dart:193:9)
#5      MouseTracker.updateWithEvent (package:flutter/src/rendering/mouse_tracker.dart:327:5)
#6      RendererBinding.dispatchEvent (package:flutter/src/rendering/binding.dart:432:20)
#7      GestureBinding._handlePointerEventImmediately (package:flutter/src/gestures/binding.dart:413:7)
#8      GestureBinding.handlePointerEvent (package:flutter/src/gestures/binding.dart:376:5)
#9      GestureBinding._flushPointerEventQueue (package:flutter/src/gestures/binding.dart:323:7)
#10     GestureBinding._handlePointerDataPacket (package:flutter/src/gestures/binding.dart:292:9)
#11     _invoke1 (dart:ui/hooks.dart:186:13)
#12     PlatformDispatcher._dispatchPointerDataPacket (dart:ui/platform_dispatcher.dart:433:7)
#13     _dispatchPointerDataPacket (dart:ui/hooks.dart:119:31)

[2023.08.11 23:22:19]rendering/mouse_tracker.dart': Failed assertion: line 205 pos 12: '!_debugDuringDeviceUpdate': is not true[2023.08.11 23:22:19]rendering/mouse_tracker.dart': Failed assertion: line 205 pos 12: '!_debugDuringDeviceUpdate': is not true.
#0      _AssertionError._doThrowNew (dart:core-patch/errors_patch.dart:51:61)
#1      _AssertionError._throwNew (dart:core-patc#0      _AssertionError._doThrowNew (dart:core-patch/errors_patch.dart:51:61)
#1      _AssertionError._throwNew (dart:core-patch/errors_patch.dart:40:5)
#2      MouseTracker._deviceUpdatePhase (package:flutter/src/rendering/mouse_tracker.dart:205:12)
#3      MouseTracker.updateWithEvent.<anonymous closure> (package:flutter/src/rendering/mouse_tracker.dart:328:7)
#4      MouseTracker._monitorMouseConnection (package:flutter/src/rendering/mouse_tracker.dart:193:9)
#5      MouseTracker.updateWithEvent (package:flutter/src/rendering/mouse_tracker.dart:327:5)
#6      RendererBinding.dispatchEvent (package:flutter/src/rendering/binding.dart:432:20)
#7      GestureBinding._handlePointerEventImmediately (package:flutter/src/gestures/binding.dart:413:7)
#8      GestureBinding.handlePointerEvent (package:flutter/src/gestures/binding.dart:376:5)
#9      GestureBinding._flushPointerEventQueue (package:flutter/src/gestures/binding.dart:323:7)
#10     GestureBinding._handlePointerDataPacket (package:flutter/src/gestures/binding.dart:292:9)
#11     _invoke1 (dart:ui/hooks.dart:186:13)
#12     PlatformDispatcher._dis[2023.08.11 23:22:19]t (dart:ui/platform_dispatcher.dart:433:7)
#13     _dispatchPointerDataPacket (dart:ui/hooks.dart:119:31)
[2023.08.11 23:22:19]or._doThrowNew (dart:core-patch/errors_patch.dart:51:61)
#1      _AssertionError._throwNew (dart:core-patch/errors_patch.dart:40:5)
#2      MouseTracker._deviceUpdatePhase (package:flutter/src/rendering/mouse_tracker.dart:205:12)
#3      MouseTracker.updateWithEvent.<anonymous closure> (package:flutter/src/rendering/mouse_tracker.dart:328:7)
#4      MouseTracker._monitorMouseConnection (package:flutter/src/rendering/mouse_tracker.dart:193:9)
#5      MouseTracker.updateWithEvent (package:flutter/src/rendering/mouse_tracker.dart:327:5)
#6      RendererBinding.dispatchEvent (package:flutter/src/rendering/binding.dart:432:20)
#7      GestureBinding._handlePointerEventImmediately (package:flutter/src/gestures/binding.dart:413:7)
#8      GestureBinding.handlePointerEvent (package:flutter/src/gestures/binding.dart:376:5)
#9      GestureBinding._flushPointerEventQueue (package:flutter/src/gestures/binding.dart:323:7)
#10     GestureBinding._handlePointerDataPacket (package:flutter/src/gestures/binding.dart:292:9)
#11     _invoke1 (dart:ui/hooks.dart:186:13)
#12     PlatformDispatcher._dispatchPointerDataPacket (dart:ui/platform_dispatcher.dart:433:7)
#13     _dispatchPointerDataPacket (dart:ui/hooks.dart:119:31)
[2023.08.11 23:22:19]or._doThrowNew (dart:core-patch/errors_patch.dart:51:61)
#1      _AssertionError._throwNew (dart:core-patch#0      _AssertionError._doThrowNew (dart:core-patch/errors_patch.dart:51:61)
#1      _AssertionError._throwNew (dart:core-patch/errors_patch.dart:40:5)
#2      MouseTracker._deviceUpdatePhase (package:flutter/src/rendering/mouse_tracker.dart:205:12)
#3      MouseTracker.updateWithEvent.<anonymous closure> (package:flutter/src/rendering/mouse_tracker.dart:328:7)
#4      MouseTracker._monitorMouseConnection (package:flutter/src/rendering/mouse_tracker.dart:193:9)
#5      MouseTracker.updateWithEvent (package:flutter/src/rendering/mouse_tracker.dart:327:5)
#6      RendererBinding.dispatchEvent (package:flutter/src/rendering/binding.dart:432:20)
#7      GestureBinding._handlePointerEventImmediately (package:flutter/src/gestures/binding.dart:413:7)
#8      GestureBinding.handlePointerEvent (package:flutter/src/gestures/binding.dart:376:5)
#9      GestureBinding._flushPointerEventQueue (package:flutter/src/gestures/binding.dart:323:7)
#10     GestureBinding._handlePointerDataPacket (package:flutter/src/gestures/binding.dart:292:9)
#11     _invoke1 (dart:ui/hooks.dart:186:13)
#12     PlatformDispatcher._dispatchPointerDataPacket (dart:ui/platform_dispatcher.dart:433:7)
#13     _dispatchPointerDataPacket (dart:ui/hooks.dart:119:31)
#0      _AssertionError._doThrowNew (dart:core-patch/errors_patch.dart:51:61)
#1      _AssertionError._throwNew (dart:core-patch/errors_patch.dart:40:5)
#2      MouseTracker._deviceUpdatePhase (package:flutter/src/rendering/mouse_tracker.dart:205:12)
#3      MouseTracker.updateWithEvent.<anonymous closure> (package:flutter/src/rendering/mouse_tracker.dart:328:7)
#4      MouseTracker._monitorMouseConnection (package:flutter/src/rendering/mouse_tracker.dart:193:9)
#5      MouseTracker.updateWithEvent (package:flutter/src/rendering/mouse_tracker.dart:327:5)
#6      RendererBinding.dispatchEvent (package:flutter/src/rendering/binding.dart:432:20)
#7      GestureBinding._handlePointerEventImmediately (package:flutter/src/gestures/binding.dart:413:7)
#8      GestureBinding.handlePointerEvent (package:flutter/src/gestures/binding.dart:376:5)
#9      GestureBinding._flushPointerEventQueue (package:flutter/src/gestures/binding.dart:323:7)
#10     GestureBinding._handlePointerDataPacket (package:flutter/src/gestures/binding.dart:292:9)
#11     _invoke1 (dart:ui/hooks.dart:186:13)
#12     PlatformDispatcher._dispatchPointerDataPacket (dart:ui/platform_dispatcher.dart:433:7)
#13     _dispatchPointerDataPacket (dart:ui/hooks.dart:119:31)
#0      _AssertionError._doThrowNew (dart:core-patch/errors_patch.dart:51:61)
#1      _AssertionError._throwNew (dart:core-patch/errors_patch.dart:40:5)
#2      MouseTracker._deviceUpdatePhase (package:flutter/src/rendering/mouse_tracker.dart:205:12)
#3      MouseTracker.updateWithEvent.<anonymous closure> (package:flutter/src/rendering/mouse_tracker.dart:328:7)
#4      MouseTracker._monitorMouseConnection (package:flutter/src/rendering/mouse_tracker.dart:193:9)
#5      MouseTracker.updateWithEvent (package:flutter/src/rendering/mouse_tracker.dart:327:5)
#6      RendererBinding.dispatchEvent (package:flutter/src/rendering/binding.dart:432:20)
#7      GestureBinding._handlePointerEventImmediately (package:flutter/src/gestures/binding.dart:413:7)
#8      GestureBinding.handlePointerEvent (package:flutter/src/gestures/binding.dart:376:5)
#9      GestureBinding._flushPointerEventQueue (package:flutter/src/gestures/binding.dart:323:7)
#10     GestureBinding._handlePointerDataPacket (package:flutter/src/gestures/binding.dart:292:9)
#11     _invoke1 (dart:ui/hooks.dart:186:13)
#12     PlatformDispatcher._dispatchPointerDataPacket (dart:ui/platform_dispatcher.dart:433:7)
#13     _dispatchPointerDataPacket (dart:ui/hooks.dart:119:31)
[2023.08.11 23:22:19]or._doThrowNew (dart:core-patch/errors_patch.dart:51:61)
#1      _AssertionError._throwNew (dart:core-patch/errors_patch.dart:40:5)
#2      MouseTracker._deviceUpdatePhase (package:flutter/src/rendering/mouse_tracker.dart:205:12)
#3      MouseTracker.updateWithEvent.<anonymous closure> (package:flutter/src/rendering/mouse_tracker.dart:328:7)
#4      MouseTracker._monitorMouseConnection (package:flutter/src/rendering/mouse_tracker.dart:193:9)
#5      MouseTracker.updateWithEvent (package:flutter/src/rendering/mouse_tracker.dart:327:5)
#6      RendererBinding.dispatchEvent (package:flutter/src/rendering/binding.dart:432:20)
#7      GestureBinding._handlePointerEventImmediately (package:flutter/src/gestures/binding.dart:413:7)
#8      GestureBinding.handlePointerEvent (package:flutter/src/gestures/binding.dart:376:5)
#9      GestureBinding._flushPointerEventQueue (package:flutter/src/gestures/binding.dart:323:7)
#10     GestureBinding._handlePointerDataPacket (package:flutter/src/gestures/binding.dart:292:9)
#11     _invoke1 (dart:ui/hooks.dart:186:13)
#12     PlatformDispatcher._dispatchPointerDataPacket (dart:ui/platform_dispatcher.dart:433:7)
#13     _dispatchPointerDataPacket (dart:ui/hooks.dart:119:31)

package:flutter/src/rendering/mouse_tracker.dart': Failed assertion: line 205 pos 12: '!_debugDuringDeviceUpdate': is not true.#0      _AssertionError._doThrowNew (dart:core-patch/errors_patch.dart:51:61)
#1      _AssertionError._throwNew (dart:core-patch/errors_patch.dart:40:5)
#2      MouseTracker._deviceUpdatePhase (package:flutter/src/rendering/mouse_tracker.dart:205:12)
#3      MouseTracker.updateWithEvent.<anonymous closure> (package:flutter/src/rendering/mouse_tracker.dart:328:7)
#4      MouseTracker._monitorMouseConnection (package:flutter/src/rendering/mouse_tracker.dart:193:9)
#5      MouseTracker.updateWithEvent (package:flutter/src/rendering/mouse_tracker.dart:327:5)
#6      RendererBinding.dispatchEvent (package:flutter/src/rendering/binding.dart:432:20)
#7      GestureBinding._handlePointerEventImmediately (package:flutter/src/gestures/binding.dart:413:7)
#8      GestureBinding.handlePointerEvent (package:flutter/src/gestures/binding.dart:376:5)
#9      GestureBinding._flushPointerEventQueue (package:flutter/src/gestures/binding.dart:323:7)
#10     GestureBinding._handlePointerDataPacket (package:flutter/src/gestures/binding.dart:292:9)
#11     _invoke1 (dart:ui/hooks.dart:186:13)
#12     PlatformDispatcher._dispatchPointerDataPacket (dart:ui/platform_dispatcher.dart:433:7)
#13     _dispatchPointerDataPacket (dart:ui/hooks.dart:119:31)

package:flutter/src/rendering/mouse_tracker.dart': Failed assertion: line 205 pos 12: '!_debugDuringDeviceUpdate': is not true.#0      _AssertionError._doThrowNew (dart:core-patch/errors_patch.dart:51:61)
#1      _AssertionError._throwNew (dart:core-patch/errors_patch.dart:40:5)
#2      MouseTracker._deviceUpdatePhase (package:flutter/src/rendering/mouse_tracker.dart:205:12)
#3      MouseTracker.updateWithEvent.<anonymous closure> (package:flutter/src/rendering/mouse_tracker.dart:328:7)
#4      MouseTracker._monitorMouseConnection (package:flutter/src/rendering/mouse_tracker.dart:193:9)
#5      MouseTracker.updateWithEvent (package:flutter/src/rendering/mouse_tracker.dart:327:5)
#6      RendererBinding.dispatchEvent (package:flutter/src/rendering/binding.dart:432:20)
#7      GestureBinding._handlePointerEventImmediately (package:flutter/src/gestures/binding.dart:413:7)
#8      GestureBinding.handlePointerEvent (package:flutter/src/gestures/binding.dart:376:5)
#9      GestureBinding._flushPointerEventQueue (package:flutter/src/gestures/binding.dart:323:7)
#10     GestureBinding._handlePointerDataPacket (package:flutter/src/gestures/binding.dart:292:9)
#11     _invoke1 (dart:ui/hooks.dart:186:13)
#12     PlatformDispatcher._dispatchPointerDataPacket (dart:ui/platform_dispatcher.dart:433:7)
#13     _dispatchPointerDataPacket (dart:ui/hooks.dart:119:31)
'package:flutter/src/rendering/mouse_tracker.dart': Failed assertion: line 205 pos 12: '!_debugDuringDeviceUpdate': is not true.'package:flutter/src/rendering/mouse_tracker.dart': Failed assertion: line 205 pos 12: '!_debugDuringDeviceUpdate': is not true./errors_patch.dart:40:5)
#2      MouseTracker._deviceUpdatePhase (package:flutter/src/rendering/mouse_tracker.dart:205:12)
#3      MouseTracker.updateWithEvent.<anonymous closure> (package:flutter/src/rendering/mouse_tracker.dart:328:7)
#4      MouseTracker._monitorMouseConnection (package:flutter/src/rendering/mouse_tracker.dart:193:9)
#5      MouseTracker.updateWithEvent (package:flutter/src/rendering/mouse_tracker.dart:327:5)
#6      RendererBinding.dispatchEvent (package:flutter/src/rendering/binding.dart:432:20)
#7      GestureBinding._handlePointerEventImmediately (package:flutter/src/gestures/binding.dart:413:7)
#8      GestureBinding.handlePointerEvent (package:flutter/src/gestures/binding.dart:376:5)
#9      GestureBinding._flushPointerEventQueue (package:flutter/src/gestures/binding.dart:323:7)
#10     GestureBinding._handlePointerDataPacket (package:flutter/src/gestures/binding.dart:292:9)
#11     _invoke1 (dart:ui/hooks.dart:186:13)
#12     PlatformDispatcher._dispatchPointerDataPacket (dart:ui/platform_dispatcher.dart:433:7)
#13     _dispatchPointerDataPacket (dart:ui/hooks.dart:119:31)
#0      _AssertionError._doThrowNew (dart:core-patch/errors_patch.dart:51:61)
#1      _AssertionError._throwNew (dart:core-patch/errors_patch.dart:40:5)
#2      MouseTracker._deviceUpdatePhase (package:flutter/src/rendering/mouse_tracker.dart:205:12)
#3      MouseTracker.updateWithEvent.<anonymous closure> (package:flutter/src/rendering/mouse_tracker.dart:328:7)
#4      MouseTracker._monitorMouseConnection (package:flutter/src/rendering/mouse_tracker.dart:193:9)
#5      MouseTracker.updateWithEvent (package:flutter/src/rendering/mouse_tracker.dart:327:5)
#6      RendererBinding.dispatchEvent (package:flutter/src/rendering/binding.dart:432:20)
#7      GestureBinding._handlePointerEventImmediately (package:flutter/src/gestures/binding.dart:413:7)
#8      GestureBinding.handlePointerEvent (package:flutter/src/gestures/binding.dart:376:5)
#9      GestureBinding._flushPointerEventQueue (package:flutter/src/gestures/binding.dart:323:7)
#10     GestureBinding._handlePointerDataPacket (package:flutter/src/gestures/binding.dart:292:9)
#11     _invoke1 (dart:ui/hooks.dart:186:13)
#12     PlatformDispatcher._dispatchPointerDataPacket (dart:ui/platform_dispatcher.dart:433:7)
#13     _dispatchPointerDataPacket (dart:ui/hooks.dart:119:31)
[2023.08.11 23:22:19]'package:flutter/src/rendering/mouse_tracker.dart': Failed assertion: line 205 pos 12: '!_debugDuringDeviceUpdate': is not true.
2023.08.11 23:22:20]#0      _AssertionError._doThrowNew (dart:core-patch/errors_patch.dart:51:61)
#1      _AssertionError._throwNew (dart:core-patch#0      _AssertionError._doThrowNew (dart:core-patch/errors_patch.dart:51:61)
#1      _AssertionError._throwNew (dart:core-patch/errors_patch.dart:40:5)
#2      MouseTracker._deviceUpdatePhase (package:flutter/src/rendering/mouse_tracker.dart:205:12)
#3      MouseTracker.updateWithEvent.<anonymous closure> (package:flutter/src/rendering/mouse_tracker.dart:328:7)
#4      MouseTracker._monitorMouseConnection (package:flutter/src/rendering/mouse_tracker.dart:193:9)
#5      MouseTracker.updateWithEvent (package:flutter/src/rendering/mouse_tracker.dart:327:5)
#6      RendererBinding.dispatchEvent (package:flutter/src/rendering/binding.dart:432:20)
#7      GestureBinding._handlePointerEventImmediately (package:flutter/src/gestures/binding.dart:413:7)
#8      GestureBinding.handlePointerEvent (package:flutter/src/gestures/binding.dart:376:5)
#9      GestureBinding._flushPointerEventQueue (package:flutter/src/gestures/binding.dart:323:7)
#10     GestureBinding._handlePointerDataPacket (package:flutter/src/gestures/binding.dart:292:9)
#11     _invoke1 (dart:ui/hooks.dart:186:13)
#12     PlatformDispatcher._di#0      _AssertionError._doThrowNew (dart:core-patch/errors_patch.dart:51:61)
#1      _AssertionError._throwNew (dart:core-patch'package:flutter/src/rendering/mouse_tracker.dart': Failed assertion: line 205 pos 12: '!_debugDuringDeviceUpdate': is not true.   MouseTracker.updateWithEvent.<anonymous closure> (package:flutter/src/rendering/mouse_tracker.dart:328:7)
#4      MouseTracker._monitorMouseConnection (package:flutter/src/rendering/mouse_tracker.dart:193:9)
#5      MouseTracker.updateWithEvent (package:flutter/src/rendering/mouse_tracker.dart:327:5)
#6      RendererBinding.dispatchEvent (package:flutter/src/rendering/binding.dart:432:20)
#7      GestureBinding._handlePointerEventImmediately (package:flutter/src/gestures/binding.dart:413:7)
#8      GestureBinding.handlePointerEvent (package:flutter/src/gestures/binding.dart:376:5)
#9      GestureBinding._flushPointerEventQueue (package:flutter/src/gestures/binding.dart:323:7)
#10     GestureBinding._handlePointerDataPacket (package:flutter/src/gestures/binding.dart:292:9)
#11     _invoke1 (dart:ui/hooks.dart:186:13)
#12     PlatformDispatcher._dispatchPointerDataPacket (dart:ui/platform_dispatcher.dart:433:7)
#13     _dispatchPointerDataPacket (dart:ui/hooks.dart:119:31)
[2023.08.11 23:22:20]#0      _AssertionError._doThrowNew (dart:core-patch/errors_patch.dart:51:61)
#1      _AssertionError._throwNew (dart:core-patch/errors_patch.dart:40:5)
#2      MouseTracker._deviceUpdatePhase (package:flutter/src/rendering/mouse_tracker.dart:205:12)
#3      MouseTracker.updateWithEvent.<anonymous closure> (package:flutter/src/rendering/mouse_tracker.dart:328:7)
#4      MouseTracker._monitorMouseConnection (package:flutter/src/rendering/mouse_tracker.dart:193:9)
#5      MouseTracker.updateWithEvent (package:flutter/src/rendering/mouse_tracker.dart:327:5)
#6      RendererBinding.dispatchEvent (package:flutter/src/rendering/binding.dart:432:20)
#7      GestureBinding._handlePointerEventImmediately (package:flutter/src/gestures/binding.dart:413:7)
#8      GestureBinding.handlePointerEvent (package:flutter/src/gestures/binding.dart:376:5)
#9      GestureBinding._flushPointerEventQueue (package:flutter/src/gestures/binding.dart:323:7)
#10     GestureBinding._handlePointerDataPacket (package:flutter/src/gestures/binding.dart:292:9)
#11     _invoke1 (dart:ui/hooks.dart:186:13)
#12     PlatformDispatcher._dispatchPointerDataPacket (dart:ui/platform_dispatcher.dart:433:7)
#13     _dispatchPointerDataPacket (dart:ui/hooks.dart:119:31)
#0      _AssertionError._doThrowNew (dart:core-patch/errors_patch.dart:51:61)
#1      _AssertionError._throwNew (dart:core-patch/errors_patch.dart:40:5)
#2      MouseTracker._deviceUpdatePhase (package:flutter/src/rendering/mouse_tracker.dart:205:12)
#3      MouseTracker.updateWithEvent.<anonymous closure> (package:flutter/src/rendering/mouse_tracker.dart:328:7)
#4      MouseTracker._monitorMouseConnection (package:flutter/src/rendering/mouse_tracker.dart:193:9)
#5      MouseTracker.updateWithEvent (package:flutter/src/rendering/mouse_tracker.dart:327:5)
#6      RendererBinding.dispatchEvent (package:flutter/src/rendering/binding.dart:432:20)
#7      GestureBinding._handlePointerEventImmediately (package:flutter/src/gestures/binding.dart:413:7)
#8      GestureBinding.handlePointerEvent (package:flutter/src/gestures/binding.dart:376:5)
#9      GestureBinding._flushPointerEventQueue (package:flutter/src/gestures/binding.dart:323:7)
#10     GestureBinding._handlePointerDataPacket (package:flutter/src/gestures/binding.dart:292:9)
#11     _invoke1 (dart:ui/hooks.dart:186:13)
#12     PlatformDispatcher._dispatchPointerDataPacket (dart:ui/platform_dispatcher.dart:433:7)
#13     _dispatchPointerDataPacket (dart:ui/hooks.dart:119:31)

[2023.08.11 23:22:20]'package:flutter/src/rendering/mouse_tracker.dart': Failed assertion: line 205 pos 12: '!_debugDuringDeviceUpdate': is not true.#0      _AssertionError._doThrowNew (dart:core-patch/errors_patch.dart:51:61)
#1      _AssertionError._throwNew (dart:core-patch/errors_patch.dart:40:5)
#2      MouseTracker._deviceUpdatePhase (package:flutter/src/rendering/mouse_tracker.dart:205:12)
#3      MouseTracker.updateWithEvent.<anonymous closure> (package:flutter/src/rendering/mouse_tracker.dart:328:7)
#4      MouseTracker._monitorMouseConnection (package:flutter/src/rendering/mouse_tracker.dart:193:9)
#5      MouseTracker.updateWithEvent (package:flutter/src/rendering/mouse_tracker.dart:327:5)
#6      RendererBinding.dispatchEvent (package:flutter/src/rendering/binding.dart:432:20)
#7      GestureBinding._handlePointerEventImmediately (package:flutter/src/gestures/binding.dart:413:7)
#8      GestureBinding.handlePointerEvent (package:flutter/src/gestures/binding.dart:376:5)
#9      GestureBinding._flushPointerEventQueue (package:flutter/src/gestures/binding.dart:323:7)
#10     GestureBinding._handlePointerDataPacket (package:flutter/src/gestures/binding.dart:292:9)
#11     _invoke1 (dart:ui/hooks.dart:186:13)
#12     PlatformDispatcher._dispatchPointerDataPacket (dart:ui/platform_dispatcher.dart:433:7)
#13     _dispatchPointerDataPacket (dart:ui/hooks.dart:119:31)
[2023.08.11 23:22:20]
2023.08.11 23:22:20]rendering/mouse_tracker.dart': Failed assertion: line 205 pos 12: '!_debugDuringDeviceUpdate': is not true.[2023.08.11 23:22:20]or._doThrowNew (dart:core-patch/errors_patch.dart:51:61)
#1      _AssertionError._throwNew (dart:core-patch/errors_patch.dart:40:5)
#2      MouseTracker._deviceUpdatePhase (package:flutter/src/rendering/mouse_tracker.dart:205:12)
#3      MouseTracker.updateWithEvent.<anonymous closure> (package:flutter/src/rendering/mouse_tracker.dart:328:7)
#4      MouseTracker._monitorMouseConnection (package:flutter/src/rendering/mouse_tracker.dart:193:9)
#5      MouseTracker.updateWithEvent (package:flutter/src/rendering/mouse_tracker.dart:327:5)
#6      RendererBinding.dispatchEvent (package:flutter/src/rendering/binding.dart:432:20)
#7      GestureBinding._handlePointerEventImmediately (package:flutter/src/gestures/binding.dart:413:7)
#8      GestureBinding.handlePointerEvent (package:flutter/src/gestures/binding.dart:376:5)
#9      GestureBinding._flushPointerEventQueue (package:flutter/src/gestures/binding.dart:323:7)
#10     GestureBinding._handlePointerDataPacket (package:flutter/src/gestures/binding.dart:292:9)
#11     _invoke1 (dart:ui/hooks.dart:186:13)
#12     PlatformDispatcher._dispatchPointerDataPacket (dart:ui/platform_dispatcher.dart:433:7)
#13     _dispatchPointerDataPacket (dart:ui/hooks.dart:119:31)
'package:flutter/src/rendering/mouse_tracker.dart': Failed assertion: line 205 pos 12: '!_debugDuringDeviceUpdate': is not true./errors_patch.dart:40:5)
#2      MouseTracker._deviceUpdatePhase (package:flutter/src/rendering/mouse_tracker.dart:205:12)
#3      MouseTracker.updateWithEvent.<anonymous closure> (package:flutter/src/rendering/mouse_tracker.dart:328:7)
#4      MouseTracker._monitorMouseConnection (package:flutter/src/rendering/mouse_tracker.dart:193:9)
#5      MouseTracker.updateWithEvent (package:flutter/src/rendering/mouse_tracker.dart:327:5)
#6      RendererBinding.dispatchEvent (package:flutter/src/rendering/binding.dart:432:20)
#7      GestureBinding._handlePointerEventImmediately (package:flutter/src/gestures/binding.dart:413:7)
#8      GestureBinding.handlePointerEvent (package:flutter/src/gestures/binding.dart:376:5)
#9      GestureBinding._flushPointerEventQueue (package:flutter/src/gestures/binding.dart:323:7)
#10     GestureBinding._handlePointerDataPacket (package:flutter/src/gestures/binding.dart:292:9)
#11     _invoke1 (dart:ui/hooks.dart:186:13)
#12     PlatformDispatcher._dispatchPointerDataPacket (dart:ui/platform_dispatcher.dart:433:7)
#13     _dispatchPointerDataPacket (dart:ui/hooks.dart:119:31)

2023.08.11 23:22:20]or._doThrowNew (dart:core-patch/errors_patch.dart:51:61)
#1      _AssertionError._throwNew (dart:core-patch/errors_patch.dart:40:5)
#2      MouseTracker._deviceUpdatePhase (package:flutter/src/rendering/mouse_tracker.dart:205:12)
#3      MouseTracker.updateWithEvent.<anonymous closure> (package:flutter/src/rendering/mouse_tracker.dart:328:7)
#4      MouseTracker._monitorMouseConnection (package:flutter/src/rendering/mouse_tracker.dart:193:9)
#5      MouseTracker.updateWithEvent (package:flutter/src/rendering/mouse_tracker.dart:327:5)
#6      RendererBinding.dispatchEvent (package:flutter/src/rendering/binding.dart:432:20)
#7      GestureBinding._handlePointerEventImmediately (package:flutter/src/gestures/binding.dart:413:7)
#8      GestureBinding.handlePointerEvent (package:flutter/src/gestures/binding.dart:376:5)
#9      GestureBinding._flushPointerEventQueue (package:flutter/src/gestures/binding.dart:323:7)
#10     GestureBinding._handlePointerDataPacket (package:flutter/src/gestures/binding.dart:292:9)
#11     _invoke1 (dart:ui/hooks.dart:186:13)
#12     PlatformDispatcher._dispatchPointerDataPacket (dart:ui/platform_dispatcher.dart:433:7)
#13     _dispatchPointerDataPacket (dart:ui/hooks.dart:119:31)
'package:flutter/src/rendering/mouse_tracker.dart': Failed assertion: line 205 pos 12: '!_debugDuringDeviceUpdate': is not true.'package:flutter/src/rendering/mouse_tracker.dart': Failed assertion: line 205 pos 12: '!_debugDuringDeviceUpdate': is not true./errors_patch.dart:40:5)
#2      MouseTracker._deviceUpdatePhase (package:flutter/src/rendering/mouse_tracker.dart:205:12)
#3      MouseTracker.updateWithEvent.<anonymous closure> (package:flutter/src/rendering/mouse_tracker.dart:328:7)
#4      MouseTracker._monitorMouseConnection (package:flutter/src/rendering/mouse_tracker.dart:193:9)
#5      MouseTracker.updateWithEvent (package:flutter/src/rendering/mouse_tracker.dart:327:5)
#6      RendererBinding.dispatchEvent (package:flutter/src/rendering/binding.dart:432:20)
#7      GestureBinding._handlePointerEventImmediately (package:flutter/src/gestures/binding.dart:413:7)
#8      GestureBinding.handlePointerEvent (package:flutter/src/gestures/binding.dart:376:5)
#9      GestureBinding._flushPointerEventQueue (package:flutter/src/gestures/binding.dart:323:7)
#10     GestureBinding._handlePointerDataPacket (package:flutter/src/gestures/binding.dart:292:9)
#11     _invoke1 (dart:ui/hooks.dart:186:13)
#12     PlatformDispatcher._dispatchPointerDataPacket (dart:ui/platform_dispatcher.dart:433:7)
#13     _dispatchPointerDataPacket (dart:ui/hooks.dart:119:31)
'package:flutter/src/rendering/mouse_tracker.dart': Failed assertion: line 205 pos 12: '!_debugDuringDeviceUpdate': is not true./errors_patch.dart:40:5)
#2      MouseTracker._deviceUpdatePhase (package:flutter/src/rendering/mouse_tracker.dart:205:12)
#3      MouseTracker.updateWithEvent.<anonymous closure> (package:flutter/src/rendering/mouse_tracker.dart:328:7)
#4      MouseTracker._monitorMouseConnection (package:flutter/src/rendering/mouse_tracker.dart:193:9)
#5      MouseTracker.updateWithEvent (package:flutter/src/rendering/mouse_tracker.dart:327:5)
#6      RendererBinding.dispatchEvent (package:flutter/src/rendering/binding.dart:432:20)
#7      GestureBinding._handlePointerEventImmediately (package:flutter/src/gestures/binding.dart:413:7)
#8      GestureBinding.handlePointerEvent (package:flutter/src/gestures/binding.dart:376:5)
#9      GestureBinding._flushPointerEventQueue (package:flutter/src/gestures/binding.dart:323:7)
#10     GestureBinding._handlePointerDataPacket (package:flutter/src/gestures/binding.dart:292:9)
#11     _invoke1 (dart:ui/hooks.dart:186:13)
#12     PlatformDispatcher._dispatchPointerDataPacket (dart:ui/platform_dispatcher.dart:433:7)
#13     _dispatchPointerDataPacket (dart:ui/hooks.dart:119:31)
#0      _AssertionError._doThrowNew (dart:core-patch/errors_patch.dart:51:61)
#1      _AssertionError._throwNew (dart:core-patch/errors_patch.dart:40:5)
#2      MouseTracker._deviceUpdatePhase (package:flutter/src/rendering/mouse_tracker.dart:205:12)
#3      MouseTracker.updateWithEvent.<anonymous closure> (package:flutter/src/rendering/mouse_tracker.dart:328:7)
#4      MouseTracker._monitorMouseConnection (package:flutter/src/rendering/mouse_tracker.dart:193:9)
#5      MouseTracker.updateWithEvent (package:flutter/src/rendering/mouse_tracker.dart:327:5)
#6      RendererBinding.dispatchEvent (package:flutter/src/rendering/binding.dart:432:20)
#7      GestureBinding._handlePointerEventImmediately (package:flutter/src/gestures/binding.dart:413:7)
#8      GestureBinding.handlePointerEvent (package:flutter/src/gestures/binding.dart:376:5)
#9      GestureBinding._flushPointerEventQueue (package:flutter/src/gestures/binding.dart:323:7)
#10     GestureBinding._handlePointerDataPacket (package:flutter/src/gestures/binding.dart:292:9)
#11     _invoke1 (dart:ui/hooks.dart:186:13)
#12     PlatformDispatcher._dispatchPointerDataPacket (dart:ui/platform_dispatcher.dart:433:7)
#13     _dispatchPointerDataPacket (dart:ui/hooks.dart:119:31)
#0      _AssertionError._doThrowNew (dart:core-patch/errors_patch.dart:51:61)
#1      _AssertionError._throwNew (dart:core-patch/errors_patch.dart:40:5)
#2      MouseTracker._deviceUpdatePhase (package:flutter/src/rendering/mouse_tracker.dart:205:12)
#3      MouseTracker.updateWithEvent.<anonymous closure> (package:flutter/src/rendering/mouse_tracker.dart:328:7)
#4      MouseTracker._monitorMouseConnection (package:flutter/src/rendering/mouse_tracker.dart:193:9)
#5      MouseTracker.updateWithEvent (package:flutter/src/rendering/mouse_tracker.dart:327:5)
#6      RendererBinding.dispatchEvent (package:flutter/src/rendering/binding.dart:432:20)
#7      GestureBinding._handlePointerEventImmediately (package:flutter/src/gestures/binding.dart:413:7)
#8      GestureBinding.handlePointerEvent (package:flutter/src/gestures/binding.dart:376:5)
#9      GestureBinding._flushPointerEventQueue (package:flutter/src/gestures/binding.dart:323:7)
#10     GestureBinding._handlePointerDataPacket (package:flutter/src/gestures/binding.dart:292:9)
#11     _invoke1 (dart:ui/hooks.dart:186:13)
#12     PlatformDispatcher._dispatchPointerDataPacket (dart:ui/platform_dispatcher.dart:433:7)
#13     _dispatchPointerDataPacket (dart:ui/hooks.dart:119:31)


2023.08.11 23:22:24]
 RenderFlex overflowed by 12 pixels on the bottom. Failed assertion: line 205 pos 12: '!_debugDuringDeviceUpdate': is not true.
package:flutter/src/rendering/mouse_tracker.dart': Failed assertion: line 205 pos 12: '!_debugDuringDeviceUpdate': is not true./errors_patch.dart:40:5)
#2      MouseTracker._deviceUpdatePhase (package:flutter/src/rendering/mouse_tracker.dart:205:12)
#3      MouseTracker.updateAllDevices (package:flutter/src/rendering/mouse_tracker.dart:372:5)
#4      RendererBinding._scheduleMouseTrackerUpdate.<anonymous closure> (package:flutter/src/rendering/binding.dart:474:22)
#5      SchedulerBinding._invokeFrameCallback (package:flutter/src/scheduler/binding.dart:1325:15)
#6      SchedulerBinding.handleDrawFrame (package:flutter/src/scheduler/binding.dart:1264:9)
#7      SchedulerBinding.scheduleWarmUpFrame.<anonymous closure> (package:flutter/src/scheduler/binding.dart:978:7)
#8      Timer._createTimer.<anonymous closure> (dart:async-patch/timer_patch.dart:18:15)
#9      _Timer._runTimers (dart:isolate-patch/timer_impl.dart:398:19)
#10     _Timer._handleMessage (dart:isolate-patch/timer_impl.dart:429:5)
#11     _RawReceivePort._handleMessage (dart:isolate-patch/isolate_patch.dart:184:12)
#0      _AssertionError._doThrowNew (dart:core-patch/errors_patch.dart:51:61)
#1      _AssertionError._throwNew (dart:core-patch/errors_patch.dart:40:5)
#2      MouseTracker._deviceUpdatePhase (package:flutter/src/rendering/mouse_tracker.dart:205:12)
#3      MouseTracker.updateAllDevices (package:flutter/src/rendering/mouse_tracker.dart:372:5)
#4      RendererBinding._scheduleMouseTrackerUpdate.<anonymous closure> (package:flutter/src/rendering/binding.dart:474:22)
#5      SchedulerBinding._invokeFrameCallback (package:flutter/src/scheduler/binding.dart:1325:15)
#6      SchedulerBinding.handleDrawFrame (package:flutter/src/scheduler/binding.dart:1264:9)
#7      SchedulerBinding._handleDrawFrame (package:flutter/src/scheduler/binding.dart:1113:5)
#8      _invoke (dart:ui/hooks.dart:170:13)
#9      PlatformDispatcher._drawFrame (dart:ui/platform_dispatcher.dart:410:5)
#10     _drawFrame (dart:ui/hooks.dart:140:31)

0      _AssertionError._doThrowNew (dart:core-patch/errors_patch.dart:51:61)
#1      _AssertionError._throwNew (dart:core-patch/errors_patch.dart:40:5)
#2      MouseTracker._deviceUpdatePhase (package:flutter/src/rendering/mouse_tracker.dart:205:12)
#3      MouseTracker.updateAllDevices (package:flutter/src/rendering/mouse_tracker.dart:372:5)
#4      RendererBinding._scheduleMouseTrackerUpdate.<anonymous closure> (package:flutter/src/rendering/binding.dart:474:22)
#5      SchedulerBinding._invokeFrameCallback (package:flutter/src/scheduler/binding.dart:1325:15)
#6      SchedulerBinding.handleDrawFrame (package:flutter/src/scheduler/binding.dart:1264:9)
#7      SchedulerBinding._handleDrawFrame (package:flutter/src/scheduler/binding.dart:1113:5)
#8      _invoke (dart:ui/hooks.dart:170:13)
#9      PlatformDispatcher._drawFrame (dart:ui/platform_dispatcher.dart:410:5)
#10     _drawFrame (dart:ui/hooks.dart:140:31)
[2023.08.11 23:22:25]or._doThrowNew (dart:core-patch/errors_patch.dart:51:61)
#1      _AssertionError._throwNew (dart:core-patch/errors_patch.dart:40:5)
#2      MouseTracker._deviceUpdatePhase (package:flutter/src/rendering/mouse_tracker.dart:205:12)
#3      MouseTracker.updateAllDevices (package:flutter/src/rendering/mouse_tracker.dart:372:5)
#4      RendererBinding._scheduleMouseTrackerUpdate.<anonymous closure> (package:flutter/src/rendering/binding.dart:474:22)
#5      SchedulerBinding._invokeFrameCallback (package:flutter/src/scheduler/binding.dart:1325:15)
#6      SchedulerBinding.handleDrawFrame (package:flutter/src/scheduler/binding.dart:1264:9)
#7      SchedulerBinding._handleDrawFrame (package:flutter/src/scheduler/binding.dart:1113:5)
#8      _invoke (dart:ui/hooks.dart:170:13)
#9      PlatformDispatcher._drawFrame (dart:ui/platform_dispatcher.dart:410:5)
#10     _drawFrame (dart:ui/hooks.dart:140:31)

package:flutter/src/rendering/mouse_tracker.dart': Failed assertion: line 205 pos 12: '!_debugDuringDeviceUpdate': is not true.#0      _AssertionError._doThrowNew (dart:core-patch/errors_patch.dart:51:61)
#1      _AssertionError._throwNew (dart:core-patch/errors_patch.dart:40:5)
#2      MouseTracker._deviceUpdatePhase (package:flutter/src/rendering/mouse_tracker.dart:205:12)
#3      MouseTracker.updateAllDevices (package:flutter/src/rendering/mouse_tracker.dart:372:5)
#4      RendererBinding._scheduleMouseTrackerUpdate.<anonymous closure> (package:flutter/src/rendering/binding.dart:474:22)
#5      SchedulerBinding._invokeFrameCallback (package:flutter/src/scheduler/binding.dart:1325:15)
#6      SchedulerBinding.handleDrawFrame (package:flutter/src/scheduler/binding.dart:1264:9)
#7      SchedulerBinding._handleDrawFrame (package:flutter/src/scheduler/binding.dart:1113:5)
#8      _invoke (dart:ui/hooks.dart:170:13)
#9      PlatformDispatcher._drawFrame (dart:ui/platform_dispatcher.dart:410:5)
#10     _drawFrame (dart:ui/hooks.dart:140:31)
'package:flutter/src/rendering/mouse_tracker.dart': Failed assertion: line 205 pos 12: '!_debugDuringDeviceUpdate': is not true.#0      _AssertionError._doThrowNew (dart:core-patch/errors_patch.dart:51:61)
#1      _AssertionError._throwNew (dart:core-patch/errors_patch.dart:40:5)
#2      MouseTracker._deviceUpdatePhase (package:flutter/src/rendering/mouse_tracker.dart:205:12)
#3      MouseTracker.updateAllDevices (package:flutter/src/rendering/mouse_tracker.dart:372:5)
#4      RendererBinding._scheduleMouseTrackerUpdate.<anonymous closure> (package:flutter/src/rendering/binding.dart:474:22)
#5      SchedulerBinding._invokeFrameCallback (package:flutter/src/scheduler/binding.dart:1325:15)
#6      SchedulerBinding.handleDrawFrame (package:flutter/src/scheduler/binding.dart:1264:9)
#7      SchedulerBinding._handleDrawFrame (package:flutter/src/scheduler/binding.dart:1113:5)
#8      _invoke (dart:ui/hooks.dart:170:13)
#9      PlatformDispatcher._drawFrame (dart:ui/platform_dispatcher.dart:410:5)
#10     _drawFrame (dart:ui/hooks.dart:140:31)
'package:flutter/src/rendering/mouse_tracker.dart': Failed assertion: line 205 pos 12: '!_debugDuringDeviceUpdate': is not true.#0      _AssertionError._doThrowNew (dart:core-patch/errors_patch.dart:51:61)
#1      _AssertionError._throwNew (dart:core-patch/errors_patch.dart:40:5)
#2      MouseTracker._deviceUpdatePhase (package:flutter/src/rendering/mouse_tracker.dart:205:12)
#3      MouseTracker.updateAllDevices (package:flutter/src/rendering/mouse_tracker.dart:372:5)
#4      RendererBinding._scheduleMouseTrackerUpdate.<anonymous closure> (package:flutter/src/rendering/binding.dart:474:22)
#5      SchedulerBinding._invokeFrameCallback (package:flutter/src/scheduler/binding.dart:1325:15)
#6      SchedulerBinding.handleDrawFrame (package:flutter/src/scheduler/binding.dart:1264:9)
#7      SchedulerBinding._handleDrawFrame (package:flutter/src/scheduler/binding.dart:1113:5)
#8      _invoke (dart:ui/hooks.dart:170:13)
#9      PlatformDispatcher._drawFrame (dart:ui/platform_dispatcher.dart:410:5)
#10     _drawFrame (dart:ui/hooks.dart:140:31)
[2023.08.11 23:22:25]rendering/mouse_tracker.dart': Failed assertion: line 205 pos 12: '!_debugDuringDeviceUpdate': is not true.[2023.08.11 23:22:25]or._doThrowNew (dart:core-patch/errors_patch.dart:51:61)
#1      _AssertionError._throwNew (dart:core-patch/errors_patch.dart:40:5)
#2      MouseTracker._deviceUpdatePhase (package:flutter/src/rendering/mouse_tracker.dart:205:12)
#3      MouseTracker.updateAllDevices (package:flutter/src/rendering/mouse_tracker.dart:372:5)
#4      RendererBinding._scheduleMouseTrackerUpdate.<anonymous closure> (package:flutter/src/rendering/binding.dart:474:22)
#5      SchedulerBinding._invokeFrameCallback (package:flutter/src/scheduler/binding.dart:1325:15)
#6      SchedulerBinding.handleDrawFrame (package:flutter/src/scheduler/binding.dart:1264:9)
#7      SchedulerBinding._handleDrawFrame (package:flutter/src/scheduler/binding.dart:1113:5)
#8      _invoke (dart:ui/hooks.dart:170:13)
#9      PlatformDispatcher._drawFrame (dart:ui/platform_dispatcher.dart:410:5)
#10     _drawFrame (dart:ui/hooks.dart:140:31)
[2023.08.11 23:22:25]or._doThrowNew (dart:core-patch/errors_patch.dart:51:61)
#1      _AssertionError._throwNew (dart:core-patch'package:flutter/src/rendering/mouse_tracker.dart': Failed assertion: line 205 pos 12: '!_debugDuringDeviceUpdate': is not true.   MouseTracker.updateAllDevices (package:flutter/src/rendering/mouse_tracker.dart:372:5)
#4      RendererBinding._scheduleMouseTrackerUpdate.<anonymous closure> (package:flutter/src/rendering/binding.dart:474:22)
#5      SchedulerBinding._invokeFrameCallback (package:flutter/src/scheduler/binding.dart:1325:15)
#6      SchedulerBinding.handleDrawFrame (package:flutter/src/scheduler/binding.dart:1264:9)
#7      SchedulerBinding._handleDrawFrame (package:flutter/src/scheduler/binding.dart:1113:5)
#8      _invoke (dart:ui/hooks.dart:170:13)
#9      PlatformDispatcher._drawFrame (dart:ui/platform_dispatcher.dart:410:5)
#10     _drawFrame (dart:ui/hooks.dart:140:31)
'package:flutter/src/
package:flutter/src/rendering/mouse_tracker.dart': Failed assertion: line 205 pos 12: '!_debugDuringDevice#0      _AssertionError._doThrowNew (dart:core-patch/errors_patch.dart:51:61)
#1      _AssertionError._throwNew (dart:core-patch/errors_patch.dart:40:5)
#2      MouseTracker._deviceUpdatePhase (package:flutter/src/rendering/mouse_tracker.dart:205:12)
#3      MouseTracker.updateAllDevices (package:flutter/src/rendering/mouse_tracker.dart:372:5)
#4      RendererBinding._scheduleMouseTrackerUpdate.<anonymous closure> (package:flutter/src/rendering/binding.dart:474:22)
#5      SchedulerBinding._invokeFrameCallback (package:flutter/src/scheduler/binding.dart:1325:15)
#6      SchedulerBinding.handleDrawFrame (package:flutter/src/scheduler/binding.dart:1264:9)
#7      SchedulerBinding._handleDrawFrame (package:flutter/src/scheduler/binding.dart:1113:5)
#8      _invoke (dart:ui/hooks.dart:170:13)
#9      PlatformDispatcher._drawFrame (dart:ui/platform_dispatcher.dart:410:5)
#10     _drawFrame (dart:ui/hooks.dart:140:31)
#0      _AssertionError._doThrowNew (dart:core-patch/errors_patch.dart:51:61)
#1      _AssertionError._throwNew (dart:core-patch/errors_patch.dart:40:5)
#2      MouseTracker._deviceUpdatePhase (package:flutter/src/rendering/mouse_tracker.dart:205:12)
#3      MouseTracker.updateAllDevices (package:flutter/src/rendering/mouse_tracker.dart:372:5)
#4      RendererBinding._scheduleMouseTrackerUpdate.<anonymous closure> (package:flutter/src/rendering/binding.dart:474:22)
#5      SchedulerBinding._invokeFrameCallback (package:flutter/src/scheduler/binding.dart:1325:15)
#6      SchedulerBinding.handleDrawFrame (package:flutter/src/scheduler/binding.dart:1264:9)
#7      SchedulerBinding._handleDrawFrame (package:flutter/src/scheduler/binding.dart:1113:5)
#8      _invoke (dart:ui/hooks.dart:170:13)
#9      PlatformDispatcher._drawFrame (dart:ui/platform_dispatcher.dart:410:5)
#10     _drawFrame (dart:ui/hooks.dart:140:31)
'package:flutter/src/rendering/mouse_tracker.dart': Failed assertion: line 205 pos 12: '!_debugDuringDeviceUpdate': is not true./errors_patch.dart:40:5)
#2      MouseTracker._deviceUpdatePhase (package:flutter/src/rendering/mouse_tracker.dart:205:12)
#3      MouseTracker.updateAllDevices (package:flutter/src/rendering/mouse_tracker.dart:372:5)
#4      RendererBinding._scheduleMouseTrackerUpdate.<anonymous closure> (package:flutter/src/rendering/binding.dart:474:22)
#5      SchedulerBinding._invokeFrameCallback (package:flutter/src/scheduler/binding.dart:1325:15)
#6      SchedulerBinding.handleDrawFrame (package:flutter/src/scheduler/binding.dart:1264:9)
#7      SchedulerBinding._handleDrawFrame (package:flutter/src/scheduler/binding.dart:1113:5)
#8      _invoke (dart:ui/hooks.dart:170:13)
#9      PlatformDispatcher._drawFrame (dart:ui/platform_dispatcher.dart:410:5)
#10     _drawFrame (dart:ui/hooks.dart:140:31)
[2023.08.11 23:22:25]#0      _AssertionErr'package:flutter/src/rendering/mouse_tracker.dart': Failed assertion: line 205 pos 12: '!_debugDuringDeviceUpdate': is not true.:5)
#2      MouseTracker._deviceUpdatePhase (package:flutter/src/rendering/mouse_tracker.dart:205:12)
#3      MouseTracker.updateAllDevices (package:flutter/src/rendering/mouse_tracker.dart:372:5)
#4      RendererBinding._scheduleMouseTrackerUpdate.<anonymous closure> (package:flutter/src/rendering/binding.dart:474:22)
#5      SchedulerBinding._invokeFrameCallback (package:flutter/src/scheduler/binding.dart:1325:15)
#6      SchedulerBinding.handleDrawFrame (package:flutter/src/scheduler/binding.dart:1264:9)
#7      SchedulerBinding._handleDrawFrame (package:flutter/src/scheduler/binding.dart:1113:5)
#8      _invoke (dart:ui/hooks.dart:170:13)
#9      PlatformDispatcher._drawFrame (dart:ui/platform_dispatcher.dart:410:5)
#10     _drawFrame (dart:ui/hooks.dart:140:31)
i/hooks.dart:140:31)
'package:flutter/src/rendering/mouse_tracker.dart': Failed assertion: line 205 pos 12: '!_debugDuringDeviceUpdate': is not true./errors_patch.dart:40:5)
#2      MouseTracker._deviceUpdatePhase (package:flutter/src/rendering/mouse_tracker.dart:205:12)
#3      MouseTracker.updateAllDevices (package:flutter/src/rendering/mouse_tracker.dart:372:5)
#4      RendererBinding._scheduleMouseTrackerUpdate.<anonymous closure> (package:flutter/src/rendering/binding.dart:474:22)
#5      SchedulerBinding._invokeFrameCallback (package:flutter/src/scheduler/binding.dart:1325:15)
#6      SchedulerBinding.handleDrawFrame (package:flutter/src/scheduler/binding.dart:1264:9)
#7      SchedulerBinding._handleDrawFrame (package:flutter/src/scheduler/binding.dart:1113:5)
#8      _invoke (dart:ui/hooks.dart:170:13)
#9      PlatformDispatcher._drawFrame (dart:ui/platform_dispatcher.dart:410:5)
#10     _drawFrame (dart:ui/hooks.dart:140:31)
#0      _AssertionError._doThrowNew (dart:core-patch/errors_patch.dart:51:61)
#1      _AssertionError._throwNew (dart:core-patch/errors_patch.dart:40:5)
#2      MouseTracker._deviceUpdatePhase (package:flutter/src/rendering/mouse_tracker.dart:205:12)
#3      MouseTracker.updateAllDevices (package:flutter/src/rendering/mouse_tracker.dart:372:5)
#4      RendererBinding._scheduleMouseTrackerUpdate.<anonymous closure> (package:flutter/src/rendering/binding.dart:474:22)
#5      SchedulerBinding._invokeFrameCallback (package:flutter/src/scheduler/binding.dart:1325:15)
#6      SchedulerBinding.handleDrawFrame (package:flutter/src/scheduler/binding.dart:1264:9)
#7      SchedulerBinding._handleDrawFrame (package:flutter/src/scheduler/binding.dart:1113:5)
#8      _invoke (dart:ui/hooks.dart:170:13)
#9      PlatformDispatcher._drawFrame (dart:ui/platform_dispatcher.dart:410:5)
#10     _drawFrame (dart:ui/hooks.dart:140:31)


2023.08.11 23:22:27]
2023.08.11 23:22:27]ed by 2.0 pixels on the bottom.Failed assertion: line 205 pos 12: '!_debugDuringDeviceUpdate': is not true.'package:flutter/src/rendering/mouse_tracker.dart': Failed assertion: line 205 pos 12: '!_debugDuringDeviceUpdate': is not true./errors_patch.dart:40:5)
#2      MouseTracker._deviceUpdatePhase (package:flutter/src/rendering/mouse_tracker.dart:205:12)
#3      MouseTracker.updateAllDevices (package:flutter/src/rendering/mouse_tracker.dart:372:5)
#4      RendererBinding._scheduleMouseTrackerUpdate.<anonymous closure> (package:flutter/src/rendering/binding.dart:474:22)
#5      SchedulerBinding._invokeFrameCallback (package:flutter/src/scheduler/binding.dart:1325:15)
#6      SchedulerBinding.handleDrawFrame (package:flutter/src/scheduler/binding.dart:1264:9)
#7      SchedulerBinding.scheduleWarmUpFrame.<anonymous closure> (package:flutter/src/scheduler/binding.dart:978:7)
#8      Timer._createTimer.<anonymous closure> (dart:async-patch/timer_patch.dart:18:15)
#9      _Timer._runTimers (dart:isolate-patch/timer_impl.dart:398:19)
#10     _Timer._handleMessage (dart:isolate-patch/timer_impl.dart:429:5)
#11     _RawReceivePort._handleMessage (dart:isolate-patch/isolate_patch.dart:184:12)
#0      _AssertionError._doThrowNew (dart:core-patch/errors_patch.dart:51:61)
#1      _AssertionError._throwNew (dart:core-patch/errors_patch.dart:40:5)
#2      MouseTracker._deviceUpdatePhase (package:flutter/src/rendering/mouse_tracker.dart:205:12)
#3      MouseTracker.updateAllDevices (package:flutter/src/rendering/mouse_tracker.dart:372:5)
#4      RendererBinding._scheduleMouseTrackerUpdate.<anonymous closure> (package:flutter/src/rendering/binding.dart:474:22)
#5      SchedulerBinding._invokeFrameCallback (package:flutter/src/scheduler/binding.dart:1325:15)
#6      SchedulerBinding.handleDrawFrame (package:flutter/src/scheduler/binding.dart:1264:9)
#7      SchedulerBinding._handleDrawFrame (package:flutter/src/scheduler/binding.dart:1113:5)
#8      _invoke (dart:ui/hooks.dart:170:13)
#9      PlatformDispatcher._drawFrame (dart:ui/platform_dispatcher.dart:410:5)
#10     _drawFrame (dart:ui/hooks.dart:140:31)

0      _AssertionError._doThrowNew (dart:core-patch/errors_patch.dart:51:61)
#1      _AssertionError._throwNew (dart:core-patch/errors_patch.dart:40:5)
#2      MouseTracker._deviceUpdatePhase (package:flutter/src/rendering/mouse_tracker.dart:205:12)
#3      MouseTracker.updateAllDevices (package:flutter/src/rendering/mouse_tracker.dart:372:5)
#4      RendererBinding._scheduleMouseTrackerUpdate.<anonymous closure> (package:flutter/src/rendering/binding.dart:474:22)
#5      SchedulerBinding._invokeFrameCallback (package:flutter/src/scheduler/binding.dart:1325:15)
#6      SchedulerBinding.handleDrawFrame (package:flutter/src/scheduler/binding.dart:1264:9)
#7      SchedulerBinding._handleDrawFrame (package:flutter/src/scheduler/binding.dart:1113:5)
#8      _invoke (dart:ui/hooks.dart:170:13)
#9      PlatformDispatcher._drawFrame (dart:ui/platform_dispatcher.dart:410:5)
#10     _drawFrame (dart:ui/hooks.dart:140:31)

package:flutter/src/rendering/mouse_tracker.dart': Failed assertion: line 205 pos 12: '!_debugDuringDeviceUpdate': is not true.
package:flutter/src/rendering/mouse_tracker.dart': Failed assertion: line 205 pos 12: '!_debugDuringDeviceUpdate': is not true./errors_patch.dart:40:5)
#2      MouseTracker._deviceUpdatePhase (package:flutter/src/rendering/mouse_tracker.dart:205:12)
#3      MouseTracker.updateAllDevices (package:flutter/src/rendering/mouse_tracker.dart:372:5)
#4      RendererBinding._scheduleMouseTrackerUpdate.<anonymous closure> (package:flutter/src/rendering/binding.dart:474:22)
#5      SchedulerBinding._invokeFrameCallback (package:flutter/src/scheduler/binding.dart:1325:15)
#6      SchedulerBinding.handleDrawFrame (package:flutter/src/scheduler/binding.dart:1264:9)
#7      SchedulerBinding._handleDrawFrame (package:flutter/src/scheduler/binding.dart:1113:5)
#8      _invoke (dart:ui/hooks.dart:170:13)
#9      PlatformDispatcher._drawFrame (dart:ui/platform_dispatcher.dart:410:5)
#10     _drawFrame (dart:ui/hooks.dart:140:31)
'package:flutter/src/rendering/mouse_tracker.dart': Failed assertion: line 205 pos 12: '!_debugDuringDeviceUpdate': is not true.#0      _AssertionError._doThrowNew (dart:core-patch/errors_patch.dart:51:61)
#1      _AssertionError._throwNew (dart:core-patch/errors_patch.dart:40:5)
#2      MouseTracker._deviceUpdatePhase (package:flutter/src/rendering/mouse_tracker.dart:205:12)
#3      MouseTracker.updateAllDevices (package:flutter/src/rendering/mouse_tracker.dart:372:5)
#4      RendererBinding._scheduleMouseTrackerUpdate.<anonymous closure> (package:flutter/src/rendering/binding.dart:474:22)
#5      SchedulerBinding._invokeFrameCallback (package:flutter/src/scheduler/binding.dart:1325:15)
#6      SchedulerBinding.handleDrawFrame (package:flutter/src/scheduler/binding.dart:1264:9)
#7      SchedulerBinding._handleDrawFrame (package:flutter/src/scheduler/binding.dart:1113:5)
#8      _invoke (dart:ui/hooks.dart:170:13)
#9      PlatformDispatcher._drawFrame (dart:ui/platform_dispatcher.dart:410:5)
#10     _drawFrame (dart:ui/hooks.dart:140:31)
'package:flutter/src/rendering/mouse_tracker.dart': Failed assertion: line 205 pos 12: '!_debugDuringDeviceUpdate': is not true.[#0      _AssertionError._doThrowNew (dart:core-patch/errors_patch.dart:51:61)
#1      _AssertionError._throwNew (dart:core-patc
2023.08.11 23:22:27]or._doThrowNew (dart:core-patch/errors_patch.dart:51:61)
#1      _AssertionError._throwNew (dart:core-patch/errors_patch.dart:40:5)
#2      MouseTracker._deviceUpdatePhase (package:flutter/src/rendering/mouse_tracker.dart:205:12)
#3      MouseTracker.updateAllDevices (package:flutter/src/rendering/mouse_tracker.dart:372:5)
#4      RendererBinding._scheduleMouseTrackerUpdate.<anonymous closure> (package:flutter/src/rendering/binding.dart:474:22)
#5      SchedulerBinding._invokeFrameCallback (package:flutter/src/scheduler/binding.dart:1325:15)
#6      SchedulerBinding.handleDrawFrame (package:flutter/src/scheduler/binding.dart:1264:9)
#7      SchedulerBinding._handleDrawFrame (package:flutter/src/scheduler/binding.dart:1113:5)
#8      _invoke (dart:ui/hooks.dart:170:13)
#9      PlatformDispatcher._drawFrame (dart:ui/platform_dispatcher.dart:410:5)
#10     _drawFrame (dart:ui/hooks.dart:140:31)
[2023.08.11 23:22:27]
0      _AssertionError._doThrowNew (dart:core-patch/errors_patch.dart:51:61)
#1      _AssertionError._throwNew (dart:core-patch[2023.08.11 23:22:27]:5)
#2      MouseTracker._deviceUpdatePhase (package:flutter/src/rendering/mouse_tracker.dart:205:12)
#3      MouseTracker.updateAllDevices (package:flutter/src/rendering/mouse_tracker.dart:372:5)
#4      RendererBinding._scheduleMouseTrackerUpdate.<anonymous closure> (package:flutter/src/rendering/binding.dart:474:22)
#5      SchedulerBinding._invokeFrameCallback (package:flutter/src/scheduler/binding.dart:1325:15)
#6      SchedulerBinding.handleDrawFrame (package:flutter/src/scheduler/binding.dart:1264:9)
#7      SchedulerBinding._handleDrawFrame (package:flutter/src/scheduler/binding.dart:1113:5)
#8      _invoke (dart:ui/hooks.dart:170:13)
#9      PlatformDispatcher._drawFrame (dart:ui/platform_dispatcher.dart:410:5)
#10     _drawFrame (dart:ui/hooks.dart:140:31)

[2023.08.11 23:22:27]r._doThrowNew (dart:core-patch/errors_patch.dart:51:61)
#1      _AssertionError._throwNew (dart:core-patch/errors_patch.dart:40:5)
#2      MouseTracker._deviceUpdatePhase (package:flutter/src/rendering/mouse_tracker.dart:205:12)
#3      MouseTracker.updateAllDevices (package:flutter/src/rendering/mouse_tracker.dart:372:5)
#4      RendererBinding._scheduleMouseTrackerUpdate.<anonymous closure> (package:flutter/src/rendering/binding.dart:474:22)
#5      SchedulerBinding._invokeFrameCallback (package:flutter/src/scheduler/binding.dart:1325:15)
#6      SchedulerBinding.handleDrawFrame (package:flutter/src/scheduler/binding.dart:1264:9)
#7      SchedulerBinding._handleDrawFrame (package:flutter/src/scheduler/binding.dart:1113:5)
#8      _invoke (dart:ui/hooks.dart:170:13)
#9      PlatformDispatcher._drawFrame (dart:ui/platform_dispatcher.dart:410:5)
#10     _drawFrame (dart:ui/hooks.dart:140:31)
#0      _AssertionError._doThrowNew (dart:core-patch/errors_patch.dart:51:61)
#1      _AssertionError._throwNew (dart:core-patch[2023.08.11 23:22:27]or._doThrowNew (dart:core-patch/errors_patch.dart:51:61)
#1      _AssertionError._throwNew (dart:core-patch/errors_patch.dart:40:5)
#2      MouseTracker._deviceUpdatePhase (package:flutter/src/rendering/mouse_tracker.dart:205:12)
#3      MouseTracker.updateAllDevices (package:flutter/src/rendering/mouse_tracker.dart:372:5)
#4      RendererBinding._scheduleMouseTrackerUpdate.<anonymous closure> (package:flutter/src/rendering/binding.dart:474:22)
#5      SchedulerBinding._invokeFrameCallback (package:flutter/src/scheduler/binding.dart:1325:15)
#6      SchedulerBinding.handleDrawFrame (package:flutter/src/scheduler/binding.dart:1264:9)
#7      SchedulerBinding._handleDrawFrame (package:flutter/src/scheduler/binding.dart:1113:5)
#8      _invoke (dart:ui/hooks.dart:170:13[2023.08.11 23:22:27]rendering/mouse_tracker.dart': Failed assertion: line 205 pos 12: '!_debugDuringDeviceUpdate': is not true.'package:flutter/src/rendering/mouse_tracker.dart': Failed assertion: line 205 pos 12: '!_debugDuringDeviceUpdate': is not true.'package:flutter/src/rendering/mouse_tracker.dart': Failed assertion: line 205 pos 12: '!_debugDuringDeviceUpdate': is not true./errors_patch.dart:40:5)
#2      MouseTracker._deviceUpdatePhase (package:flutter/src/rendering/mouse_tracker.dart:205:12)
#3      MouseTracker.updateAllDevices (package:flutter/src/rendering/mouse_tracker.dart:372:5)
#4      RendererBinding._scheduleMouseTrackerUpdate.<anonymous closure> (package:flutter/src/rendering/binding.dart:474:22)
#5      SchedulerBinding._invokeFrameCallback (package:flutter/src/scheduler/binding.dart:1325:15)
#6      SchedulerBinding.handleDrawFrame (package:flutter/src/scheduler/binding.dart:1264:9)
#7      SchedulerBinding._handleDrawFrame (package:flutter/src/scheduler/binding.dart:1113:5)
#8      _invoke (dart:ui/hooks.dart:170:13)
#9      PlatformDispatcher._drawFrame (dart:ui/platform_dispatcher.dart:410:5)
#10     _drawFrame (dart:ui/hooks.dart:140:31)
'package:flutter/src/rendering/mouse_tracker.dart': Failed assertion: line 205 pos 12: '!_debugDuringDeviceUpdate': is not true./errors_patch.dart:40:5)
#2      MouseTracker._deviceUpdatePhase (package:flutter/src/rendering/mouse_tracker.dart:205:12)
#3      MouseTracker.updateAllDevices (package:flutter/src/rendering/mouse_tracker.dart:372:5)
#4      RendererBinding._scheduleMouseTrackerUpdate.<anonymous closure> (package:flutter/src/rendering/binding.dart:474:22)
#5      SchedulerBinding._invokeFrameCallback (package:flutter/src/scheduler/binding.dart:1325:15)
#6      SchedulerBinding.handleDrawFrame (package:flutter/src/scheduler/binding.dart:1264:9)
#7      SchedulerBinding._handleDrawFrame (package:flutter/src/scheduler/binding.dart:1113:5)
#8      _invoke (dart:ui/hooks.dart:170:13)
#9      PlatformDispatcher._drawFrame (dart:ui/platform_dispatcher.dart:410:5)
#10     _drawFrame (dart:ui/hooks.dart:140:31)
#0      _AssertionError._doThrowNew (dart:core-patch/errors_patch.dart:51:61)
#1      _AssertionError._throwNew (dart:core-patch/errors_patch.dart:40:5)
#2      MouseTracker._deviceUpdatePhase (package:flutter/src/rendering/mouse_tracker.dart:205:12)
#3      MouseTracker.updateAllDevices (package:flutter/src/rendering/mouse_tracker.dart:372:5)
#4      RendererBinding._scheduleMouseTrackerUpdate.<anonymous closure> (package:flutter/src/rendering/binding.dart:474:22)
#5      SchedulerBinding._invokeFrameCallback (package:flutter/src/scheduler/binding.dart:1325:15)
#6      SchedulerBinding.handleDrawFrame (package:flutter/src/scheduler/binding.dart:1264:9)
#7      SchedulerBinding._handleDrawFrame (package:flutter/src/scheduler/binding.dart:1113:5)
#8      _invoke (dart:ui/hooks.dart:170:13)
#9      PlatformDispatcher._drawFrame (dart:ui/platform_dispatcher.dart:410:5)
#10     _drawFrame (dart:ui/hooks.dart:140:31)


2023.08.11 23:22:28][2023.08.11 23:22:28]rendering/mouse_tracker.dart': Failed assertion: line 205 pos 12: '!_debugDuringDeviceUpdate': is not true.
package:flutter/src/rendering/mouse_tracker.dart': Failed assertion: line 205 pos 12: '!_debugDuringDeviceUpdate': is not true./errors_patch.dart:40:5)
#2      MouseTracker._deviceUpdatePhase (package:flutter/src/rendering/mouse_tracker.dart:205:12)
#3      MouseTracker.updateAllDevices (package:flutter/src/rendering/mouse_tracker.dart:372:5)
#4      RendererBinding._scheduleMouseTrackerUpdate.<anonymous closure> (package:flutter/src/rendering/binding.dart:474:22)
#5      SchedulerBinding._invokeFrameCallback (package:flutter/src/scheduler/binding.dart:1325:15)
#6      SchedulerBinding.handleDrawFrame (package:flutter/src/scheduler/binding.dart:1264:9)
#7      SchedulerBinding.scheduleWarmUpFrame.<anonymous closure> (package:flutter/src/scheduler/binding.dart:978:7)
#8      Timer._createTimer.<anonymous closure> (dart:async-patch/timer_patch.dart:18:15)
#9      _Timer._runTimers (dart:isolate-patch/timer_impl.dart:398:19)
#10     _Timer._handleMessage (dart:isolate-patch/timer_impl.dart:429:5)
#11     _RawReceivePort._handleMessage (dart:isolate-patch/isolate_patch.dart:184:12)
'package:flutter/src/rendering/mouse_tracker.dart': Failed assertion: line 205 pos 12: '!_debugDuringDeviceUpdate': is not true./errors_patch.dart:40:5)
#2      MouseTracker._deviceUpdatePhase (package:flutter/src/rendering/mouse_tracker.dart:205:12)
#3      MouseTracker.updateAllDevices (package:flutter/src/rendering/mouse_tracker.dart:372:5)
#4      RendererBinding._scheduleMouseTrackerUpdate.<anonymous closure> (package:flutter/src/rendering/binding.dart:474:22)
#5      SchedulerBinding._invokeFrameCallback (package:flutter/src/scheduler/binding.dart:1325:15)
#6      SchedulerBinding.handleDrawFrame (package:flutter/src/scheduler/binding.dart:1264:9)
#7      SchedulerBinding._handleDrawFrame (package:flutter/src/scheduler/binding.dart:1113:5)
#8      _invoke (dart:ui/hooks.dart:170:13)
#9      PlatformDispatcher._drawFrame (dart:ui/platform_dispatcher.dart:410:5)
#10     _drawFrame (dart:ui/hooks.dart:140:31)
'package:flutter/src/rendering/mouse_tracker.dart': Failed assertion: line 205 pos 12: '!_debugDuringDeviceUpdate': is not true./errors_patch.dart:40:5)
#2      MouseTracker._deviceUpdatePhase (package:flutter/src/rendering/mouse_tracker.dart:205:12)
#3      MouseTracker.updateAllDevices (package:flutter/src/rendering/mouse_tracker.dart:372:5)
#4      RendererBinding._scheduleMouseTrackerUpdate.<anonymous closure> (package:flutter/src/rendering/binding.dart:474:22)
#5      SchedulerBinding._invokeFrameCallback (package:flutter/src/scheduler/binding.dart:1325:15)
#6      SchedulerBinding.handleDrawFrame (package:flutter/src/scheduler/binding.dart:1264:9)
#7      SchedulerBinding._handleDrawFrame (package:flutter/src/scheduler/binding.dart:1113:5)
#8      _invoke (dart:ui/hooks.dart:170:13)
#9      PlatformDispatcher._drawFrame (dart:ui/platform_dispatcher.dart:410:5)
#10     _drawFrame (dart:ui/hooks.dart:140:31)

package:flutter/src/rendering/mouse_tracker.dart': Failed assertion: line 205 pos 12: '!_debugDuringDeviceUpdate': is not true./errors_patch.dart:40:5)
#2      MouseTracker._deviceUpdatePhase (package:flutter/src/rendering/mouse_tracker.dart:205:12)
#3      MouseTracker.updateAllDevices (package:flutter/src/rendering/mouse_tracker.dart:372:5)
#4      RendererBinding._scheduleMouseTrackerUpdate.<anonymous closure> (package:flutter/src/rendering/binding.dart:474:22)
#5      SchedulerBinding._invokeFrameCallback (package:flutter/src/scheduler/binding.dart:1325:15)
#6      SchedulerBinding.handleDrawFrame (package:flutter/src/scheduler/binding.dart:1264:9)
#7      SchedulerBinding._handleDrawFrame (package:flutter/src/scheduler/binding.dart:1113:5)
#8      _invoke (dart:ui/hooks.dart:170:13)
#9      PlatformDispatcher._drawFrame (dart:ui/platform_dispatcher.dart:410:5)
#10     _drawFrame (dart:ui/hooks.dart:140:31)
[2023.08.11 23:22:29]rendering/mouse_tracker.dart': Failed assertion: line 205 pos 12: '!_debugDuringDeviceUpdate': is not true./errors_patch.dart:40:5)
#2      MouseTracker._deviceUpdatePhase (package:flutter/src/rendering/mouse_tracker.dart:205:12)
#3      MouseTracker.updateAllDevices (package:flutter/src/rendering/mouse_tracker.dart:372:5)
#4      RendererBinding._scheduleMouseTrackerUpdate.<anonymous closure> (package:flutter/src/rendering/binding.dart:474:22)
#5      SchedulerBinding._invokeFrameCallback (package:flutter/src/scheduler/binding.dart:1325:15)
#6      SchedulerBinding.handleDrawFrame (package:flutter/src/scheduler/binding.dart:1264:9)
#7      SchedulerBinding._handleDrawFrame (package:flutter/src/scheduler/binding.dart:1113:5)
#8      _invoke (dart:ui/hooks.dart:170:13)
#9      PlatformDispatcher._drawFrame (dart:ui/platform_dispatcher.dart:410:5)
#10     _drawFrame (dart:ui/hooks.dart:140:31)
#'package:flutter/src/rendering/mouse_tracker.dart': Failed assertion: line 205 pos 12: '!_debugDuringDeviceUpdate': is not true.errors_patch.dart:40:5)
#2      MouseTracker._deviceUpdatePhase (package:flutter/src/rendering/mouse_tracker.dart:205:12)
#3      MouseTracker.updateAllDevices (package:flutter/src/rendering/mouse_tracker.dart:372:5)
#4      RendererBinding._scheduleMouseTrackerUpdate.<anonymous closure> (package:flutter/src/rendering/binding.dart:474:22)
#5      SchedulerBinding._invokeFrameCallback (package:flutter/src/scheduler/binding.dart:1325:15)
#6      SchedulerBinding.handleDrawFrame (package:flutter/src/scheduler/binding.dart:1264:9)
#7      SchedulerBinding._handleDrawFrame (package:flutter/src/scheduler/binding.dart:1113:5)
#8      _invoke (dart:ui/hooks.dart:170:13)
#9      PlatformDispatcher._drawFrame (dart:ui/platform_dispatcher.dart:410:5)
#10     _drawFrame (dart:ui/hooks.dart:140:31)

2023.08.11 23:22:29]rendering/mouse_tracker.dart': Failed assertion: line 205 pos 12: '!_debugDuringDeviceUpdate': is not true./errors_patch.dart:40:5)
#2      MouseTracker._deviceUpdatePhase (package:flutter/src/rendering/mouse_tracker.dart:205:12)
#3      MouseTracker.updateAllDevices (package:flutter/src/rendering/mouse_tracker.dart:372:5)
#4      RendererBinding._scheduleMouseTrackerUpdate.<anonymous closure> (package:flutter/src/rendering/binding.dart:474:22)
#5      SchedulerBinding._invokeFrameCallback (package:flutter/src/scheduler/binding.dart:1325:15)
#6      SchedulerBinding.handleDrawFrame (package:flutter/src/scheduler/binding.dart:1264:9)
#7      SchedulerBinding._handleDrawFrame (package:flutter/src/scheduler/binding.dart:1113:5)
#8      _invoke (dart:ui/hooks.dart:170:13)
#9      PlatformDispatcher._drawFrame (dart:ui/platform_dispatcher.dart:410:5)
#10     _drawFrame (dart:ui/hooks.dart:140:31)
[2023.08.11 23:22:29]or._doThrowNew (dart:core-patch/errors_patch.dart:51:61)
#1      _AssertionError._throwNew (dart:core-patch/errors_patch.dart:40:5)
#2      MouseTracker._deviceUpdatePhase (package:flutter/src/rendering/mouse_tracker.dart:205:12)
#3      MouseTracker.updateAllDevices (package:flutter/src/rendering/mouse_tracker.dart:372:5)
#4      RendererBinding._scheduleMouseTrackerUpdate.<anonymous closure> (package:flutter/src/rendering/binding.dart:474:22)
#5      SchedulerBinding._invokeFrameCallback (package:flutter/src/scheduler/binding.dart:1325:15)
#6      SchedulerBinding.handleDrawFrame (package:flutter/src/scheduler/binding.dart:1264:9)
#7      SchedulerBinding._handleDrawFrame (package:flutter/src/scheduler/binding.dart:1113:5)
#8      _invoke (dart:ui/hooks.dart:170:13)
#9      PlatformDispatcher._drawFrame (dart:ui/platform_dispatcher.dart:410:5)
#10     _drawFrame (dart:ui/hooks.dart:140:31)
#0      _AssertionError._doThrowNew (dart:core-patch/errors_patch.dart:51:61)
#1      _AssertionError._throwNew (dart:core-patch/errors_patch.dart:40:5)
#2      MouseTracker._deviceUpdatePhase (package:flutter/src/rendering/mouse_tracker.dart:205:12)
#3      MouseTracker.updateAllDevices (package:flutter/src/rendering/mouse_tracker.dart:372:5)
#4      RendererBinding._scheduleMouseTrackerUpdate.<anonymous closure> (package:flutter/src/rendering/binding.dart:474:22)
#5      SchedulerBinding._invokeFrameCallback (package:flutter/src/scheduler/binding.dart:1325:15)
#6      SchedulerBinding.handleDrawFrame (package:flutter/src/scheduler/binding.dart:1264:9)
#7      SchedulerBinding._handleDrawFrame (package:flutter/src/scheduler/binding.dart:1113:5)
#8      _invoke (dart:ui/hooks.dart:170:13)
#9      PlatformDispatcher._drawFrame (dart:ui/platform_dispatcher.dart:410:5)
#10     _drawFrame (dart:ui/hooks.dart:140:31)
#0      _AssertionError._doThrowNew (dart:core-patch/errors_patch.dart:51:61)
#1      _AssertionError._throwNew (dart:core-patch/errors_patch.dart:40:5)
#2      MouseTracker._deviceUpdatePhase (package:flutter/src/rendering/mouse_tracker.dart:205:12)
#3      MouseTracker.updateAllDevices (package:flutter/src/rendering/mouse_tracker.dart:372:5)
#4      RendererBinding._scheduleMouseTrackerUpdate.<anonymous closure> (package:flutter/src/rendering/binding.dart:474:22)
#5      SchedulerBinding._invokeFrameCallback (package:flutter/src/scheduler/binding.dart:1325:15)
#6      SchedulerBinding.handleDrawFrame (package:flutter/src/scheduler/binding.dart:1264:9)
#7      SchedulerBinding._handleDrawFrame (package:flutter/src/scheduler/binding.dart:1113:5)
#8      _invoke (dart:ui/hooks.dart:170:13)
#9      PlatformDispatcher._drawFrame (dart:ui/platform_dispatcher.dart:410:5)
#10     _drawFrame (dart:ui/hooks.dart:140:31)
'package:flutter/src/rendering/mouse_tracker.dart': Failed assertion: line 205 pos 12: '!_debugDuringDeviceUpdate': is not true.
0      _AssertionError._doThrowNew (dart:core-patch/errors_patch.dart:51:61)
#1      _AssertionError._throwNew (dart:core-patch/errors_patch.dart:40:5)
#2      MouseTracker._deviceUpdatePhase (package:flutter/src/rendering/mouse_tracker.dart:205:12)
#3      MouseTracker.updateAllDevices (package:flutter/src/rendering/mouse_tracker.dart:372:5)
#4      RendererBinding._scheduleMouseTrackerUpdate.<anonymous closure> (package:flutter/src/rendering/binding.dart:474:22)
#5      SchedulerBinding._invokeFrameCallback (package:flutter/src/scheduler/binding.dart:1325:15)
#6      SchedulerBinding.handleDrawFrame (package:flutter/src/scheduler/binding.dart:1264:9)
#7      SchedulerBinding._handleDrawFrame (package:flutter/src/scheduler/binding.dart:1113:5)
#8      _invoke (dart:ui/hooks.dart:170:13)
#9      PlatformDispatcher._drawFrame (dart:ui/platform_dispatcher.dart:410:5)
#10     _drawFrame (dart:ui/hooks.dart:140:31)

2023.08.11 23:22:29]
2023.08.11 23:22:29]rendering/mouse_tracker.dart': Failed assertion: line 205 pos 12: '!_debugDuringDeviceUpdate': is not true.[2023.08.11 23:22:29]or._doThrowNew (dart:core-patch/errors_patch.dart:51:61)
#1      _AssertionError._throwNew (dart:core-patch/errors_patch.dart:40:5)
#2      MouseTracker._deviceUpdatePhase (package:flutter/src/rendering/mouse_tracker.dart:205:12)
#3      MouseTracker.updateAllDevices (package:flutter/src/rendering/mouse_tracker.dart:372:5)
#4      RendererBinding._scheduleMouseTrackerUpdate.<anonymous closure> (package:flutter/src/rendering/binding.dart:474:22)
#5      SchedulerBinding._invokeFrameCallback (package:flutter/src/scheduler/binding.dart:1325:15)
#6      SchedulerBinding.handleDrawFrame (package:flutter/src/scheduler/binding.dart:1264:9)
#7      SchedulerBinding._handleDrawFrame (package:flutter/src/scheduler/binding.dart:1113:5)
#8      _invoke (dart:ui/hooks.dart:170:13)
#9      PlatformDispatcher._drawFrame (dart:ui/platform_dispatcher.dart:410:5)
#10     _drawFrame (dart:ui/hooks.dart:140:31)
'package:flutter/src/rendering/mouse_tracker.dart': Failed assertion: line 205 pos 12: '!_debugDuringDeviceUpdate': is not true./errors_patch.dart:40:5)
#2      MouseTracker._deviceUpdatePhase (package:flutter/src/rendering/mouse_tracker.dart:205:12)
#3      MouseTracker.updateAllDevices (package:flutter/src/rendering/mouse_tracker.dart:372:5)
#4      RendererBinding._scheduleMouseTrackerUpdate.<anonymous closure> (package:flutter/src/rendering/binding.dart:474:22)
#5      SchedulerBinding._invokeFrameCallback (package:flutter/src/scheduler/binding.dart:1325:15)
#6      SchedulerBinding.handleDrawFrame (package:flutter/src/scheduler/binding.dart:1264:9)
#7      SchedulerBinding._handleDrawFrame (package:flutter/src/scheduler/binding.dart:1113:5)
#8      _invoke (dart:ui/hooks.dart:170:13)
#9      PlatformDispatcher._drawFrame (dart:ui/platform_dispatcher.dart:410:5)
#10     _drawFrame (dart:ui/hooks.dart:140:31)
#0      _AssertionError._doThrowNew (dart:core-patch/errors_patch.dart:51:61)
#1      _AssertionError._throwNew (dart:core-patch/errors_patch.dart:40:5)
#2      MouseTracker._deviceUpdatePhase (package:flutter/src/rendering/mouse_tracker.dart:205:12)
#3      MouseTracker.updateAllDevices (package:flutter/src/rendering/mouse_tracker.dart:372:5)
#4      RendererBinding._scheduleMouseTrackerUpdate.<anonymous closure> (package:flutter/src/rendering/binding.dart:474:22)
#5      SchedulerBinding._invokeFrameCallback (package:flutter/src/scheduler/binding.dart:1325:15)
#6      SchedulerBinding.handleDrawFrame (package:flutter/src/scheduler/binding.dart:1264:9)
#7      SchedulerBinding._handleDrawFrame (package:flutter/src/scheduler/binding.dart:1113:5)
#8      _invoke (dart:ui/hooks.dart:170:13)
#9      PlatformDispatcher._drawFrame (dart:ui/platform_dispatcher.dart:410:5)
#10     _drawFrame (dart:ui/hooks.dart:140:31)

[2023.08.11 23:22:30][2023.08.11 23:22:30]rendering/mouse_tracker.dart': Failed assertion: line 226 pos 12: '(event is PointerAddedEvent) == (lastEvent is PointerRemovedEvent)': is not true.#0      _AssertionError._doThrowNew (dart:core-patch/errors_patch.dart:51:61)
#1      _AssertionError._throwNew (dart:core-patch/errors_patch.dart:40:5)
#2      MouseTracker._shouldMarkStateDirty (package:flutter/src/rendering/mouse_tracker.dart:226:12)
#3      MouseTracker.updateWithEvent (package:flutter/src/rendering/mouse_tracker.dart:323:10)
#4      RendererBinding.dispatchEvent (package:flutter/src/rendering/binding.dart:432:20)
#5      GestureBinding._handlePointerEventImmediately (package:flutter/src/gestures/binding.dart:413:7)
#6      GestureBinding.handlePointerEvent (package:flutter/src/gestures/binding.dart:376:5)
#7      GestureBinding._flushPointerEventQueue (package:flutter/src/gestures/binding.dart:323:7)
#8      GestureBinding._handlePointerDataPacket (package:flutter/src/gestures/binding.dart:292:9)
#9      _invoke1 (dart:ui/hooks.dart:186:13)
#10     PlatformDispatcher._dispatchPointerDataPacket (dart:ui/platform_dispatcher.dart:433:7)
#11     _dispatchPointerDataPacket (dart:ui/hooks.dart:119:31)
[2023.08.11 23:22:30]or._doThrowNew (dart:core-patch/errors_patch.dart:51:61)
#1      _AssertionError._throwNew (dart:core-patch/errors_patch.dart:40:5)
#2      MouseTracker._deviceUpdatePhase (package:flutter/src/rendering/mouse_tracker.dart:205:12)
#3      MouseTracker.updateWithEvent.<anonymous closure> (package:flutter/src/rendering/mouse_tracker.dart:328:7)
#4      MouseTracker._monitorMouseConnection (package:flutter/src/rendering/mouse_tracker.dart:193:9)
#5      MouseTracker.updateWithEvent (package:flutter/src/rendering/mouse_tracker.dart:327:5)
#6      RendererBinding.dispatchEvent (package:flutter/src/rendering/binding.dart:432:20)
#7      GestureBinding._handlePointerEventImmediately (package:flutter/src/gestures/binding.dart:413:7)
#8      GestureBinding.handlePointerEvent (package:flutter/src/gestures/binding.dart:376:5)
#9      GestureBinding._flushPointerEventQueue (package:flutter/src/gestures/binding.dart:323:7)
#10     GestureBinding._handlePointerDataPacket (package:flutter/src/gestures/binding.dart:292:9)
#11     _invoke1 (dart:ui/hooks.dart:186:13)
#12     PlatformDispatcher._dispatchPointerDataPacket (dart:ui/platform_dispatcher.dart:433:7)
#13     _dispatchPointerDataPacket (dart:ui/hooks.dart:119:31)
#0      _AssertionError._doThrowNew (dart:core-patch/errors_patch.dart:51:61)
#1      _AssertionError._throwNew (dart:core-patch/errors_patch.dart:40:5)
#2      MouseTracker._deviceUpdatePhase (package:flutter/src/rendering/mouse_tracker.dart:205:12)
#3      MouseTracker.updateWithEvent.<anonymous closure> (package:flutter/src/rendering/mouse_tracker.dart:328:7)
#4      MouseTracker._monitorMouseConnection (package:flutter/src/rendering/mouse_tracker.dart:193:9)
#5      MouseTracker.updateWithEvent (package:flutter/src/rendering/mouse_tracker.dart:327:5)
#6      RendererBinding.dispatchEvent (package:flutter/src/rendering/binding.dart:432:20)
#7      GestureBinding._handlePointerEventImmediately (package:flutter/src/gestures/binding.dart:413:7)
#8      GestureBinding.handlePointerEvent (package:flutter/src/gestures/binding.dart:376:5)
#9      GestureBinding._flushPointerEventQueue (package:flutter/src/gestures/binding.dart:323:7)
#10     GestureBinding._handlePointerDataPacket (package:flutter/src/gestures/binding.dart:292:9)
#11     _invoke1 (dart:ui/hooks.dart:186:13)
#12     PlatformDispatcher._dispatchPointerDataPacket (dart:ui/platform_dispatcher.dart:433:7)
#13     _dispatchPointerDataPacket (dart:ui/hooks.dart:119:31)
#0      _AssertionError._doThrowNew (dart:core-patch/errors_patch.dart:51:61)
#1      _AssertionError._throwNew (dart:core-patch/errors_patch.dart:40:5)
#2      MouseTracker._deviceUpdatePhase (package:flutter/src/rendering/mouse_tracker.dart:205:12)
#3      MouseTracker.updateWithEvent.<anonymous closure> (package:flutter/src/rendering/mouse_tracker.dart:328:7)
#4      MouseTracker._monitorMouseConnection (package:flutter/src/rendering/mouse_tracker.dart:193:9)
#5      MouseTracker.updateWithEvent (package:flutter/src/rendering/mouse_tracker.dart:327:5)
#6      RendererBinding.dispatchEvent (package:flutter/src/rendering/binding.dart:432:20)
#7      GestureBinding._handlePointerEventImmediately (package:flutter/src/gestures/binding.dart:413:7)
#8      GestureBinding.handlePointerEvent (package:flutter/src/gestures/binding.dart:376:5)
#9      GestureBinding._flushPointerEventQueue (package:flutter/src/gestures/binding.dart:323:7)
#10     GestureBinding._handlePointerDataPacket (package:flutter/src/gestures/binding.dart:292:9)
#11     _invoke1 (dart:ui/hooks.dart:186:13)
#12     PlatformDispatcher._dispatchPointerDataPacket (dart:ui/platform_dispatcher.dart:433:7)
#13     _dispatchPointerDataPacket (dart:ui/hooks.dart:119:31)
#0      _AssertionError._doThrowNew (dart:core-patch/errors_patch.dart:51:61)
#1      _AssertionError._throwNew (dart:core-patch/errors_patch.dart:40:5)
#2      MouseTracker._deviceUpdatePhase (package:flutter/src/rendering/mouse_tracker.dart:205:12)
#3      MouseTracker.updateWithEvent.<anonymous closure> (package:flutter/src/rendering/mouse_tracker.dart:328:7)
#4      MouseTracker._monitorMouseConnection (package:flutter/src/rendering/mouse_tracker.dart:193:9)
#5      MouseTracker.updateWithEvent (package:flutter/src/rendering/mouse_tracker.dart:327:5)
#6      RendererBinding.dispatchEvent (package:flutter/src/rendering/binding.dart:432:20)
#7      GestureBinding._handlePointerEventImmediately (package:flutter/src/gestures/binding.dart:413:7)
#8      GestureBinding.handlePointerEvent (package:flutter/src/gestures/binding.dart:376:5)
#9      GestureBinding._flushPointerEventQueue (package:flutter/src/gestures/binding.dart:323:7)
#10     GestureBinding._handlePointerDataPacket (package:flutter/src/gestures/binding.dart:292:9)
#11     _invoke1 (dart:ui/hooks.dart:186:13)
#12     PlatformDispatcher._dispatchPointerDataPacket (dart:ui/platform_dispatcher.dart:433:7)
#13     _dispatchPointerDataPacket (dart:ui/hooks.dart:119:31)

[2023.08.11 23:22:31][2023.08.11 23:22:31]rendering/mouse_tracker.dart': Failed assertion: line 205 pos 12: '!_debugDuringDeviceUpdate': is not true.'package:flutter/src/rendering/mouse_tracker.dart': Failed assertion: line 205 pos 12: '!_debugDuringDeviceUpdate': is not true./errors_patch.dart:40:5)
#2      MouseTracker._deviceUpdatePhase (package:flutter/src/rendering/mouse_tracker.dart:205:12)
#3      MouseTracker.updateWithEvent.<anonymous closure> (package:flutter/src/rendering/mouse_tracker.dart:328:7)
#4      MouseTracker._monitorMouseConnection (package:flutter/src/rendering/mouse_tracker.dart:193:9)
#5      MouseTracker.updateWithEvent (package:flutter/src/rendering/mouse_tracker.dart:327:5)
#6      RendererBinding.dispatchEvent (package:flutter/src/rendering/binding.dart:432:20)
#7      GestureBinding._handlePointerEventImmediately (package:flutter/src/gestures/binding.dart:413:7)
#8      GestureBinding.handlePointerEvent (package:flutter/src/gestures/binding.dart:376:5)
#9      GestureBinding._flushPointerEventQueue (package:flutter/src/gestures/binding.dart:323:7)
#10     GestureBinding._handlePointerDataPacket (package:flutter/src/gestures/binding.dart:292:9)
#11     _invoke1 (dart:ui/hooks.dart:186:13)
#12     PlatformDispatcher._dispatchPointerDataPacket (dart:ui/platform_dispatcher.dart:433:7)
#13     _dispatchPointerDataPacket (dart:ui/hooks.dart:119:31)
[2023.08.11 23:22:31]or._doThrowNew (dart:core-patch/errors_patch.dart:51:61)
#1      _AssertionError._throwNew (dart:core-patch/errors_patch.dart:40:5)
#2      MouseTracker._deviceUpdatePhase (package:flutter/src/rendering/mouse_tracker.dart:205:12)
#3      MouseTracker.updateWithEvent.<anonymous closure> (package:flutter/src/rendering/mouse_tracker.dart:328:7)
#4      MouseTracker._monitorMouseConnection (package:flutter/src/rendering/mouse_tracker.dart:193:9)
#5      MouseTracker.updateWithEvent (package:flutter/src/rendering/mouse_tracker.dart:327:5)
#6      RendererBinding.dispatchEvent (package:flutter/src/rendering/binding.dart:432:20)
#7      GestureBinding._handlePointerEventImmediately (package:flutter/src/gestures/binding.dart:413:7)
#8      GestureBinding.handlePointerEvent (package:flutter/src/gestures/binding.dart:376:5)
#9      GestureBinding._flushPointerEventQueue (package:flutter/src/gestures/binding.dart:323:7)
#10     GestureBinding._handlePointerDataPacket (package:flutter/src/gestures/binding.dart:292:9)
#11     _invoke1 (dart:ui/hooks.dart:186:13)
#12     PlatformDispatcher._dispatchPointerDataPacket (dart:ui/platform_dispatcher.dart:433:7)
#13     _dispatchPointerDataPacket (dart:ui/hooks.dart:119:31)
[2023.08.11 23:22:31]rendering/mouse_tracker.dart': Failed assertion: line 205 pos 12: '!_debugDuringDeviceUpdate': is not true.#0      _AssertionError._doThrowNew (dart:core-patch/errors_patch.dart:51:61)
#1      _AssertionError._throwNew (dart:core-patch/errors_patch.dart:40:5)
#2      MouseTracker._deviceUpdatePhase (package:flutter/src/rendering/mouse_tracker.dart:205:12)
#3      MouseTracker.updateWithEvent.<anonymous closure> (package:flutter/src/rendering/mouse_tracker.dart:328:7)
#4      MouseTracker._monitorMouseConnection (package:flutter/src/rendering/mouse_tracker.dart:193:9)
#5      MouseTracker.updateWithEvent (package:flutter/src/rendering/mouse_tracker.dart:327:5)
#6      RendererBinding.dispatchEvent (package:flutter/src/rendering/binding.dart:432:20)
#7      GestureBinding._handlePointerEventImmediately (package:flutter/src/gestures/binding.dart:413:7)
#8      GestureBinding.handlePointerEvent (package:flutter/src/gestures/binding.dart:376:5)
#9      GestureBinding._flushPointerEventQueue (package:flutter/src/gestures/binding.dart:323:7)
#10     GestureBinding._handlePointerDataPacket (package:flutter/src/gestures/binding.dart:292:9)
#11     _invoke1 (dart:ui/hooks.dart:186:13)
#12     PlatformDispatcher._dispatchPointerDataPacket (dart:ui/platform_dispatcher.dart:433:7)
#13     _dispatchPointerDataPacket (dart:ui/hooks.dart:119:31)

0      _AssertionError._doThrowNew (dart:core-patch/errors_patch.dart:51:61)
#1      _AssertionError._throwNew (dart:core-patch/errors_patch.dart:40:5)
#2      MouseTracker._deviceUpdatePhase (package:flutter/src/rendering/mouse_tracker.dart:205:12)
#3      MouseTracker.updateWithEvent.<anonymous closure> (package:flutter/src/rendering/mouse_tracker.dart:328:7)
#4      MouseTracker._monitorMouseConnection (package:flutter/src/rendering/mouse_tracker.dart:193:9)
#5      MouseTracker.updateWithEvent (package:flutter/src/rendering/mouse_tracker.dart:327:5)
#6      RendererBinding.dispatchEvent (package:flutter/src/rendering/binding.dart:432:20)
#7      GestureBinding._handlePointerEventImmediately (package:flutter/src/gestures/binding.dart:413:7)
#8      GestureBinding.handlePointerEvent (package:flutter/src/gestures/binding.dart:376:5)
#9      GestureBinding._flushPointerEventQueue (package:flutter/src/gestures/binding.dart:323:7)
#10     GestureBinding._handlePointerDataPacket (package:flutter/src/gestures/binding.dart:292:9)
#11     _invoke1 (dart:ui/hooks.dart:186:13)
#12     PlatformDispatcher._dispatchPointerDataPacket (dart:ui/platform_dispatcher.dart:433:7)
#13     _dispatchPointerDataPacket (dart:ui/hooks.dart:119:31)

2023.08.11 23:22:31][2023.08.11 23:22:31]rendering/mouse_tracker.dart': Failed assertion: line 205 pos 12: '!_debugDuringDeviceUpdate': is not true.[2023.08.11 23:22:31]rendering/mouse_tracker.dart': Failed assertion: line 205 pos 12: '!_debugDuringDeviceUpdate': is not true./errors_patch.dart:40:5)
#2      MouseTracker._deviceUpdatePhase (package:flutter/src/rendering/mouse_tracker.dart:205:12)
#3      MouseTracker.updateWithEvent.<anonymous closure> (package:flutter/src/rendering/mouse_tracker.dart:328:7)
#4      MouseTracker._monitorMouseConnection (package:flutter/src/rendering/mouse_tracker.dart:193:9)
#5      MouseTracker.updateWithEvent (package:flutter/src/rendering/mouse_tracker.dart:327:5)
#6      RendererBinding.dispatchEvent (package:flutter/src/rendering/binding.dart:432:20)
#7      GestureBinding._handlePointerEventImmediately (package:flutter/src/gestures/binding.dart:413:7)
#8      GestureBinding.handlePointerEvent (package:flutter/src/gestures/binding.dart:376:5)
#9      GestureBinding._flushPointerEventQueue (package:flutter/src/gestures/binding.dart:323:7)
#10     GestureBinding._handlePointerDataPacket (package:flutter/src/gestures/binding.dart:292:9)
#11     _invoke1 (dart:ui/hooks.dart:186:13)
#12     PlatformDispatcher._dispatchPointerDataPacket (dart:ui/platform_dispatcher.dart:433:7)
#13     _dispatchPointerDataPacket (dart:ui/hooks.dart:119:31)

0      _AssertionError._doThrowNew (dart:core-patch/errors_patch.dart:51:61)
#1      _AssertionError._throwNew (dart:core-patch/errors_patch.dart:40:5)
#2      MouseTracker._deviceUpdatePhase (package:flutter/src/rendering/mouse_tracker.dart:205:12)
#3      MouseTracker.updateWithEvent.<anonymous closure> (package:flutter/src/rendering/mouse_tracker.dart:328:7)
#4      MouseTracker._monitorMouseConnection (package:flutter/src/rendering/mouse_tracker.dart:193:9)
#5      MouseTracker.updateWithEvent (package:flutter/src/rendering/mouse_tracker.dart:327:5)
#6      RendererBinding.dispatchEvent (package:flutter/src/rendering/binding.dart:432:20)
#7      GestureBinding._handlePointerEventImmediately (package:flutter/src/gestures/binding.dart:413:7)
#8      GestureBinding.handlePointerEvent (package:flutter/src/gestures/binding.dart:376:5)
#9      GestureBinding._flushPointerEventQueue (package:flutter/src/gestures/binding.dart:323:7)
#10     GestureBinding._handlePointerDataPacket (package:flutter/src/gestures/binding.dart:292:9)
#11     _invoke1 (dart:ui/hooks.dart:186:13)
#12     PlatformDispatcher._dispatchPointerDataPacket (dart:ui/platform_dispatcher.dart:433:7)
#13     _dispatchPointerDataPacket (dart:ui/hooks.dart:119:31)

2023.08.11 23:22:31]or._doThrowNew (dart:core-patch/errors_patch.dart:51:61)
#1      _AssertionError._throwNew (dart:core-patch/errors_patch.dart:40:5)
#2      MouseTracker._deviceUpdatePhase (package:flutter/src/rendering/mouse_tracker.dart:205:12)
#3      MouseTracker.updateWithEvent.<anonymous closure> (package:flutter/src/rendering/mouse_tracker.dart:328:7)
#4      MouseTracker._monitorMouseConnection (package:flutter/src/rendering/mouse_tracker.dart:193:9)
#5      MouseTracker.updateWithEvent (package:flutter/src/rendering/mouse_tracker.dart:327:5)
#6      RendererBinding.dispatchEvent (package:flutter/src/rendering/binding.dart:432:20)
#7      GestureBinding._handlePointerEventImmediately (package:flutter/src/gestures/binding.dart:413:7)
#8      GestureBinding.handlePointerEvent (package:flutter/src/gestures/binding.dart:376:5)
#9      GestureBinding._flushPointerEventQueue (package:flutter/src/gestures/binding.dart:323:7)
#10     GestureBinding._handlePointerDataPacket (package:flutter/src/gestures/binding.dart:292:9)
#11     _invoke1 (dart:ui/hooks.dart:186:13)
#12     PlatformDispatcher._dispatchPointerDataPacket (dart:ui/platform_dispatcher.dart:433:7)
#13     _dispatchPointerDataPacket (dart:ui/hooks.dart:119:31)
'package:flutter/src/rendering/mouse_tracker.dart': Failed assertion: line 205 pos 12: '!_debugDuringDeviceUpdate': is not true.#0      _AssertionError._doThrowNew (dart:core-patch/errors_patch.dart:51:61)
#1      _AssertionError._throwNew (dart:core-patch/errors_patch.dart:40:5)
#2      MouseTracker._deviceUpdatePhase (package:flutter/src/rendering/mouse_tracker.dart:205:12)
#3      MouseTracker.updateWithEvent.<anonymous closure> (package:flutter/src/rendering/mouse_tracker.dart:328:7)
#4      MouseTracker._monitorMouseConnection (package:flutter/src/rendering/mouse_tracker.dart:193:9)
#5      MouseTracker.updateWithEvent (package:flutter/src/rendering/mouse_tracker.dart:327:5)
#6      RendererBinding.dispatchEvent (package:flutter/src/rendering/binding.dart:432:20)
#7      GestureBinding._handlePointerEventImmediately (package:flutter/src/gestures/binding.dart:413:7)
#8      GestureBinding.handlePointerEvent (package:flutter/src/gestures/binding.dart:376:5)
#9      GestureBinding._flushPointerEventQueue (package:flutter/src/gestures/binding.dart:323:7)
#10     GestureBinding._handlePointerDataPacket (package:flutter/src/gestures/binding.dart:292:9)
#11     _invoke1 (dart:ui/hooks.dart:186:13)
#12     PlatformDispatcher._dispatchPointerDataPacket (dart:ui/platform_dispatcher.dart:433:7)
#13     _dispatchPointerDataPacket (dart:ui/hooks.dart:119:31)

0      _AssertionError._doThrowNew (dart:core-patch/errors_patch.dart:51:61)
#1      _AssertionError._throwNew (dart:core-patch/errors_patch.dart:40:5)
#2      MouseTracker._deviceUpdatePhase (package:flutter/src/rendering/mouse_tracker.dart:205:12)
#3      MouseTracker.updateWithEvent.<anonymous closure> (package:flutter/src/rendering/mouse_tracker.dart:328:7)
#4      MouseTracker._monitorMouseConnection (package:flutter/src/rendering/mouse_tracker.dart:193:9)
#5      MouseTracker.updateWithEvent (package:flutter/src/rendering/mouse_tracker.dart:327:5)
#6      RendererBinding.dispatchEvent (package:flutter/src/rendering/binding.dart:432:20)
#7      GestureBinding._handlePointerEventImmediately (package:flutter/src/gestures/binding.dart:413:7)
#8      GestureBinding.handlePointerEvent (package:flutter/src/gestures/binding.dart:376:5)
#9      GestureBinding._flushPointerEventQueue (package:flutter/src/gestures/binding.dart:323:7)
#10     GestureBinding._handlePointerDataPacket (package:flutter/src/gestures/binding.dart:292:9)
#11     _invoke1 (dart:ui/hooks.dart:186:13)
#12     PlatformDispatcher._dispatchPointerDataPacket (dart:ui/platform_dispatcher.dart:433:7)
#13     _dispatchPointerDataPacket (dart:ui/hooks.dart:119:31)
[2023.08.11 23:22:31][2023.08.11 23:22:31]
package:flutter/src/rendering/mouse_tracker.dart': Failed assertion: line 205 pos 12: '!_debugDuringDeviceUpdate': is not true.'package:flutter/src/rendering/mouse_tracker.dart': Failed assertion: line 205 pos 12: '!_debugDuringDeviceUpdate': is not true./errors_patch.dart:40:5)
#2      MouseTracker._deviceUpdatePhase (package:flutter/src/rendering/mouse_tracker.dart:205:12)
#3      MouseTracker.updateWithEvent.<anonymous closure> (package:flutter/src/rendering/mouse_tracker.dart:328:7)
#4      MouseTracker._monitorMouseConnection (package:flutter/src/rendering/mouse_tracker.dart:193:9)
#5      MouseTracker.updateWithEvent (package:flutter/src/rendering/mouse_tracker.dart:327:5)
#6      RendererBinding.dispatchEvent (package:flutter/src/rendering/binding.dart:432:20)
#7      GestureBinding._handlePointerEventImmediately (package:flutter/src/gestures/binding.dart:413:7)
#8      GestureBinding.handlePointerEvent (package:flutter/src/gestures/binding.dart:376:5)
#9      GestureBinding._flushPointerEventQueue (package:flutter/src/gestures/binding.dart:323:7)
#10     GestureBinding._handlePointerDataPacket (package:flutter/src/gestures/binding.dart:292:9)
#11     _invoke1 (dart:ui/hooks.dart:186:13)
#12     PlatformDispatcher._dispatchPointerDataPacket (dart:ui/platform_dispatcher.dart:433:7)
#13     _dispatchPointerDataPacket (dart:ui/hooks.dart:119:31)
'package:flutter/src/
package:flutter/src/rendering/mouse_tracker.dart': Failed assertion: line 205 pos 12: '!_debugDuringDeviceUpdate': is not true./errors_patch.dart:40:5)
#2      MouseTracker._deviceUpdatePhase (package:flutter/src/rendering/mouse_tracker.dart:205:12)
#3      MouseTracker.updateWithEvent.<anonymous closure> (package:flutter/src/rendering/mouse_tracker.dart:328:7)
#4      MouseTracker._monitorMouseConnection (package:flutter/src/rendering/mouse_tracker.dart:193:9)
#5      MouseTracker.updateWithEvent (package:flutter/src/rendering/mouse_tracker.dart:327:5)
#6      RendererBinding.dispatchEvent (package:flutter/src/rendering/binding.dart:432:20)
#7      GestureBinding._handlePointerEventImmediately (package:flutter/src/gestures/binding.dart:413:7)
#8      GestureBinding.handlePointerEvent (package:flutter/src/gestures/binding.dart:376:5)
#9      GestureBinding._flushPointerEventQueue (package:flutter/src/gestures/binding.dart:323:7)
#10     GestureBinding._handlePointerDataPacket (package:flutter/src/gestures/binding.dart:292:9)
#11     _invoke1 (dart:ui/hooks.dart:186:13)
#12     PlatformDispatcher._dispatchPointerDataPacket (dart:ui/platform_dispatcher.dart:433:7)
#13     _dispatchPointerDataPacket (dart:ui/hooks.dart:119:31)

package:flutter/src/rendering/mouse_tracker.dart': Failed assertion: line 205 pos 12: '!_debugDuringDeviceUpdate': is not true.'package:flutter/src/rendering/mouse_tracker.dart': Failed assertion: line 205 pos 12: '!_debugDuringDeviceUpdate': is not true.#0      _AssertionError._doThrowNew (dart:core-patch/errors_patch.dart:51:61)
#1      _AssertionError._throwNew (dart:core-patch[2023.08.11 23:22:31]or._doThrowNew (dart:core-patch/errors_patch.dart:51:61)
#1      _AssertionError._throwNew (dart:core-patch/errors_patch.dart:40:5)
#2      MouseTracker._deviceUpdatePhase (package:flutter/src/rendering/mouse_tracker.dart:205:12)
#3      MouseTracker.updateWithEvent.<anonymous closure> (package:flutter/src/rendering/mouse_tracker.dart:328:7)
#4      MouseTracker._monitorMouseConnection (package:flutter/src/rendering/mouse_tracker.dart:193:9)
#5      MouseTracker.updateWithEvent (package:flutter/src/rendering/mouse_tracker.dart:327:5)
#6      RendererBinding.dispatchEvent (package:flutter/src/rendering/binding.dart:432:20)
#7      GestureBinding._handlePointerEventImmediately (package:flutter/src/gestures/binding.dart:413:7)
#8      GestureBinding.handlePointerEvent (package:flutter/src/gestures/binding.dart:376:5)
#9      GestureBinding._flushPointerEventQueue (package:flutter/src/gestures/binding.dart:323:7)
#10     GestureBinding._handlePointerDataPacket (package:flutter/src/gestures/binding.dart:292:9)
#11     _invoke1 (dart:ui/hooks.dart:186:13)
#12     PlatformDispatcher._di#0      _AssertionError._doThrowNew (dart:core-patch/errors_patch.dart:51:61)
#1      _AssertionError._throwNew (dart:core-patch/errors_patch.dart:40:5)
#2      MouseTracker._deviceUpdatePhase (package:flutter/src/rendering/mouse_tracker.dart:205:12)
#3      MouseTracker.updateWithEvent.<anonymous closure> (package:flutter/src/rendering/mouse_tracker.dart:328:7)
#4      MouseTracker._monitorMouseConnection (package:flutter/src/rendering/mouse_tracker.dart:193:9)
#5      MouseTracker.updateWithEvent (package:flutter/src/rendering/mouse_tracker.dart:327:5)
#6      RendererBinding.dispatchEvent (package:flutter/src/rendering/binding.dart:432:20)
#7      GestureBinding._handlePointerEventImmediately (package:flutter/src/gestures/binding.dart:413:7)
#8      GestureBinding.handlePointerEvent (package:flutter/src/gestures/binding.dart:376:5)
#9      GestureBinding._flushPointerEventQueue (package:flutter/src/gestures/binding.dart:323:7)
#10     GestureBinding._handlePointerDataPacket (package:flutter/src/gestures/binding.dart:292:9)
#11     _invoke1 (dart:ui/hooks.dart:186:13)
#12     PlatformDispatcher._dispatchPointerDataPacket (dart:ui/platform_dispatcher.dart:433:7)
#13     _dispatchPointerDataPacket (dart:ui/hooks.dart:119:31)
[2023.08.11 23:22:31]or._doThrowNew (dart:core-patch/errors_patch.dart:51:61)
#1      _AssertionError._throwNew (dart:core-patch
2023.08.11 23:22:31]:5)
#2      MouseTracker._deviceUpdatePhase (package:flutter/src/rendering/mouse_tracker.dart:205:12)
#3      MouseTracker.updateWithEvent.<anonymous closure> (package:flutter/src/rendering/mouse_tracker.dart:328:7)
#4      MouseTracker._monitorMouseConnection (package:flutter/src/rendering/mouse_tracker.dart:193:9)
#5      MouseTracker.updateWithEvent (package:flutter/src/rendering/mouse_tracker.dart:327:5)
#6      RendererBinding.dispatchEvent (package:flutter/src/rendering/binding.dart:432:20)
#7      GestureBinding._handlePointerEventImmediately (package:flutter/src/gestures/binding.dart:413:7)
#8      GestureBinding.handlePointerEvent (package:flutter/src/gestures/binding.dart:376:5)
#9      GestureBinding._flushPointerEventQueue (package:flutter/src/gestures/binding.dart:323:7)
#10     GestureBinding._handlePointerDataPacket (package:flutter/src/gestures/binding.dart:292:9)
#11     _invoke1 (dart:ui/hooks.dart:186:13)
#12     PlatformDispatcher._dispatchPointerDataPacket (dart:ui/platform_dispatcher.dart:433:7)
#13     _dispatchPointerDataPacket (dart:ui/hooks.dart:119:31)
#0      _AssertionError._doThrowNew (dart:core-patch/errors_patch.dart:51:61)
#1      _AssertionError._throwNew (dart:core-patch/errors_patch.dart:40:5)
#2      MouseTracker._deviceUpdatePhase (package:flutter/src/rendering/mouse_tracker.dart:205:12)
#3      MouseTracker.updateWithEvent.<anonymous closure> (package:flutter/src/rendering/mouse_tracker.dart:328:7)
#4      MouseTracker._monitorMouseConnection (package:flutter/src/rendering/mouse_tracker.dart:193:9)
#5      MouseTracker.updateWithEvent (package:flutter/src/rendering/mouse_tracker.dart:327:5)
#6      RendererBinding.dispatchEvent (package:flutter/src/rendering/binding.dart:432:20)
#7      GestureBinding._handlePointerEventImmediately (package:flutter/src/gestures/binding.dart:413:7)
#8      GestureBinding.handlePointerEvent (package:flutter/src/gestures/binding.dart:376:5)
#9      GestureBinding._flushPointerEventQueue (package:flutter/src/gestures/binding.dart:323:7)
#10     GestureBinding._handlePointerDataPacket (package:flutter/src/gestures/binding.dart:292:9)
#11     _invoke1 (dart:ui/hooks.dart:186:13)
#12     PlatformDispatcher._dispatchPointerDataPacket (dart:ui/platform_dispatcher.dart:433:7)
#13     _dispatchPointerDataPacket (dart:ui/hooks.dart:119:31)
'package:flutter/src/#0      _AssertionError._doThrowNew (dart:core-patch/errors_patch.dart:51:61)
#1      _AssertionError._thro'package:flutter/src/rendering/mouse_tracker.dart': Failed assertion: line 205 pos 12: '!_debugDuringDeviceUpdate': is not true.er.dart:205:12)
#3      MouseTracker.updateWithEvent.<anonymous closure> (package:flutter/src/rendering/mouse_tracker.dart:328:7)
#4      MouseTracker._monitorMouseConnection (package:flutter/src/rendering/mouse_tracker.dart:193:9)
#5      MouseTracker.updateWithEvent (package:flutter/src/rendering/mouse_tracker.dart:327:5)
#6      RendererBinding.dispatchEvent (package:flutter/src/rendering/binding.dart:432:20)
#7      GestureBinding._handlePointerEventImmediately (package:flutter/src/gestures/binding.dart:413:7)
#8      GestureBinding.handlePointerEvent (package:flutter/src/gestures/binding.dart:376:5)
#9      GestureBinding._flushPointerEventQueue (package:flutter/src/gestures/binding.dart:323:7)
#10     GestureBinding._handlePointerDataPacket (package:flutter/src/gestures/binding.dart:292:9)
#11     _invoke1 (dart:ui/hooks.dart:186:13)
#12     PlatformDispatcher._dispatchPointerDataPacket (dart:ui/platform_dispatcher.dart:433:7)
#13     _dispatchPointerDataPacket (dart:ui/hooks.dart:119:31)
'package:flutter/src/rendering/mouse_tracker.dart': Failed assertion: line 205 pos 12: '!_debugDuringDeviceUpdate': is not true./errors_patch.dart:40:5)
#2      MouseTracker._deviceUpdatePhase (package:flutter/src/rendering/mouse_tracker.dart:205:12)
#3      MouseTracker.updateWithEvent.<anonymous closure> (package:flutter/src/rendering/mouse_tracker.dart:328:7)
#4      MouseTracker._monitorMouseConnection (package:flutter/src/rendering/mouse_tracker.dart:193:9)
#5      MouseTracker.updateWithEvent (package:flutter/src/rendering/mouse_tracker.dart:327:5)
#6      RendererBinding.dispatchEvent (package:flutter/src/rendering/binding.dart:432:20)
#7      GestureBinding._handlePointerEventImmediately (package:flutter/src/gestures/binding.dart:413:7)
#8      GestureBinding.handlePointerEvent (package:flutter/src/gestures/binding.dart:376:5)
#9      GestureBinding._flushPointerEventQueue (package:flutter/src/gestures/binding.dart:323:7)
#10     GestureBinding._handlePointerDataPacket (package:flutter/src/gestures/binding.dart:292:9)
#11     _invoke1 (dart:ui/hooks.dart:186:13)
#12     PlatformDispatcher._dispatchPointerDataPacket (dart:ui/platform_dispatcher.dart:433:7)
#13     _dispatchPointerDataPacket (dart:ui/hooks.dart:119:31)
'package:flutter/src/rendering/mouse_tracker.dart': Failed assertion: line 205 pos 12: '!_debugDuringDeviceUpdate': is not true./errors_patch.dart:40:5)
#2      MouseTracker._deviceUpdatePhase (package:flutter/src/rendering/mouse_tracker.dart:205:12)
#3      MouseTracker.updateWithEvent.<anonymous closure> (package:flutter/src/rendering/mouse_tracker.dart:328:7)
#4      MouseTracker._monitorMouseConnection (package:flutter/src/rendering/mouse_tracker.dart:193:9)
#5      MouseTracker.updateWithEvent (package:flutter/src/rendering/mouse_tracker.dart:327:5)
#6      RendererBinding.dispatchEvent (package:flutter/src/rendering/binding.dart:432:20)
#7      GestureBinding._handlePointerEventImmediately (package:flutter/src/gestures/binding.dart:413:7)
#8      GestureBinding.handlePointerEvent (package:flutter/src/gestures/binding.dart:376:5)
#9      GestureBinding._flushPointerEventQueue (package:flutter/src/gestures/binding.dart:323:7)
#10     GestureBinding._handlePointerDataPacket (package:flutter/src/gestures/binding.dart:292:9)
#11     _invoke1 (dart:ui/hooks.dart:186:13)
#12     PlatformDispatcher._dispatchPointerDataPacket (dart:ui/platform_dispatcher.dart:433:7)
#13     _dispatchPointerDataPacket (dart:ui/hooks.dart:119:31)

0      _AssertionError._doThrowNew (dart:core-patch/errors_patch.dart:51:61)
#1      _AssertionError._throwNew (dart:core-patch/errors_patch.dart:40:5)
#2      MouseTracker._deviceUpdatePhase (package:flutter/src/rendering/mouse_tracker.dart:205:12)
#3      MouseTracker.updateWithEvent.<anonymous closure> (package:flutter/src/rendering/mouse_tracker.dart:328:7)
#4      MouseTracker._monitorMouseConnection (package:flutter/src/rendering/mouse_tracker.dart:193:9)
#5      MouseTracker.updateWithEvent (package:flutter/src/rendering/mouse_tracker.dart:327:5)
#6      RendererBinding.dispatchEvent (package:flutter/src/rendering/binding.dart:432:20)
#7      GestureBinding._handlePointerEventImmediately (package:flutter/src/gestures/binding.dart:413:7)
#8      GestureBinding.handlePointerEvent (package:flutter/src/gestures/binding.dart:376:5)
#9      GestureBinding._flushPointerEventQueue (package:flutter/src/gestures/binding.dart:323:7)
#10     GestureBinding._handlePointerDataPacket (package:flutter/src/gestures/binding.dart:292:9)
#11     _invoke1 (dart:ui/hooks.dart:186:13)
#12     PlatformDispatcher._dispatchPointerDataPacket (dart:ui/platform_dispatcher.dart:433:7)
#13     _dispatchPointerDataPacket (dart:ui/hooks.dart:119:31)

[2023.08.11 23:22:31]r._doThrowNew (dart:core-patch/errors_patch.dart:51:61)
#1      _AssertionError._throwNew (dart:core-patch/errors_patch.dart:40:5)
#2      MouseTracker._deviceUpdatePhase (package:flutter/src/rendering/mouse_tracker.dart:205:12)
#3      MouseTracker.updateWithEvent.<anonymous closure> (package:flutter/src/rendering/mouse_tracker.dart:328:7)
#4      MouseTracker._monitorMouseConnection (package:flutter/src/rendering/mouse_tracker.dart:193:9)
#5      MouseTracker.updateWithEvent (package:flutter/src/rendering/mouse_tracker.dart:327:5)
#6      RendererBinding.dispatchEvent (package:flutter/src/rendering/binding.dart:432:20)
#7      GestureBinding._handlePointerEventImmediately (package:flutter/src/gestures/binding.dart:413:7)
#8      GestureBinding.handlePointerEvent (package:flutter/src/gestures/binding.dart:376:5)
#9      GestureBinding._flushPointerEventQueue (package:flutter/src/gestures/binding.dart:323:7)
#10     GestureBinding._handlePointerDataPacket (package:flutter/src/gestures/binding.dart:292:9)
#11     _invoke1 (dart:ui/hooks.dart:186:13)
#12     PlatformDispatcher._dispatchPointerDataPacket (dart:ui/platform_dispatcher.dart:433:7)
#13     _dispatchPointerDataPacket (dart:ui/hooks.dart:119:31)
[2023.08.11 23:22:31]or._doThrowNew (dart:core-patch/errors_patch.dart:51:61)
#1      _AssertionError._throwNew (dart:core-patch/errors_patch.dart:40:5)
#2      MouseTracker._deviceUpdatePhase (package:flutter/src/rendering/mouse_tracker.dart:205:12)
#3      MouseTracker.updateWithEvent.<anonymous closure> (package:flutter/src/rendering/mouse_tracker.dart:328:7)
#4      MouseTracker._monitorMouseConnection (package:flutter/src/rendering/mouse_tracker.dart:193:9)
#5      MouseTracker.updateWithEvent (package:flutter/src/rendering/mouse_tracker.dart:327:5)
#6      RendererBinding.dispatchEvent (package:flutter/src/rendering/binding.dart:432:20)
#7      GestureBinding._handlePointerEventImmediately (package:flutter/src/gestures/binding.dart:413:7)
#8      GestureBinding.handlePointerEvent (package:flutter/src/gestures/binding.dart:376:5)
#9      GestureBinding._flushPointerEventQueue (package:flutter/src/gestures/binding.dart:323:7)
#10     GestureBinding._handlePointerDataPacket (package:flutter/src/gestures/binding.dart:292:9)
#11     _invoke1 (dart:ui/hooks.dart:186:13)
#12     PlatformDispatcher._dispatchPointerDataPacket (dart:ui/platform_dispatcher.dart:433:7)
#13     _dispatchPointerDataPacket (dart:ui/hooks.dart:119:31)
'package:flutter/src/rendering/mouse_tracker.dart': Failed assertion: line 205 pos 12: '!_debugDuringDeviceUpdate': is not true.[2023.08.11 23:22:31]rendering/mouse_tracker.dart': Failed assertion: line 205 pos 12: '!_debugDuringDeviceUpdate': is not true.'#0      _AssertionError._doThrowNew (dart:core-patch/errors_patch.dart:51:61)
#1      _AssertionError._throwNew (dart:core-patc#0      _AssertionError._doThrowNew (dart:core-patch/errors_patch.dart:51:61)
#1      _AssertionError._throwNew (dart:core-patch/errors_patch.dart:40:5)
#2      MouseTracker._deviceUpdatePhase (package:flutter/src/rendering/mouse_tracker.dart:205:12)
#3      MouseTracker.updateWithEvent.<anonymous closure> (package:flutter/src/rendering/mouse_tracker.dart:328:7)
#4      MouseTracker._monitorMouseConnection (package:flutter/src/rendering/mouse_tracker.dart:193:9)
#5      MouseTracker.updateWithEvent (package:flutter/src/rendering/mouse_tracker.dart:327:5)
#6      RendererBinding.dispatchEvent (package:flutter/src/rendering/binding.dart:432:20)
#7      GestureBinding._handlePointerEventImmediately (package:flutter/src/gestures/binding.dart:413:7)
#8      GestureBinding.handlePointerEvent (package:flutter/src/gestures/binding.dart:376:5)
#9      GestureBinding._flushPointerEventQueue (package:flutter/src/gestures/binding.dart:323:7)
#10     GestureBinding._handlePointerDataPacket (package:flutter/src/gestures/binding.dart:292:9)
#11     _invoke1 (dart:ui/hooks.dart:186:13)
#12     PlatformDispatcher._di#0      _AssertionError._doThrowNew (dart:core-patch/errors_patch.dart:51:61)
#1      _AssertionError._throwNew (dart:core-patch/errors_patch.dart:40:5)
#2      MouseTracker._deviceUpdatePhase (package:flutter/src/rendering/mouse_tracker.dart:205:12)
#3      MouseTracker.updateWithEvent.<anonymous closure> (package:flutter/src/rendering/mouse_tracker.dart:328:7)
#4      MouseTracker._monitorMouseConnection (package:flutter/src/rendering/mouse_tracker.dart:193:9)
#5      MouseTracker.updateWithEvent (package:flutter/src/rendering/mouse_tracker.dart:327:5)
#6      RendererBinding.dispatchEvent (package:flutter/src/rendering/binding.dart:432:20)
#7      GestureBinding._handlePointerEventImmediately (package:flutter/src/gestures/binding.dart:413:7)
#8      GestureBinding.handlePointerEvent (package:flutter/src/gestures/binding.dart:376:5)
#9      GestureBinding._flushPointerEventQueue (package:flutter/src/gestures/binding.dart:323:7)
#10     GestureBinding._handlePointerDataPacket (package:flutter/src/gestures/binding.dart:292:9)
#11     _invoke1 (dart:ui/hooks.dart:186:13)
#12     PlatformDispatcher._dispatchPointerDataPacket (dart:ui/platform_dispatcher.dart:433:7)
#13     _dispatchPointerDataPacket (dart:ui/hooks.dart:119:31)
[2023.08.11 23:22:31]rendering/mouse_tracker.dart': Failed assertion: line 205 pos 12: '!_debugDuringDeviceUpdate': is not true.['package:flutter/src/rendering/mouse_tracker.dart': Failed assertion: line 205 pos 12: '!_debugDuringDeviceUpdate': is not true./errors_patch.dart:40:5)
#2      MouseTracker._deviceUpdatePhase (package:flutter/src/rendering/mouse_tracker.dart:205:12)
#3      MouseTracker.updateWithEvent.<anonymous closure> (package:flutter/src/rendering/mouse_tracker.dart:328:7)
#4      MouseTracker._monitorMouseConnection (package:flutter/src/rendering/mouse_tracker.dart:193:9)
#5      MouseTracker.updateWithEvent (package:flutter/src/rendering/mouse_tracker.dart:327:5)
#6      RendererBinding.dispatchEvent (package:flutter/src/rendering/binding.dart:432:20)
#7      GestureBinding._handlePointerEventImmediately (package:flutter/src/gestures/binding.dart:413:7)
#8      GestureBinding.handlePointerEvent (package:flutter/src/gestures/binding.dart:376:5)
#9      GestureBinding._flushPointerEventQueue (package:flutter/src/gestures/binding.dart:323:7)
#10     GestureBinding._handlePointerDataPacket (package:flutter/src/gestures/binding.dart:292:9)
#11     _invoke1 (dart:ui/hooks.dart:186:13)
#12     PlatformDispatcher._dispatchPointerDataPacket (dart:ui/platform_dispatcher.dart:433:7)
#13     _dispatchPointerDataPacket (dart:ui/hooks.dart:119:31)#0      _AssertionError._doThrowNew (dart:core-patch/errors_patch.dart:51:61)
#1      _AssertionError._throwNew (dart:core-patch/errors_patch.dart:40:5)
#2      MouseTracker._deviceUpdatePhase (package:flutter/src/rendering/mouse_tracker.dart:205:12)
#3      MouseTracker.updateWithEvent.<anonymous closure> (package:flutter/src/rendering/mouse_tracker.dart:328:7)
#4      MouseTracker._monitorMouseConnection (package:flutter/src/rendering/mouse_tracker.dart:193:9)
#5      MouseTracker.updateWithEvent (package:flutter/src/rendering/mouse_tracker.dart:327:5)
#6      RendererBinding.dispatchEvent (package:flutter/src/rendering/binding.dart:432:20)
#7      GestureBinding._handlePointerEventImmediately (package:flutter/src/gestures/binding.dart:413:7)
#8      GestureBinding.handlePointerEvent (package:flutter/src/gestures/binding.dart:376:5)
#9      GestureBinding._flushPointerEventQueue (package:flutter/src/gestures/binding.dart:323:7)
#10     GestureBinding._handlePointerDataPacket (package:flutter/src/gestures/binding.dart:292:9)
#11     _invoke1 (dart:ui/hooks.dart:186:13)
#12     PlatformDispatcher._dispatchPointerDataPacket (dart:ui/platform_dispatcher.dart:433:7)
#13     _dispatchPointerDataPacket (dart:ui/hooks.dart:119:31)
#[2023.08.11 23:22:31]rendering/mouse_tracker.dart': Failed assertion: line 205 pos 12: '!_debugDuringDeviceUpdate': is not true./errors_patch.dart:40:5)
#2      MouseTracker._deviceUpdatePhase (package:flutter/src/rendering/mouse_tracker.dart:205:12)
#3      MouseTracker.updateWithEvent.<anonymous closure> (package:flutter/src/rendering/mouse_tracker.dart:328:7)
#4      MouseTracker._monitorMouseConnection (package:flutter/src/rendering/mouse_tracker.dart:193:9)
#5      MouseTracker.updateWithEvent (package:flutter/src/rendering/mouse_tracker.dart:327:5)
#6      RendererBinding.dispatchEvent (package:flutter/src/rendering/binding.dart:432:20)
#7      GestureBinding._handlePointerEventImmediately (package:flutter/src/gestures/binding.dart:413:7)
#8      GestureBinding.handlePointerEvent (package:flutter/src/gestures/binding.dart:376:5)
#9      GestureBinding._flushPointerEventQueue (package:flutter/src/gestures/binding.dart:323:7)
#10     GestureBinding._handlePointerDataPacket (package:flutter/src/gestures/binding.dart:292:9)
#11     _invoke1 (dart:ui/hooks.dart:186:13)
#12     PlatformDispatcher._dispatchPointerDataPacket (dart:ui/platform_dispatcher.dart:433:7)
#13     _dispatchPointerDataPacket (dart:ui/hooks.dart:119:31)#0      _AssertionError._doThrowNew (dart:core-patch/errors_patch.dart:51:61)
#1      _AssertionError._throwNew (dart:core-patch/errors_patch.dart:40:5)
#2      MouseTracker._deviceUpdatePhase (package:flutter/src/rendering/mouse_tracker.dart:205:12)
#3      MouseTracker.updateWithEvent.<anonymous closure> (package:flutter/src/rendering/mouse_tracker.dart:328:7)
#4      MouseTracker._monitorMouseConnection (package:flutter/src/rendering/mouse_tracker.dart:193:9)
#5      MouseTracker.updateWithEvent (package:flutter/src/rendering/mouse_tracker.dart:327:5)
#6      RendererBinding.dispatchEvent (package:flutter/src/rendering/binding.dart:432:20)
#7      GestureBinding._handlePointerEventImmediately (package:flutter/src/gestures/binding.dart:413:7)
#8      GestureBinding.handlePointerEvent (package:flutter/src/gestures/binding.dart:376:5)
#9      GestureBinding._flushPointerEventQueue (package:flutter/src/gestures/binding.dart:323:7)
#10     GestureBinding._handlePointerDataPacket (package:flutter/src/gestures/binding.dart:292:9)
#11     _invoke1 (dart:ui/hooks.dart:186:13)
#12     PlatformDispatcher._dispatchPointerDataPacket (dart:ui/platform_dispatcher.dart:433:7)
#13     _dispatchPointerDataPacket (dart:ui/hooks.dart:119:31)
'package:flutter/src/rendering/mouse_tracker.dart': Failed assertion: line 205 pos 12: '!_debugDuringDeviceUpdate': is not true./errors_patch.dart:40:5)
#2      MouseTracker._deviceUpdatePhase (package:flutter/src/rendering/mouse_tracker.dart:205:12)
#3      MouseTracker.updateWithEvent.<anonymous closure> (package:flutter/src/rendering/mouse_tracker.dart:328:7)
#4      MouseTracker._monitorMouseConnection (package:flutter/src/rendering/mouse_tracker.dart:193:9)
#5      MouseTracker.updateWithEvent (package:flutter/src/rendering/mouse_tracker.dart:327:5)
#6      RendererBinding.dispatchEvent (package:flutter/src/rendering/binding.dart:432:20)
#7      GestureBinding._handlePointerEventImmediately (package:flutter/src/gestures/binding.dart:413:7)
#8      GestureBinding.handlePointerEvent (package:flutter/src/gestures/binding.dart:376:5)
#9      GestureBinding._flushPointerEventQueue (package:flutter/src/gestures/binding.dart:323:7)
#10     GestureBinding._handlePointerDataPacket (package:flutter/src/gestures/binding.dart:292:9)
#11     _invoke1 (dart:ui/hooks.dart:186:13)
#12     PlatformDispatcher._dispatchPointerDataPacket (dart:ui/platform_dispatcher.dart:433:7)
#13     _dispatchPointerDataPacket (dart:ui/hooks.dart:119:31)
''package:flutter/src/rendering/mouse_tracker.dart': Failed assertion: line 205 pos 12: '!_debugDuringDeviceUpdate': is not true./errors_patch.dart:40:5)
#2      MouseTracker._deviceUpdatePhase (package:flutter/src/rendering/mouse_tracker.dart:205:12)
#3      MouseTracker.updateWithEvent.<anonymous closure> (package:flutter/src/rendering/mouse_tracker.dart:328:7)
#4      MouseTracker._monitorMouseConnection (package:flutter/src/rendering/mouse_tracker.dart:193:9)
#5      MouseTracker.updateWithEvent (package:flutter/src/rendering/mouse_tracker.dart:327:5)
#6      RendererBinding.dispatchEvent (package:flutter/src/rendering/binding.dart:432:20)
#7      GestureBinding._handlePointerEventImmediately (package:flutter/src/gestures/binding.dart:413:7)
#8      GestureBinding.handlePointerEvent (package:flutter/src/gestures/binding.dart:376:5)
#9      GestureBinding._flushPointerEventQueue (package:flutter/src/gestures/binding.dart:323:7)
#10     GestureBinding._handlePointerDataPacket (package:flutter/src/gestures/binding.dart:292:9)
#11     _invoke1 (dart:ui/hooks.dart:186:13)
#12     PlatformDispatcher._dispatchPointerDataPacket (dart:ui/platform_dispatcher.dart:433:7)
#13     _dispatchPointerDataPacket (dart:ui/hooks.dart:119:31)
[2023.08.11 23:22:31]or._doThrowNew (dart:core-patch/errors_patch.dart:51:61)
#1      _AssertionError._throwNew (dart:core-patch/errors_patch.dart:40:5)
#2      MouseTracker._deviceUpdatePhase (package:flutter/src/rendering/mouse_tracker.dart:205:12)
#3      MouseTracker.updateWithEvent.<anonymous closure> (package:flutter/src/rendering/mouse_tracker.dart:328:7)
#4      MouseTracker._monitorMouseConnection (package:flutter/src/rendering/mouse_tracker.dart:193:9)
#5      MouseTracker.updateWithEvent (package:flutter/src/rendering/mouse_tracker.dart:327:5)
#6      RendererBinding.dispatchEvent (package:flutter/src/rendering/binding.dart:432:20)
#7      GestureBinding._handlePointerEventImmediately (package:flutter/src/gestures/binding.dart:413:7)
#8      GestureBinding.handlePointerEvent (package:flutter/src/gestures/binding.dart:376:5)
#9      GestureBinding._flushPointerEventQueue (package:flutter/src/gestures/binding.dart:323:7)
#10     GestureBinding._handlePointerDataPacket (package:flutter/src/gestures/binding.dart:292:9)
#11     _invoke1 (dart:ui/hooks.dart:186:13)
#12     PlatformDispatcher._dispatchPointerDataPacket (dart:ui/platform_dispatcher.dart:433:7)
#13     _dispatchPointerDataPacket (dart:ui/hooks.dart:119:31)
'package:flutter/src/rendering/mouse_tracker.dart': Failed assertion: line 205 pos 12: '!_debugDuringDeviceUpdate': is not true.#0      _AssertionError._doThrowNew (dart:core-patch/errors_patch.dart:51:61)
#1      _AssertionError._throwNew (dart:core-patch/errors_patch.dart:40:5)
#2      MouseTracker._deviceUpdatePhase (package:flutter/src/rendering/mouse_tracker.dart:205:12)
#3      MouseTracker.updateWithEvent.<anonymous closure> (package:flutter/src/rendering/mouse_tracker.dart:328:7)
#4      MouseTracker._monitorMouseConnection (package:flutter/src/rendering/mouse_tracker.dart:193:9)
#5      MouseTracker.updateWithEvent (package:flutter/src/rendering/mouse_tracker.dart:327:5)
#6      RendererBinding.dispatchEvent (package:flutter/src/rendering/binding.dart:432:20)
#7      GestureBinding._handlePointerEventImmediately (package:flutter/src/gestures/binding.dart:413:7)
#8      GestureBinding.handlePointerEvent (package:flutter/src/gestures/binding.dart:376:5)
#9      GestureBinding._flushPointerEventQueue (package:flutter/src/gestures/binding.dart:323:7)
#10     GestureBinding._handlePointerDataPacket (package:flutter/src/gestures/binding.dart:292:9)
#11     _invoke1 (dart:ui/hooks.dart:186:13)
#12     PlatformDispatcher._dispatchPointerDataPacket (dart:ui/platform_dispatcher.dart:433:7)
#13     _dispatchPointerDataPacket (dart:ui/hooks.dart:119:31)

[2023.08.11 23:22:32]'package:flutter/src/rendering/mouse_tracker.dart': Failed assertion: line 205 pos 12: '!_debugDuringDeviceUpdate': is not true.#0      _AssertionError._doThrowNew (dart:core-patch/errors_patch.dart:51:61)
#1      _AssertionError._throwNew (dart:core-patch/errors_patch.dart:40:5)
#2      MouseTracker._deviceUpdatePhase (package:flutter/src/rendering/mouse_tracker.dart:205:12)
#3      MouseTracker.updateAllDevices (package:flutter/src/rendering/mouse_tracker.dart:372:5)
#4      RendererBinding._scheduleMouseTrackerUpdate.<anonymous closure> (package:flutter/src/rendering/binding.dart:474:22)
#5      SchedulerBinding._invokeFrameCallback (package:flutter/src/scheduler/binding.dart:1325:15)
#6      SchedulerBinding.handleDrawFrame (package:flutter/src/scheduler/binding.dart:1264:9)
#7      SchedulerBinding._handleDrawFrame (package:flutter/src/scheduler/binding.dart:1113:5)
#8      _invoke (dart:ui/hooks.dart:170:13)
#9      PlatformDispatcher._drawFrame (dart:ui/platform_dispatcher.dart:410:5)
#10     _drawFrame (dart:ui/hooks.dart:140:31)


2023.08.11 23:22:32][[2023.08.11 23:22:32]endering/mouse_tracker.dart': Failed assertion: line 226 pos 12: '(event is PointerAddedEvent) == (lastEvent is PointerRemovedEvent)': is not true.#[2023.08.11 23:22:32]r._doThrowNew (dart:core-patch/errors_patch.dart:51:61)
#1      _AssertionError._throwNew (dart:core-patch[2023.08.11 23:22:32]rendering/mouse_tracker.dart': Failed assertion: line 205 pos 12: '!_debugDuringDeviceUpdate': is not true.      MouseTracker.updateWithEvent (package:flutter/src/rendering/mouse_tracker.dart:323:10)
#4      RendererBinding.dispatchEvent (package:flutter/src/rendering/binding.dart:432:20)
#5      GestureBinding._handlePointerEventImmediately (package:flutter/src/gestures/binding.dart:413:7)
#6      GestureBinding.handlePointerEvent (package:flutter/src/gestures/binding.dart:376:5)
#7      GestureBinding._flushPointerEventQueue (package:flutter/src/gestures/binding.dart:323:7)
#8      GestureBinding._handlePointerDataPacket (package:flutter/src/gestures/binding.dart:292:9)
#9      _invoke1 (dart:ui/hooks.dart:186:13)
#10     PlatformDispatcher._dispatchPointerDataPacket (dart:ui/platform_dispatcher.dart:433:7)
#11     _dispatchPointerDataPacket (dart:ui/hooks.dart:119:31)
'package:flutter/src/rendering/mouse_tracker.dart': Failed assertion: line 205 pos 12: '!_debugDuringDeviceUpdate': is not true.[2023.08.11 23:22:32]or._doThrowNew (dart:core-patch/errors_patch.dart:51:61)
#1      _AssertionError._throwNew (dart:core-patch[2023.08.11 23:22:32]or._doThrowNew (dart:core-patch/errors_patch.dart:51:61)
#1      _AssertionError._throwNew (dart:core-patch/errors_patch.dart:40:5)
#2      MouseTracker._deviceUpdatePhase (package:flutter/src/rendering/mouse_tracker.dart:205:12)
#3      MouseTracker.updateWithEvent.<anonymous closure> (package:flutter/src/rendering/mouse_tracker.dart:328:7)
#4      MouseTracker._monitorMouseConnection (package:flutter/src/rendering/mouse_tracker.dart:193:9)
#5      MouseTracker.updateWithEvent (package:flutter/src/rendering/mouse_tracker.dart:327:5)
#6      RendererBinding.dispatchEvent (package:flutter/src/rendering/binding.dart:432:20)
#7      GestureBinding._handlePointerEventImmediately (package:flutter/src/gestures/binding.dart:413:7)
#8      GestureBinding.handlePointerEvent (package:flutter/src/gestures/binding.dart:376:5)
#9      GestureBinding._flushPointerEventQueue (package:flutter/src/gestures/binding.dart:323:7)
#10     GestureBinding._handlePointerDataPacket (package:flutter/src/gestures/binding.dart:292:9)
#11     _invoke1 (dart:ui/hooks.dart:186:13)
#12     PlatformDispatcher._dispatchPointerDataPacket (dart:ui/platform_dispatcher.dart:433:7)
#13     _dispatchPointerDataPacket (dart:ui/hooks.dart:119:31)
'package:flutter/src/rendering/mouse_tracker.dart': Failed assertion: line 205 pos 12: '!_debugDuringDeviceUpdate': is not true./errors_patch.dart:40:5)
#2      MouseTracker._deviceUpdatePhase (package:flutter/src/rendering/mouse_tracker.dart:205:12)
#3      MouseTracker.updateWithEvent.<anonymous closure> (package:flutter/src/rendering/mouse_tracker.dart:328:7)
#4      MouseTracker._monitorMouseConnection (package:flutter/src/rendering/mouse_tracker.dart:193:9)
#5      MouseTracker.updateWithEvent (package:flutter/src/rendering/mouse_tracker.dart:327:5)
#6      RendererBinding.dispatchEvent (package:flutter/src/rendering/binding.dart:432:20)
#7      GestureBinding._handlePointerEventImmediately (package:flutter/src/gestures/binding.dart:413:7)
#8      GestureBinding.handlePointerEvent (package:flutter/src/gestures/binding.dart:376:5)
#9      GestureBinding._flushPointerEventQueue (package:flutter/src/gestures/binding.dart:323:7)
#10     GestureBinding._handlePointerDataPacket (package:flutter/src/gestures/binding.dart:292:9)
#11     _invoke1 (dart:ui/hooks.dart:186:13)
#12     PlatformDispatcher._dispatchPointerDataPacket (dart:ui/platform_dispatcher.dart:433:7)
#13     _dispatchPointerDataPacket (dart:ui/hooks.dart:119:31)
#0      _AssertionError._doThrowNew (dart:core-patch/errors_patch.dart:51:61)
#1      _AssertionError._throwNew (dart:core-patch/errors_patch.dart:40:5)
#2      MouseTracker._deviceUpdatePhase (package:flutter/src/rendering/mouse_tracker.dart:205:12)
#3      MouseTracker.updateWithEvent.<anonymous closure> (package:flutter/src/rendering/mouse_tracker.dart:328:7)
#4      MouseTracker._monitorMouseConnection (package:flutter/src/rendering/mouse_tracker.dart:193:9)
#5      MouseTracker.updateWithEvent (package:flutter/src/rendering/mouse_tracker.dart:327:5)
#6      RendererBinding.dispatchEvent (package:flutter/src/rendering/binding.dart:432:20)
#7      GestureBinding._handlePointerEventImmediately (package:flutter/src/gestures/binding.dart:413:7)
#8      GestureBinding.handlePointerEvent (package:flutter/src/gestures/binding.dart:376:5)
#9      GestureBinding._flushPointerEventQueue (package:flutter/src/gestures/binding.dart:323:7)
#10     GestureBinding._handlePointerDataPacket (package:flutter/src/gestures/binding.dart:292:9)
#11     _invoke1 (dart:ui/hooks.dart:186:13)
#12     PlatformDispatcher._dispatchPointerDataPacket (dart:ui/platform_dispatcher.dart:433:7)
#13     _dispatchPointerDataPacket (dart:ui/hooks.dart:119:31)


2023.08.11 23:22:33][2023.08.11 23:22:33]rendering/mouse_tracker.dart': Failed assertion: line 205 pos 12: '!_debugDuringDeviceUpdate': is not true.'package:flutter/src/rendering/mouse_tracker.dart': Failed assertion: line 205 pos 12: '!_debugDuringDeviceUpdate': is not true./errors_patch.dart:40:5)
#2      MouseTracker._deviceUpdatePhase (package:flutter/src/rendering/mouse_tracker.dart:205:12)
#3      MouseTracker.updateAllDevices (package:flutter/src/rendering/mouse_tracker.dart:372:5)
#4      RendererBinding._scheduleMouseTrackerUpdate.<anonymous closure> (package:flutter/src/rendering/binding.dart:474:22)
#5      SchedulerBinding._invokeFrameCallback (package:flutter/src/scheduler/binding.dart:1325:15)
#6      SchedulerBinding.handleDrawFrame (package:flutter/src/scheduler/binding.dart:1264:9)
#7      SchedulerBinding._handleDrawFrame (package:flutter/src/scheduler/binding.dart:1113:5)
#8      _invoke (dart:ui/hooks.dart:170:13)
#9      PlatformDispatcher._drawFrame (dart:ui/platform_dispatcher.dart:410:5)
#10     _drawFrame (dart:ui/hooks.dart:140:31)
#0      _AssertionError._doThrowNew (dart:core-patch/errors_patch.dart:51:61)
#1      _AssertionError._throwNew (dart:core-patch/errors_patch.dart:40:5)
#2      MouseTracker._deviceUpdatePhase (package:flutter/src/rendering/mouse_tracker.dart:205:12)
#3      MouseTracker.updateAllDevices (package:flutter/src/rendering/mouse_tracker.dart:372:5)
#4      RendererBinding._scheduleMouseTrackerUpdate.<anonymous closure> (package:flutter/src/rendering/binding.dart:474:22)
#5      SchedulerBinding._invokeFrameCallback (package:flutter/src/scheduler/binding.dart:1325:15)
#6      SchedulerBinding.handleDrawFrame (package:flutter/src/scheduler/binding.dart:1264:9)
#7      SchedulerBinding._handleDrawFrame (package:flutter/src/scheduler/binding.dart:1113:5)
#8      _invoke (dart:ui/hooks.dart:170:13)
#9      PlatformDispatcher._drawFrame (dart:ui/platform_dispatcher.dart:410:5)
#10     _drawFrame (dart:ui/hooks.dart:140:31)
et (dart:ui/platform_dispatcher.dart:433:7)
#11     _dispatchPointerDataPacket (dart:ui/hooks.dart:119:31)

[2023.08.11 23:22:34]'package:flutter/src/rendering/mouse_tracker.dart': Failed assertion: line 205 pos 12: '!_debugDuringDeviceUpdate': is not true.#0      _AssertionError._doThrowNew (dart:core-patch/errors_patch.dart:51:61)
#1      _AssertionError._throwNew (dart:core-patch/errors_patch.dart:40:5)
#2      MouseTracker._deviceUpdatePhase (package:flutter/src/rendering/mouse_tracker.dart:205:12)
#3      MouseTracker.updateWithEvent.<anonymous closure> (package:flutter/src/rendering/mouse_tracker.dart:328:7)
#4      MouseTracker._monitorMouseConnection (package:flutter/src/rendering/mouse_tracker.dart:193:9)
#5      MouseTracker.updateWithEvent (package:flutter/src/rendering/mouse_tracker.dart:327:5)
#6      RendererBinding.dispatchEvent (package:flutter/src/rendering/binding.dart:432:20)
#7      GestureBinding._handlePointerEventImmediately (package:flutter/src/gestures/binding.dart:413:7)
#8      GestureBinding.handlePointerEvent (package:flutter/src/gestures/binding.dart:376:5)
#9      GestureBinding._flushPointerEventQueue (package:flutter/src/gestures/binding.dart:323:7)
#10     GestureBinding._handlePointerDataPacket (package:flutter/src/gestures/binding.dart:292:9)
#11     _invoke1 (dart:ui/hooks.dart:186:13)
#12     PlatformDispatcher._dispatchPointerDataPacket (dart:ui/platform_dispatcher.dart:433:7)
#13     _dispatchPointerDataPacket (dart:ui/hooks.dart:119:31)
[2023.08.11 23:22:34]'package:flutter/src/rendering/mouse_tracker.dart': Failed assertion: line 205 pos 12: '!_debugDuringDeviceUpdate': is not true.#0      _AssertionError._doThrowNew (dart:core-patch/errors_patch.dart:51:61)
#1      _AssertionError._throwNew (dart:core-patch/errors_patch.dart:40:5)
#2      MouseTracker._deviceUpdatePhase (package:flutter/src/rendering/mouse_tracker.dart:205:12)
#3      MouseTracker.updateWithEvent.<anonymous closure> (package:flutter/src/rendering/mouse_tracker.dart:328:7)
#4      MouseTracker._monitorMouseConnection (package:flutter/src/rendering/mouse_tracker.dart:193:9)
#5      MouseTracker.updateWithEvent (package:flutter/src/rendering/mouse_tracker.dart:327:5)
#6      RendererBinding.dispatchEvent (package:flutter/src/rendering/binding.dart:432:20)
#7      GestureBinding._handlePointerEventImmediately (package:flutter/src/gestures/binding.dart:413:7)
#8      GestureBinding.handlePointerEvent (package:flutter/src/gestures/binding.dart:376:5)
#9      GestureBinding._flushPointerEventQueue (package:flutter/src/gestures/binding.dart:323:7)
#10     GestureBinding._handlePointerDataPacket (package:flutter/src/gestures/binding.dart:292:9)
#11     _invoke1 (dart:ui/hooks.dart:186:13)
#12     PlatformDispatcher._dispatchPointerDataPacket (dart:ui/platform_dispatcher.dart:433:7)
#13     _dispatchPointerDataPacket (dart:ui/hooks.dart:119:31)

2023.08.11 23:22:34]or._doThrowNew (dart:core-patch/errors_patch.dart:51:61)
#1      _AssertionError._throwNew (dart:core-patch/errors_patch.dart:40:5)
#2      MouseTracker._deviceUpdatePhase (package:flutter/src/rendering/mouse_tracker.dart:205:12)
#3      MouseTracker.updateWithEvent.<anonymous closure> (package:flutter/src/rendering/mouse_tracker.dart:328:7)
#4      MouseTracker._monitorMouseConnection (package:flutter/src/rendering/mouse_tracker.dart:193:9)
#5      MouseTracker.updateWithEvent (package:flutter/src/rendering/mouse_tracker.dart:327:5)
#6      RendererBinding.dispatchEvent (package:flutter/src/rendering/binding.dart:432:20)
#7      GestureBinding._handlePointerEventImmediately (package:flutter/src/gestures/binding.dart:413:7)
#8      GestureBinding.handlePointerEvent (package:flutter/src/gestures/binding.dart:376:5)
#9      GestureBinding._flushPointerEventQueue (package:flutter/src/gestures/binding.dart:323:7)
#10     GestureBinding._handlePointerDataPacket (package:flutter/src/gestures/binding.dart:292:9)
#11     _invoke1 (dart:ui/hooks.dart:186:13)
#12     PlatformDispatcher._dispatchPointerDataPacket (dart:ui/platform_dispatcher.dart:433:7)
#13     _dispatchPointerDataPacket (dart:ui/hooks.dart:119:31)

2023.08.11 23:22:34]rendering/mouse_tracker.dart': Failed assertion: line 205 pos 12: '!_debugDuringDeviceUpdate': is not true.'package:flutter/src/rendering/mouse_tracker.dart': Failed assertion: line 205 pos 12: '!_debugDuringDeviceUpdate': is not true./errors_patch.dart:40:5)
#2      MouseTracker._deviceUpdatePhase (package:flutter/src/rendering/mouse_tracker.dart:205:12)
#3      MouseTracker.updateWithEvent.<anonymous closure> (package:flutter/src/rendering/mouse_tracker.dart:328:7)
#4      MouseTracker._monitorMouseConnection (package:flutter/src/rendering/mouse_tracker.dart:193:9)
#5      MouseTracker.updateWithEvent (package:flutter/src/rendering/mouse_tracker.dart:327:5)
#6      RendererBinding.dispatchEvent (package:flutter/src/rendering/binding.dart:432:20)
#7      GestureBinding._handlePointerEventImmediately (package:flutter/src/gestures/binding.dart:413:7)
#8      GestureBinding.handlePointerEvent (package:flutter/src/gestures/binding.dart:376:5)
#9      GestureBinding._flushPointerEventQueue (package:flutter/src/gestures/binding.dart:323:7)
#10     GestureBinding._handlePointerDataPacket (package:flutter/src/gestures/binding.dart:292:9)
#11     _invoke1 (dart:ui/hooks.dart:186:13)
#12     PlatformDispatcher._dispatchPointerDataPacket (dart:ui/platform_dispatcher.dart:433:7)
#13     _dispatchPointerDataPacket (dart:ui/hooks.dart:119:31)
'package:flutter/src/rendering/mouse_tracker.dart': Failed assertion: line 205 pos 12: '!_debugDuringDeviceUpdate': is not true./errors_patch.dart:40:5)
#2      MouseTracker._deviceUpdatePhase (package:flutter/src/rendering/mouse_tracker.dart:205:12)
#3      MouseTracker.updateWithEvent.<anonymous closure> (package:flutter/src/rendering/mouse_tracker.dart:328:7)
#4      MouseTracker._monitorMouseConnection (package:flutter/src/rendering/mouse_tracker.dart:193:9)
#5      MouseTracker.updateWithEvent (package:flutter/src/rendering/mouse_tracker.dart:327:5)
#6      RendererBinding.dispatchEvent (package:flutter/src/rendering/binding.dart:432:20)
#7      GestureBinding._handlePointerEventImmediately (package:flutter/src/gestures/binding.dart:413:7)
#8      GestureBinding.handlePointerEvent (package:flutter/src/gestures/binding.dart:376:5)
#9      GestureBinding._flushPointerEventQueue (package:flutter/src/gestures/binding.dart:323:7)
#10     GestureBinding._handlePointerDataPacket (package:flutter/src/gestures/binding.dart:292:9)
#11     _invoke1 (dart:ui/hooks.dart:186:13)
#12     PlatformDispatcher._dispatchPointerDataPacket (dart:ui/platform_dispatcher.dart:433:7)
#13     _dispatchPointerDataPacket (dart:ui/hooks.dart:119:31)
#0      _AssertionError._doThrowNew (dart:core-patch/errors_patch.dart:51:61)
#1      _AssertionError._throwNew (dart:core-patch/errors_patch.dart:40:5)
#2      MouseTracker._deviceUpdatePhase (package:flutter/src/rendering/mouse_tracker.dart:205:12)
#3      MouseTracker.updateWithEvent.<anonymous closure> (package:flutter/src/rendering/mouse_tracker.dart:328:7)
#4      MouseTracker._monitorMouseConnection (package:flutter/src/rendering/mouse_tracker.dart:193:9)
#5      MouseTracker.updateWithEvent (package:flutter/src/rendering/mouse_tracker.dart:327:5)
#6      RendererBinding.dispatchEvent (package:flutter/src/rendering/binding.dart:432:20)
#7      GestureBinding._handlePointerEventImmediately (package:flutter/src/gestures/binding.dart:413:7)
#8      GestureBinding.handlePointerEvent (package:flutter/src/gestures/binding.dart:376:5)
#9      GestureBinding._flushPointerEventQueue (package:flutter/src/gestures/binding.dart:323:7)
#10     GestureBinding._handlePointerDataPacket (package:flutter/src/gestures/binding.dart:292:9)
#11     _invoke1 (dart:ui/hooks.dart:186:13)
#12     PlatformDispatcher._dispatchPointerDataPacket (dart:ui/platform_dispatcher.dart:433:7)
#13     _dispatchPointerDataPacket (dart:ui/hooks.dart:119:31)
[2023.08.11 23:22:34]
package:flutter/src/
endering/mouse_tracker.dart': Failed assertion: line 205 pos 12: '!_debugDuringDeviceUpdate': is not true.'[2023.08.11 23:22:34]rendering/mouse_tracker.dart': Failed assertion: line 205 pos 12: '!_debugDuringDeviceUpdate': is not true'package:flutter/src/rendering/mouse_tracker.dart': Failed assertion: line 205 pos 12: '!_debugDuringDeviceUpdate': is not true.
package:flutter/src/rendering/mouse_tracker.dart': Failed assertion: line 205 pos 12: '!_debugDuringDeviceUpdate': is not true.'package:flutter/src/rendering/mouse_tracker.dart': Failed assertion: line 205 pos 12: '!_debugDuringDeviceUpdate': is not true./errors_patch.dart:40:5)
#2      MouseTracker._deviceUpdatePhase (package:flutter/src/rendering/mouse_tracker.dart:205:12)
#3      MouseTracker.updateWithEvent.<anonymous closure> (package:flutter/src/rendering/mouse_tracker.dart:328:7)
#4      MouseTracker._monitorMouseConnection (package:flutter/src/rendering/mouse_tracker.dart:193:9)
#5      MouseTracker.updateWithEvent (package:flutter/src/rendering/mouse_tracker.dart:327:5)
#6      RendererBinding.dispatchEvent (package:flutter/src/rendering/binding.dart:432:20)
#7      GestureBinding._handlePointerEventImmediately (package:flutter/src/gestures/binding.dart:413:7)
#8      GestureBinding.handlePointerEvent (package:flutter/src/gestures/binding.dart:376:5)
#9      GestureBinding._flushPointerEventQueue (package:flutter/src/gestures/binding.dart:323:7)
#10     GestureBinding._handlePointerDataPacket (package:flutter/src/gestures/binding.dart:292:9)
#11     _invoke1 (dart:ui/hooks.dart:186:13)
#12     PlatformDispatcher._dispatchPointerDataPacket (dart:ui/platform_dispatcher.dart:433:7)
#13     _dispatchPointerDataPacket (dart:ui/hooks.dart:119:31)
[#0      _AssertionError._doThrowNew (dart:core-patch/errors_patch.dart:51:61)
#1      _AssertionError._throwNew (dart:core-patch/errors_patch.dart:40:5)
#2      MouseTracker._deviceUpdatePhase (package:flutter/src/rendering/mouse_tracker.dart:205:12)
#3      MouseTracker.updateWithEvent.<anonymous closure> (package:flutter/src/rendering/mouse_tracker.dart:328:7)
#4      MouseTracker._monitorMouseConnection (package:flutter/src/rendering/mouse_tracker.dart:193:9)
#5      MouseTracker.updateWithEvent (package:flutter/src/rendering/mouse_tracker.dart:327:5)
#6      RendererBinding.dispatchEvent (package:flutter/src/rendering/binding.dart:432:20)
#7      GestureBinding._handlePointerEventImmediately (package:flutter/src/gestures/binding.dart:413:7)
#8      GestureBinding.handlePointerEvent (package:flutter/src/gestures/binding.dart:376:5)
#9      GestureBinding._flushPointerEventQueue (package:flutter/src/gestures/binding.dart:323:7)
#10     GestureBinding._handlePointerDataPacket (package:flutter/src/gestures/binding.dart:292:9)
#11     _invoke1 (dart:ui/hooks.dart:186:13)
#12     PlatformDispatcher._dispatchPointerDataPacket (dart:ui/platform_dispatcher.dart:433:7)
#13     _dispatchPointerDataPacket (dart:ui/hooks.dart:119:31)[[2023.08.11 23:22:34]or._doThrowNew (dart:core-patch/errors_patch.dart:51:61)
#1      _AssertionError._throwNew (dart:core-patch/errors_patch.dart:40:5)
#2      MouseTracker._deviceUpdatePhase (package:flutter/src/rendering/mouse_tracker.dart:205:12)
#3      MouseTracker.updateWithEvent.<anonymous closure> (package:flutter/src/rendering/mouse_tracker.dart:328:7)
#4      MouseTracker._monitorMouseConnection (package:flutter/src/rendering/mouse_tracker.dart:193:9)
#5      MouseTracker.updateWithEvent (package:flutter/src/rendering/mouse_tracker.dart:327:5)
#6      RendererBinding.dispatchEvent (package:flutter/src/rendering/binding.dart:432:20)
#7      GestureBinding._handlePointerEventImmediately (package:flutter/src/gestures/binding.dart:413:7)
#8      GestureBinding.handlePointerEvent (package:flutter/src/gestures/binding.dart:376:5)
#9      GestureBinding._flushPointerEventQueue (package:flutter/src/gestures/binding.dart:323:7)
#10     GestureBinding._handlePointerDataPacket (package:flutter/src/gestures/binding.dart:292:9)
#11     _invoke1 (dart:ui/hooks.dart:186:13)
#12     PlatformDispatcher._dispatchPointerDataPacket (dart:ui/platform_dispatcher.dart:433:7)
#13     _dispatchPointerDataPacket (dart:ui/hooks.dart:119:31)

#0      _AssertionError._doThrowNew (dart:core-patch/errors_patch.dart:51:61)
#1      _AssertionError._throwNew (dart:core-patc
package:flutter/src/rendering/mouse_tracker.dart': Failed assertion: line 205 pos 12: '!_debugDuringDeviceUpdate': is not true.    MouseTracker.updateWithEvent.<anonymous closure> (package:flutter/src/rendering/mouse_tracker.dart:328:7)
#4      MouseTracker._monitorMouseConnection (package:flutter/src/rendering/mouse_tracker.dart:193:9)
#5      MouseTracker.updateWithEvent (package:flutter/src/rendering/mouse_tracker.dart:327:5)
#6      RendererBinding.dispatchEvent (package:flutter/src/rendering/binding.dart:432:20)
#7      GestureBinding._handlePointerEventImmediately (package:flutter/src/gestures/binding.dart:413:7)
#8      GestureBinding.handlePointerEvent (package:flutter/src/gestures/binding.dart:376:5)
#9      GestureBinding._flushPointerEventQueue (package:flutter/src/gestures/binding.dart:323:7)
#10     GestureBinding._handlePointerDataPacket (package:flutter/src/gestures/binding.dart:292:9)
#11     _invoke1 (dart:ui/hooks.dart:186:13)
#12     PlatformDispatcher._dispatchPointerDataPacket (dart:ui/platform_dispatcher.dart:433:7)
#13     _dispatchPointerDataPacket (dart:ui/hooks.dart:119:31)
'package:flutter/src/rendering/mouse_tracker.dart': Failed assertion: line 205 pos 12: '!_debugDuringDeviceUpdate': is not true./errors_patch.dart:40:5)
#2      MouseTracker._deviceUpdatePhase (package:flutter/src/rendering/mouse_tracker.dart:205:12)
#3      MouseTracker.updateWithEvent.<anonymous closure> (package:flutter/src/rendering/mouse_tracker.dart:328:7)
#4      MouseTracker._monitorMouseConnection (package:flutter/src/rendering/mouse_tracker.dart:193:9)
#5      MouseTracker.updateWithEvent (package:flutter/src/rendering/mouse_tracker.dart:327:5)
#6      RendererBinding.dispatchEvent (package:flutter/src/rendering/binding.dart:432:20)
#7      GestureBinding._handlePointerEventImmediately (package:flutter/src/gestures/binding.dart:413:7)
#8      GestureBinding.handlePointerEvent (package:flutter/src/gestures/binding.dart:376:5)
#9      GestureBinding._flushPointerEventQueue (package:flutter/src/gestures/binding.dart:323:7)
#10     GestureBinding._handlePointerDataPacket (package:flutter/src/gestures/binding.dart:292:9)
#11     _invoke1 (dart:ui/hooks.dart:186:13)
#12     PlatformDispatcher._dispatchPointerDataPacket (dart:ui/platform_dispatcher.dart:433:7)
#13     _dispatchPointerDataPacket (dart:ui/hooks.dart:119:31)
[2023.08.11 23:22:34]or._doThrowNew (dart:core-patch/errors_patch.dart:51:61)
#1      _AssertionError._throwNew (dart:core-patch/errors_patch.dart:40:5)
#2      MouseTracker._deviceUpdatePhase (package:flutter/src/rendering/mouse_tracker.dart:205:12)
#3      MouseTracker.updateWithEvent.<anonymous closure> (package:flutter/src/rendering/mouse_tracker.dart:328:7)
#4      MouseTracker._monitorMouseConnection (package:flutter/src/rendering/mouse_tracker.dart:193:9)
#5      MouseTracker.updateWithEvent (package:flutter/src/rendering/mouse_tracker.dart:327:5)
#6      RendererBinding.dispatchEvent (package:flutter/src/rendering/binding.dart:432:20)
#7      GestureBinding._handlePointerEventImmediately (package:flutter/src/gestures/binding.dart:413:7)
#8      GestureBinding.handlePointerEvent (package:flutter/src/gestures/binding.dart:376:5)
#9      GestureBinding._flushPointerEventQueue (package:flutter/src/gestures/binding.dart:323:7)
#10     GestureBinding._handlePointerDataPacket (package:flutter/src/gestures/binding.dart:292:9)
#11     _invoke1 (dart:ui/hooks.dart:186:13)
#12     PlatformDispatcher._dispatchPointerDataPacket (dart:ui/platform_dispatcher.dart:433:7)
#13     _dispatchPointerDataPacket (dart:ui/hooks.dart:119:31)
'package:flutter/src/rendering/mouse_tracker.dart': Failed assertion: line 205 pos 12: '!_debugDuringDeviceUpdate': is not true.#'package:flutter/src/rendering/mouse_tracker.dart': Failed assertion: line 205 pos 12: '!_debugDuringDeviceUpdate': is not true./errors_patch.dart:40:5)
#2      MouseTracker._deviceUpdatePhase (package:flutter/src/rendering/mouse_tracker.dart:205:12)
#3      MouseTracker.updateWithEvent.<anonymous closure> (package:flutter/src/rendering/mouse_tracker.dart:328:7)
#4      MouseTracker._monitorMouseConnection (package:flutter/src/rendering/mouse_tracker.dart:193:9)
#5      MouseTracker.updateWithEvent (package:flutter/src/rendering/mouse_tracker.dart:327:5)
#6      RendererBinding.dispatchEvent (package:flutter/src/rendering/binding.dart:432:20)
#7      GestureBinding._handlePointerEventImmediately (package:flutter/src/gestures/binding.dart:413:7)
#8      GestureBinding.handlePointerEvent (package:flutter/src/gestures/binding.dart:376:5)
#9      GestureBinding._flushPointerEventQueue (package:flutter/src/gestures/binding.dart:323:7)
#10     GestureBinding._handlePointerDataPacket (package:flutter/src/gestures/binding.dart:292:9)
#11     _invoke1 (dart:ui/hooks.dart:186:13)
#12     PlatformDispatcher._dispatchPointerDataPacket (dart:ui/platform_dispatcher.dart:433:7)
#13     _dispatchPointerDataPacket (dart:ui/hooks.dart:119:31)
[#0      _AssertionEr'package:flutter/src/rendering/mouse_tracker.dart': Failed assertion: line 205 pos 12: '!_debugDuringDeviceUpdate': is not true./errors_patch.dart:40:5)
#2      MouseTracker._deviceUpdatePhase (package:flutter/src/rendering/mouse_tracker.dart:205:12)
#3      MouseTracker.updateWithEvent.<anonymous closure> (package:flutter/src/rendering/mouse_tracker.dart:328:7)
#4      MouseTracker._monitorMouseConnection (package:flutter/src/rendering/mouse_tracker.dart:193:9)
#5      MouseTracker.updateWithEvent (package:flutter/src/rendering/mouse_tracker.dart:327:5)
#6      RendererBinding.dispatchEvent (package:flutter/src/rendering/binding.dart:432:20)
#7      GestureBinding._handlePointerEventImmediately (package:flutter/src/gestures/binding.dart:413:7)
#8      GestureBinding.handlePointerEvent (package:flutter/src/gestures/binding.dart:376:5)
#9      GestureBinding._flushPointerEventQueue (package:flutter/src/gestures/binding.dart:323:7)
#10     GestureBinding._handlePointerDataPacket (package:flutter/src/gestures/binding.dart:292:9)
#11     _invoke1 (dart:ui/hooks.dart:186:13)
#12     PlatformDispatcher._dispatchPointerDataPacket (dart:ui/platform_dispatcher.dart:433:7)
#13     _dispatchPointerDataPacket (dart:ui
2023.08.11 23:22:34[2023.08.11 23:22:34]or._doThrowNew (dart:core-patch/errors_patch.dart:51:61)
#1      _AssertionError._throwNew (dart:core-patch/errors_patch.dart:40:5)
#2      MouseTracker._deviceUpdatePhase (package:flutter/src/rendering/mouse_tracker.dart:205:12)
#3      MouseTracker.updateWithEvent.<anonymous closure> (package:flutter/src/rendering/mouse_tracker.dart:328:7)
#4      MouseTracker._monitorMouseConnection (package:flutter/src/rendering/mouse_tracker.dart:193:9)
#5      MouseTracker.updateWithEvent (package:flutter/src/rendering/mouse_tracker.dart:327:5)
#6      RendererBinding.dispatchEvent (package:flutter/src/rendering/binding.dart:432:20)
#7      GestureBinding._handlePointerEventImmediately (package:flutter/src/gestures/binding.dart:413:7)
#8      GestureBinding.handlePointerEvent (package:flutter/src/gestures/binding.dart:376:5)
#9      GestureBinding._flushPointerEventQueue (package:flutter/src/gestures/binding.dart:323:7)
#10     GestureBinding._handlePointerDataPacket (package:flutter/src/gestures/binding.dart:292:9)
#11     _invoke1 (dart:ui/hooks.dart:186:13)
#12     PlatformDispatcher._dispatchPointerDataPacket (dart:ui/platform_dispatcher.dart:433:7)
#13     _dispatchPointerDataPacket (dart:ui/hooks.dart:119:31)


      _AssertionError._doThrowNew (dart:core-patch/errors_patch.dart:51:61)
#1      _AssertionError._throwNew (dart:core-patch/errors_patch.dart:40:5)
#2      MouseTracker._deviceUpdatePhase (package:flutter/src/rendering/mouse_tracker.dart:205:12)
#3      MouseTracker.updateWithEvent.<anonymous closure> (package:flutter/src/rendering/mouse_tracker.dart:328:7)
#4      MouseTracker._monitorMouseConnection (package:flutter/src/rendering/mouse_tracker.dart:193:9)
#5      MouseTracker.updateWithEvent (package:flutter/src/rendering/mouse_tracker.dart:327:5)
#6      RendererBinding.dispatchEvent (package:flutter/src/rendering/binding.dart:432:20)
#7      GestureBinding._handlePointerEventImmediately (package:flutter/src/gestures/binding.dart:413:7)
#8      GestureBinding.handlePointerEvent (package:flutter/src/gestures/binding.dart:376:5)
#9      GestureBinding._flushPointerEventQueue (package:flutter/src/gestures/binding.dart:323:7)
#10     GestureBinding._handlePointerDataPacket (package:flutter/src/gestures/binding.dart:292:9)
#11     _invoke1 (dart:ui/hooks.dart:186:13)
#12     PlatformDispatcher._dispatchPointerDataPacket (dart:ui/platform_dispatcher.dart:433:7)
#13     _dispatchPointerDataPacket (dart:ui/hooks.dart:119:31)
[2023.08.11 23:22:34]'package:flutter/src/rendering/mouse_tracker.dart': Failed assertion: line 205 pos 12: '!_debugDuringDeviceUpdate': is not true.#0      _AssertionError._doThrowNew (dart:core-patch/errors_patch.dart:51:61)
#1      _AssertionError._throwNew (dart:core-patch/errors_patch.dart:40:5)
#2      MouseTracker._deviceUpdatePhase (package:flutter/src/rendering/mouse_tracker.dart:205:12)
#3      MouseTracker.updateWithEvent.<anonymous closure> (package:flutter/src/rendering/mouse_tracker.dart:328:7)
#4      MouseTracker._monitorMouseConnection (package:flutter/src/rendering/mouse_tracker.dart:193:9)
#5      MouseTracker.updateWithEvent (package:flutter/src/rendering/mouse_tracker.dart:327:5)
#6      RendererBinding.dispatchEvent (package:flutter/src/rendering/binding.dart:432:20)
#7      GestureBinding._handlePointerEventImmediately (package:flutter/src/gestures/binding.dart:413:7)
#8      GestureBinding.handlePointerEvent (package:flutter/src/gestures/binding.dart:376:5)
#9      GestureBinding._flushPointerEventQueue (package:flutter/src/gestures/binding.dart:323:7)
#10     GestureBinding._handlePointerDataPacket (package:flutter/src/gestures/binding.dart:292:9)
#11     _invoke1 (dart:ui/hooks.dart:186:13)
#12     PlatformDispatcher._dispatchPointerDataPacket (dart:ui/platform_dispatcher.dart:433:7)
#13     _dispatchPointerDataPacket (dart:ui/hooks.dart:119:31)
'package:flutter/src/'package:flutter/src/rendering/mouse_tracker.dart': Failed assertion: line 205 pos 12: '!_debugDuringDevice
package:flutter/src/rendering/mouse_tracker.dart': Failed assertion: line 205 pos 12: '!_debugDuringDeviceUpdate': is not true.er.dart:205:12)
#3      MouseTracker.updateWithEvent.<anonymous closure> (package:flutter/src/rendering/mouse_tracker.dart:328:7)
#4      MouseTracker._monitorMouseConnection (package:flutter/src/rendering/mouse_tracker.dart:193:9)
#5      MouseTracker.updateWithEvent (package:flutter/src/rendering/mouse_tracker.dart:327:5)
#6      RendererBinding.dispatchEvent (package:flutter/src/rendering/binding.dart:432:20)
#7      GestureBinding._handlePointerEventImmediately (package:flutter/src/gestures/binding.dart:413:7)
#8      GestureBinding.handlePointerEvent (package:flutter/src/gestures/binding.dart:376:5)
#9      GestureBinding._flushPointerEventQueue (package:flutter/src/gestures/binding.dart:323:7)
#10     GestureBinding._handlePointerDataPacket (package:flutter/src/gestures/binding.dart:292:9)
#11     _invoke1 (dart:ui/hooks.dart:186:13)
#12     PlatformDispatcher._dispatchPointerDataPacket (dart:ui/platform_dispatcher.dart:433:7)
#13     _dispatchPointerDataPacket (dart:ui/hooks.dart:119:31)
'package:flutter/src/rendering/mouse_tracker.dart': Failed assertion: line 205 pos 12: '!_debugDuringDeviceUpdate': is not true./errors_patch.dart:40:5)
#2      MouseTracker._deviceUpdatePhase (package:flutter/src/rendering/mouse_tracker.dart:205:12)
#3      MouseTracker.updateWithEvent.<anonymous closure> (package:flutter/src/rendering/mouse_tracker.dart:328:7)
#4      MouseTracker._monitorMouseConnection (package:flutter/src/rendering/mouse_tracker.dart:193:9)
#5      MouseTracker.updateWithEvent (package:flutter/src/rendering/mouse_tracker.dart:327:5)
#6      RendererBinding.dispatchEvent (package:flutter/src/rendering/binding.dart:432:20)
#7      GestureBinding._handlePointerEventImmediately (package:flutter/src/gestures/binding.dart:413:7)
#8      GestureBinding.handlePointerEvent (package:flutter/src/gestures/binding.dart:376:5)
#9      GestureBinding._flushPointerEventQueue (package:flutter/src/gestures/binding.dart:323:7)
#10     GestureBinding._handlePointerDataPacket (package:flutter/src/gestures/binding.dart:292:9)
#11     _invoke1 (dart:ui/hooks.dart:186:13)
#12     PlatformDispatcher._dispatchPointerDataPacket (dart:ui/platform_dispatcher.dart:433:7)
#13     _dispatchPointerDataPacket (dart:ui/hooks.dart:119:31)
#0      _AssertionError._doThrowNew (dart:core-patch/errors_patch.dart:51:61)
#1      _AssertionError._throwNew (dart:core-patch/errors_patch.dart:40:5)
#2      MouseTracker._deviceUpdatePhase (package:flutter/src/rendering/mouse_tracker.dart:205:12)
#3      MouseTracker.updateWithEvent.<anonymous closure> (package:flutter/src/rendering/mouse_tracker.dart:328:7)
#4      MouseTracker._monitorMouseConnection (package:flutter/src/rendering/mouse_tracker.dart:193:9)
#5      MouseTracker.updateWithEvent (package:flutter/src/rendering/mouse_tracker.dart:327:5)
#6      RendererBinding.dispatchEvent (package:flutter/src/rendering/binding.dart:432:20)
#7      GestureBinding._handlePointerEventImmediately (package:flutter/src/gestures/binding.dart:413:7)
#8      GestureBinding.handlePointerEvent (package:flutter/src/gestures/binding.dart:376:5)
#9      GestureBinding._flushPointerEventQueue (package:flutter/src/gestures/binding.dart:323:7)
#10     GestureBinding._handlePointerDataPacket (package:flutter/src/gestures/binding.dart:292:9)
#11     _invoke1 (dart:ui/hooks.dart:186:13)
#12     PlatformDispatcher._dispatchPointerDataPacket (dart:ui/platform_dispatcher.dart:433:7)
#13     _dispatchPointerDataPacket (dart:ui/hooks.dart:119:31)

#0      _AssertionError._doThrowNew (dart:core-patch/errors_patch.dart:51:61)
#1      _AssertionError._throwNew (dart:core-patch/errors_patch.dart:40:5)
#2      MouseTracker._deviceUpdatePhase (package:flutter/src/rendering/mouse_tracker.dart:205:12)
#3      MouseTracker.updateWithEvent.<anonymous closure> (package:flutter/src/rendering/mouse_tracker.dart:328:7)
#4      MouseTracker._monitorMouseConnection (package:flutter/src/rendering/mouse_tracker.dart:193:9)
#5      MouseTracker.updateWithEvent (package:flutter/src/rendering/mouse_tracker.dart:327:5)
#6      RendererBinding.dispatchEvent (package:flutter/src/rendering/binding.dart:432:20)
#7      GestureBinding._handlePointerEventImmediately (package:flutter/src/gestures/binding.dart:413:7)
#8      GestureBinding.handlePointerEvent (package:flutter/src/gestures/binding.dart:376:5)
#9      GestureBinding._flushPointerEventQueue (package:flutter/src/gestures/binding.dart:323:7)
#10     GestureBinding._handlePointerDataPacket (package:flutter/src/gestures/binding.dart:292:9)
#11     _invoke1 (dart:ui/hooks.dart:186:13)
#12     PlatformDispatcher._dispatchPointerDataPacket (dart:ui/platform_dispatcher.dart:433:7)
#13     _dispatchPointerDataPacket (dart:ui/hooks.dart:119:31)#0      _AssertionError._doThrowNew (dart:core-patch/errors_patch.dart:51:61)
#1      _AssertionError._throwNew (dart:core-patch/errors_patch.dart:40:5)
#2      MouseTracker._deviceUpdatePhase (package:flutter/src/rendering/mouse_tracker.dart:205:12)
#3      MouseTracker.updateWithEvent.<anonymous closure> (package:flutter/src/rendering/mouse_tracker.dart:328:7)
#4      MouseTracker._monitorMouseConnection (package:flutter/src/rendering/mouse_tracker.dart:193:9)
#5      MouseTracker.updateWithEvent (package:flutter/src/rendering/mouse_tracker.dart:327:5)
#6      RendererBinding.dispatchEvent (package:flutter/src/rendering/binding.dart:432:20)
#7      GestureBinding._handlePointerEventImmediately (package:flutter/src/gestures/binding.dart:413:7)
#8      GestureBinding.handlePointerEvent (package:flutter/src/gestures/binding.dart:376:5)
#9      GestureBinding._flushPointerEventQueue (package:flutter/src/gestures/binding.dart:323:7)
#10     GestureBinding._handlePointerDataPacket (package:flutter/src/gestures/binding.dart:292:9)
#11     _invoke1 (dart:ui/hooks.dart:186:13)
#12     PlatformDispatcher._dispatchPointerDataPacket (dart:ui/platform_dispatcher.dart:433:7)
#13     _dispatchPointerDataPacket (dart:ui/hooks.dart:119:31)

2023.08.11 23:22:34]or._doThrowNew (dart:core-patch/errors_patch.dart:51:61)
#1      _AssertionError._throwNew (dart:core-patch/errors_patch.dart:40:5)
#2      MouseTracker._deviceUpdatePhase (package:flutter/src/rendering/mouse_tracker.dart:205:12)
#3      MouseTracker.updateWithEvent.<anonymous closure> (package:flutter/src/rendering/mouse_tracker.dart:328:7)
#4      MouseTracker._monitorMouseConnection (package:flutter/src/rendering/mouse_tracker.dart:193:9)
#5      MouseTracker.updateWithEvent (package:flutter/src/rendering/mouse_tracker.dart:327:5)
#6      RendererBinding.dispatchEvent (package:flutter/src/rendering/binding.dart:432:20)
#7      GestureBinding._handlePointerEventImmediately (package:flutter/src/gestures/binding.dart:413:7)
#8      GestureBinding.handlePointerEvent (package:flutter/src/gestures/binding.dart:376:5)
#9      GestureBinding._flushPointerEventQueue (package:flutter/src/gestures/binding.dart:323:7)
#10     GestureBinding._handlePointerDataPacket (package:flutter/src/gestures/binding.dart:292:9)
#11     _invoke1 (dart:ui/hooks.dart:186:13)
#12     PlatformDispatcher._dispatchPointerDataPacket (dart:ui/platform_dispatcher.dart:433:7)
#13     _dispatchPointerDataPacket (dart:ui/hooks.dart:119:31)
[2023.08.11 23:22:34]'package:flutter/src/rendering/mouse_tracker.dart': Failed assertion: line 205 pos 12: '!_debugDuringDeviceUpdate': is not true.#0      _AssertionError._doThrowNew (dart:core-patch/errors_patch.dart:51:61)
#1      _AssertionError._throwNew (dart:core-patch/errors_patch.dart:40:5)
#2      MouseTracker._deviceUpdatePhase (package:flutter/src/rendering/mouse_tracker.dart:205:12)
#3      MouseTracker.updateWithEvent.<anonymous closure> (package:flutter/src/rendering/mouse_tracker.dart:328:7)
#4      MouseTracker._monitorMouseConnection (package:flutter/src/rendering/mouse_tracker.dart:193:9)
#5      MouseTracker.updateWithEvent (package:flutter/src/rendering/mouse_tracker.dart:327:5)
#6      RendererBinding.dispatchEvent (package:flutter/src/rendering/binding.dart:432:20)
#7      GestureBinding._handlePointerEventImmediately (package:flutter/src/gestures/binding.dart:413:7)
#8      GestureBinding.handlePointerEvent (package:flutter/src/gestures/binding.dart:376:5)
#9      GestureBinding._flushPointerEventQueue (package:flutter/src/gestures/binding.dart:323:7)
#10     GestureBinding._handlePointerDataPacket (package:flutter/src/gestures/binding.dart:292:9)
#11     _invoke1 (dart:ui/hooks.dart:186:13)
#12     PlatformDispatcher._dispatchPointerDataPacket (dart:ui/platform_dispatcher.dart:433:7)
#13     _dispatchPointerDataPacket (dart:ui/hooks.dart:119:31)
#0      _AssertionError._doThrowNew (dart:core-patch/errors_patch.dart:51:61)
#1      _AssertionError._throwNew (dart:core-patch/errors_patch.dart:40:5)
#2      MouseTracker._deviceUpdatePhase (package:flutter/src/rendering/mouse_tracker.dart:205:12)
#3      MouseTracker.updateWithEvent.<anonymous closure> (package:flutter/src/rendering/mouse_tracker.dart:328:7)
#4      MouseTracker._monitorMouseConnection (package:flutter/src/rendering/mouse_tracker.dart:193:9)
#5      MouseTracker.updateWithEvent (package:flutter/src/rendering/mouse_tracker.dart:327:5)
#6      RendererBinding.dispatchEvent (package:flutter/src/rendering/binding.dart:432:20)
#7      GestureBinding._handlePointerEventImmediately (package:flutter/src/gestures/binding.dart:413:7)
#8      GestureBinding.handlePointerEvent (package:flutter/src/gestures/binding.dart:376:5)
#9      GestureBinding._flushPointerEventQueue (package:flutter/src/gestures/binding.dart:323:7)
#10     GestureBinding._handlePointerDataPacket (package:flutter/src/gestures/binding.dart:292:9)
#11     _invoke1 (dart:ui/hooks.dart:186:13)
#12     PlatformDispatcher._dispatchPointerDataPacket (dart:ui/platform_dispatcher.dart:433:7)
#13     _dispatchPointerDataPacket (dart:ui/hooks.dart:119:31)

2023.08.11 23:22:34]'package:flutter/src/rendering/mouse_tracker.dart': Failed assertion: line 205 pos 12: '!_debugDuringDeviceUpdate': is not true.'package:flutter/src/rendering/mouse_tracker.dart': Failed assertion: line 205 pos 12: '!_debugDuringDeviceUpdate': is not true./errors_patch.dart:40:5)
#2      MouseTracker._deviceUpdatePhase (package:flutter/src/rendering/mouse_tracker.dart:205:12)
#3      MouseTracker.updateWithEvent.<anonymous closure> (package:flutter/src/rendering/mouse_tracker.dart:328:7)
#4      MouseTracker._monitorMouseConnection (package:flutter/src/rendering/mouse_tracker.dart:193:9)
#5      MouseTracker.updateWithEvent (package:flutter/src/rendering/mouse_tracker.dart:327:5)
#6      RendererBinding.dispatchEvent (package:flutter/src/rendering/binding.dart:432:20)
#7      GestureBinding._handlePointerEventImmediately (package:flutter/src/gestures/binding.dart:413:7)
#8      GestureBinding.handlePointerEvent (package:flutter/src/gestures/binding.dart:376:5)
#9      GestureBinding._flushPointerEventQueue (package:flutter/src/gestures/binding.dart:323:7)
#10     GestureBinding._handlePointerDataPacket (package:flutter/src/gestures/binding.dart:292:9)
#11     _invoke1 (dart:ui/hooks.dart:186:13)
#12     PlatformDispatcher._dispatchPointerDataPacket (dart:ui/platform_dispatcher.dart:433:7)
#13     _dispatchPointerDataPacket (dart:ui/hooks.dart:119:31)

0      _AssertionError._doThrowNew (dart:core-patch/errors_patch.dart:51:61)
#1      _AssertionError._throwNew (dart:core-patch/errors_patch.dart:40:5)
#2      MouseTracker._deviceUpdatePhase (package:flutter/src/rendering/mouse_tracker.dart:205:12)
#3      MouseTracker.updateWithEvent.<anonymous closure> (package:flutter/src/rendering/mouse_tracker.dart:328:7)
#4      MouseTracker._monitorMouseConnection (package:flutter/src/rendering/mouse_tracker.dart:193:9)
#5      MouseTracker.updateWithEvent (package:flutter/src/rendering/mouse_tracker.dart:327:5)
#6      RendererBinding.dispatchEvent (package:flutter/src/rendering/binding.dart:432:20)
#7      GestureBinding._handlePointerEventImmediately (package:flutter/src/gestures/binding.dart:413:7)
#8      GestureBinding.handlePointerEvent (package:flutter/src/gestures/binding.dart:376:5)
#9      GestureBinding._flushPointerEventQueue (package:flutter/src/gestures/binding.dart:323:7)
#10     GestureBinding._handlePointerDataPacket (package:flutter/src/gestures/binding.dart:292:9)
#11     _invoke1 (dart:ui/hooks.dart:186:13)
#12     PlatformDispatcher._dispatchPointerDataPacket (dart:ui/platform_dispatcher.dart:433:7)
#13     _dispatchPointerDataPacket (dart:ui/hooks.dart:119:31)

2023.08.11 23:22:34]'package:flutter/src/rendering/mouse_tracker.dart': Failed assertion: line 205 pos 12: '!_debugDuringDeviceUpdate': is not true.'package:flutter/src/rendering/mouse_tracker.dart': Failed assertion: line 205 pos 12: '!_debugDuringDeviceUpdate': is not true./errors_patch.dart:40:5)
#2      MouseTracker._deviceUpdatePhase (package:flutter/src/rendering/mouse_tracker.dart:205:12)
#3      MouseTracker.updateWithEvent.<anonymous closure> (package:flutter/src/rendering/mouse_tracker.dart:328:7)
#4      MouseTracker._monitorMouseConnection (package:flutter/src/rendering/mouse_tracker.dart:193:9)
#5      MouseTracker.updateWithEvent (package:flutter/src/rendering/mouse_tracker.dart:327:5)
#6      RendererBinding.dispatchEvent (package:flutter/src/rendering/binding.dart:432:20)
#7      GestureBinding._handlePointerEventImmediately (package:flutter/src/gestures/binding.dart:413:7)
#8      GestureBinding.handlePointerEvent (package:flutter/src/gestures/binding.dart:376:5)
#9      GestureBinding._flushPointerEventQueue (package:flutter/src/gestures/binding.dart:323:7)
#10     GestureBinding._handlePointerDataPacket (package:flutter/src/gestures/binding.dart:292:9)
#11     _invoke1 (dart:ui/hooks.dart:186:13)
#12     PlatformDispatcher._dispatchPointerDataPacket (dart:ui/platform_dispatcher.dart:433:7)
#13     _dispatchPointerDataPacket (dart:ui/hooks.dart:119:31)
#0      _AssertionError._doThrowNew (dart:core-patch/errors_patch.dart:51:61)
#1      _AssertionError._throwNew (dart:core-patch/errors_patch.dart:40:5)
#2      MouseTracker._deviceUpdatePhase (package:flutter/src/rendering/mouse_tracker.dart:205:12)
#3      MouseTracker.updateWithEvent.<anonymous closure> (package:flutter/src/rendering/mouse_tracker.dart:328:7)
#4      MouseTracker._monitorMouseConnection (package:flutter/src/rendering/mouse_tracker.dart:193:9)
#5      MouseTracker.updateWithEvent (package:flutter/src/rendering/mouse_tracker.dart:327:5)
#6      RendererBinding.dispatchEvent (package:flutter/src/rendering/binding.dart:432:20)
#7      GestureBinding._handlePointerEventImmediately (package:flutter/src/gestures/binding.dart:413:7)
#8      GestureBinding.handlePointerEvent (package:flutter/src/gestures/binding.dart:376:5)
#9      GestureBinding._flushPointerEventQueue (package:flutter/src/gestures/binding.dart:323:7)
#10     GestureBinding._handlePointerDataPacket (package:flutter/src/gestures/binding.dart:292:9)
#11     _invoke1 (dart:ui/hooks.dart:186:13)
#12     PlatformDispatcher._dispatchPointerDataPacket (dart:ui/platform_dispatcher.dart:433:7)
#13     _dispatchPointerDataPacket (dart:ui/hooks.dart:119:31)

[2023.08.11 23:22:34]'package:flutter/src/rendering/mouse_tracker.dart': Failed assertion: line 205 pos 12: '!_debugDuringDeviceUpdate': is not true.#0      _AssertionError._doThrowNew (dart:core-patch/errors_patch.dart:51:61)
#1      _AssertionError._throwNew (dart:core-patch/errors_patch.dart:40:5)
#2      MouseTracker._deviceUpdatePhase (package:flutter/src/rendering/mouse_tracker.dart:205:12)
#3      MouseTracker.updateWithEvent.<anonymous closure> (package:flutter/src/rendering/mouse_tracker.dart:328:7)
#4      MouseTracker._monitorMouseConnection (package:flutter/src/rendering/mouse_tracker.dart:193:9)
#5      MouseTracker.updateWithEvent (package:flutter/src/rendering/mouse_tracker.dart:327:5)
#6      RendererBinding.dispatchEvent (package:flutter/src/rendering/binding.dart:432:20)
#7      GestureBinding._handlePointerEventImmediately (package:flutter/src/gestures/binding.dart:413:7)
#8      GestureBinding.handlePointerEvent (package:flutter/src/gestures/binding.dart:376:5)
#9      GestureBinding._flushPointerEventQueue (package:flutter/src/gestures/binding.dart:323:7)
#10     GestureBinding._handlePointerDataPacket (package:flutter/src/gestures/binding.dart:292:9)
#11     _invoke1 (dart:ui/hooks.dart:186:13)
#12     PlatformDispatcher._dispatchPointerDataPacket (dart:ui/platform_dispatcher.dart:433:7)
#13     _dispatchPointerDataPacket (dart:ui/hooks.dart:119:31)


2023.08.11 23:22:34][2023.08.11 23:22:34]rendering/mouse_tracker.dart': Failed assertion: line 205 pos 12: '!_debugDuringDeviceUpdate': is not true.[2023.08.11 23:22:34]rendering/mouse_tracker.dart': Failed assertion: line 205 pos 12: '!_debugDuringDeviceUpdate': is not true./errors_patch.dart:40:5)
#2      MouseTracker._deviceUpdatePhase (package:flutter/src/rendering/mouse_tracker.dart:205:12)
#3      MouseTracker.updateWithEvent.<anonymous closure> (package:flutter/src/rendering/mouse_tracker.dart:328:7)
#4      MouseTracker._monitorMouseConnection (package:flutter/src/rendering/mouse_tracker.dart:193:9)
#5      MouseTracker.updateWithEvent (package:flutter/src/rendering/mouse_tracker.dart:327:5)
#6      RendererBinding.dispatchEvent (package:flutter/src/rendering/binding.dart:432:20)
#7      GestureBinding._handlePointerEventImmediately (package:flutter/src/gestures/binding.dart:413:7)
#8      GestureBinding.handlePointerEvent (package:flutter/src/gestures/binding.dart:376:5)
#9      GestureBinding._flushPointerEventQueue (package:flutter/src/gestures/binding.dart:323:7)
#10     GestureBinding._handlePointerDataPacket (package:flutter/src/gestures/binding.dart:292:9)
#11     _invoke1 (dart:ui/hooks.dart:186:13)
#12     PlatformDispatcher._dispatchPointerDataPacket (dart:ui/platform_dispatcher.dart:433:7)
#13     _dispatchPointerDataPacket (dart:ui/hooks.dart:119:31)
'package:flutter/src/rendering/mouse_tracker.dart': Failed assertion: line 205 pos 12: '!_debugDuringDeviceUpdate': is not true./errors_patch.dart:40:5)
#2      MouseTracker._deviceUpdatePhase (package:flutter/src/rendering/mouse_tracker.dart:205:12)
#3      MouseTracker.updateWithEvent.<anonymous closure> (package:flutter/src/rendering/mouse_tracker.dart:328:7)
#4      MouseTracker._monitorMouseConnection (package:flutter/src/rendering/mouse_tracker.dart:193:9)
#5      MouseTracker.updateWithEvent (package:flutter/src/rendering/mouse_tracker.dart:327:5)
#6      RendererBinding.dispatchEvent (package:flutter/src/rendering/binding.dart:432:20)
#7      GestureBinding._handlePointerEventImmediately (package:flutter/src/gestures/binding.dart:413:7)
#8      GestureBinding.handlePointerEvent (package:flutter/src/gestures/binding.dart:376:5)
#9      GestureBinding._flushPointerEventQueue (package:flutter/src/gestures/binding.dart:323:7)
#10     GestureBinding._handlePointerDataPacket (package:flutter/src/gestures/binding.dart:292:9)
#11     _invoke1 (dart:ui/hooks.dart:186:13)
#12     PlatformDispatcher._dispatchPointerDataPacket (dart:ui/platform_dispatcher.dart:433:7)
#13     _dispatchPointerDataPacket (dart:ui/hooks.dart:119:31)
#0      _AssertionError._doThrowNew (dart:core-patch/errors_patch.dart:51:61)
#1      _AssertionError._throwNew (dart:core-patch/errors_patch.dart:40:5)
#2      MouseTracker._deviceUpdatePhase (package:flutter/src/rendering/mouse_tracker.dart:205:12)
#3      MouseTracker.updateWithEvent.<anonymous closure> (package:flutter/src/rendering/mouse_tracker.dart:328:7)
#4      MouseTracker._monitorMouseConnection (package:flutter/src/rendering/mouse_tracker.dart:193:9)
#5      MouseTracker.updateWithEvent (package:flutter/src/rendering/mouse_tracker.dart:327:5)
#6      RendererBinding.dispatchEvent (package:flutter/src/rendering/binding.dart:432:20)
#7      GestureBinding._handlePointerEventImmediately (package:flutter/src/gestures/binding.dart:413:7)
#8      GestureBinding.handlePointerEvent (package:flutter/src/gestures/binding.dart:376:5)
#9      GestureBinding._flushPointerEventQueue (package:flutter/src/gestures/binding.dart:323:7)
#10     GestureBinding._handlePointerDataPacket (package:flutter/src/gestures/binding.dart:292:9)
#11     _invoke1 (dart:ui/hooks.dart:186:13)
#12     PlatformDispatcher._dispatchPointerDataPacket (dart:ui/platform_dispatcher.dart:433:7)
#13     _dispatchPointerDataPacket (dart:ui/hooks.dart:119:31)
[[2023.08.11 23:22:34]'package:flutter/src/rendering/mouse_tracker.dart': Failed assertion: line 205 pos 12: '!_debugDuringDeviceUpdate': is not true.[2023.08.11 23:22:34]rendering/mouse_tracker.dart': Failed assertion: line 205 pos 12: '!_debugDuringDeviceUpdate': is not true.'package:flutter/src/rendering/mouse_tracker.dart': Failed assertion: line 205 pos 12: '!_debugDuringDeviceUpdate': is not true.'package:flutter/src/rendering/mouse_tracker.dart': Failed assertion: line 205 pos 12: '!_debugDuringDeviceUpdate': is not true.#0      _AssertionError._doThrowNew (dart:core-patch/errors_patch.dart:51:61)
#1      _AssertionError._throwNew (dart:core-patch/errors_patch.dart:40:5)
#2      MouseTracker._deviceUpdatePhase (package:flutter/src/rendering/mouse_tracker.dart:205:12)
#3      MouseTracker.updateWithEvent.<anonymous closure> (package:flutter/src/rendering/mouse_tracker.dart:328:7)
#4      MouseTracker._monitorMouseConnection (package:flutter/src/rendering/mouse_tracker.dart:193:9)
#5      MouseTracker.updateWithEvent (package:flutter/src/rendering/mouse_tracker.dart:327:5)
#6      RendererBinding.dispatchEvent (package:flutter/src/rendering/binding.dart:432:20)
#7      GestureBinding._handlePointerEventImmediately (package:flutter/src/gestures/binding.dart:413:7)
#8      GestureBinding.handlePointerEvent (package:flutter/src/gestures/binding.dart:376:5)
#9      GestureBinding._flushPointerEventQueue (package:flutter/src/gestures/binding.dart:323:7)
#10     GestureBinding._handlePointerDataPacket (package:flutter/src/gestures/binding.dart:292:9)
#11     _invoke1 (dart:ui/hooks.dart:186:13)
#12     PlatformDispatcher._di#0      _AssertionError._doThrowNew (dart:core-patch/errors_patch.dart:51:61)
#1      _AssertionError._throwNew (dart:core-patch/errors_patch.dart:40:5)
#2      MouseTracker._deviceUpdatePhase (package:flutter/src/rendering/mouse_tracker.dart:205:12)
#3      MouseTracker.updateWithEvent.<anonymous closure> (package:flutter/src/rendering/mouse_tracker.dart:328:7)
#4      MouseTracker._monitorMouseConnection (package:flutter/src/rendering/mouse_tracker.dart:193:9)
#5      MouseTracker.updateWithEvent (package:flutter/src/rendering/mouse_tracker.dart:327:5)
#6      RendererBinding.dispatchEvent (package:flutter/src/rendering/binding.dart:432:20)
#7      GestureBinding._handlePointerEventImmediately (package:flutter/src/gestures/binding.dart:413:7)
#8      GestureBinding.handlePointerEvent (package:flutter/src/gestures/binding.dart:376:5)
#9      GestureBinding._flushPointerEventQueue (package:flutter/src/gestures/binding.dart:323:7)
#10     GestureBinding._handlePointerDataPacket (package:flutter/src/gestures/binding.dart:292:9)
#11     _invoke1 (dart:ui/hooks.dart:186:13)
#12     PlatformDispatcher._dispatchPointerDataPacket (dart:ui/platform_dispatcher.dart:433:7)
#13     _dispatchPointerDataPacket (dart:ui/hooks.dart:119:31)
#0      _AssertionError._doThrowNew (dart:core-patch/errors_patch.dart:51:61)
#1      _AssertionError._throwNew (dart:core-patch/errors_patch.dart:40:5)
#2      MouseTracker._deviceUpdatePhase (package:flutter/src/rendering/mouse_tracker.dart:205:12)
#3      MouseTracker.updateWithEvent.<anonymous closure> (package:flutter/src/rendering/mouse_tracker.dart:328:7)
#4      MouseTracker._monitorMouseConnection (package:flutter/src/rendering/mouse_tracker.dart:193:9)
#5      MouseTracker.updateWithEvent (package:flutter/src/rendering/mouse_tracker.dart:327:5)
#6      RendererBinding.dispatchEvent (package:flutter/src/rendering/binding.dart:432:20)
#7      GestureBinding._handlePointerEventImmediately (package:flutter/src/gestures/binding.dart:413:7)
#8      GestureBinding.handlePointerEvent (package:flutter/src/gestures/binding.dart:376:5)
#9      GestureBinding._flushPointerEventQueue (package:flutter/src/gestures/binding.dart:323:7)
#10     GestureBinding._handlePointerDataPacket (package:flutter/src/gestures/binding.dart:292:9)
#11     _invoke1 (dart:ui/hooks.dart:186:13)
#12     PlatformDispatcher._dispatchPointerDataPacket (dart:ui/platform_dispatcher.dart:433:7)
#13     _dispatchPointerDataPacket (dart:ui/hooks.dart:119:31)


2023.08.11 23:22:35][2023.08.11 23:22:35]rendering/mouse_tracker.dart': Failed assertion: line 205 pos 12: '!_debugDuringDeviceUpdate': is not true.'package:flutter/src/rendering/mouse_tracker.dart': Failed assertion: line 205 pos 12: '!_debugDuringDeviceUpdate': is not true./errors_patch.dart:40:5)
#2      MouseTracker._deviceUpdatePhase (package:flutter/src/rendering/mouse_tracker.dart:205:12)
#3      MouseTracker.updateWithEvent.<anonymous closure> (package:flutter/src/rendering/mouse_tracker.dart:328:7)
#4      MouseTracker._monitorMouseConnection (package:flutter/src/rendering/mouse_tracker.dart:193:9)
#5      MouseTracker.updateWithEvent (package:flutter/src/rendering/mouse_tracker.dart:327:5)
#6      RendererBinding.dispatchEvent (package:flutter/src/rendering/binding.dart:432:20)
#7      GestureBinding._handlePointerEventImmediately (package:flutter/src/gestures/binding.dart:413:7)
#8      GestureBinding.handlePointerEvent (package:flutter/src/gestures/binding.dart:376:5)
#9      GestureBinding._flushPointerEventQueue (package:flutter/src/gestures/binding.dart:323:7)
#10     GestureBinding._handlePointerDataPacket (package:flutter/src/gestures/binding.dart:292:9)
#11     _invoke1 (dart:ui/hooks.dart:186:13)
#12     PlatformDispatcher._dispatchPointerDataPacket (dart:ui/platform_dispatcher.dart:433:7)
#13     _dispatchPointerDataPacket (dart:ui/hooks.dart:119:31)
#0      _AssertionError._doThrowNew (dart:core-patch/errors_patch.dart:51:61)
#1      _AssertionError._throwNew (dart:core-patch/errors_patch.dart:40:5)
#2      MouseTracker._deviceUpdatePhase (package:flutter/src/rendering/mouse_tracker.dart:205:12)
#3      MouseTracker.updateWithEvent.<anonymous closure> (package:flutter/src/rendering/mouse_tracker.dart:328:7)
#4      MouseTracker._monitorMouseConnection (package:flutter/src/rendering/mouse_tracker.dart:193:9)
#5      MouseTracker.updateWithEvent (package:flutter/src/rendering/mouse_tracker.dart:327:5)
#6      RendererBinding.dispatchEvent (package:flutter/src/rendering/binding.dart:432:20)
#7      GestureBinding._handlePointerEventImmediately (package:flutter/src/gestures/binding.dart:413:7)
#8      GestureBinding.handlePointerEvent (package:flutter/src/gestures/binding.dart:376:5)
#9      GestureBinding._flushPointerEventQueue (package:flutter/src/gestures/binding.dart:323:7)
#10     GestureBinding._handlePointerDataPacket (package:flutter/src/gestures/binding.dart:292:9)
#11     _invoke1 (dart:ui/hooks.dart:186:13)
#12     PlatformDispatcher._dispatchPointerDataPacket (dart:ui/platform_dispatcher.dart:433:7)
#13     _dispatchPointerDataPacket (dart:ui/hooks.dart:119:31)
[2023.08.11 23:22:35][2023.08.11 23:22:35]rendering/mouse_tracker.dart': Failed assertion: line 205 pos 12: '!_debugDuringDeviceUpdate': is not true.'package:flutter/src/rendering/mouse_tracker.dart': Failed assertion: line 205 pos 12: '!_debugDuringDeviceUpdate': is not true./errors_patch.dart:40:5)
#2      MouseTracker._deviceUpdatePhase (package:flutter/src/rendering/mouse_tracker.dart:205:12)
#3      MouseTracker.updateWithEvent.<anonymous closure> (package:flutter/src/rendering/mouse_tracker.dart:328:7)
#4      MouseTracker._monitorMouseConnection (package:flutter/src/rendering/mouse_tracker.dart:193:9)
#5      MouseTracker.updateWithEvent (package:flutter/src/rendering/mouse_tracker.dart:327:5)
#6      RendererBinding.dispatchEvent (package:flutter/src/rendering/binding.dart:432:20)
#7      GestureBinding._handlePointerEventImmediately (package:flutter/src/gestures/binding.dart:413:7)
#8      GestureBinding.handlePointerEvent (package:flutter/src/gestures/binding.dart:376:5)
#9      GestureBinding._flushPointerEventQueue (package:flutter/src/gestures/binding.dart:323:7)
#10     GestureBinding._handlePointerDataPacket (package:flutter/src/gestures/binding.dart:292:9)
#11     _invoke1 (dart:ui/hooks.dart:186:13)
#12     PlatformDispatcher._dispatchPointerDataPacket (dart:ui/platform_dispatcher.dart:433:7)
#13     _dispatchPointerDataPacket (dart:ui/hooks.dart:119:31)
#0      _AssertionError._doThrowNew (dart:core-patch/errors_patch.dart:51:61)
#1      _AssertionError._throwNew (dart:core-patch/errors_patch.dart:40:5)
#2      MouseTracker._deviceUpdatePhase (package:flutter/src/rendering/mouse_tracker.dart:205:12)
#3      MouseTracker.updateWithEvent.<anonymous closure> (package:flutter/src/rendering/mouse_tracker.dart:328:7)
#4      MouseTracker._monitorMouseConnection (package:flutter/src/rendering/mouse_tracker.dart:193:9)
#5      MouseTracker.updateWithEvent (package:flutter/src/rendering/mouse_tracker.dart:327:5)
#6      RendererBinding.dispatchEvent (package:flutter/src/rendering/binding.dart:432:20)
#7      GestureBinding._handlePointerEventImmediately (package:flutter/src/gestures/binding.dart:413:7)
#8      GestureBinding.handlePointerEvent (package:flutter/src/gestures/binding.dart:376:5)
#9      GestureBinding._flushPointerEventQueue (package:flutter/src/gestures/binding.dart:323:7)
#10     GestureBinding._handlePointerDataPacket (package:flutter/src/gestures/binding.dart:292:9)
#11     _invoke1 (dart:ui/hooks.dart:186:13)
#12     PlatformDispatcher._dispatchPointerDataPacket (dart:ui/platform_dispatcher.dart:433:7)
#13     _dispatchPointerDataPacket (dart:ui/hooks.dart:119:31)

0      _AssertionError._doThrowNew (dart:core-patch/errors_patch.dart:51:61)
#1      _AssertionError._throwNew (dart:core-patch/errors_patch.dart:40:5)
#2      MouseTracker._deviceUpdatePhase (package:flutter/src/rendering/mouse_tracker.dart:205:12)
#3      MouseTracker.updateWithEvent.<anonymous closure> (package:flutter/src/rendering/mouse_tracker.dart:328:7)
#4      MouseTracker._monitorMouseConnection (package:flutter/src/rendering/mouse_tracker.dart:193:9)
#5      MouseTracker.updateWithEvent (package:flutter/src/rendering/mouse_tracker.dart:327:5)
#6      RendererBinding.dispatchEvent (package:flutter/src/rendering/binding.dart:432:20)
#7      GestureBinding._handlePointerEventImmediately (package:flutter/src/gestures/binding.dart:413:7)
#8      GestureBinding.handlePointerEvent (package:flutter/src/gestures/binding.dart:376:5)
#9      GestureBinding._flushPointerEventQueue (package:flutter/src/gestures/binding.dart:323:7)
#10     GestureBinding._handlePointerDataPacket (package:flutter/src/gestures/binding.dart:292:9)
#11     _invoke1 (dart:ui/hooks.dart:186:13)
#12     PlatformDispatcher._dispatchPointerDataPacket (dart:ui/platform_dispatcher.dart:433:7)
#13     _dispatchPointerDataPacket (dart:ui/hooks.dart:119:31)
[2023.08.11 23:22:35][2023.08.11 23:22:35]rendering/mouse_tracker.dart': Failed assertion: line 205 pos 12: '!_debugDuringDeviceUpdate': is not true.#0      _AssertionError._doThrowNew (dart:core-patch/errors_patch.dart:51:61)
#1      _AssertionError._throwNew (dart:core-patch/errors_patch.dart:40:5)
#2      MouseTracker._deviceUpdatePhase (package:flutter/src/rendering/mouse_tracker.dart:205:12)
#3      MouseTracker.updateWithEvent.<anonymous closure> (package:flutter/src/rendering/mouse_tracker.dart:328:7)
#4      MouseTracker._monitorMouseConnection (package:flutter/src/rendering/mouse_tracker.dart:193:9)
#5      MouseTracker.updateWithEvent (package:flutter/src/rendering/mouse_tracker.dart:327:5)
#6      RendererBinding.dispatchEvent (package:flutter/src/rendering/binding.dart:432:20)
#7      GestureBinding._handlePointerEventImmediately (package:flutter/src/gestures/binding.dart:413:7)
#8      GestureBinding.handlePointerEvent (package:flutter/src/gestures/binding.dart:376:5)
#9      GestureBinding._flushPointerEventQueue (package:flutter/src/gestures/binding.dart:323:7)
#10     GestureBinding._handlePointerDataPacket (package:flutter/src/gestures/binding.dart:292:9)
#11     _invoke1 (dart:ui/hooks.dart:186:13)
#12     PlatformDispatcher._dispatchPointerDataPacket (dart:ui/platform_dispatcher.dart:433:7)
#13     _dispatchPointerDataPacket (dart:ui/hooks.dart:119:31)

0      _AssertionError._doThrowNew (dart:core-patch/errors_patch.dart:51:61)
#1      _AssertionError._throwNew (dart:core-patch/errors_patch.dart:40:5)
#2      MouseTracker._deviceUpdatePhase (package:flutter/src/rendering/mouse_tracker.dart:205:12)
#3      MouseTracker.updateWithEvent.<anonymous closure> (package:flutter/src/rendering/mouse_tracker.dart:328:7)
#4      MouseTracker._monitorMouseConnection (package:flutter/src/rendering/mouse_tracker.dart:193:9)
#5      MouseTracker.updateWithEvent (package:flutter/src/rendering/mouse_tracker.dart:327:5)
#6      RendererBinding.dispatchEvent (package:flutter/src/rendering/binding.dart:432:20)
#7      GestureBinding._handlePointerEventImmediately (package:flutter/src/gestures/binding.dart:413:7)
#8      GestureBinding.handlePointerEvent (package:flutter/src/gestures/binding.dart:376:5)
#9      GestureBinding._flushPointerEventQueue (package:flutter/src/gestures/binding.dart:323:7)
#10     GestureBinding._handlePointerDataPacket (package:flutter/src/gestures/binding.dart:292:9)
#11     _invoke1 (dart:ui/hooks.dart:186:13)
#12     PlatformDispatcher._dispatchPointerDataPacket (dart:ui/platform_dispatcher.dart:433:7)
#13     _dispatchPointerDataPacket (dart:ui/hooks.dart:119:31)
[2023.08.11 23:22:35][2023.08.11 23:22:35]rendering/mouse_tracker.dart': Failed assertion: line 205 pos 12: '!_debugDuringDeviceUpdate': is not true.[2023.08.11 23:22:35]rendering/mouse_tracker.dart': Failed assertion: line 205 pos 12: '!_debugDuringDeviceUpdate': is not true./errors_patch.dart:40:5)
#2      MouseTracker._deviceUpdatePhase (package:flutter/src/rendering/mouse_tracker.dart:205:12)
#3      MouseTracker.updateWithEvent.<anonymous closure> (package:flutter/src/rendering/mouse_tracker.dart:328:7)
#4      MouseTracker._monitorMouseConnection (package:flutter/src/rendering/mouse_tracker.dart:193:9)
#5      MouseTracker.updateWithEvent (package:flutter/src/rendering/mouse_tracker.dart:327:5)
#6      RendererBinding.dispatchEvent (package:flutter/src/rendering/binding.dart:432:20)
#7      GestureBinding._handlePointerEventImmediately (package:flutter/src/gestures/binding.dart:413:7)
#8      GestureBinding.handlePointerEvent (package:flutter/src/gestures/binding.dart:376:5)
#9      GestureBinding._flushPointerEventQueue (package:flutter/src/gestures/binding.dart:323:7)
#10     GestureBinding._handlePointerDataPacket (package:flutter/src/gestures/binding.dart:292:9)
#11     _invoke1 (dart:ui/hooks.dart:186:13)
#12     PlatformDispatcher._dispatchPointerDataPacket (dart:ui/platform_dispatcher.dart:433:7)
#13     _dispatchPointerDataPacket (dart:ui/hooks.dart:119:31)

package:flutter/src/rendering/mouse_tracker.dart': Failed assertion: line 205 pos 12: '!_debugDuringDeviceUpdate': is not true./errors_patch.dart:40:5)
#2      MouseTracker._deviceUpdatePhase (package:flutter/src/rendering/mouse_tracker.dart:205:12)
#3      MouseTracker.updateWithEvent.<anonymous closure> (package:flutter/src/rendering/mouse_tracker.dart:328:7)
#4      MouseTracker._monitorMouseConnection (package:flutter/src/rendering/mouse_tracker.dart:193:9)
#5      MouseTracker.updateWithEvent (package:flutter/src/rendering/mouse_tracker.dart:327:5)
#6      RendererBinding.dispatchEvent (package:flutter/src/rendering/binding.dart:432:20)
#7      GestureBinding._handlePointerEventImmediately (package:flutter/src/gestures/binding.dart:413:7)
#8      GestureBinding.handlePointerEvent (package:flutter/src/gestures/binding.dart:376:5)
#9      GestureBinding._flushPointerEventQueue (package:flutter/src/gestures/binding.dart:323:7)
#10     GestureBinding._handlePointerDataPacket (package:flutter/src/gestures/binding.dart:292:9)
#11     _invoke1 (dart:ui/hooks.dart:186:13)
#12     PlatformDispatcher._dispatchPointerDataPacket (dart:ui/platform_dispatcher.dart:433:7)
#13     _dispatchPointerDataPacket (dart:ui/hooks.dart:119:31)
[2023.08.11 23:22:35]or._doThrowNew (dart:core-patch/errors_patch.dart:51:61)
#1      _AssertionError._throwNew (dart:core-patch/errors_patch.dart:40:5)
#2      MouseTracker._deviceUpdatePhase (package:flutter/src/rendering/mouse_tracker.dart:205:12)
#3      MouseTracker.updateWithEvent.<anonymous closure> (package:flutter/src/rendering/mouse_tracker.dart:328:7)
#4      MouseTracker._monitorMouseConnection (package:flutter/src/rendering/mouse_tracker.dart:193:9)
#5      MouseTracker.updateWithEvent (package:flutter/src/rendering/mouse_tracker.dart:327:5)
#6      RendererBinding.dispatchEvent (package:flutter/src/rendering/binding.dart:432:20)
#7      GestureBinding._handlePointerEventImmediately (package:flutter/src/gestures/binding.dart:413:7)
#8      GestureBinding.handlePointerEvent (package:flutter/src/gestures/binding.dart:376:5)
#9      GestureBinding._flushPointerEventQueue (package:flutter/src/gestures/binding.dart:323:7)
#10     GestureBinding._handlePointerDataPacket (package:flutter/src/gestures/binding.dart:292:9)
#11     _invoke1 (dart:ui/hooks.dart:186:13)
#12     PlatformDispatcher._dispatchPointerDataPacket (dart:ui/platform_dispatcher.dart:433:7)
#13     _dispatchPointerDataPacket (dart:ui/hooks.dart:119:31)
'package:flutter/src/rendering/mouse_tracker.dart': Failed assertion: line 205 pos 12: '!_debugDuringDeviceUpdate': is not true.#0      _AssertionError._doThrowNew (dart:core-patch/errors_patch.dart:51:61)
#1      _AssertionError._throwNew (dart:core-patch/errors_patch.dart:40:5)
#2      MouseTracker._deviceUpdatePhase (package:flutter/src/rendering/mouse_tracker.dart:205:12)
#3      MouseTracker.updateWithEvent.<anonymous closure> (package:flutter/src/rendering/mouse_tracker.dart:328:7)
#4      MouseTracker._monitorMouseConnection (package:flutter/src/rendering/mouse_tracker.dart:193:9)
#5      MouseTracker.updateWithEvent (package:flutter/src/rendering/mouse_tracker.dart:327:5)
#6      RendererBinding.dispatchEvent (package:flutter/src/rendering/binding.dart:432:20)
#7      GestureBinding._handlePointerEventImmediately (package:flutter/src/gestures/binding.dart:413:7)
#8      GestureBinding.handlePointerEvent (package:flutter/src/gestures/binding.dart:376:5)
#9      GestureBinding._flushPointerEventQueue (package:flutter/src/gestures/binding.dart:323:7)
#10     GestureBinding._handlePointerDataPacket (package:flutter/src/gestures/binding.dart:292:9)
#11     _invoke1 (dart:ui/hooks.dart:186:13)
#12     PlatformDispatcher._dispatchPointerDataPacket (dart:ui/platform_dispatcher.dart:433:7)
#13     _dispatchPointerDataPacket (dart:ui/hooks.dart:119:31)

0      _AssertionError._doThrowNew (dart:core-patch/errors_patch.dart:51:61)
#1      _AssertionError._throwNew (dart:core-patch/errors_patch.dart:40:5)
#2      MouseTracker._deviceUpdatePhase (package:flutter/src/rendering/mouse_tracker.dart:205:12)
#3      MouseTracker.updateWithEvent.<anonymous closure> (package:flutter/src/rendering/mouse_tracker.dart:328:7)
#4      MouseTracker._monitorMouseConnection (package:flutter/src/rendering/mouse_tracker.dart:193:9)
#5      MouseTracker.updateWithEvent (package:flutter/src/rendering/mouse_tracker.dart:327:5)
#6      RendererBinding.dispatchEvent (package:flutter/src/rendering/binding.dart:432:20)
#7      GestureBinding._handlePointerEventImmediately (package:flutter/src/gestures/binding.dart:413:7)
#8      GestureBinding.handlePointerEvent (package:flutter/src/gestures/binding.dart:376:5)
#9      GestureBinding._flushPointerEventQueue (package:flutter/src/gestures/binding.dart:323:7)
#10     GestureBinding._handlePointerDataPacket (package:flutter/src/gestures/binding.dart:292:9)
#11     _invoke1 (dart:ui/hooks.dart:186:13)
#12     PlatformDispatcher._dispatchPointerDataPacket (dart:ui/platform_dispatcher.dart:433:7)
#13     _dispatchPointerDataPacket (dart:ui/hooks.dart:119:31)
[2023.08.11 23:22:35]or._doThrowNew (dart:core-patch/errors_patch.dart:51:61)
#1      _AssertionError._throwNew (dart:core-patch/errors_patch.dart:40:5)
#2      MouseTracker._deviceUpdatePhase (package:flutter/src/rendering/mouse_tracker.dart:205:12)
#3      MouseTracker.updateWithEvent.<anonymous closure> (package:flutter/src/rendering/mouse_tracker.dart:328:7)
#4      MouseTracker._monitorMouseConnection (package:flutter/src/rendering/mouse_tracker.dart:193:9)
#5      MouseTracker.updateWithEvent (package:flutter/src/rendering/mouse_tracker.dart:327:5)
#6      RendererBinding.dispatchEvent (package:flutter/src/rendering/binding.dart:432:20)
#7      GestureBinding._handlePointerEventImmediately (package:flutter/src/gestures/binding.dart:413:7)
#8      GestureBinding.handlePointerEvent (package:flutter/src/gestures/binding.dart:376:5)
#9      GestureBinding._flushPointerEventQueue (package:flutter/src/gestures/binding.dart:323:7)
#10     GestureBinding._handlePointerDataPacket (package:flutter/src/gestures/binding.dart:292:9)
#11     _invoke1 (dart:ui/hooks.dart:186:13)
#12     PlatformDispatcher._dispatchPointerDataPacket (dart:ui/platform_dispatcher.dart:433:7)
#13     _dispatchPointerDataPacket (dart:ui/hooks.dart:119:31)
'package:flutter/src/rendering/mouse_tracker.dart': Failed assertion: line 205 pos 12: '!_debugDuringDeviceUpdate': is not true.#0      _AssertionError._doThrowNew (dart:core-patch/errors_patch.dart:51:61)
#1      _AssertionError._throwNew (dart:core-patch/errors_patch.dart:40:5)
#2      MouseTracker._deviceUpdatePhase (package:flutter/src/rendering/mouse_tracker.dart:205:12)
#3      MouseTracker.updateWithEvent.<anonymous closure> (package:flutter/src/rendering/mouse_tracker.dart:328:7)
#4      MouseTracker._monitorMouseConnection (package:flutter/src/rendering/mouse_tracker.dart:193:9)
#5      MouseTracker.updateWithEvent (package:flutter/src/rendering/mouse_tracker.dart:327:5)
#6      RendererBinding.dispatchEvent (package:flutter/src/rendering/binding.dart:432:20)
#7      GestureBinding._handlePointerEventImmediately (package:flutter/src/gestures/binding.dart:413:7)
#8      GestureBinding.handlePointerEvent (package:flutter/src/gestures/binding.dart:376:5)
#9      GestureBinding._flushPointerEventQueue (package:flutter/src/gestures/binding.dart:323:7)
#10     GestureBinding._handlePointerDataPacket (package:flutter/src/gestures/binding.dart:292:9)
#11     _invoke1 (dart:ui/hooks.dart:186:13)
#12     PlatformDispatcher._dispatchPointerDataPacket (dart:ui/platform_dispatcher.dart:433:7)
#13     _dispatchPointerDataPacket (dart:ui/hooks.dart:119:31)

[2023.08.11 23:22:35]'package:flutter/src/rendering/mouse_tracker.dart': Failed assertion: line 205 pos 12: '!_debugDuringDeviceUpdate': is not true.#0      _AssertionError._doThrowNew (dart:core-patch/errors_patch.dart:51:61)
#1      _AssertionError._throwNew (dart:core-patch/errors_patch.dart:40:5)
#2      MouseTracker._deviceUpdatePhase (package:flutter/src/rendering/mouse_tracker.dart:205:12)
#3      MouseTracker.updateAllDevices (package:flutter/src/rendering/mouse_tracker.dart:372:5)
#4      RendererBinding._scheduleMouseTrackerUpdate.<anonymous closure> (package:flutter/src/rendering/binding.dart:474:22)
#5      SchedulerBinding._invokeFrameCallback (package:flutter/src/scheduler/binding.dart:1325:15)
#6      SchedulerBinding.handleDrawFrame (package:flutter/src/scheduler/binding.dart:1264:9)
#7      SchedulerBinding._handleDrawFrame (package:flutter/src/scheduler/binding.dart:1113:5)
#8      _invoke (dart:ui/hooks.dart:170:13)
#9      PlatformDispatcher._drawFrame (dart:ui/platform_dispatcher.dart:410:5)
#10     _drawFrame (dart:ui/hooks.dart:140:31)


2023.08.11 23:22:39]
2023.08.11 23:22:39]rendering/mouse_tracker.dart': Failed assertion: line 205 pos 12: '!_debugDuringDeviceUpdate': is not true.he following function, which probably computed the invalid constraints in question:
  RenderFractionallySizedOverflowBox.performLayout (package:flutter/src/rendering/shifted_box.dart:1093:14)
The offending constraints were:
  BoxConstraints(w=600.0, h=Infinity)
package:flutter/src/rendering/mouse_tracker.dart': Failed assertion: line 205 pos 12: '!_debugDuringDeviceUpdate': is not true./errors_patch.dart:40:5)
#2      MouseTracker._deviceUpdatePhase (package:flutter/src/rendering/mouse_tracker.dart:205:12)
#3      MouseTracker.updateAllDevices (package:flutter/src/rendering/mouse_tracker.dart:372:5)
#4      RendererBinding._scheduleMouseTrackerUpdate.<anonymous closure> (package:flutter/src/rendering/binding.dart:474:22)
#5      SchedulerBinding._invokeFrameCallback (package:flutter/src/scheduler/binding.dart:1325:15)
#6      SchedulerBinding.handleDrawFrame (package:flutter/src/scheduler/binding.dart:1264:9)
#7      SchedulerBinding.scheduleWarmUpFrame.<anonymous closure> (package:flutter/src/scheduler/binding.dart:978:7)
#8      Timer._createTimer.<anonymous closure> (dart:async-patch/timer_patch.dart:18:15)
#9      _Timer._runTimers (dart:isolate-patch/timer_impl.dart:398:19)
#10     _Timer._handleMessage (dart:isolate-patch/timer_impl.dart:429:5)
#11     _RawReceivePort._handleMessage (dart:isolate-patch/isolate_patch.dart:184:12)
t:493:14)
#12     RenderObject.layout (package:flutter/src/rendering/object.dart:2548:7)
#13     RenderBox.layout (package:flutter/src/rendering/box.dart:2391:11)
#14     RenderProxyBoxMixin.performLayout (package:flutter/src/rendering/proxy_box.dart:104:21)
#15     RenderObject.layout (package:flutter/src/rendering/object.dart:2548:7)
#16     RenderBox.layout (package:flutter/src/rendering/box.dart:2391:11)
#17     RenderProxyBoxMixin.performLayout (package:flutter/src/rendering/proxy_box.dart:104:21)
#18     RenderObject.layout (package:flutter/src/rendering/object.dart:2548:7)
#19     RenderBox.layout (package:flutter/src/rendering/box.dart:2391:11)
#20     RenderProxyBoxMixin.performLayout (package:flutter/src/rendering/proxy_box.dart:104:21)
#21     RenderObject.layout (package:flutter/src/rendering/object.dart:2548:7)
#22     RenderBox.layout (package:flutter/src/rendering/box.dart:2391:11)
#23     RenderProxyBoxMixin.performLayout (package:flutter/src/rendering/proxy_box.dart:104:21)
#24     RenderObject.layout (package:flutter/src/rendering/object.dart:2548:7)
#25     RenderBox.layout (package:flutter/src/rendering/box.dart:2391:11)
#26     RenderProxyBoxMixin.performLayout (package:flutter/src/rendering/proxy_box.dart:104:21)
#27     RenderObject.layout (package:flutter/src/rendering/object.dart:2548:7)
#28     RenderBox.layout (package:flutter/src/rendering/box.dart:2391:11)
#29     RenderProxyBoxMixin.performLayout (package:flutter/src/rendering/proxy_box.dart:104:21)
#30     RenderObject.layout (package:flutter/src/rendering/object.dart:2548:7)
#31     RenderBox.layout (package:flutter/src/rendering/box.dart:2391:11)
#32     RenderProxyBoxMixin.performLayout (package:flutter/src/rendering/proxy_box.dart:104:21)
#33     RenderObject.layout (package:flutter/src/rendering/object.dart:2548:7)
#34     RenderBox.layout (package:flutter/src/rendering/box.dart:2391:11)
#35     RenderProxyBoxMixin.performLayout (package:flutter/src/rendering/proxy_box.dart:104:21)
#36     RenderCustomPaint.performLayout (package:flutter/src/rendering/custom_paint.dart:571:11)
#37     RenderObject.layout (package:flutter/src/rendering/object.dart:2548:7)
#38     RenderBox.layout (package:flutter/src/rendering/box.dart:2391:11)
#39     RenderProxyBoxMixin.performLayout (package:flutter/src/rendering/proxy_box.dart:104:21)
#40     RenderObject.layout (package:flutter/src/rendering/object.dart:2548:7)
#41     RenderBox.layout (package:flutter/src/rendering/box.dart:2391:11)
#42     RenderProxyBoxMixin.performLayout (package:flutter/src/rendering/proxy_box.dart:104:21)
#43     RenderObject.layout (package:flutter/src/rendering/object.dart:2548:7)
#44     RenderBox.layout (package:flutter/src/rendering/box.dart:2391:11)
#45     RenderProxyBoxMixin.performLayout (package:flutter/src/rendering/proxy_box.dart:104:21)
#46     RenderObject.layout (package:flutter/src/rendering/object.dart:2548:7)
#47     RenderBox.layout (package:flutter/src/rendering/box.dart:2391:11)
#48     RenderProxyBoxMixin.performLayout (package:flutter/src/rendering/proxy_box.dart:104:21)
#49     RenderObject.layout (package:flutter/src/rendering/object.dart:2548:7)
#50     RenderBox.layout (package:flutter/src/rendering/box.dart:2391:11)
#51     RenderProxyBoxMixin.performLayout (package:flutter/src/rendering/proxy_box.dart:104:21)
#52     RenderObject.layout (package:flutter/src/rendering/object.dart:2548:7)
#53     RenderBox.layout (package:flutter/src/rendering/box.dart:2391:11)
#54     RenderProxyBoxMixin.performLayout (package:flutter/src/rendering/proxy_box.dart:104:21)
#55     RenderObject.layout (package:flutter/src/rendering/object.dart:2548:7)
#56     RenderBox.layout (package:flutter/src/rendering/box.dart:2391:11)
#57     RenderPadding.performLayout (package:flutter/src/rendering/shifted_box.dart:238:12)
#58     RenderObject.layout (package:flutter/src/rendering/object.dart:2548:7)
#59     RenderBox.layout (package:flutter/src/rendering/box.dart:2391:11)
#60     ChildLayoutHelper.layoutChild (package:flutter/src/rendering/layout_helper.dart:52:11)
#61     RenderFlex._computeSizes (package:flutter/src/rendering/flex.dart:868:45)
#62     RenderFlex.performLayout (package:flutter/src/rendering/flex.dart:903:32)
#63     RenderObject.layout (package:flutter/src/rendering/object.dart:2548:7)
#64     RenderBox.layout (package:flutter/src/rendering/box.dart:2391:11)
#65     ChildLayoutHelper.layoutChild (package:flutter/src/rendering/layout_helper.dart:52:11)
#66     RenderIntrinsicWidth._computeSize (package:flutter/src/rendering/proxy_box.dart:722:25)
#67     RenderIntrinsicWidth.performLayout (package:flutter/src/rendering/proxy_box.dart:738:12)
#68     RenderObject.layout (package:flutter/src/rendering/object.dart:2548:7)
#69     RenderBox.layout (package:flutter/src/rendering/box.dart:2391:11)
#70     RenderProxyBoxMixin.performLayout (package:flutter/src/rendering/proxy_box.dart:104:21)
#71     RenderObject.layout (package:flutter/src/rendering/object.dart:2548:7)
#72     RenderBox.layout (package:flutter/src/rendering/box.dart:2391:11)
#73     RenderProxyBoxMixin.performLayout (package:flutter/src/rendering/proxy_box.dart:104:21)
#74     RenderObject.layout (package:flutter/src/rendering/object.dart:2548:7)
#75     RenderBox.layout (package:flutter/src/rendering/box.dart:2391:11)
#76     RenderProxyBoxMixin.performLayout (package:flutter/src/rendering/proxy_box.dart:104:21)
#77     RenderCustomPaint.performLayout (package:flutter/src/rendering/custom_paint.dart:571:11)
#78     RenderObject.layout (package:flutter/src/rendering/object.dart:2548:7)
#79     RenderBox.layout (package:flutter/src/rendering/box.dart:2391:11)
#80     RenderProxyBoxMixin.performLayout (package:flutter/src/rendering/proxy_box.dart:104:21)
#81     _RenderCustomClip.performLayout (package:flutter/src/rendering/proxy_box.dart:1444:11)
#82     RenderObject.layout (package:flutter/src/rendering/object.dart:2548:7)
#83     RenderBox.layout (package:flutter/src/rendering/box.dart:2391:11)
#84     RenderConstrainedBox.performLayout (package:flutter/src/rendering/proxy_box.dart:279:14)
#85     RenderObject.layout (package:flutter/src/rendering/object.dart:2548:7)
#86     RenderBox.layout (package:flutter/src/rendering/box.dart:2391:11)
#87     RenderPositionedBox.performLayout (package:flutter/src/rendering/shifted_box.dart:438:14)
#88     RenderObject.layout (package:flutter/src/rendering/object.dart:2548:7)
#89     RenderBox.layout (package:flutter/src/rendering/box.dart:2391:11)
#90     RenderPadding.performLayout (package:flutter/src/rendering/shifted_box.dart:238:12)
#91     RenderObject.layout (package:flutter/src/rendering/object.dart:2548:7)
#92     RenderBox.layout (package:flutter/src/rendering/box.dart:2391:11)
#93     RenderPadding.performLayout (package:flutter/src/rendering/shifted_box.dart:238:12)
#94     RenderObject.layout (package:flutter/src/rendering/object.dart:2548:7)
#95     RenderBox.layout (package:flutter/src/rendering/box.dart:2391:11)
#96     RenderPadding.performLayout (package:flutter/src/rendering/shifted_box.dart:238:12)
#97     RenderObject.layout (package:flutter/src/rendering/object.dart:2548:7)
#98     RenderBox.layout (package:flutter/src/rendering/box.dart:2391:11)
#99     RenderProxyBoxMixin.performLayout (package:flutter/src/rendering/proxy_box.dart:104:21)
#100    RenderObject.layout (package:flutter/src/rendering/object.dart:2548:7)
#101    RenderBox.layout (package:flutter/src/rendering/box.dart:2391:11)
#102    RenderProxyBoxMixin.performLayout (package:flutter/src/rendering/proxy_box.dart:104:21)
#103    RenderObject.layout (package:flutter/src/rendering/object.dart:2548:7)
#104    RenderBox.layout (package:flutter/src/rendering/box.dart:2391:11)
#105    RenderProxyBoxMixin.performLayout (package:flutter/src/rendering/proxy_box.dart:104:21)
#106    RenderObject.layout (package:flutter/src/rendering/object.dart:2548:7)
#107    RenderBox.layout (package:flutter/src/rendering/box.dart:2391:11)
#108    RenderProxyBoxMixin.performLayout (package:flutter/src/rendering/proxy_box.dart:104:21)
#109    RenderObject.layout (package:flutter/src/rendering/object.dart:2548:7)
#110    RenderBox.layout (package:flutter/src/rendering/box.dart:2391:11)
#111    RenderProxyBoxMixin.performLayout (package:flutter/src/rendering/proxy_box.dart:104:21)
#112    RenderObject.layout (package:flutter/src/rendering/object.dart:2548:7)
#113    RenderBox.layout (package:flutter/src/rendering/box.dart:2391:11)
#114    RenderProxyBoxMixin.performLayout (package:flutter/src/rendering/proxy_box.dart:104:21)
#115    RenderObject.layout (package:flutter/src/rendering/object.dart:2548:7)
#116    RenderBox.layout (package:flutter/src/rendering/box.dart:2391:11)
#117    RenderProxyBoxMixin.performLayout (package:flutter/src/rendering/proxy_box.dart:104:21)
#118    RenderOffstage.performLayout (package:flutter/src/rendering/proxy_box.dart:3741:13)
#119    RenderObject.layout (package:flutter/src/rendering/object.dart:2548:7)
#120    RenderBox.layout (package:flutter/src/rendering/box.dart:2391:11)
#121    RenderProxyBoxMixin.performLayout (package:flutter/src/rendering/proxy_box.dart:104:21)
#122    RenderObject.layout (package:flutter/src/rendering/object.dart:2548:7)
#123    RenderBox.layout (package:flutter/src/rendering/box.dart:2391:11)
#124    _RenderTheaterMixin.performLayout (package:flutter/src/widgets/overlay.dart:879:15)
#125    RenderObject.layout (package:flutter/src/rendering/object.dart:2548:7)
#126    RenderBox.layout (package:flutter/src/rendering/box.dart:2391:11)
#127    RenderProxyBoxMixin.performLayout (package:flutter/src/rendering/proxy_box.dart:104:21)
#128    RenderObject.layout (package:flutter/src/rendering/object.dart:2548:7)
#129    RenderBox.layout (package:flutter/src/rendering/box.dart:2391:11)
#130    RenderProxyBoxMixin.performLayout (package:flutter/src/rendering/proxy_box.dart:104:21)
#131    RenderObject.layout (package:flutter/src/rendering/object.dart:2548:7)
#132    RenderBox.layout (package:flutter/src/rendering/box.dart:2391:11)
#133    RenderProxyBoxMixin.performLayout (package:flutter/src/rendering/proxy_box.dart:104:21)
#134    RenderObject.layout (package:flutter/src/rendering/object.dart:2548:7)
#135    RenderBox.layout (package:flutter/src/rendering/box.dart:2391:11)
#136    RenderProxyBoxMixin.performLayout (package:flutter/src/rendering/proxy_box.dart:104:21)
#137    RenderObject.layout (package:flutter/src/rendering/object.dart:2548:7)
#138    RenderBox.layout (package:flutter/src/rendering/box.dart:2391:11)
#139    RenderProxyBoxMixin.performLayout (package:flutter/src/rendering/proxy_box.dart:104:21)
#140    RenderObject.layout (package:flutter/src/rendering/object.dart:2548:7)
#141    RenderBox.layout (package:flutter/src/rendering/box.dart:2391:11)
#142    RenderProxyBoxMixin.performLayout (package:flutter/src/rendering/proxy_box.dart:104:21)
#143    RenderObject.layout (package:flutter/src/rendering/object.dart:2548:7)
#144    RenderBox.layout (package:flutter/src/rendering/box.dart:2391:11)
#145    RenderProxyBoxMixin.performLayout (package:flutter/src/rendering/proxy_box.dart:104:21)
#146    RenderObject.layout (package:flutter/src/rendering/object.dart:2548:7)
#147    RenderBox.layout (package:flutter/src/rendering/box.dart:2391:11)
#148    RenderProxyBoxMixin.performLayout (package:flutter/src/rendering/proxy_box.dart:104:21)
#149    RenderObject.layout (package:flutter/src/rendering/object.dart:2548:7)
#150    RenderBox.layout (package:flutter/src/rendering/box.dart:2391:11)
#151    RenderProxyBoxMixin.performLayout (package:flutter/src/rendering/proxy_box.dart:104:21)
#152    RenderObject.layout (package:flutter/src/rendering/object.dart:2548:7)
#153    RenderBox.layout (package:flutter/src/rendering/box.dart:2391:11)
#154    RenderView.performLayout (package:flutter/src/rendering/view.dart:195:14)
#155    RenderObject._layoutWithoutResize (package:flutter/src/rendering/object.dart:2387:7)
#156    PipelineOwner.flushLayout (package:flutter/src/rendering/object.dart:1027:18)
#157    PipelineOwner.flushLayout (package:flutter/src/rendering/object.dart:1040:15)
#158    RendererBinding.drawFrame (package:flutter/src/rendering/binding.dart:591:23)
#159    WidgetsBinding.drawFrame (package:flutter/src/widgets/binding.dart:959:13)
#160    RendererBinding._handlePersistentFrameCallback (package:flutter/src/rendering/binding.dart:457:5)
#161    SchedulerBinding._invokeFrameCallback (package:flutter/src/scheduler/binding.dart:1325:15)
#162    SchedulerBinding.handleDrawFrame (package:flutter/src/scheduler/binding.dart:1255:9)
#163    SchedulerBinding.scheduleWarmUpFrame.<anonymous closure> (package:flutter/src/scheduler/binding.dart:978:7)
#164    Timer._createTimer.<anonymous closure> (dart:async-patch/timer_patch.dart:18:15)
#165    _Timer._runTimers (dart:isolate-patch/timer_impl.dart:398:19)
#166    _Timer._handleMessage (dart:isolate-patch/timer_impl.dart:429:5)
#167    _RawReceivePort._handleMessage (dart:isolate-patch/isolate_patch.dart:184:12)
'package:flutter/src/rendering/mouse_tracker.dart': Failed assertion: line 205 pos 12: '!_debugDuringDeviceUpdate': is not true./errors_patch.dart:40:5)
#2      MouseTracker._deviceUpdatePhase (package:flutter/src/rendering/mouse_tracker.dart:205:12)
#3      MouseTracker.updateWithEvent.<anonymous closure> (package:flutter/src/rendering/mouse_tracker.dart:328:7)
#4      MouseTracker._monitorMouseConnection (package:flutter/src/rendering/mouse_tracker.dart:193:9)
#5      MouseTracker.updateWithEvent (package:flutter/src/rendering/mouse_tracker.dart:327:5)
#6      RendererBinding.dispatchEvent (package:flutter/src/rendering/binding.dart:432:20)
#7      GestureBinding._handlePointerEventImmediately (package:flutter/src/gestures/binding.dart:413:7)
#8      GestureBinding.handlePointerEvent (package:flutter/src/gestures/binding.dart:376:5)
#9      GestureBinding._flushPointerEventQueue (package:flutter/src/gestures/binding.dart:323:7)
#10     GestureBinding._handlePointerDataPacket (package:flutter/src/gestures/binding.dart:292:9)
#11     _invoke1 (dart:ui/hooks.dart:186:13)
#12     PlatformDispatcher._dispatchPointerDataPacket (dart:ui/platform_dispatcher.dart:433:7)
#13     _dispatchPointerDataPacket (dart:ui/hooks.dart:119:31)
#0      _AssertionError._doThrowNew (dart:core-patch/errors_patch.dart:51:61)
#1      _AssertionError._throwNew (dart:core-patch/errors_patch.dart:40:5)
#2      MouseTracker._deviceUpdatePhase (package:flutter/src/rendering/mouse_tracker.dart:205:12)
#3      MouseTracker.updateAllDevices (package:flutter/src/rendering/mouse_tracker.dart:372:5)
#4      RendererBinding._scheduleMouseTrackerUpdate.<anonymous closure> (package:flutter/src/rendering/binding.dart:474:22)
#5      SchedulerBinding._invokeFrameCallback (package:flutter/src/scheduler/binding.dart:1325:15)
#6      SchedulerBinding.handleDrawFrame (package:flutter/src/scheduler/binding.dart:1264:9)
#7      SchedulerBinding._handleDrawFrame (package:flutter/src/scheduler/binding.dart:1113:5)
#8      _invoke (dart:ui/hooks.dart:170:13)
#9      PlatformDispatcher._drawFrame (dart:ui/platform_dispatcher.dart:410:5)
#10     _drawFrame (dart:ui/hooks.dart:140:31)
nding.dart:323:7)
#10     GestureBinding._handlePointerDataPacket (package:flutter/src/gestures/binding.dart:292:9)
#11     _invoke1 (dart:ui/hooks.dart:186:13)
#12     PlatformDispatcher._dispatchPointerDataPacket (dart:ui/platform_dispatcher.dart:433:7)
#13     _dispatchPointerDataPacket (dart:ui/hooks.dart:119:31)
[2023.08.11 23:22:40]rendering/mouse_tracker.dart': Failed assertion: line 205 pos 12: '!_debugDuringDeviceUpdate': is not true.
package:flutter/src/rendering/mouse_tracker.dart': Failed assertion: line 205 pos 12: '!_debugDuringDeviceUpdate': is not true./errors_patch.dart:40:5)
#2      MouseTracker._deviceUpdatePhase (package:flutter/src/rendering/mouse_tracker.dart:205:12)
#3      MouseTracker.updateWithEvent.<anonymous closure> (package:flutter/src/rendering/mouse_tracker.dart:328:7)
#4      MouseTracker._monitorMouseConnection (package:flutter/src/rendering/mouse_tracker.dart:193:9)
#5      MouseTracker.updateWithEvent (package:flutter/src/rendering/mouse_tracker.dart:327:5)
#6      RendererBinding.dispatchEvent (package:flutter/src/rendering/binding.dart:432:20)
#7      GestureBinding._handlePointerEventImmediately (package:flutter/src/gestures/binding.dart:413:7)
#8      GestureBinding.handlePointerEvent (package:flutter/src/gestures/binding.dart:376:5)
#9      GestureBinding._flushPointerEventQueue (package:flutter/src/gestures/binding.dart:323:7)
#10     GestureBinding._handlePointerDataPacket (package:flutter/src/gestures/binding.dart:292:9)
#11     _invoke1 (dart:ui/hooks.dart:186:13)
#12     PlatformDispatcher._dispatchPointerDataPacket (dart:ui/platform_dispatcher.dart:433:7)
#13     _dispatchPointerDataPacket (dart:ui/hooks.dart:119:31)

package:flutter/src/rendering/mouse_tracker.dart': Failed assertion: line 205 pos 12: '!_debugDuringDeviceUpdate': is not true./errors_patch.dart:40:5)
#2      MouseTracker._deviceUpdatePhase (package:flutter/src/rendering/mouse_tracker.dart:205:12)
#3      MouseTracker.updateWithEvent.<anonymous closure> (package:flutter/src/rendering/mouse_tracker.dart:328:7)
#4      MouseTracker._monitorMouseConnection (package:flutter/src/rendering/mouse_tracker.dart:193:9)
#5      MouseTracker.updateWithEvent (package:flutter/src/rendering/mouse_tracker.dart:327:5)
#6      RendererBinding.dispatchEvent (package:flutter/src/rendering/binding.dart:432:20)
#7      GestureBinding._handlePointerEventImmediately (package:flutter/src/gestures/binding.dart:413:7)
#8      GestureBinding.handlePointerEvent (package:flutter/src/gestures/binding.dart:376:5)
#9      GestureBinding._flushPointerEventQueue (package:flutter/src/gestures/binding.dart:323:7)
#10     GestureBinding._handlePointerDataPacket (package:flutter/src/gestures/binding.dart:292:9)
#11     _invoke1 (dart:ui/hooks.dart:186:13)
#12     PlatformDispatcher._dispatchPointerDataPacket (dart:ui/platform_dispatcher.dart:433:7)
#13     _dispatchPointerDataPacket (dart:ui/hooks.dart:119:31)
'#0      _AssertionError._doThrowNew (dart:core-patch/errors_patch.dart:51:61)
#1      _AssertionError._throwNew (dart:core-patch/errors_patch.dart:40:5)
#2      MouseTracker._deviceUpdatePhase (package:flutter/src/rendering/mouse_tracker.dart:205:12)
#3      MouseTracker.updateAllDevices (package:flutter/src/rendering/mouse_tracker.dart:372:5)
#4      RendererBinding._scheduleMouseTrackerUpdate.<anonymous closure> (package:flutter/src/rendering/binding.dart:474:22)
#5      SchedulerBinding._invokeFrameCallback (package:flutter/src/scheduler/binding.dart:1325:15)
#6      SchedulerBinding.handleDrawFrame (package:flutter/src/scheduler/binding.dart:1264:9)
#7      SchedulerBinding._handleDrawFrame (package:flutter/src/scheduler/binding.dart:1113:5)
#8      _invoke (dart:ui/hooks.dart:170:13)
#9      PlatformDispatcher._drawFrame (dart:ui/platform_dispatcher.dart:410:5)
#10     _drawFrame (dart:ui/hooks.dart:140:31)
nding.dart:323:7)
#10     GestureBinding._handlePointerDataPacket (package:flutter/src/gestures/binding.dart:292:9)
#11     _invoke1 (dart:ui/hooks.dart:186:13)
#12     PlatformDispatcher._dispatchPointerDataPacket (dart:ui/platform_dispatcher.dart:433:7)
#13     _dispatchPointerDataPacket (dart:ui/hooks.dart:119:31)
2023.08.11 23:22:40]or._doThrowNew (dart:core-patch/errors_patch.dart:51:61)
#1      _AssertionError._throwNew (dart:core-patch/errors_patch.dart:40:5)
#2      MouseTracker._deviceUpdatePhase (package:flutter/src/rendering/mouse_tracker.dart:205:12)
#3      MouseTracker.updateWithEvent.<anonymous closure> (package:flutter/src/rendering/mouse_tracker.dart:328:7)
#4      MouseTracker._monitorMouseConnection (package:flutter/src/rendering/mouse_tracker.dart:193:9)
#5      MouseTracker.updateWithEvent (package:flutter/src/rendering/mouse_tracker.dart:327:5)
#6      RendererBinding.dispatchEvent (package:flutter/src/rendering/binding.dart:432:20)
#7      GestureBinding._handlePointerEventImmediately (package:flutter/src/gestures/binding.dart:413:7)
#8      GestureBinding.handlePointerEvent (package:flutter/src/gestures/binding.dart:376:5)
#9      GestureBinding._flushPointerEventQueue (package:flutter/src/gestures/binding.dart:323:7)
#10     GestureBinding._handlePointerDataPacket (package:flutter/src/gestures/binding.dart:292:9)
#11     _invoke1 (dart:ui/hooks.dart:186:13)
#12     PlatformDispatcher._dispatchPointerDataPacket (dart:ui/platform_dispatcher.dart:433:7)
#13     _dispatchPointerDataPacket (dart:ui/hooks.dart:119:31)

2023.08.11 23:22:40]rendering/mouse_tracker.dart': Failed assertion: line 205 pos 12: '!_debugDuringDeviceUpdate': is not true./errors_patch.dart:40:5)
#2      MouseTracker._deviceUpdatePhase (package:flutter/src/rendering/mouse_tracker.dart:205:12)
#3      MouseTracker.updateWithEvent.<anonymous closure> (package:flutter/src/rendering/mouse_tracker.dart:328:7)
#4      MouseTracker._monitorMouseConnection (package:flutter/src/rendering/mouse_tracker.dart:193:9)
#5      MouseTracker.updateWithEvent (package:flutter/src/rendering/mouse_tracker.dart:327:5)
#6      RendererBinding.dispatchEvent (package:flutter/src/rendering/binding.dart:432:20)
#7      GestureBinding._handlePointerEventImmediately (package:flutter/src/gestures/binding.dart:413:7)
#8      GestureBinding.handlePointerEvent (package:flutter/src/gestures/binding.dart:376:5)
#9      GestureBinding._flushPointerEventQueue (package:flutter/src/gestures/binding.dart:323:7)
#10     GestureBinding._handlePointerDataPacket (package:flutter/src/gestures/binding.dart:292:9)
#11     _invoke1 (dart:ui/hooks.dart:186:13)
#12     PlatformDispatcher._dispatchPointerDataPacket (dart:ui/platform_dispatcher.dart:433:7)
#13     _dispatchPointerDataPacket (dart:ui/hooks.dart:119:31)
'package:flutter/src/rendering/mouse_tracker.dart': Failed assertion: line 205 pos 12: '!_debugDuringDeviceUpdate': is not true./errors_patch.dart:40:5)
#2      MouseTracker._deviceUpdatePhase (package:flutter/src/rendering/mouse_tracker.dart:205:12)
#3      MouseTracker.updateWithEvent.<anonymous closure> (package:flutter/src/rendering/mouse_tracker.dart:328:7)
#4      MouseTracker._monitorMouseConnection (package:flutter/src/rendering/mouse_tracker.dart:193:9)
#5      MouseTracker.updateWithEvent (package:flutter/src/rendering/mouse_tracker.dart:327:5)
#6      RendererBinding.dispatchEvent (package:flutter/src/rendering/binding.dart:432:20)
#7      GestureBinding._handlePointerEventImmediately (package:flutter/src/gestures/binding.dart:413:7)
#8      GestureBinding.handlePointerEvent (package:flutter/src/gestures/binding.dart:376:5)
#9      GestureBinding._flushPointerEventQueue (package:flutter/src/gestures/binding.dart:323:7)
#10     GestureBinding._handlePointerDataPacket (package:flutter/src/gestures/binding.dart:292:9)
#11     _invoke1 (dart:ui/hooks.dart:186:13)
#12     PlatformDispatcher._dispatchPointerDataPacket (dart:ui/platform_dispatcher.dart:433:7)
#13     _dispatchPointerDataPacket (dart:ui/hooks.dart:119:31)
[2023.08.11 23:22:40]rendering/mouse_tracker.dart': Failed assertion: line 205 pos 12: '!_debugDuringDeviceUpdate': is not true./errors_patch.dart:40:5)
#2      MouseTracker._deviceUpdatePhase (package:flutter/src/rendering/mouse_tracker.dart:205:12)
#3      MouseTracker.updateAllDevices (package:flutter/src/rendering/mouse_tracker.dart:372:5)
#4      RendererBinding._scheduleMouseTrackerUpdate.<anonymous closure> (package:flutter/src/rendering/binding.dart:474:22)
#5      SchedulerBinding._invokeFrameCallback (package:flutter/src/scheduler/binding.dart:1325:15)
#6      SchedulerBinding.handleDrawFrame (package:flutter/src/scheduler/binding.dart:1264:9)
#7      SchedulerBinding._handleDrawFrame (package:flutter/src/scheduler/binding.dart:1113:5)
#8      _invoke (dart:ui/hooks.dart:170:13)
#9      PlatformDispatcher._drawFrame (dart:ui/platform_dispatcher.dart:410:5)
#10     _drawFrame (dart:ui/hooks.dart:140:31)
nding.dart:323:7)
#10     GestureBinding._handlePointerDataPacket (package:flutter/src/gestures/binding.dart:292:9)
#11     _invoke1 (dart:ui/hooks.dart:186:13)
#12     PlatformDispatcher._dispatchPointerDataPacket (dart:ui/platform_dispatcher.dart:433:7)
#13     _dispatchPointerDataPacket (dart:ui/hooks.dart:119:31)
#0      _AssertionError._doThrowNew (dart:core-patch/errors_patch.dart:51:61)
#1      _AssertionError._throwNew (dart:core-patch/errors_patch.dart:40:5)
#2      MouseTracker._deviceUpdatePhase (package:flutter/src/rendering/mouse_tracker.dart:205:12)
#3      MouseTracker.updateWithEvent.<anonymous closure> (package:flutter/src/rendering/mouse_tracker.dart:328:7)
#4      MouseTracker._monitorMouseConnection (package:flutter/src/rendering/mouse_tracker.dart:193:9)
#5      MouseTracker.updateWithEvent (package:flutter/src/rendering/mouse_tracker.dart:327:5)
#6      RendererBinding.dispatchEvent (package:flutter/src/rendering/binding.dart:432:20)
#7      GestureBinding._handlePointerEventImmediately (package:flutter/src/gestures/binding.dart:413:7)
#8      GestureBinding.handlePointerEvent (package:flutter/src/gestures/binding.dart:376:5)
#9      GestureBinding._flushPointerEventQueue (package:flutter/src/gestures/binding.dart:323:7)
#10     GestureBinding._handlePointerDataPacket (package:flutter/src/gestures/binding.dart:292:9)
#11     _invoke1 (dart:ui/hooks.dart:186:13)
#12     PlatformDispatcher._dispatchPointerDataPacket (dart:ui/platform_dispatcher.dart:433:7)
#13     _dispatchPointerDataPacket (dart:ui/hooks.dart:119:31)
[2023.08.11 23:22:40]or._doThrowNew (dart:core-patch/errors_patch.dart:51:61)
#1      _AssertionError._throwNew (dart:core-patch/errors_patch.dart:40:5)
#2      MouseTracker._deviceUpdatePhase (package:flutter/src/rendering/mouse_tracker.dart:205:12)
#3      MouseTracker.updateAllDevices (package:flutter/src/rendering/mouse_tracker.dart:372:5)
#4      RendererBinding._scheduleMouseTrackerUpdate.<anonymous closure> (package:flutter/src/rendering/binding.dart:474:22)
#5      SchedulerBinding._invokeFrameCallback (package:flutter/src/scheduler/binding.dart:1325:15)
#6      SchedulerBinding.handleDrawFrame (package:flutter/src/scheduler/binding.dart:1264:9)
#7      SchedulerBinding._handleDrawFrame (package:flutter/src/scheduler/binding.dart:1113:5)
#8      _invoke (dart:ui/hooks.dart:170:13)
#9      PlatformDispatcher._drawFrame (dart:ui/platform_dispatcher.dart:410:5)
#10     _drawFrame (dart:ui/hooks.dart:140:31)
'#0      _AssertionError._doThrowNew (dart:core-patch/errors_patch.dart:51:61)
#1      _AssertionError._throwNew (dart:core-patc'package:flutter/src/rendering/mouse_tracker.dart': Failed assertion: line 205 pos 12: '!_debugDuringDeviceUpdate': is not true./errors_patch.dart:40:5)
#2      MouseTracker._deviceUpdatePhase (package:flutter/src/rendering/mouse_tracker.dart:205:12)
#3      MouseTracker.updateWithEvent.<anonymous closure> (package:flutter/src/rendering/mouse_tracker.dart:328:7)
#4      MouseTracker._monitorMouseConnection (package:flutter/src/rendering/mouse_tracker.dart:193:9)
#5      MouseTracker.updateWithEvent (package:flutter/src/rendering/mouse_tracker.dart:327:5)
#6      RendererBinding.dispatchEvent (package:flutter/src/rendering/binding.dart:432:20)
#7      GestureBinding._handlePointerEventImmediately (package:flutter/src/gestures/binding.dart:413:7)
#8      GestureBinding.handlePointerEvent (package:flutter/src/gestures/binding.dart:376:5)
#9      GestureBinding._flushPointerEventQueue (package:flutter/src/gestures/binding.dart:323:7)
#10     GestureBinding._handlePointerDataPacket (package:flutter/src/gestures/binding.dart:292:9)
#11     _invoke1 (dart:ui/hooks.dart:186:13)
#12     PlatformDispatcher._dispatchPointerDataPacket (dart:ui/platform_dispatcher.dart:433:7)
#13     _dispatchPointerDataPacket (dart:ui/hooks.dart:119:31)
[2023.08.11 23:22:40]or._doThrowNew (dart:core-patch/errors_patch.dart:51:61)
#1      _AssertionError._throwNew (dart:core-patch/errors_patch.dart:40:5)
#2      MouseTracker._deviceUpdatePhase (package:flutter/src/rendering/mouse_tracker.dart:205:12)
#3      MouseTracker.updateAllDevices (package:flutter/src/rendering/mouse_tracker.dart:372:5)
#4      RendererBinding._scheduleMouseTrackerUpdate.<anonymous closure> (package:flutter/src/rendering/binding.dart:474:22)
#5      SchedulerBinding._invokeFrameCallback (package:flutter/src/scheduler/binding.dart:1325:15)
#6      SchedulerBinding.handleDrawFrame (package:flutter/src/scheduler/binding.dart:1264:9)
#7      SchedulerBinding._handleDrawFrame (package:flutter/src/scheduler/binding.dart:1113:5)
#8      _invoke (dart:ui/hooks.dart:170:13)
#9      PlatformDispatcher._drawFrame (dart:ui/platform_dispatcher.dart:410:5)
#10     _drawFrame (dart:ui/hooks.dart:140:31)

package:flutter/src/rendering/mouse_tracker.dart': Failed assertion: line 205 pos 12: '!_debugDuringDeviceUpdate': is not true./errors_patch.dart:40:5)
#2      MouseTracker._deviceUpdatePhase (package:flutter/src/rendering/mouse_tracker.dart:205:12)
#3      MouseTracker.updateAllDevices (package:flutter/src/rendering/mouse_tracker.dart:372:5)
#4      RendererBinding._scheduleMouseTrackerUpdate.<anonymous closure> (package:flutter/src/rendering/binding.dart:474:22)
#5      SchedulerBinding._invokeFrameCallback (package:flutter/src/scheduler/binding.dart:1325:15)
#6      SchedulerBinding.handleDrawFrame (package:flutter/src/scheduler/binding.dart:1264:9)
#7      SchedulerBinding._handleDrawFrame (package:flutter/src/scheduler/binding.dart:1113:5)
#8      _invoke (dart:ui/hooks.dart:170:13)
#9      PlatformDispatcher._drawFrame (dart:ui/platform_dispatcher.dart:410:5)
#10     _drawFrame (dart:ui/hooks.dart:140:31)
nding.dart:323:7)
#10     GestureBinding._handlePointerDataPacket (package:flutter/src/gestures/binding.dart:292:9)
#11     _invoke1 (dart:ui/hooks.dart:186:13)
#12     PlatformDispatcher._dispatchPointerDataPacket (dart:ui/platform_dispatcher.dart:433:7)
#13     _dispatchPointerDataPacket (dart:ui/hooks.dart:119:31)
#0      _AssertionError._doThrowNew (dart:core-patch/errors_patch.dart:51:61)
#1      _AssertionError._throwNew (dart:core-patch/errors_patch.dart:40:5)
#2      MouseTracker._deviceUpdatePhase (package:flutter/src/rendering/mouse_tracker.dart:205:12)
#3      MouseTracker.updateAllDevices (package:flutter/src/rendering/mouse_tracker.dart:372:5)
#4      RendererBinding._scheduleMouseTrackerUpdate.<anonymous closure> (package:flutter/src/rendering/binding.dart:474:22)
#5      SchedulerBinding._invokeFrameCallback (package:flutter/src/scheduler/binding.dart:1325:15)
#6      SchedulerBinding.handleDrawFrame (package:flutter/src/scheduler/binding.dart:1264:9)
#7      SchedulerBinding._handleDrawFrame (package:flutter/src/scheduler/binding.dart:1113:5)
#8      _invoke (dart:ui/hooks.dart:170:13)
#9      PlatformDispatcher._drawFrame (dart:ui/platform_dispatcher.dart:410:5)
#10     _drawFrame (dart:ui/hooks.dart:140:31)

2023.08.11 23:22:40][2023.08.11 23:22:40]er.dart': Failed assertion: line 205 pos 12: '!_debugDuringDeviceUpdate': is not true.#0      _AssertionError._doThrowNew (dart:core-patch/errors_patch.dart:51:61)
#1      _AssertionError._throwNew (dart:core-patch/errors_patch.dart:40:5)
#2      MouseTracker._deviceUpdatePhase (package:flutter/src/rendering/mouse_tracker.dart:205:12)
#3      MouseTracker.updateAllDevices (package:flutter/src/rendering/mouse_tracker.dart:372:5)
#4      RendererBinding._scheduleMouseTrackerUpdate.<anonymous closure> (package:flutter/src/rendering/binding.dart:474:22)
#5      SchedulerBinding._invokeFrameCallback (package:flutter/src/scheduler/binding.dart:1325:15)
#6      SchedulerBinding.handleDrawFrame (package:flutter/src/scheduler/binding.dart:1264:9)
#7      SchedulerBinding._handleDrawFrame (package:flutter/src/scheduler/binding.dart:1113:5)
#8      _invoke (dart:ui/hooks.dart:170:13)
#9      PlatformDispatcher._drawFrame (dart:ui/platform_dispatcher.dart:410:5)
#10     _drawFrame (dart:ui/hooks.dart:140:31)
#0      _AssertionError._doThrowNew (dart:core-patch/errors_patch.dart:51:61)
#1      _AssertionError._throwNew (dart:core-patch/errors_patch.dart:40:5)
#2      MouseTracker._deviceUpdatePhase (package:flutter/src/rendering/mouse_tracker.dart:205:12)
#3      MouseTracker.updateWithEvent.<anonymous closure> (package:flutter/src/rendering/mouse_tracker.dart:328:7)
#4      MouseTracker._monitorMouseConnection (package:flutter/src/rendering/mouse_tracker.dart:193:9)
#5      MouseTracker.updateWithEvent (package:flutter/src/rendering/mouse_tracker.dart:327:5)
#6      RendererBinding.dispatchEvent (package:flutter/src/rendering/binding.dart:432:20)
#7      GestureBinding._handlePointerEventImmediately (package:flutter/src/gestures/binding.dart:413:7)
#8      GestureBinding.handlePointerEvent (package:flutter/src/gestures/binding.dart:376:5)
#9      GestureBinding._flushPointerEventQueue (package:flutter/src/gestures/binding.dart:323:7)
#10     GestureBinding._handlePointerDataPacket (package:flutter/src/gestures/binding.dart:292:9)
#11     _invoke1 (dart:ui/hooks.dart:186:13)
#12     PlatformDispatcher._dispatchPointerDataPacket (dart:ui/platform_dispatcher.dart:433:7)
#13     _dispatchPointerDataPacket (dart:ui/hooks.dart:119:31)

0      _AssertionError._doThrowNew (dart:core-patch/errors_patch.dart:51:61)
#1      _AssertionError._throwNew (dart:core-patch/errors_patch.dart:40:5)
#2      MouseTracker._deviceUpdatePhase (package:flutter/src/rendering/mouse_tracker.dart:205:12)
#3      MouseTracker.updateAllDevices (package:flutter/src/rendering/mouse_tracker.dart:372:5)
#4      RendererBinding._scheduleMouseTrackerUpdate.<anonymous closure> (package:flutter/src/rendering/binding.dart:474:22)
#5      SchedulerBinding._invokeFrameCallback (package:flutter/src/scheduler/binding.dart:1325:15)
#6      SchedulerBinding.handleDrawFrame (package:flutter/src/scheduler/binding.dart:1264:9)
#7      SchedulerBinding._handleDrawFrame (package:flutter/src/scheduler/binding.dart:1113:5)
#8      _invoke (dart:ui/hooks.dart:170:13)
#9      PlatformDispatcher._drawFrame (dart:ui/platform_dispatcher.dart:410:5)
#10     _drawFrame (dart:ui/hooks.dart:140:31)
nding.dart:323:7)
#10     GestureBinding._handlePointerDataPacket (package:flutter/src/gestures/binding.dart:292:9)
#11     _invoke1 (dart:ui/hooks.dart:186:13)
#12     PlatformDispatcher._dispatchPointerDataPacket (dart:ui/platform_dispatcher.dart:433:7)
#13     _dispatchPointerDataPacket (dart:ui/hooks.dart:119:31)
#0      _AssertionError._doThrowNew (dart:core-patch/errors_patch.dart:51:61)
#1      _AssertionError._throwNew (dart:core-patch/errors_patch.dart:40:5)
#2      MouseTracker._deviceUpdatePhase (package:flutter/src/rendering/mouse_tracker.dart:205:12)
#3      MouseTracker.updateAllDevices (package:flutter/src/rendering/mouse_tracker.dart:372:5)
#4      RendererBinding._scheduleMouseTrackerUpdate.<anonymous closure> (package:flutter/src/rendering/binding.dart:474:22)
#5      SchedulerBinding._invokeFrameCallback (package:flutter/src/scheduler/binding.dart:1325:15)
#6      SchedulerBinding.handleDrawFrame (package:flutter/src/scheduler/binding.dart:1264:9)
#7      SchedulerBinding._handleDrawFrame (package:flutter/src/scheduler/binding.dart:1113:5)
#8      _invoke (dart:ui/hooks.dart:170:13)
#9      PlatformDispatcher._drawFrame (dart:ui/platform_dispatcher.dart:410:5)
#10     _drawFrame (dart:ui/hooks.dart:140:31)
nding.dart:323:7)
#10     GestureBinding._handlePointerDataPacket (package:flutter/src/gestures/binding.dart:292:9)
#11     _invoke1 (dart:ui/hooks.dart:186:13)
#12     PlatformDispatcher._dispatchPointerDataPacket (dart:ui/platform_dispatcher.dart:433:7)
#13     _dispatchPointerDataPacket (dart:ui/hooks.dart:119:31)
'package:flutter/src/rendering/mouse_tracker.dart': Failed assertion: line 205 pos 12: '!_debugDuringDeviceUpdate': is not true.'package:flutter/src/rendering/mouse_tracker.dart': Failed assertion: line 205 pos 12: '!_debugDuringDeviceUpdate': is not true./errors_patch.dart:40:5)
#2      MouseTracker._deviceUpdatePhase (package:flutter/src/rendering/mouse_tracker.dart:205:12)
#3      MouseTracker.updateWithEvent.<anonymous closure> (package:flutter/src/rendering/mouse_tracker.dart:328:7)
#4      MouseTracker._monitorMouseConnection (package:flutter/src/rendering/mouse_tracker.dart:193:9)
#5      MouseTracker.updateWithEvent (package:flutter/src/rendering/mouse_tracker.dart:327:5)
#6      RendererBinding.dispatchEvent (package:flutter/src/rendering/binding.dart:432:20)
#7      GestureBinding._handlePointerEventImmediately (package:flutter/src/gestures/binding.dart:413:7)
#8      GestureBinding.handlePointerEvent (package:flutter/src/gestures/binding.dart:376:5)
#9      GestureBinding._flushPointerEventQueue (package:flutter/src/gestures/binding.dart:323:7)
#10     GestureBinding._handlePointerDataPacket (package:flutter/src/gestures/binding.dart:292:9)
#11     _invoke1 (dart:ui/hooks.dart:186:13)
#12     PlatformDispatcher._dispatchPointerDataPacket (dart:ui/platform_dispatcher.dart:433:7)
#13     _dispatchPointerDataPacket (dart:ui/hooks.dart:119:31)
#0      _AssertionError._doThrowNew (dart:core-patch/errors_patch.dart:51:61)
#1      _AssertionError._throwNew (dart:core-patch/errors_patch.dart:40:5)
#2      MouseTracker._deviceUpdatePhase (package:flutter/src/rendering/mouse_tracker.dart:205:12)
#3      MouseTracker.updateWithEvent.<anonymous closure> (package:flutter/src/rendering/mouse_tracker.dart:328:7)
#4      MouseTracker._monitorMouseConnection (package:flutter/src/rendering/mouse_tracker.dart:193:9)
#5      MouseTracker.updateWithEvent (package:flutter/src/rendering/mouse_tracker.dart:327:5)
#6      RendererBinding.dispatchEvent (package:flutter/src/rendering/binding.dart:432:20)
#7      GestureBinding._handlePointerEventImmediately (package:flutter/src/gestures/binding.dart:413:7)
#8      GestureBinding.handlePointerEvent (package:flutter/src/gestures/binding.dart:376:5)
#9      GestureBinding._flushPointerEventQueue (package:flutter/src/gestures/binding.dart:323:7)
#10     GestureBinding._handlePointerDataPacket (package:flutter/src/gestures/binding.dart:292:9)
#11     _invoke1 (dart:ui/hooks.dart:186:13)
#12     PlatformDispatcher._dispatchPointerDataPacket (dart:ui/platform_dispatcher.dart:433:7)
#13     _dispatchPointerDataPacket (dart:ui/hooks.dart:119:31)
[2023.08.11 23:22:40][2023.08.11 23:22:40]er.dart': Failed assertion: line 205 pos 12: '!_debugDuringDeviceUpdate': is not true.'
2023.08.11 23:22:40]endering/mouse_tracker.dart': Failed assertion: line 205 pos 12: '!_debugDuringDeviceUpdate': is not true./errors_patch.dart:40:5)
#2      MouseTracker._deviceUpdatePhase (package:flutter/src/rendering/mouse_tracker.dart:205:12)
#3      MouseTracker.updateWithEvent.<anonymous closure> (package:flutter/src/rendering/mouse_tracker.dart:328:7)
#4      MouseTracker._monitorMouseConnection (package:flutter/src/rendering/mouse_tracker.dart:193:9)
#5      MouseTracker.updateWithEvent (package:flutter/src/rendering/mouse_tracker.dart:327:5)
#6      RendererBinding.dispatchEvent (package:flutter/src/rendering/binding.dart:432:20)
#7      GestureBinding._handlePointerEventImmediately (package:flutter/src/gestures/binding.dart:413:7)
#8      GestureBinding.handlePointerEvent (package:flutter/src/gestures/binding.dart:376:5)
#9      GestureBinding._flushPointerEventQueue (package:flutter/src/gestures/binding.dart:323:7)
#10     GestureBinding._handlePointerDataPacket (package:flutter/src/gestures/binding.dart:292:9)
#11     _invoke1 (dart:ui/hooks.dart:186:13)
#12     PlatformDispatcher._dispatchPointerDataPacket (dart:ui/platform_dispatcher.dart:433:7)
#13     _dispatchPointerDataPacket (dart:ui/hooks.dart:119:31)

2023.08.11 23:22:40]rendering/mouse_tracker.dart': Failed assertion: line 205 pos 12: '!_debugDuringDeviceUpdate': is not true.
package:flutter/src/rendering/mouse_tracker.dart': Failed assertion: line 205 pos 12: '!_debugDuringDeviceUpdate': is not true.[2023.08.11 23:22:40]rendering/mouse_tracker.dart': Failed assertion: line 205 pos 12: '!_debugDuringDeviceUpdate': is not true./errors_patch.dart:40:5)
#2      MouseTracker._deviceUpdatePhase (package:flutter/src/rendering/mouse_tracker.dart:205:12)
#3      MouseTracker.updateWithEvent.<anonymous closure> (package:flutter/src/rendering/mouse_tracker.dart:328:7)
#4      MouseTracker._monitorMouseConnection (package:flutter/src/rendering/mouse_tracker.dart:193:9)
#5      MouseTracker.updateWithEvent (package:flutter/src/rendering/mouse_tracker.dart:327:5)
#6      RendererBinding.dispatchEvent (package:flutter/src/rendering/binding.dart:432:20)
#7      GestureBinding._handlePointerEventImmediately (package:flutter/src/gestures/binding.dart:413:7)
#8      GestureBinding.handlePointerEvent (package:flutter/src/gestures/binding.dart:376:5)
#9      GestureBinding._flushPointerEventQueue (package:flutter/src/gestures/binding.dart:323:7)
#10     GestureBinding._handlePointerDataPacket (package:flutter/src/gestures/binding.dart:292:9)
#11     _invoke1 (dart:ui/hooks.dart:186:13)
#12     PlatformDispatcher._dispatchPointerDataPacket (dart:ui/platform_dispatcher.dart:433:7)
#13     _dispatchPointerDataPacket (dart:ui/hooks.dart:119:31)
'package:flutter/src/rendering/mouse_tracker.dart': Failed assertion: line 205 pos 12: '!_debugDuringDeviceUpdate': is not true.'package:flutter/src/rendering/mouse_tracker.dart': Failed assertion: line 205 pos 12: '!_debugDuringDeviceUpdate': is not true./errors_patch.dart:40:5)
#2      MouseTracker._deviceUpdatePhase (package:flutter/src/rendering/mouse_tracker.dart:205:12)
#3      MouseTracker.updateWithEvent.<anonymous closure> (package:flutter/src/rendering/mouse_tracker.dart:328:7)
#4      MouseTracker._monitorMouseConnection (package:flutter/src/rendering/mouse_tracker.dart:193:9)
#5      MouseTracker.updateWithEvent (package:flutter/src/rendering/mouse_tracker.dart:327:5)
#6      RendererBinding.dispatchEvent (package:flutter/src/rendering/binding.dart:432:20)
#7      GestureBinding._handlePointerEventImmediately (package:flutter/src/gestures/binding.dart:413:7)
#8      GestureBinding.handlePointerEvent (package:flutter/src/gestures/binding.dart:376:5)
#9      GestureBinding._flushPointerEventQueue (package:flutter/src/gestures/binding.dart:323:7)
#10     GestureBinding._handlePointerDataPacket (package:flutter/src/gestures/binding.dart:292:9)
#11     _invoke1 (dart:ui/hooks.dart:186:13)
#12     PlatformDispatcher._dispatchPointerDataPacket (dart:ui/platform_dispatcher.dart:433:7)
#13     _dispatchPointerDataPacket (dart:ui/hooks.dart:119:31)
[2023.08.11 23:22:40]#0      _AssertionError._doThrowNew (dart:core-patch/errors_patch.dart:51:61)
#1      _AssertionError._throwNew (dart:core-patch/errors_patch.dart:40:5)
#2      MouseTracker._deviceUpdatePhase (package:flutter/src/rendering/mouse_tracker.dart:205:12)
#3      MouseTracker.updateWithEvent.<anonymous closure> (package:flutter/src/rendering/mouse_tracker.dart:328:7)
#4      MouseTracker._monitorMouseConnection (package:flutter/src/rendering/mouse_tracker.dart:193:9)
#5      MouseTracker.updateWithEvent (package:flutter/src/rendering/mouse_tracker.dart:327:5)
#6      RendererBinding.dispatchEvent (package:flutter/src/rendering/binding.dart:432:20)
#7      GestureBinding._handlePointerEventImmediately (package:flutter/src/gestures/binding.dart:413:7)
#8      GestureBinding.handlePointerEvent (package:flutter/src/gestures/binding.dart:376:5)
#9      GestureBinding._flushPointerEventQueue (package:flutter/src/gestures/binding.dart:323:7)
#10     GestureBinding._handlePointerDataPacket (package:flutter/src/gestures/binding.dart:292:9)
#11     _invoke1 (dart:ui/hooks.dart:186:13)
#12     PlatformDispatcher._dispatchPointerDataPacket (dart:ui/platform_dispatcher.dart:433:7)
#13     _dispatchPointerDataPacket (dart:ui/hooks.dart:119:31)
'package:flutter/src/rendering/mouse_tracker.dart': Failed assertion: line 205 pos 12: '!_debugDuringDeviceUpdate': is not true./errors_patch.dart:40:5)
#2      MouseTracker._deviceUpdatePhase (package:flutter/src/rendering/mouse_tracker.dart:205:12)
#3      MouseTracker.updateWithEvent.<anonymous closure> (package:flutter/src/rendering/mouse_tracker.dart:328:7)
#4      MouseTracker._monitorMouseConnection (package:flutter/src/rendering/mouse_tracker.dart:193:9)
#5      MouseTracker.updateWithEvent (package:flutter/src/rendering/mouse_tracker.dart:327:5)
#6      RendererBinding.dispatchEvent (package:flutter/src/rendering/binding.dart:432:20)
#7      GestureBinding._handlePointerEventImmediately (package:flutter/src/gestures/binding.dart:413:7)
#8      GestureBinding.handlePointerEvent (package:flutter/src/gestures/binding.dart:376:5)
#9      GestureBinding._flushPointerEventQueue (package:flutter/src/gestures/binding.dart:323:7)
#10     GestureBinding._handlePointerDataPacket (package:flutter/src/gestures/binding.dart:292:9)
#11     _invoke1 (dart:ui/hooks.dart:186:13)
#12     PlatformDispatcher._dispatchPointerDataPacket (dart:ui/platform_dispatcher.dart:433:7)
#13     _dispatchPointerDataPacket (dart:ui/hooks.dart:119:31)
'package:flutter/src/rendering/mouse_tracker.dart': Failed assertion: line 205 pos 12: '!_debugDuringDeviceUpdate': is not true./errors_patch.dart:40:5)
#2      MouseTracker._deviceUpdatePhase (package:flutter/src/rendering/mouse_tracker.dart:205:12)
#3      MouseTracker.updateWithEvent.<anonymous closure> (package:flutter/src/rendering/mouse_tracker.dart:328:7)
#4      MouseTracker._monitorMouseConnection (package:flutter/src/rendering/mouse_tracker.dart:193:9)
#5      MouseTracker.updateWithEvent (package:flutter/src/rendering/mouse_tracker.dart:327:5)
#6      RendererBinding.dispatchEvent (package:flutter/src/rendering/binding.dart:432:20)
#7      GestureBinding._handlePointerEventImmediately (package:flutter/src/gestures/binding.dart:413:7)
#8      GestureBinding.handlePointerEvent (package:flutter/src/gestures/binding.dart:376:5)
#9      GestureBinding._flushPointerEventQueue (package:flutter/src/gestures/binding.dart:323:7)
#10     GestureBinding._handlePointerDataPacket (package:flutter/src/gestures/binding.dart:292:9)
#11     _invoke1 (dart:ui/hooks.dart:186:13)
#12     PlatformDispatcher._dispatchPointerDataPacket (dart:ui/platform_dispatcher.dart:433:7)
#13     _dispatchPointerDataPacket (dart:ui/hooks.dart:119:31)
[2023.08.11 23:22:40]#0      _AssertionError._doThrowNew (dart:core-patch/errors_patch.dart:51:61)
#1      _AssertionError._throwNew (dart:core-patch/errors_patch.dart:40:5)
#2      MouseTracker._deviceUpdatePhase (package:flutter/src/rendering/mouse_tracker.dart:205:12)
#3      MouseTracker.updateWithEvent.<anonymous closure> (package:flutter/src/rendering/mouse_tracker.dart:328:7)
#4      MouseTracker._monitorMouseConnection (package:flutter/src/rendering/mouse_tracker.dart:193:9)
#5      MouseTracker.updateWithEvent (package:flutter/src/rendering/mouse_tracker.dart:327:5)
#6      RendererBinding.dispatchEvent (package:flutter/src/rendering/binding.dart:432:20)
#7      GestureBinding._handlePointerEventImmediately (package:flutter/src/gestures/binding.dart:413:7)
#8      GestureBinding.handlePointerEvent (package:flutter/src/gestures/binding.dart:376:5)
#9      GestureBinding._flushPointerEventQueue (package:flutter/src/gestures/binding.dart:323:7)
#10     GestureBinding._handlePointerDataPacket (package:flutter/src/gestures/binding.dart:292:9)
#11     _invoke1 (dart:ui/hooks.dart:186:13)
#12     PlatformDispatcher._dispatchPointerDataPacket (dart:ui/platform_dispatcher.dart:433:7)
#13     _dispatchPointerDataPacket (dart:ui/hooks.dart:119:31)

2023.08.11 23:22:40]rendering/mouse_tracker.dart': Failed assertion: line 205 pos 12: '!_debugDuringDeviceUpdate': is not true.
0      _AssertionErr#0      _AssertionError._doThrowNew (dart:core-patch/errors_patch.dart:51:61)
#1      _AssertionError._throwNew (dart:core-patch/errors_patch.dart:40:5)
#2      MouseTracker._deviceUpdatePhase (package:flutter/src/rendering/mouse_tracker.dart:205:12)
#3      MouseTracker.updateWithEvent.<anonymous closure> (package:flutter/src/rendering/mouse_tracker.dart:328:7)
#4      MouseTracker._monitorMouseConnection (package:flutter/src/rendering/mouse_tracker.dart:193:9)
#5      MouseTracker.updateWithEvent (package:flutter/src/rendering/mouse_tracker.dart:327:5)
#6      RendererBinding.dispatchEvent (package:flutter/src/rendering/binding.dart:432:20)
#7      GestureBinding._handlePointerEventImmediately (package:flutter/src/gestures/binding.dart:413:7)
#8      GestureBinding.handlePointerEvent (package:flutter/src/gestures/binding.dart:376:5)
#9      GestureBinding._flushPointerEventQueue (package:flutter/src/gestures/binding.dart:323:7)
#10     GestureBinding._handlePointerDataPacket (package:flutter/src/gestures/binding.dart:292:9)
#11     _invoke1 (dart:ui/hooks.dart:186:13)
#12     PlatformDispatcher._dispatchPointerDataPacket (dart:ui/platform_dispatcher.dart:433:7)
#13     _dispatchPointerDataPacket (dart:u#0      _AssertionErr
r._doThrowNew (dart:core-patch/errors_patch.dart:51:61)
#1      _AssertionError._throwNew (dart:core-patch'package:flutter/src/rendering/mouse_tracker.dart': Failed assertion: line 205 pos 12: '!_debugDuringDeviceUpdate': is not true.   MouseTracker.updateWithEvent.<anonymous closure> (package:flutter/src/rendering/mouse_tracker.dart:328:7)
#4      MouseTracker._monitorMouseConnection (package:flutter/src/rendering/mouse_tracker.dart:193:9)
#5      MouseTracker.updateWithEvent (package:flutter/src/rendering/mouse_tracker.dart:327:5)
#6      RendererBinding.dispatchEvent (package:flutter/src/rendering/binding.dart:432:20)
#7      GestureBinding._handlePointerEventImmediately (package:flutter/src/gestures/binding.dart:413:7)
#8      GestureBinding.handlePointerEvent (package:flutter/src/gestures/binding.dart:376:5)
#9      GestureBinding._flushPointerEventQueue (package:flutter/src/gestures/binding.dart:323:7)
#10     GestureBinding._handlePointerDataPacket (package:flutter/src/gestures/binding.dart:292:9)
#11     _invoke1 (dart:ui/hooks.dart:186:13)
#12     PlatformDispatcher._dispatchPointerDataPacket (dart:ui/platform_dispatcher.dart:433:7)
#13     _dispatchPointerDataPacket (dart:ui/hooks.dart:119:31)
[2023.08.11 23:22:40]rendering/mouse_tracker.dart': Failed assertion: line 205 pos 12: '!_debugDuringDeviceUpdate': is not true./errors_patch.dart:40:5)
#2      MouseTracker._deviceUpdatePhase (package:flutter/src/rendering/mouse_tracker.dart:205:12)
#3      MouseTracker.updateWithEvent.<anonymous closure> (package:flutter/src/rendering/mouse_tracker.dart:328:7)
#4      MouseTracker._monitorMouseConnection (package:flutter/src/rendering/mouse_tracker.dart:193:9)
#5      MouseTracker.updateWithEvent (package:flutter/src/rendering/mouse_tracker.dart:327:5)
#6      RendererBinding.dispatchEvent (package:flutter/src/rendering/binding.dart:432:20)
#7      GestureBinding._handlePointerEventImmediately (package:flutter/src/gestures/binding.dart:413:7)
#8      GestureBinding.handlePointerEvent (package:flutter/src/gestures/binding.dart:376:5)
#9      GestureBinding._flushPointerEventQueue (package:flutter/src/gestures/binding.dart:323:7)
#10     GestureBinding._handlePointerDataPacket (package:flutter/src/gestures/binding.dart:292:9)
#11     _invoke1 (dart:ui/hooks.dart:186:13)
#12     PlatformDispatcher._dispatchPointerDataPacket (dart:ui/platform_dispatcher.dart:433:7)
#13     _dispatchPointerDataPacket (dart:ui/hooks.dart:119:31)
'package:flutter/src/rendering/mouse_tracker.dart': Failed assertion: line 205 pos 12: '!_debugDuringDeviceUpdate': is not true./errors_patch.dart:40:5)
#2      MouseTracker._deviceUpdatePhase (package:flutter/src/rendering/mouse_tracker.dart:205:12)
#3      MouseTracker.updateWithEvent.<anonymous closure> (package:flutter/src/rendering/mouse_tracker.dart:328:7)
#4      MouseTracker._monitorMouseConnection (package:flutter/src/rendering/mouse_tracker.dart:193:9)
#5      MouseTracker.updateWithEvent (package:flutter/src/rendering/mouse_tracker.dart:327:5)
#6      RendererBinding.dispatchEvent (package:flutter/src/rendering/binding.dart:432:20)
#7      GestureBinding._handlePointerEventImmediately (package:flutter/src/gestures/binding.dart:413:7)
#8      GestureBinding.handlePointerEvent (package:flutter/src/gestures/binding.dart:376:5)
#9      GestureBinding._flushPointerEventQueue (package:flutter/src/gestures/binding.dart:323:7)
#10     GestureBinding._handlePointerDataPacket (package:flutter/src/gestures/binding.dart:292:9)
#11     _invoke1 (dart:ui/hooks.dart:186:13)
#12     PlatformDispatcher._dispatchPointerDataPacket (dart:ui/platform_dispatcher.dart:433:7)
#13     _dispatchPointerDataPacket (dart:ui/hooks.dart:119:31)
[2023.08.11 23:22:40][2023.08.11 23:22:40]or._doThrowNew (dart:core-patch/errors_patch.dart:51:61)
#1      _AssertionError._throwNew (dart:core-patch/errors_patch.dart:40:5)
#2      MouseTracker._deviceUpdatePhase (package:flutter/src/rendering/mouse_tracker.dart:205:12)
#3      MouseTracker.updateWithEvent.<anonymous closure> (package:flutter/src/rendering/mouse_tracker.dart:328:7)
#4      MouseTracker._monitorMouseConnection (package:flutter/src/rendering/mouse_tracker.dart:193:9)
#5      MouseTracker.updateWithEvent (package:flutter/src/rendering/mouse_tracker.dart:327:5)
#6      RendererBinding.dispatchEvent (package:flutter/src/rendering/binding.dart:432:20)
#7      GestureBinding._handlePointerEventImmediately (package:flutter/src/gestures/binding.dart:413:7)
#8      GestureBinding.handlePointerEvent (package:flutter/src/gestures/binding.dart:376:5)
#9      GestureBinding._flushPointerEventQueue (package:flutter/src/gestures/binding.dart:323:7)
#10     GestureBinding._handlePointerDataPacket (package:flutter/src/gestures/binding.dart:292:9)
#11     _invoke1 (dart:ui/hooks.dart:186:13)
#12     PlatformDispatcher._dispatchPointerDataPacket (dart:ui/platform_dispatcher.dart:433:7)
#13     _dispatchPointerDataPacket (dart:ui/hooks.dart:119:31)

2023.08.11 23:22:40]'package:flutter/src/rendering/mouse_tracker.dart': Failed assertion: line 205 pos 12: '!_debugDuringDevice#0      _AssertionErr#0      _AssertionError._doThrowNew (dart:core-patch/errors_patch.dart:51:61)
#1      _AssertionError._throwNew (dart:core-patch/errors_patch.dart:40:5)
#2      MouseTracker._deviceUpdatePhase (package:flutter/src/rendering/mouse_tracker.dart:205:12)
#3      MouseTracker.updateWithEvent.<anonymous closure> (package:flutter/src/rendering/mouse_tracker.dart:328:7)
#4      MouseTracker._monitorMouseConnection (package:flutter/src/rendering/mouse_tracker.dart:193:9)
#5      MouseTracker.updateWithEvent (package:flutter/src/rendering/mouse_tracker.dart:327:5)
#6      RendererBinding.dispatchEvent (package:flutter/src/rendering/binding.dart:432:20)
#7      GestureBinding._handlePointerEventImmediately (package:flutter/src/gestures/binding.dart:413:7)
#8      GestureBinding.handlePointerEvent (package:flutter/src/gestures/binding.dart:376:5)
#9      GestureBinding._flushPointerEventQueue (package:flutter/src/gestures/binding.dart:323:7)
#10     GestureBinding._handlePointerDataPacket (package:flutter/src/gestures/binding.dart:292:9)
#11     _invoke1 (dart:ui/hooks.dart:186:13)
#12     PlatformDispatcher._dispatchPointerDataPacket (dart:ui/platform_dispatcher.dart:433:7)
#13     _dispatchPointerDataPacket (dart:u#0      _AssertionError._doThrowNew (dart:core-patch/errors_patch.dart:51:61)
#1      _AssertionError._throwNew (dart:core-patch/errors_patch.dart:40:5)
#2      MouseTracker._deviceUpdatePhase (package:flutter/src/rendering/mouse_tracker.dart:205:12)
#3      MouseTracker.updateWithEvent.<anonymous closure> (package:flutter/src/rendering/mouse_tracker.dart:328:7)
#4      MouseTracker._monitorMouseConnection (package:flutter/src/rendering/mouse_tracker.dart:193:9)
#5      MouseTracker.updateWithEvent (package:flutter/src/rendering/mouse_tracker.dart:327:5)
#6      RendererBinding.dispatchEvent (package:flutter/src/rendering/binding.dart:432:20)
#7      GestureBinding._handlePointerEventImmediately (package:flutter/src/gestures/binding.dart:413:7)
#8      GestureBinding.handlePointerEvent (package:flutter/src/gestures/binding.dart:376:5)
#9      GestureBinding._flushPointerEventQueue (package:flutter/src/gestures/binding.dart:323:7)
#10     GestureBinding._handlePointerDataPacket (package:flutter/src/gestures/binding.dart:292:9)
#11     _invoke1 (dart:ui/hooks.dart:186:13)
#12     PlatformDispatcher._dispatchPointerDataPacket (dart:ui/platform_dispatcher.dart:433:7)
#13     _dispatchPointerDataPacket (dart:ui/hooks.dart:119:31)
''package:flutter/src[2023.08.11 23:22:40]ker.dart': Failed assertion: line 205 pos 12: '!_debugDuringDeviceUpdate': is not true.errors_patch.dart:40:5)
#2      MouseTracker._deviceUpdatePhase (package:flutter/src/rendering/mouse_tracker.dart:205:12)
#3      MouseTracker.updateWithEvent.<anonymous closure> (package:flutter/src/rendering/mouse_tracker.dart:328:7)
#4      MouseTracker._monitorMouseConnection (package:flutter/src/rendering/mouse_tracker.dart:193:9)
#5      MouseTracker.updateWithEvent (package:flutter/src/rendering/mouse_tracker.dart:327:5)
#6      RendererBinding.dispatchEvent (package:flutter/src/rendering/binding.dart:432:20)
#7      GestureBinding._handlePointerEventImmediately (package:flutter/src/gestures/binding.dart:413:7)
#8      GestureBinding.handlePointerEvent (package:flutter/src/gestures/binding.dart:376:5)
#9      GestureBinding._flushPointerEventQueue (package:flutter/src/gestures/binding.dart:323:7)
#10     GestureBinding._handlePointerDataPacket (package:flutter/src/gestures/binding.dart:292:9)
#11     _invoke1 (dart:ui/hooks.dart:186:13)
#12     PlatformDispatcher._dispatchPointerDataPacket (dart:ui/platform_dispatcher.dart:433:7)
#13     _dispatchPointerDataPacket (dart:ui/hooks.dart:119:31)
[2023.08.11 23:22:40]or._doThrowNew (dart:core-patch/errors_patch.dart:51:61)
#1      _AssertionError._throwNew (dart:core-patch/errors_patch.dart:40:5)
#2      MouseTracker._deviceUpdatePhase (package:flutter/src/rendering/mouse_tracker.dart:205:12)
#3      MouseTracker.updateWithEvent.<anonymous closure> (package:flutter/src/rendering/mouse_tracker.dart:328:7)
#4      MouseTracker._monitorMouseConnection (package:flutter/src/rendering/mouse_tracker.dart:193:9)
#5      MouseTracker.updateWithEvent (package:flutter/src/rendering/mouse_tracker.dart:327:5)
#6      RendererBinding.dispatchEvent (package:flutter/src/rendering/binding.dart:432:20)
#7      GestureBinding._handlePointerEventImmediately (package:flutter/src/gestures/binding.dart:413:7)
#8      GestureBinding.handlePointerEvent (package:flutter/src/gestures/binding.dart:376:5)
#9      GestureBinding._flushPointerEventQueue (package:flutter/src/gestures/binding.dart:323:7)
#10     GestureBinding._handlePointerDataPacket (package:flutter/src/gestures/binding.dart:292:9)
#11     _invoke1 (dart:ui/hooks.dart:186:13)
#12     PlatformDispatcher._dispatchPointerDataPacket (dart:ui/platform_dispatcher.dart:433:7)
#13     _dispatchPointerDataPacket (dart:ui/hooks.dart:119:31)
'package:flutter/src/rendering/mouse_tracker.dart': Failed assertion: line 205 pos 12: '!_debugDuringDeviceUpdate': is not true.
0      _AssertionError._doThrowNew (dart:core-patch/errors_patch.dart:51:61)
#1      _AssertionError._throwNew (dart:core-patch/errors_patch.dart:40:5)
#2      MouseTracker._deviceUpdatePhase (package:flutter/src/rendering/mouse_tracker.dart:205:12)
#3      MouseTracker.updateWithEvent.<anonymous closure> (package:flutter/src/rendering/mouse_tracker.dart:328:7)
#4      MouseTracker._monitorMouseConnection (package:flutter/src/rendering/mouse_tracker.dart:193:9)
#5      MouseTracker.updateWithEvent (package:flutter/src/rendering/mouse_tracker.dart:327:5)
#6      RendererBinding.dispatchEvent (package:flutter/src/rendering/binding.dart:432:20)
#7      GestureBinding._handlePointerEventImmediately (package:flutter/src/gestures/binding.dart:413:7)
#8      GestureBinding.handlePointerEvent (package:flutter/src/gestures/binding.dart:376:5)
#9      GestureBinding._flushPointerEventQueue (package:flutter/src/gestures/binding.dart:323:7)
#10     GestureBinding._handlePointerDataPacket (package:flutter/src/gestures/binding.dart:292:9)
#11     _invoke1 (dart:ui/hooks.dart:186:13)
#12     PlatformDispatcher._dispatchPointerDataPacket (dart:ui/platform_dispatcher.dart:433:7)
#13     _dispatchPointerDataPacket (dart:ui/hooks.dart:119:31)
[2023.08.11 23:22:40]rendering/mouse_tracker.dart': Failed assertion: line 205 pos 12: '!_debugDuringDeviceUpdate': is not true./errors_patch.dart:40:5)
#2      MouseTracker._deviceUpdatePhase (package:flutter/src/rendering/mouse_tracker.dart:205:12)
#3      MouseTracker.updateWithEvent.<anonymous closure> (package:flutter/src/rendering/mouse_tracker.dart:328:7)
#4      MouseTracker._monitorMouseConnection (package:flutter/src/rendering/mouse_tracker.dart:193:9)
#5      MouseTracker.updateWithEvent (package:flutter/src/rendering/mouse_tracker.dart:327:5)
#6      RendererBinding.dispatchEvent (package:flutter/src/rendering/binding.dart:432:20)
#7      GestureBinding._handlePointerEventImmediately (package:flutter/src/gestures/binding.dart:413:7)
#8      GestureBinding.handlePointerEvent (package:flutter/src/gestures/binding.dart:376:5)
#9      GestureBinding._flushPointerEventQueue (package:flutter/src/gestures/binding.dart:323:7)
#10     GestureBinding._handlePointerDataPacket (package:flutter/src/gestures/binding.dart:292:9)
#11     _invoke1 (dart:ui/hooks.dart:186:13)
#12     PlatformDispatcher._dispatchPointerDataPacket (dart:ui/platform_dispatcher.dart:433:7)
#13     _dispatchPointerDataPacket (dart:ui/hooks.dart:119:31)
'package:flutter/src/rendering/mouse_tracker.dart': Failed assertion: line 205 pos 12: '!_debugDuringDeviceUpdate': is not true./errors_patch.dart:40:5)
#2      MouseTracker._deviceUpdatePhase (package:flutter/src/rendering/mouse_tracker.dart:205:12)
#3      MouseTracker.updateWithEvent.<anonymous closure> (package:flutter/src/rendering/mouse_tracker.dart:328:7)
#4      MouseTracker._monitorMouseConnection (package:flutter/src/rendering/mouse_tracker.dart:193:9)
#5      MouseTracker.updateWithEvent (package:flutter/src/rendering/mouse_tracker.dart:327:5)
#6      RendererBinding.dispatchEvent (package:flutter/src/rendering/binding.dart:432:20)
#7      GestureBinding._handlePointerEventImmediately (package:flutter/src/gestures/binding.dart:413:7)
#8      GestureBinding.handlePointerEvent (package:flutter/src/gestures/binding.dart:376:5)
#9      GestureBinding._flushPointerEventQueue (package:flutter/src/gestures/binding.dart:323:7)
#10     GestureBinding._handlePointerDataPacket (package:flutter/src/gestures/binding.dart:292:9)
#11     _invoke1 (dart:ui/hooks.dart:186:13)
#12     PlatformDispatcher._dispatchPointerDataPacket (dart:ui/platform_dispatcher.dart:433:7)
#13     _dispatchPointerDataPacket (dart:ui/hooks.dart:119:31)
'package:flutter/src/rendering/mouse_tracker.dart': Failed assertion: line 205 pos 12: '!_debugDuringDeviceUpdate': is not true.[2023.08.11 23:22:40]or._doThrowNew (dart:core-patch/errors_patch.dart:51:61)
#1      _AssertionError._throwNew (dart:core-patch/errors_patch.dart:40:5)
#2      MouseTracker._deviceUpdatePhase (package:flutter/src/rendering/mouse_tracker.dart:205:12)
#3      MouseTracker.updateWithEvent.<anonymous closure> (package:flutter/src/rendering/mouse_tracker.dart:328:7)
#4      MouseTracker._monitorMouseConnection (package:flutter/src/rendering/mouse_tracker.dart:193:9)
#5      MouseTracker.updateWithEvent (package:flutter/src/rendering/mouse_tracker.dart:327:5)
#6      RendererBinding.dispatchEvent (package:flutter/src/rendering/binding.dart:432:20)
#7      GestureBinding._handlePointerEventImmediately (package:flutter/src/gestures/binding.dart:413:7)
#8      GestureBinding.handlePointerEvent (package:flutter/src/gestures/binding.dart:376:5)
#9      GestureBinding._flushPointerEventQueue (package:flutter/src/gestures/binding.dart:323:7)
#10     GestureBinding._handlePointerDataPacket (package:flutter/src/gestures/binding.dart:292:9)
#11     _invoke1 (dart:ui/hooks.dart:186:13)
#12     PlatformDispatcher._dispatchPointerDataPacket (dart:ui/platform_dispatcher.dart:433:7)
#13     _dispatchPointerDataPacket (dart:ui/hooks.dart:119:31)
#0      _AssertionError._doThrowNew (dart:core-patch/errors_patch.dart:51:61)
#1      _AssertionError._throwNew (dart:core-patch/errors_patch.dart:40:5)
#2      MouseTracker._deviceUpdatePhase (package:flutter/src/rendering/mouse_tracker.dart:205:12)
#3      MouseTracker.updateWithEvent.<anonymous closure> (package:flutter/src/rendering/mouse_tracker.dart:328:7)
#4      MouseTracker._monitorMouseConnection (package:flutter/src/rendering/mouse_tracker.dart:193:9)
#5      MouseTracker.updateWithEvent (package:flutter/src/rendering/mouse_tracker.dart:327:5)
#6      RendererBinding.dispatchEvent (package:flutter/src/rendering/binding.dart:432:20)
#7      GestureBinding._handlePointerEventImmediately (package:flutter/src/gestures/binding.dart:413:7)
#8      GestureBinding.handlePointerEvent (package:flutter/src/gestures/binding.dart:376:5)
#9      GestureBinding._flushPointerEventQueue (package:flutter/src/gestures/binding.dart:323:7)
#10     GestureBinding._handlePointerDataPacket (package:flutter/src/gestures/binding.dart:292:9)
#11     _invoke1 (dart:ui/hooks.dart:186:13)
#12     PlatformDispatcher._dispatchPointerDataPacket (dart:ui/platform_dispatcher.dart:433:7)
#13     _dispatchPointerDataPacket (dart:ui/hooks.dart:119:31)
'package:flutter/src/rendering/mouse_tracker.dart': Failed assertion: line 205 pos 12: '!_debugDuringDeviceUpdate': is not true./errors_patch.dart:40:5)
#2      MouseTracker._deviceUpdatePhase (package:flutter/src/rendering/mouse_tracker.dart:205:12)
#3      MouseTracker.updateWithEvent.<anonymous closure> (package:flutter/src/rendering/mouse_tracker.dart:328:7)
#4      MouseTracker._monitorMouseConnection (package:flutter/src/rendering/mouse_tracker.dart:193:9)
#5      MouseTracker.updateWithEvent (package:flutter/src/rendering/mouse_tracker.dart:327:5)
#6      RendererBinding.dispatchEvent (package:flutter/src/rendering/binding.dart:432:20)
#7      GestureBinding._handlePointerEventImmediately (package:flutter/src/gestures/binding.dart:413:7)
#8      GestureBinding.handlePointerEvent (package:flutter/src/gestures/binding.dart:376:5)
#9      GestureBinding._flushPointerEventQueue (package:flutter/src/gestures/binding.dart:323:7)
#10     GestureBinding._handlePointerDataPacket (package:flutter/src/gestures/binding.dart:292:9)
#11     _invoke1 (dart:ui/hooks.dart:186:13)
#12     PlatformDispatcher._dispatchPointerDataPacket (dart:ui/platform_dispatcher.dart:433:7)
#13     _dispatchPointerDataPacket (dart:ui/hooks.dart:119:31)
#0      _AssertionError._doThrowNew (dart:core-patch/errors_patch.dart:51:61)
#1      _AssertionError._throwNew (dart:core-patch/errors_patch.dart:40:5)
#2      MouseTracker._deviceUpdatePhase (package:flutter/src/rendering/mouse_tracker.dart:205:12)
#3      MouseTracker.updateWithEvent.<anonymous closure> (package:flutter/src/rendering/mouse_tracker.dart:328:7)
#4      MouseTracker._monitorMouseConnection (package:flutter/src/rendering/mouse_tracker.dart:193:9)
#5      MouseTracker.updateWithEvent (package:flutter/src/rendering/mouse_tracker.dart:327:5)
#6      RendererBinding.dispatchEvent (package:flutter/src/rendering/binding.dart:432:20)
#7      GestureBinding._handlePointerEventImmediately (package:flutter/src/gestures/binding.dart:413:7)
#8      GestureBinding.handlePointerEvent (package:flutter/src/gestures/binding.dart:376:5)
#9      GestureBinding._flushPointerEventQueue (package:flutter/src/gestures/binding.dart:323:7)
#10     GestureBinding._handlePointerDataPacket (package:flutter/src/gestures/binding.dart:292:9)
#11     _invoke1 (dart:ui/hooks.dart:186:13)
#12     PlatformDispatcher._dispatchPointerDataPacket (dart:ui/platform_dispatcher.dart:433:7)
#13     _dispatchPointerDataPacket (dart:ui/hooks.dart:119:31)
[2023.08.11 23:22:41]'package:flutter/src/rendering/mouse_tracker.dart': Failed assertion: line 205 pos 12: '!_debugDuringDeviceUpdate': is not true.
0      _AssertionError._doThrowNew (dart:core-patch/errors_patch.dart:51:61)
#1      _AssertionError._throwNew (dart:core-patch/errors_patch.dart:40:5)
#2      MouseTracker._deviceUpdatePhase (package:flutter/src/rendering/mouse_tracker.dart:205:12)
#3      MouseTracker.updateWithEvent.<anonymous closure> (package:flutter/src/rendering/mouse_tracker.dart:328:7)
#4      MouseTracker._monitorMouseConnection (package:flutter/src/rendering/mouse_tracker.dart:193:9)
#5      MouseTracker.updateWithEvent (package:flutter/src/rendering/mouse_tracker.dart:327:5)
#6      RendererBinding.dispatchEvent (package:flutter/src/rendering/binding.dart:432:20)
#7      GestureBinding._handlePointerEventImmediately (package:flutter/src/gestures/binding.dart:413:7)
#8      GestureBinding.handlePointerEvent (package:flutter/src/gestures/binding.dart:376:5)
#9      GestureBinding._flushPointerEventQueue (package:flutter/src/gestures/binding.dart:323:7)
#10     GestureBinding._handlePointerDataPacket (package:flutter/src/gestures/binding.dart:292:9)
#11     _invoke1 (dart:ui/hooks.dart:186:13)
#12     PlatformDispatcher._dispatchPointerDataPacket (dart:ui/platform_dispatcher.dart:433:7)
#13     _dispatchPointerDataPacket (dart:ui/hooks.dart:119:31)

2023.08.11 23:22:41]rendering/mouse_tracker.dart': Failed assertion: line 205 pos 12: '!_debugDuringDeviceUpdate': is not true.
[2023.08.11 23:22:41]#0      _AssertionError._doThrowNew (dart:core-patch/errors_patch.dart:51:61)
#1      _AssertionError._thro[2023.08.11 23:22:41]/errors_patch.dart:40:5)
#2      MouseTracker._deviceUpdatePhase (package:flutter/src/rendering/mouse_tracker.dart:205:12)
#3      MouseTracker.updateWithEvent.<anonymous closure> (package:flutter/src/rendering/mouse_tracker.dart:328:7)
#4      MouseTracker._monitorMouseConnection (package:flutter/src/rendering/mouse_tracker.dart:193:9)
#5      MouseTracker.updateWithEvent (package:flutter/src/rendering/mouse_tracker.dart:327:5)
#6      RendererBinding.dispatchEvent (package:flutter/src/rendering/binding.dart:432:20)
#7      GestureBinding._handlePointerEventImmediately (package:flutter/src/gestures/binding.dart:413:7)
#8      GestureBinding.handlePointerEvent (package:flutter/src/gestures/binding.dart:376:5)
#9      GestureBinding._flushPointerEventQueue (package:flutter/src/gestures/binding.dart:323:7)
#10     GestureBinding._handlePointerDataPacket (package:flutter/src/gestures/binding.dart:292:9)
#11     _invoke1 (dart:ui/hooks.dart:186:13)
#12     PlatformDispatcher._dispatchPointerDataPacket (dart:ui/platform_dispatcher.dart:433:7)
#13     _dispatchPointerDataPacket (dart:ui/hooks.dart:119:31)
##0      _AssertionError._doThrowNew (dart:core-patch/errors_patch.dart:51:61)
#1      _AssertionError._throwNew (dart:core-patch/errors_patch.dart:40:5)
#2      MouseTracker._deviceUpdatePhase (package:flutter/src/rendering/mouse_tracker.dart:205:12)
#3      MouseTracker.updateWithEvent.<anonymous closure> (package:flutter/src/rendering/mouse_tracker.dart:328:7)
#4      MouseTracker._monitorMouseConnection (package:flutter/src/rendering/mouse_tracker.dart:193:9)
#5      MouseTracker.updateWithEvent (package:flutter/src/rendering/mouse_tracker.dart:327:5)
#6      RendererBinding.dispatchEvent (package:flutter/src/rendering/binding.dart:432:20)
#7      GestureBinding._handlePointerEventImmediately (package:flutter/src/gestures/binding.dart:413:7)
#8      GestureBinding.handlePointerEvent (package:flutter/src/gestures/binding.dart:376:5)
#9      GestureBinding._flushPointerEventQueue (package:flutter/src/gestures/binding.dart:323:7)
#10     GestureBinding._handlePointerDataPacket (package:flutter/src/gestures/binding.dart:292:9)
#11     _invoke1 (dart:ui/hooks.dart:186:13)
#12     PlatformDispatcher._dispatchPointerDataPacket (dart:ui/platform_dispatcher.dart:433:7)
#13     _dispatchPointerDataPacket (dart:ui/hooks.dart:119:31)[
package:flutter/src[2023.08.11 23:22:41]rendering/mouse_tracker.dart': Failed assertion: line 205 pos 12: '!_debugDuringDeviceUpdate': is not true.:5)
#2      MouseTracker._deviceUpdatePhase (package:flutter/src/rendering/mouse_tracker.dart:205:12)
#3      MouseTracker.updateWithEvent.<anonymous closure> (package:flutter/src/rendering/mouse_tracker.dart:328:7)
#4      MouseTracker._monitorMouseConnection (package:flutter/src/rendering/mouse_tracker.dart:193:9)
#5      MouseTracker.updateWithEvent (package:flutter/src/rendering/mouse_tracker.dart:327:5)
#6      RendererBinding.dispatchEvent (package:flutter/src/rendering/binding.dart:432:20)
#7      GestureBinding._handlePointerEventImmediately (package:flutter/src/gestures/binding.dart:413:7)
#8      GestureBinding.handlePointerEvent (package:flutter/src/gestures/binding.dart:376:5)
#9      GestureBinding._flushPointerEventQueue (package:flutter/src/gestures/binding.dart:323:7)
#10     GestureBinding._handlePointerDataPacket (package:flutter/src/gestures/binding.dart:292:9)
#11     _invoke1 (dart:ui/hooks.dart:186:13)
#12     PlatformDispatcher._dispatchPointerDataPacket (dart:ui/platform_dispatcher.dart:433:7)
#13     _dispatchPointerDataPacket (dart:ui/hooks.dart:119:31)
'[2023.08.11 23:22:41]rendering/mouse_tracker.dart': Failed assertion: line 205 pos 12: '!_debugDuringDeviceUpdate': is not true./errors_patch.dart:40:5)
#2      MouseTracker._deviceUpdatePhase (package:flutter/src/rendering/mouse_tracker.dart:205:12)
#3      MouseTracker.updateWithEvent.<anonymous closure> (package:flutter/src/rendering/mouse_tracker.dart:328:7)
#4      MouseTracker._monitorMouseConnection (package:flutter/src/rendering/mouse_tracker.dart:193:9)
#5      MouseTracker.updateWithEvent (package:flutter/src/rendering/mouse_tracker.dart:327:5)
#6      RendererBinding.dispatchEvent (package:flutter/src/rendering/binding.dart:432:20)
#7      GestureBinding._handlePointerEventImmediately (package:flutter/src/gestures/binding.dart:413:7)
#8      GestureBinding.handlePointerEvent (package:flutter/src/gestures/binding.dart:376:5)
#9      GestureBinding._flushPointerEventQueue (package:flutter/src/gestures/binding.dart:323:7)
#10     GestureBinding._handlePointerDataPacket (package:flutter/src/gestures/binding.dart:292:9)
#11     _invoke1 (dart:ui/hooks.dart:186:13)
#12     PlatformDispatcher._dispatchPointerDataPacket (dart:ui/platform_dispatcher.dart:433:7)
#13     _dispatchPointerDataPacket (dart:ui/hooks.dart:119:31)#0      _AssertionError._doThrowNew (dart:core-patch/errors_patch.dart:51:61)
#1      _AssertionError._throwNew (dart:core-patch/errors_patch.dart:40:5)
#2      MouseTracker._deviceUpdatePhase (package:flutter/src/rendering/mouse_tracker.dart:205:12)
#3      MouseTracker.updateWithEvent.<anonymous closure> (package:flutter/src/rendering/mouse_tracker.dart:328:7)
#4      MouseTracker._monitorMouseConnection (package:flutter/src/rendering/mouse_tracker.dart:193:9)
#5      MouseTracker.updateWithEvent (package:flutter/src/rendering/mouse_tracker.dart:327:5)
#6      RendererBinding.dispatchEvent (package:flutter/src/rendering/binding.dart:432:20)
#7      GestureBinding._handlePointerEventImmediately (package:flutter/src/gestures/binding.dart:413:7)
#8      GestureBinding.handlePointerEvent (package:flutter/src/gestures/binding.dart:376:5)
#9      GestureBinding._flushPointerEventQueue (package:flutter/src/gestures/binding.dart:323:7)
#10     GestureBinding._handlePointerDataPacket (package:flutter/src/gestures/binding.dart:292:9)
#11     _invoke1 (dart:ui/hooks.dart:186:13)
#12     PlatformDispatcher._dispatchPointerDataPacket (dart:ui/platform_dispatcher.dart:433:7)
#13     _dispatchPointerDataPacket (dart:ui/hooks.dart:119:31)
'package:flutter/src/rendering/mouse_tracker.dart': Failed assertion: line 205 pos 12: '!_debugDuringDeviceUpdate': is not true./errors_patch.dart:40:5)
#2      MouseTracker._deviceUpdatePhase (package:flutter/src/rendering/mouse_tracker.dart:205:12)
#3      MouseTracker.updateWithEvent.<anonymous closure> (package:flutter/src/rendering/mouse_tracker.dart:328:7)
#4      MouseTracker._monitorMouseConnection (package:flutter/src/rendering/mouse_tracker.dart:193:9)
#5      MouseTracker.updateWithEvent (package:flutter/src/rendering/mouse_tracker.dart:327:5)
#6      RendererBinding.dispatchEvent (package:flutter/src/rendering/binding.dart:432:20)
#7      GestureBinding._handlePointerEventImmediately (package:flutter/src/gestures/binding.dart:413:7)
#8      GestureBinding.handlePointerEvent (package:flutter/src/gestures/binding.dart:376:5)
#9      GestureBinding._flushPointerEventQueue (package:flutter/src/gestures/binding.dart:323:7)
#10     GestureBinding._handlePointerDataPacket (package:flutter/src/gestures/binding.dart:292:9)
#11     _invoke1 (dart:ui/hooks.dart:186:13)
#12     PlatformDispatcher._dispatchPointerDataPacket (dart:ui/platform_dispatcher.dart:433:7)
#13     _dispatchPointerDataPacket (dart:ui/hooks.dart:119:31)
[2023.08.11 23:22:41]or._doThrowNew (dart:core-patch/errors_patch.dart:51:61)
#1      _AssertionError._throwNew (dart:core-patch/errors_patch.dart:40:5)
#2      MouseTracker._deviceUpdatePhase (package:flutter/src/rendering/mouse_tracker.dart:205:12)
#3      MouseTracker.updateWithEvent.<anonymous closure> (package:flutter/src/rendering/mouse_tracker.dart:328:7)
#4      MouseTracker._monitorMouseConnection (package:flutter/src/rendering/mouse_tracker.dart:193:9)
#5      MouseTracker.updateWithEvent (package:flutter/src/rendering/mouse_tracker.dart:327:5)
#6      RendererBinding.dispatchEvent (package:flutter/src/rendering/binding.dart:432:20)
#7      GestureBinding._handlePointerEventImmediately (package:flutter/src/gestures/binding.dart:413:7)
#8      GestureBinding.handlePointerEvent (package:flutter/src/gestures/binding.dart:376:5)
#9      GestureBinding._flushPointerEventQueue (package:flutter/src/gestures/binding.dart:323:7)
#10     GestureBinding._handlePointerDataPacket (package:flutter/src/gestures/binding.dart:292:9)
#11     _invoke1 (dart:ui/hooks.dart:186:13)
#12     PlatformDispatcher._dispatchPointerDataPacket (dart:ui/platform_dispatcher.dart:433:7)
#13     _dispatchPointerDataPacket (dart:ui/hooks.dart:119:31)
'package:flutter/src/rendering/mouse_tracker.dart': Failed assertion: line 205 pos 12: '!_debugDuringDeviceUpdate': is not true.
2023.08.11 23:22:41][2023.08.11 23:22:41]or._doThrowNew (dart:core-patch/errors_patch.dart:51:61)
#1      _AssertionError._throwNew (dart:core-patch/errors_patch.dart:40:5)
#2      MouseTracker._deviceUpdatePhase (package:flutter/src/rendering/mouse_tracker.dart:205:12)
#3      MouseTracker.updateWithEvent.<anonymous closure> (package:flutter/src/rendering/mouse_tracker.dart:328:7)
#4      MouseTracker._monitorMouseConnection (package:flutter/src/rendering/mouse_tracker.dart:193:9)
#5      MouseTracker.updateWithEvent (package:flutter/src/rendering/mouse_tracker.dart:327:5)
#6      RendererBinding.dispatchEvent (package:flutter/src/rendering/binding.dart:432:20)
#7      GestureBinding._handlePointerEventImmediately (package:flutter/src/gestures/binding.dart:413:7)
#8      GestureBinding.handlePointerEvent (package:flutter/src/gestures/binding.dart:376:5)
#9      GestureBinding._flushPointerEventQueue (package:flutter/src/gestures/binding.dart:323:7)
#10     GestureBinding._handlePointerDataPacket (package:flutter/src/gestures/binding.dart:292:9)
#11     _invoke1 (dart:ui/hooks.dart:186:13)
#12     PlatformDispatcher._dispatchPointerDataPacket (dart:ui/platform_dispatcher.dart:433:7)
#13     _dispatchPointerDataPacket (dart:ui/hooks.dart:119:31)
'package:flutter/src/rendering/mouse_tracker.dart': Failed assertion: line 205 pos 12: '!_debugDuringDeviceUpdate': is not true./errors_patch.dart:40:5)
#2      MouseTracker._deviceUpdatePhase (package:flutter/src/rendering/mouse_tracker.dart:205:12)
#3      MouseTracker.updateWithEvent.<anonymous closure> (package:flutter/src/rendering/mouse_tracker.dart:328:7)
#4      MouseTracker._monitorMouseConnection (package:flutter/src/rendering/mouse_tracker.dart:193:9)
#5      MouseTracker.updateWithEvent (package:flutter/src/rendering/mouse_tracker.dart:327:5)
#6      RendererBinding.dispatchEvent (package:flutter/src/rendering/binding.dart:432:20)
#7      GestureBinding._handlePointerEventImmediately (package:flutter/src/gestures/binding.dart:413:7)
#8      GestureBinding.handlePointerEvent (package:flutter/src/gestures/binding.dart:376:5)
#9      GestureBinding._flushPointerEventQueue (package:flutter/src/gestures/binding.dart:323:7)
#10     GestureBinding._handlePointerDataPacket (package:flutter/src/gestures/binding.dart:292:9)
#11     _invoke1 (dart:ui/hooks.dart:186:13)
#12     PlatformDispatcher._dispatchPointerDataPacket (dart:ui/platform_dispatcher.dart:433:7)
#13     _dispatchPointerDataPacket (dart:ui/hooks.dart:119:31)
#0      _AssertionError._doThrowNew (dart:core-patch/errors_patch.dart:51:61)
#1      _AssertionError._throwNew (dart:core-patch/errors_patch.dart:40:5)
#2      MouseTracker._deviceUpdatePhase (package:flutter/src/rendering/mouse_tracker.dart:205:12)
#3      MouseTracker.updateWithEvent.<anonymous closure> (package:flutter/src/rendering/mouse_tracker.dart:328:7)
#4      MouseTracker._monitorMouseConnection (package:flutter/src/rendering/mouse_tracker.dart:193:9)
#5      MouseTracker.updateWithEvent (package:flutter/src/rendering/mouse_tracker.dart:327:5)
#6      RendererBinding.dispatchEvent (package:flutter/src/rendering/binding.dart:432:20)
#7      GestureBinding._handlePointerEventImmediately (package:flutter/src/gestures/binding.dart:413:7)
#8      GestureBinding.handlePointerEvent (package:flutter/src/gestures/binding.dart:376:5)
#9      GestureBinding._flushPointerEventQueue (package:flutter/src/gestures/binding.dart:323:7)
#10     GestureBinding._handlePointerDataPacket (package:flutter/src/gestures/binding.dart:292:9)
#11     _invoke1 (dart:ui/hooks.dart:186:13)
#12     PlatformDispatcher._dispatchPointerDataPacket (dart:ui/platform_dispatcher.dart:433:7)
#13     _dispatchPointerDataPacket (dart:ui/hooks.dart:119:31)
#0      _AssertionError._doThrowNew (dart:core-patch/errors_patch.dart:51:61)
#1      _AssertionError._throwNew (dart:core-patch/errors_patch.dart:40:5)
#2      MouseTracker._deviceUpdatePhase (package:flutter/src/rendering/mouse_tracker.dart:205:12)
#3      MouseTracker.updateWithEvent.<anonymous closure> (package:flutter/src/rendering/mouse_tracker.dart:328:7)
#4      MouseTracker._monitorMouseConnection (package:flutter/src/rendering/mouse_tracker.dart:193:9)
#5      MouseTracker.updateWithEvent (package:flutter/src/rendering/mouse_tracker.dart:327:5)
#6      RendererBinding.dispatchEvent (package:flutter/src/rendering/binding.dart:432:20)
#7      GestureBinding._handlePointerEventImmediately (package:flutter/src/gestures/binding.dart:413:7)
#8      GestureBinding.handlePointerEvent (package:flutter/src/gestures/binding.dart:376:5)
#9      GestureBinding._flushPointerEventQueue (package:flutter/src/gestures/binding.dart:323:7)
#10     GestureBinding._handlePointerDataPacket (package:flutter/src/gestures/binding.dart:292:9)
#11     _invoke1 (dart:ui/hooks.dart:186:13)
#12     PlatformDispatcher._dispatchPointerDataPacket (dart:ui/platform_dispatcher.dart:433:7)
#13     _dispatchPointerDataPacket (dart:ui/hooks.dart:119:31)

[2023.08.11 23:22:42]'package:flutter/src/rendering/mouse_tracker.dart': Failed assertion: line 205 pos 12: '!_debugDuringDeviceUpdate': is not true.#0      _AssertionError._doThrowNew (dart:core-patch/errors_patch.dart:51:61)
#1      _AssertionError._throwNew (dart:core-patch/errors_patch.dart:40:5)
#2      MouseTracker._deviceUpdatePhase (package:flutter/src/rendering/mouse_tracker.dart:205:12)
#3      MouseTracker.updateAllDevices (package:flutter/src/rendering/mouse_tracker.dart:372:5)
#4      RendererBinding._scheduleMouseTrackerUpdate.<anonymous closure> (package:flutter/src/rendering/binding.dart:474:22)
#5      SchedulerBinding._invokeFrameCallback (package:flutter/src/scheduler/binding.dart:1325:15)
#6      SchedulerBinding.handleDrawFrame (package:flutter/src/scheduler/binding.dart:1264:9)
#7      SchedulerBinding._handleDrawFrame (package:flutter/src/scheduler/binding.dart:1113:5)
#8      _invoke (dart:ui/hooks.dart:170:13)
#9      PlatformDispatcher._drawFrame (dart:ui/platform_dispatcher.dart:410:5)
#10     _drawFrame (dart:ui/hooks.dart:140:31)



[2023.08.11 23:22:46][2023.08.11 23:22:46]Cannot hit test a render box with no size.
The hitTest() method was called on this RenderBox: RenderConstrainedBox#d02a4 relayoutBoundary=up1:
  needs compositing
  creator: ConstrainedBox ← Align ← MediaQuery ← Padding ← AnimatedPadding ← Dialog ← AlertDialog ← WindowsAddOptionDialog ← Builder ← IconTheme ← IconButtonTheme ← DefaultTextStyle ← ⋯
  parentData: offset=Offset(0.0, 0.0) (can use size)
  constraints: BoxConstraints(0.0<=w<=928.0, 0.0<=h<=681.0)
  size: MISSING
  additionalConstraints: BoxConstraints(280.0<=w<=Infinity, 0.0<=h<=Infinity)
Although this node is not marked as needing layout, its size is not set.
A RenderBox object must have an explicit size before it can be hit-tested. Make sure that the RenderBox in question sets its size during layout.'package:flutter/src/rendering/box.dart': Failed assertion: line 1974 pos 12: 'hasSize': RenderBox was not laid out: RenderSemanticsAnnotations#9abf7 relayoutBoundary=up5 NEEDS-PAINT NEEDS-COMPOSITING-BITS-UPDATEy ← Padding ← AnimatedPadding ← Dialog ← AlertDialog ← WindowsAddOptionDialog ← Builder ← IconTheme ← IconButtonTheme ← DefaultTextStyle ← ⋯
  parentData: offset=Offset(0.0, 0.0) (can use size)
  constraints: BoxConstraints(0.0<=w<=928.0, 0.0<=h<=681.0)
  size: MISSING
  additionalConstraints: BoxConstraints(280.0<=w<=Infinity, 0.0<=h<=Infinity)
Although this node is not marked as needing layout, its size is not set.
A RenderBox object must have an explicit size before it can be hit-tested. Make sure that the RenderBox in question sets its size during layout.##0      RenderBox.hitTest.<anonymous closure> (package:flutter/src/rendering/box.dart:2467:9)
#1      RenderBox.hitTest (package:flutter/src/rendering/box.dart:2482:6)
#2      RenderShiftedBox.hitTestChildren.<anonymous closure> (package:flutter/src/rendering/shifted_box.dart:88:24)
#3      BoxHitTestResult.addWithPaintOffset (package:flutter/src/rendering/box.dart:800:31)
#4      RenderShiftedBox.hitTestChildren (package:flutter/src/rendering/shifted_box.dart:83:21)
#5      RenderBox.hitTest (package:flutter/src/rendering/box.dart:2484:11)
#6      RenderShiftedBox.hitTestChildren.<anonymous closure> (package:flutter/src/rendering/shifted_box.dart:88:24)
#7      BoxHitTestResult.addWithPaintOffset (package:flutter/src/rendering/box.dart:800:31)
#8      RenderShiftedBox.hitTestChildren (package:flutter/src/rendering/shifted_box.dart:83:21)
#9      RenderBox.hitTest (package:flutter/src/rendering/box.dart:2484:11)
#10     RenderShiftedBox.hitTestChildren.<anonymous closure> (package:flutter/src/rendering/shifted_box.dart:88:24)
#11     BoxHitTestResult.addWithPaintOffset (package:flutter/src/rendering/box.dart:800:31)
#12     RenderShiftedBox.hitTestChildren (package:flutter/src/rendering/shifted_box.dart:83:21)
#13     RenderBox.hitTest (package:flutter/src/rendering/box.dart:2484:11)
#14     RenderShiftedBox.hitTestChildren.<anonymous closure> (package:flutter/src/rendering/shifted_box.dart:88:24)
#15     BoxHitTestResult.addWithPaintOffset (package:flutter/src/rendering/box.dart:800:31)
#16     RenderShiftedBox.hitTestChildren (package:flutter/src/rendering/shifted_box.dart:83:21)
#17     RenderBox.hitTest (package:flutter/src/rendering/box.dart:2484:11)
#18     RenderProxyBoxMixin.hitTestChildren (package:flutter/src/rendering/proxy_box.dart:117:19)
#19     RenderBox.hitTest (package:flutter/src/rendering/box.dart:2484:11)
#20     RenderProxyBoxMixin.hitTestChildren (package:flutter/src/rendering/proxy_box.dart:117:19)
#21     RenderBox.hitTest (package:flutter/src/rendering/box.dart:2484:11)
#22     RenderProxyBoxMixin.hitTestChildren (package:flutter/src/rendering/proxy_box.dart:117:19)
#23     RenderBox.hitTest (package:flutter/src/rendering/box.dart:2484:11)
#24     RenderIgnorePointer.hitTest (package:flutter/src/rendering/proxy_box.dart:3618:31)
#25     RenderProxyBoxMixin.hitTestChildren (package:flutter/src/rendering/proxy_box.dart:117:19)
#26     RenderBox.hitTest (package:flutter/src/rendering/box.dart:2484:11)
#27     RenderProxyBoxMixin.hitTestChildren (package:flutter/src/rendering/proxy_box.dart:117:19)
#28     RenderBox.hitTest (package:flutter/src/rendering/box.dart:2484:11)
#29     RenderProxyBoxMixin.hitTestChildren (package:flutter/src/rendering/proxy_box.dart:117:19)
#30     RenderBox.hitTest (package:flutter/src/rendering/box.dart:2484:11)
#31     RenderProxyBoxMixin.hitTestChildren (package:flutter/src/rendering/proxy_box.dart:117:19)
#32     RenderBox.hitTest (package:flutter/src/rendering/box.dart:2484:11)
#33     RenderOffstage.hitTest (package:flutter/src/rendering/proxy_box.dart:3747:31)
#34     RenderProxyBoxMixin.hitTestChildren (package:flutter/src/rendering/proxy_box.dart:117:19)
#35     RenderBox.hitTest (package:flutter/src/rendering/box.dart:2484:11)
#36     _RenderTheaterMixin.hitTestChildren.childHitTest (package:flutter/src/widgets/overlay.dart:897:81)
#37     BoxHitTestResult.addWithPaintOffset (package:flutter/src/rendering/box.dart:800:31)
#38     _RenderTheaterMixin.hitTestChildren (package:flutter/src/widgets/overlay.dart:898:22)
#39     RenderBox.hitTest (package:flutter/src/rendering/box.dart:2484:11)
#40     RenderProxyBoxMixin.hitTestChildren (package:flutter/src/rendering/proxy_box.dart:117:19)
#41     RenderBox.hitTest (package:flutter/src/rendering/box.dart:2484:11)
#42     RenderAbsorbPointer.hitTest (package:flutter/src/rendering/proxy_box.dart:3872:17)
#43     RenderProxyBoxMixin.hitTestChildren (package:flutter/src/rendering/proxy_box.dart:117:19)
#44     RenderProxyBoxWithHitTestBehavior.hitTest (package:flutter/src/rendering/proxy_box.dart:172:19)
#45     RenderProxyBoxMixin.hitTestChildren (package:flutter/src/rendering/proxy_box.dart:117:19)
#46     RenderBox.hitTest (package:flutter/src/rendering/box.dart:2484:11)
#47     RenderProxyBoxMixin.hitTestChildren (package:flutter/src/rendering/proxy_box.dart:117:19)
#48     RenderBox.hitTest (package:flutter/src/rendering/box.dart:2484:11)
#49     RenderProxyBoxMixin.hitTestChildren (package:flutter/src/rendering/proxy_box.dart:117:19)
#50     RenderBox.hitTest (package:flutter/src/rendering/box.dart:2484:11)
#51     RenderProxyBoxMixin.hitTestChildren (package:flutter/src/rendering/proxy_box.dart:117:19)
#52     RenderTapRegionSurface.hitTest (package:flutter/src/widgets/tap_region.dart:213:28)
#53     RenderProxyBoxMixin.hitTestChildren (package:flutter/src/rendering/proxy_box.dart:117:19)
#54     RenderBox.hitTest (package:flutter/src/rendering/box.dart:2484:11)
#55     RenderProxyBoxMixin.hitTestChildren (package:flutter/src/rendering/proxy_box.dart:117:19)
#56     RenderBox.hitTest (package:flutter/src/rendering/box.dart:2484:11)
#57     RenderProxyBoxMixin.hitTestChildren (package:flutter/src/rendering/proxy_box.dart:117:19)
#58     RenderBox.hitTest (package:flutter/src/rendering/box.dart:2484:11)
#59     RenderView.hitTest (package:flutter/src/rendering/view.dart:211:14)
#60     RendererBinding.hitTestInView (package:flutter/src/rendering/binding.dart:624:34)
#61     GestureBinding._handlePointerEventImmediately (package:flutter/src/gestures/binding.dart:384:7)
#62     GestureBinding.handlePointerEvent (package:flutter/src/gestures/binding.dart:376:5)
#63     GestureBinding._flushPointerEventQueue (package:flutter/src/gestures/binding.dart:323:7)
#64     GestureBinding._handlePointerDataPacket (package:flutter/src/gestures/binding.dart:292:9)
#65     _invoke1 (dart:ui/hooks.dart:186:13)
#66     PlatformDispatcher._dispatchPointerDataPacket (dart:ui/platform_dispatcher.dart:433:7)
#67     _dispatchPointerDataPacket (dart:ui/hooks.dart:119:31)
endering/box.dart:2391:11)
#73     RenderConstrainedBox.performLayout (package:flutter/src/rendering/proxy_box.dart:279:14)
#74     RenderObject.layout (package:flutter/src/rendering/object.dart:2548:7)
#75     RenderBox.layout (package:flutter/src/rendering/box.dart:2391:11)
#76     RenderPositionedBox.performLayout (package:flutter/src/rendering/shifted_box.dart:438:14)
#77     RenderObject.layout (package:flutter/src/rendering/object.dart:2548:7)
#78     RenderBox.layout (package:flutter/src/rendering/box.dart:2391:11)
#79     RenderPadding.performLayout (package:flutter/src/rendering/shifted_box.dart:238:12)
#80     RenderObject.layout (package:flutter/src/rendering/object.dart:2548:7)
#81     RenderBox.layout (package:flutter/src/rendering/box.dart:2391:11)
#82     RenderPadding.performLayout (package:flutter/src/rendering/shifted_box.dart:238:12)
#83     RenderObject.layout (package:flutter/src/rendering/object.dart:2548:7)
#84     RenderBox.layout (package:flutter/src/rendering/box.dart:2391:11)
#85     RenderPadding.performLayout (package:flutter/src/rendering/shifted_box.dart:238:12)
#86     RenderObject.layout (package:flutter/src/rendering/object.dart:2548:7)
#87     RenderBox.layout (package:flutter/src/rendering/box.dart:2391:11)
#88     RenderProxyBoxMixin.performLayout (package:flutter/src/rendering/proxy_box.dart:104:21)
#89     RenderObject.layout (package:flutter/src/rendering/object.dart:2548:7)
#90     RenderBox.layout (package:flutter/src/rendering/box.dart:2391:11)
#91     RenderProxyBoxMixin.performLayout (package:flutter/src/rendering/proxy_box.dart:104:21)
#92     RenderObject.layout (package:flutter/src/rendering/object.dart:2548:7)
#93     RenderBox.layout (package:flutter/src/rendering/box.dart:2391:11)
#94     RenderProxyBoxMixin.performLayout (package:flutter/src/rendering/proxy_box.dart:104:21)
#95     RenderObject.layout (package:flutter/src/rendering/object.dart:2548:7)
#96     RenderBox.layout (package:flutter/src/rendering/box.dart:2391:11)
#97     RenderProxyBoxMixin.performLayout (package:flutter/src/rendering/proxy_box.dart:104:21)
#98     RenderObject.layout (package:flutter/src/rendering/object.dart:2548:7)
#99     RenderBox.layout (package:flutter/src/rendering/box.dart:2391:11)
#100    RenderProxyBoxMixin.performLayout (package:flutter/src/rendering/proxy_box.dart:104:21)
#101    RenderObject.layout (package:flutter/src/rendering/object.dart:2548:7)
#102    RenderBox.layout (package:flutter/src/rendering/box.dart:2391:11)
#103    RenderProxyBoxMixin.performLayout (package:flutter/src/rendering/proxy_box.dart:104:21)
#104    RenderObject.layout (package:flutter/src/rendering/object.dart:2548:7)
#105    RenderBox.layout (package:flutter/src/rendering/box.dart:2391:11)
#106    RenderProxyBoxMixin.performLayout (package:flutter/src/rendering/proxy_box.dart:104:21)
#107    RenderOffstage.performLayout (package:flutter/src/rendering/proxy_box.dart:3741:13)
#108    RenderObject.layout (package:flutter/src/rendering/object.dart:2548:7)
#109    RenderBox.layout (package:flutter/src/rendering/box.dart:2391:11)
#110    RenderProxyBoxMixin.performLayout (package:flutter/src/rendering/proxy_box.dart:104:21)
#111    RenderObject.layout (package:flutter/src/rendering/object.dart:2548:7)
#112    RenderBox.layout (package:flutter/src/rendering/box.dart:2391:11)
#113    _RenderTheaterMixin.performLayout (package:flutter/src/widgets/overlay.dart:879:15)
#114    RenderObject._layoutWithoutResize (package:flutter/src/rendering/object.dart:2387:7)
#115    PipelineOwner.flushLayout (package:flutter/src/rendering/object.dart:1027:18)
#116    PipelineOwner.flushLayout (package:flutter/src/rendering/object.dart:1040:15)
#117    RendererBinding.drawFrame (package:flutter/src/rendering/binding.dart:591:23)
#118    WidgetsBinding.drawFrame (package:flutter/src/widgets/binding.dart:959:13)
#119    RendererBinding._handlePersistentFrameCallback (package:flutter/src/rendering/binding.dart:457:5)
#120    SchedulerBinding._invokeFrameCallback (package:flutter/src/scheduler/binding.dart:1325:15)
#121    SchedulerBinding.handleDrawFrame (package:flutter/src/scheduler/binding.dart:1255:9)
#122    SchedulerBinding._handleDrawFrame (package:flutter/src/scheduler/binding.dart:1113:5)
#123    _invoke (dart:ui/hooks.dart:170:13)
#124    PlatformDispatcher._drawFrame (dart:ui/platform_dispatcher.dart:410:5)
#125    _drawFrame (dart:ui/hooks.dart:140:31)
5:9)
#125    SchedulerBinding._handleDrawFrame (package:flutter/src/scheduler/binding.dart:1113:5)
#126    _invoke (dart:ui/hooks.dart:170:13)
#127    PlatformDispatcher._drawFrame (dart:ui/platform_dispatcher.dart:410:5)
#128    _drawFrame (dart:ui/hooks.dart:140:31)
c/rendering/object.dart:1040:15)
#128    RendererBinding.drawFrame (package:flutter/src/rendering/binding.dart:591:23)
#129    WidgetsBinding.drawFrame (package:flutter/src/widgets/binding.dart:959:13)
#130    RendererBinding._handlePersistentFrameCallback (package:flutter/src/rendering/binding.dart:457:5)
#131    SchedulerBinding._invokeFrameCallback (package:flutter/src/scheduler/binding.dart:1325:15)
#132    SchedulerBinding.handleDrawFrame (package:flutter/src/scheduler/binding.dart:1255:9)
#133    SchedulerBinding._handleDrawFrame (package:flutter/src/scheduler/binding.dart:1113:5)
#134    _invoke (dart:ui/hooks.dart:170:13)
#135    PlatformDispatcher._drawFrame (dart:ui/platform_dispatcher.dart:410:5)
#136    _drawFrame (dart:ui/hooks.dart:140:31)

[2023.08.11 23:22:46]Test.<anonymous closure> (package:flutter/src/rendering/box.dart:2467:9)
#1      RenderBox.hitTest (package:flutter/src/rendering/box.dart:2482:6)
#2      RenderShiftedBox.hitTestChildren.<anonymous closure> (package:flutter/src/rendering/shifted_box.dart:88:24)
#3      BoxHitTestResult.addWithPaintOffset (package:flutter/src/rendering/box.dart:800:31)
#4      RenderShiftedBox.hitTestChildren (package:flutter/src/rendering/shifted_box.dart:83:21)
#5      RenderBox.hitTest (package:flutter/src/rendering/box.dart:2484:11)
#6      RenderShiftedBox.hitTestChildren.<anonymous closure> (package:flutter/src/rendering/shifted_box.dart:88:24)
#7      BoxHitTestResult.addWithPaintOffset (package:flutter/src/rendering/box.dart:800:31)
#8      RenderShiftedBox.hitTestChildren (package:flutter/src/rendering/shifted_box.dart:83:21)
#9      RenderBox.hitTest (package:flutter/src/rendering/box.dart:2484:11)
#10     RenderShiftedBox.hitTestChildren.<anonymous closure> (package:flutter/src/rendering/shifted_box.dart:88:24)
#11     BoxHitTestResult.addWithPaintOffset (package:flutter/src/rendering/box.dart:800:31)
#12     RenderShiftedBox.hitTestChildren (package:flutter/src/rendering/shifted_box.dart:83:21)
#13     RenderBox.hitTest (package:flutter/src/rendering/box.dart:2484:11)
#14     RenderShiftedBox.hitTestChildren.<anonymous closure> (package:flutter/src/rendering/shifted_box.dart:88:24)
#15     BoxHitTestResult.addWithPaintOffset (package:flutter/src/rendering/box.dart:800:31)
#16     RenderShiftedBox.hitTestChildren (package:flutter/src/rendering/shifted_box.dart:83:21)
#17     RenderBox.hitTest (package:flutter/src/rendering/box.dart:2484:11)
#18     RenderProxyBoxMixin.hitTestChildren (package:flutter/src/rendering/proxy_box.dart:117:19)
#19     RenderBox.hitTest (package:flutter/src/rendering/box.dart:2484:11)
#20     RenderProxyBoxMixin.hitTestChildren (package:flutter/src/rendering/proxy_box.dart:117:19)
#21     RenderBox.hitTest (package:flutter/src/rendering/box.dart:2484:11)
#22     RenderProxyBoxMixin.hitTestChildren (package:flutter/src/rendering/proxy_box.dart:117:19)
#23     RenderBox.hitTest (package:flutter/src/rendering/box.dart:2484:11)
#24     RenderIgnorePointer.hitTest (package:flutter/src/rendering/proxy_box.dart:3618:31)
#25     RenderProxyBoxMixin.hitTestChildren (package:flutter/src/rendering/proxy_box.dart:117:19)
#26     RenderBox.hitTest (package:flutter/src/rendering/box.dart:2484:11)
#27     RenderProxyBoxMixin.hitTestChildren (package:flutter/src/rendering/proxy_box.dart:117:19)
#28     RenderBox.hitTest (package:flutter/src/rendering/box.dart:2484:11)
#29     RenderProxyBoxMixin.hitTestChildren (package:flutter/src/rendering/proxy_box.dart:117:19)
#30     RenderBox.hitTest (package:flutter/src/rendering/box.dart:2484:11)
#31     RenderProxyBoxMixin.hitTestChildren (package:flutter/src/rendering/proxy_box.dart:117:19)
#32     RenderBox.hitTest (package:flutter/src/rendering/box.dart:2484:11)
#33     RenderOffstage.hitTest (package:flutter/src/rendering/proxy_box.dart:3747:31)
#34     RenderProxyBoxMixin.hitTestChildren (package:flutter/src/rendering/proxy_box.dart:117:19)
#35     RenderBox.hitTest (package:flutter/src/rendering/box.dart:2484:11)
#36     _RenderTheaterMixin.hitTestChildren.childHitTest (package:flutter/src/widgets/overlay.dart:897:81)
#37     BoxHitTestResult.addWithPaintOffset (package:flutter/src/rendering/box.dart:800:31)
#38     _RenderTheaterMixin.hitTestChildren (package:flutter/src/widgets/overlay.dart:898:22)
#39     RenderBox.hitTest (package:flutter/src/rendering/box.dart:2484:11)
#40     RenderProxyBoxMixin.hitTestChildren (package:flutter/src/rendering/proxy_box.dart:117:19)
#41     RenderBox.hitTest (package:flutter/src/rendering/box.dart:2484:11)
#42     RenderAbsorbPointer.hitTest (package:flutter/src/rendering/proxy_box.dart:3872:17)
#43     RenderProxyBoxMixin.hitTestChildren (package:flutter/src/rendering/proxy_box.dart:117:19)
#44     RenderProxyBoxWithHitTestBehavior.hitTest (package:flutter/src/rendering/proxy_box.dart:172:19)
#45     RenderProxyBoxMixin.hitTestChildren (package:flutter/src/rendering/proxy_box.dart:117:19)
#46     RenderBox.hitTest (package:flutter/src/rendering/box.dart:2484:11)
#47     RenderProxyBoxMixin.hitTestChildren (package:flutter/src/rendering/proxy_box.dart:117:19)
#48     RenderBox.hitTest (package:flutter/src/rendering/box.dart:2484:11)
#49     RenderProxyBoxMixin.hitTestChildren (package:flutter/src/rendering/proxy_box.dart:117:19)
#50     RenderBox.hitTest (package:flutter/src/rendering/box.dart:2484:11)
#51     RenderProxyBoxMixin.hitTestChildren (package:flutter/src/rendering/proxy_box.dart:117:19)
#52     RenderTapRegionSurface.hitTest (package:flutter/src/widgets/tap_region.dart:213:28)
#53     RenderProxyBoxMixin.hitTestChildren (package:flutter/src/rendering/proxy_box.dart:117:19)
#54     RenderBox.hitTest (package:flutter/src/rendering/box.dart:2484:11)
#55     RenderProxyBoxMixin.hitTestChildren (package:flutter/src/rendering/proxy_box.dart:117:19)
#56     RenderBox.hitTest (package:flutter/src/rendering/box.dart:2484:11)
#57     RenderProxyBoxMixin.hitTestChildren (package:flutter/src/rendering/proxy_box.dart:117:19)
#58     RenderBox.hitTest (package:flutter/src/rendering/box.dart:2484:11)
#59     RenderView.hitTest (package:flutter/src/rendering/view.dart:211:14)
#60     RendererBinding.hitTestInView (package:flutter/src/rendering/binding.dart:624:34)
#61     GestureBinding._handlePointerEventImmediately (package:flutter/src/gestures/binding.dart:384:7)
#62     GestureBinding.handlePointerEvent (package:flutter/src/gestures/binding.dart:376:5)
#63     GestureBinding._flushPointerEventQueue (package:flutter/src/gestures/binding.dart:323:7)
#64     GestureBinding._handlePointerDataPacket (package:flutter/src/gestures/binding.dart:292:9)
#65     _invoke1 (dart:ui/hooks.dart:186:13)
#66     PlatformDispatcher._dispatchPointerDataPacket (dart:ui/platform_dispatcher.dart:433:7)
#67     _dispatchPointerDataPacket (dart:ui/hooks.dart:119:31)
#0      _AssertionError._doThrowNew (dart:core-patch/errors_patch.dart:51:61)
#1      _AssertionError._throwNew (dart:core-patch/errors_patch.dart:40:5)
#2      MouseTracker._deviceUpdatePhase (package:flutter/src/rendering/mouse_tracker.dart:205:12)
#3      MouseTracker.updateAllDevices (package:flutter/src/rendering/mouse_tracker.dart:372:5)
#4      RendererBinding._scheduleMouseTrackerUpdate.<anonymous closure> (package:flutter/src/rendering/binding.dart:474:22)
#5      SchedulerBinding._invokeFrameCallback (package:flutter/src/scheduler/binding.dart:1325:15)
#6      SchedulerBinding.handleDrawFrame (package:flutter/src/scheduler/binding.dart:1264:9)
#7      SchedulerBinding._handleDrawFrame (package:flutter/src/scheduler/binding.dart:1113:5)
#8      _invoke (dart:ui/hooks.dart:170:13)
#9      PlatformDispatcher._drawFrame (dart:ui/platform_dispatcher.dart:410:5)
#10     _drawFrame (dart:ui/hooks.dart:140:31)
#10     RenderShiftedBox.hitTestChildren.<anonymous closure> (package:flutter/src/rendering/shifted_box.dart:88:24)
#11     BoxHitTestResult.addWithPaintOffset (package:flutter/src/rendering/box.dart:800:31)
#12     RenderShiftedBox.hitTestChildren (package:flutter/src/rendering/shifted_box.dart:83:21)
#13     RenderBox.hitTest (package:flutter/src/rendering/box.dart:2484:11)
#14     RenderShiftedBox.hitTestChildren.<anonymous closure> (package:flutter/src/rendering/shifted_box.dart:88:24)
#15     BoxHitTestResult.addWithPaintOffset (package:flutter/src/rendering/box.dart:800:31)
#16     RenderShiftedBox.hitTestChildren (package:flutter/src/rendering/shifted_box.dart:83:21)
#17     RenderBox.hitTest (package:flutter/src/rendering/box.dart:2484:11)
#18     RenderProxyBoxMixin.hitTestChildren (package:flutter/src/rendering/proxy_box.dart:117:19)
#19     RenderBox.hitTest (package:flutter/src/rendering/box.dart:2484:11)
#20     RenderProxyBoxMixin.hitTestChildren (package:flutter/src/rendering/proxy_box.dart:117:19)
#21     RenderBox.hitTest (package:flutter/src/rendering/box.dart:2484:11)
#22     RenderProxyBoxMixin.hitTestChildren (package:flutter/src/rendering/proxy_box.dart:117:19)
#23     RenderBox.hitTest (package:flutter/src/rendering/box.dart:2484:11)
#24     RenderIgnorePointer.hitTest (package:flutter/src/rendering/proxy_box.dart:3618:31)
#25     RenderProxyBoxMixin.hitTestChildren (package:flutter/src/rendering/proxy_box.dart:117:19)
#26     RenderBox.hitTest (package:flutter/src/rendering/box.dart:2484:11)
#27     RenderProxyBoxMixin.hitTestChildren (package:flutter/src/rendering/proxy_box.dart:117:19)
#28     RenderBox.hitTest (package:flutter/src/rendering/box.dart:2484:11)
#29     RenderProxyBoxMixin.hitTestChildren (package:flutter/src/rendering/proxy_box.dart:117:19)
#30     RenderBox.hitTest (package:flutter/src/rendering/box.dart:2484:11)
#31     RenderProxyBoxMixin.hitTestChildren (package:flutter/src/rendering/proxy_box.dart:117:19)
#32     RenderBox.hitTest (package:flutter/src/rendering/box.dart:2484:11)
#33     RenderOffstage.hitTest (package:flutter/src/rendering/proxy_box.dart:3747:31)
#34     RenderProxyBoxMixin.hitTestChildren (package:flutter/src/rendering/proxy_box.dart:117:19)
#35     RenderBox.hitTest (package:flutter/src/rendering/box.dart:2484:11)
#36     _RenderTheaterMixin.hitTestChildren.childHitTest (package:flutter/src/widgets/overlay.dart:897:81)
#37     BoxHitTestResult.addWithPaintOffset (package:flutter/src/rendering/box.dart:800:31)
#38     _RenderTheaterMixin.hitTestChildren (package:flutter/src/widgets/overlay.dart:898:22)
#39     RenderBox.hitTest (package:flutter/src/rendering/box.dart:2484:11)
#40     RenderProxyBoxMixin.hitTestChildren (package:flutter/src/rendering/proxy_box.dart:117:19)
#41     RenderBox.hitTest (package:flutter/src/rendering/box.dart:2484:11)
#42     RenderAbsorbPointer.hitTest (package:flutter/src/rendering/proxy_box.dart:3872:17)
#43     RenderProxyBoxMixin.hitTestChildren (package:flutter/src/rendering/proxy_box.dart:117:19)
#44     RenderProxyBoxWithHitTestBehavior.hitTest (package:flutter/src/rendering/proxy_box.dart:172:19)
#45     RenderProxyBoxMixin.hitTestChildren (package:flutter/src/rendering/proxy_box.dart:117:19)
#46     RenderBox.hitTest (package:flutter/src/rendering/box.dart:2484:11)
#47     RenderProxyBoxMixin.hitTestChildren (package:flutter/src/rendering/proxy_box.dart:117:19)
#48     RenderBox.hitTest (package:flutter/src/rendering/box.dart:2484:11)
#49     RenderProxyBoxMixin.hitTestChildren (package:flutter/src/rendering/proxy_box.dart:117:19)
#50     RenderBox.hitTest (package:flutter/src/rendering/box.dart:2484:11)
#51     RenderProxyBoxMixin.hitTestChildren (package:flutter/src/rendering/proxy_box.dart:117:19)
#52     RenderTapRegionSurface.hitTest (package:flutter/src/widgets/tap_region.dart:213:28)
#53     RenderProxyBoxMixin.hitTestChildren (package:flutter/src/rendering/proxy_box.dart:117:19)
#54     RenderBox.hitTest (package:flutter/src/rendering/box.dart:2484:11)
#55     RenderProxyBoxMixin.hitTestChildren (package:flutter/src/rendering/proxy_box.dart:117:19)
#56     RenderBox.hitTest (package:flutter/src/rendering/box.dart:2484:11)
#57     RenderProxyBoxMixin.hitTestChildren (package:flutter/src/rendering/proxy_box.dart:117:19)
#58     RenderBox.hitTest (package:flutter/src/rendering/box.dart:2484:11)
#59     RenderView.hitTest (package:flutter/src/rendering/view.dart:211:14)
#60     RendererBinding.hitTestInView (package:flutter/src/rendering/binding.dart:624:34)
#61     GestureBinding._handlePointerEventImmediately (package:flutter/src/gestures/binding.dart:384:7)
#62     GestureBinding.handlePointerEvent (package:flutter/src/gestures/binding.dart:376:5)
#63     GestureBinding._flushPointerEventQueue (package:flutter/src/gestures/binding.dart:323:7)
#64     GestureBinding._handlePointerDataPacket (package:flutter/src/gestures/binding.dart:292:9)
#65     _invoke1 (dart:ui/hooks.dart:186:13)
#66     PlatformDispatcher._dispatchPointerDataPacket (dart:ui/platform_dispatcher.dart:433:7)
#67     _dispatchPointerDataPacket (dart:ui/hooks.dart:119:31)
[2023.08.11 23:22:46]or._doThrowNew (dart:core-patch/errors_patch.dart:51:61)
#1      _AssertionError._throwNew (dart:core-patch/errors_patch.dart:40:5)
#2      MouseTracker._deviceUpdatePhase (package:flutter/src/rendering/mouse_tracker.dart:205:12)
#3      MouseTracker.updateAllDevices (package:flutter/src/rendering/mouse_tracker.dart:372:5)
#4      RendererBinding._scheduleMouseTrackerUpdate.<anonymous closure> (package:flutter/src/rendering/binding.dart:474:22)
#5      SchedulerBinding._invokeFrameCallback (package:flutter/src/scheduler/binding.dart:1325:15)
#6      SchedulerBinding.handleDrawFrame (package:flutter/src/scheduler/binding.dart:1264:9)
#7      SchedulerBinding._handleDrawFrame (package:flutter/src/scheduler/binding.dart:1113:5)
#8      _invoke (dart:ui/hooks.dart:170:13)
#9      PlatformDispatcher._drawFrame (dart:ui/platform_dispatcher.dart:410:5)
#10     _drawFrame (dart:ui/hooks.dart:140:31)
#10     RenderShiftedBox.hitTestChildren.<anonymous closure> (package:flutter/src/rendering/shifted_box.dart:88:24)
#11     BoxHitTestResult.addWithPaintOffset (package:flutter/src/rendering/box.dart:800:31)
#12     RenderShiftedBox.hitTestChildren (package:flutter/src/rendering/shifted_box.dart:83:21)
#13     RenderBox.hitTest (package:flutter/src/rendering/box.dart:2484:11)
#14     RenderShiftedBox.hitTestChildren.<anonymous closure> (package:flutter/src/rendering/shifted_box.dart:88:24)
#15     BoxHitTestResult.addWithPaintOffset (package:flutter/src/rendering/box.dart:800:31)
#16     RenderShiftedBox.hitTestChildren (package:flutter/src/rendering/shifted_box.dart:83:21)
#17     RenderBox.hitTest (package:flutter/src/rendering/box.dart:2484:11)
#18     RenderProxyBoxMixin.hitTestChildren (package:flutter/src/rendering/proxy_box.dart:117:19)
#19     RenderBox.hitTest (package:flutter/src/rendering/box.dart:2484:11)
#20     RenderProxyBoxMixin.hitTestChildren (package:flutter/src/rendering/proxy_box.dart:117:19)
#21     RenderBox.hitTest (package:flutter/src/rendering/box.dart:2484:11)
#22     RenderProxyBoxMixin.hitTestChildren (package:flutter/src/rendering/proxy_box.dart:117:19)
#23     RenderBox.hitTest (package:flutter/src/rendering/box.dart:2484:11)
#24     RenderIgnorePointer.hitTest (package:flutter/src/rendering/proxy_box.dart:3618:31)
#25     RenderProxyBoxMixin.hitTestChildren (package:flutter/src/rendering/proxy_box.dart:117:19)
#26     RenderBox.hitTest (package:flutter/src/rendering/box.dart:2484:11)
#27     RenderProxyBoxMixin.hitTestChildren (package:flutter/src/rendering/proxy_box.dart:117:19)
#28     RenderBox.hitTest (package:flutter/src/rendering/box.dart:2484:11)
#29     RenderProxyBoxMixin.hitTestChildren (package:flutter/src/rendering/proxy_box.dart:117:19)
#30     RenderBox.hitTest (package:flutter/src/rendering/box.dart:2484:11)
#31     RenderProxyBoxMixin.hitTestChildren (package:flutter/src/rendering/proxy_box.dart:117:19)
#32     RenderBox.hitTest (package:flutter/src/rendering/box.dart:2484:11)
#33     RenderOffstage.hitTest (package:flutter/src/rendering/proxy_box.dart:3747:31)
#34     RenderProxyBoxMixin.hitTestChildren (package:flutter/src/rendering/proxy_box.dart:117:19)
#35     RenderBox.hitTest (package:flutter/src/rendering/box.dart:2484:11)
#36     _RenderTheaterMixin.hitTestChildren.childHitTest (package:flutter/src/widgets/overlay.dart:897:81)
#37     BoxHitTestResult.addWithPaintOffset (package:flutter/src/rendering/box.dart:800:31)
#38     _RenderTheaterMixin.hitTestChildren (package:flutter/src/widgets/overlay.dart:898:22)
#39     RenderBox.hitTest (package:flutter/src/rendering/box.dart:2484:11)
#40     RenderProxyBoxMixin.hitTestChildren (package:flutter/src/rendering/proxy_box.dart:117:19)
#41     RenderBox.hitTest (package:flutter/src/rendering/box.dart:2484:11)
#42     RenderAbsorbPointer.hitTest (package:flutter/src/rendering/proxy_box.dart:3872:17)
#43     RenderProxyBoxMixin.hitTestChildren (package:flutter/src/rendering/proxy_box.dart:117:19)
#44     RenderProxyBoxWithHitTestBehavior.hitTest (package:flutter/src/rendering/proxy_box.dart:172:19)
#45     RenderProxyBoxMixin.hitTestChildren (package:flutter/src/rendering/proxy_box.dart:117:19)
#46     RenderBox.hitTest (package:flutter/src/rendering/box.dart:2484:11)
#47     RenderProxyBoxMixin.hitTestChildren (package:flutter/src/rendering/proxy_box.dart:117:19)
#48     RenderBox.hitTest (package:flutter/src/rendering/box.dart:2484:11)
#49     RenderProxyBoxMixin.hitTestChildren (package:flutter/src/rendering/proxy_box.dart:117:19)
#50     RenderBox.hitTest (package:flutter/src/rendering/box.dart:2484:11)
#51     RenderProxyBoxMixin.hitTestChildren (package:flutter/src/rendering/proxy_box.dart:117:19)
#52     RenderTapRegionSurface.hitTest (package:flutter/src/widgets/tap_region.dart:213:28)
#53     RenderProxyBoxMixin.hitTestChildren (package:flutter/src/rendering/proxy_box.dart:117:19)
#54     RenderBox.hitTest (package:flutter/src/rendering/box.dart:2484:11)
#55     RenderProxyBoxMixin.hitTestChildren (package:flutter/src/rendering/proxy_box.dart:117:19)
#56     RenderBox.hitTest (package:flutter/src/rendering/box.dart:2484:11)
#57     RenderProxyBoxMixin.hitTestChildren (package:flutter/src/rendering/proxy_box.dart:117:19)
#58     RenderBox.hitTest (package:flutter/src/rendering/box.dart:2484:11)
#59     RenderView.hitTest (package:flutter/src/rendering/view.dart:211:14)
#60     RendererBinding.hitTestInView (package:flutter/src/rendering/binding.dart:624:34)
#61     GestureBinding._handlePointerEventImmediately (package:flutter/src/gestures/binding.dart:384:7)
#62     GestureBinding.handlePointerEvent (package:flutter/src/gestures/binding.dart:376:5)
#63     GestureBinding._flushPointerEventQueue (package:flutter/src/gestures/binding.dart:323:7)
#64     GestureBinding._handlePointerDataPacket (package:flutter/src/gestures/binding.dart:292:9)
#65     _invoke1 (dart:ui/hooks.dart:186:13)
#66     PlatformDispatcher._dispatchPointerDataPacket (dart:ui/platform_dispatcher.dart:433:7)
#67     _dispatchPointerDataPacket (dart:ui/hooks.dart:119:31)
'package:flutter/src/rendering/mouse_tracker.dart': Failed assertion: line 205 pos 12: '!_debugDuringDeviceUpdate': is not true.:flutter/src/rendering/box.dart:2482:6)
#2      RenderShiftedBox.hitTestChildren.<anonymous closure> (package:flutter/src/rendering/shifted_box.dart:88:24)
#3      BoxHitTestResult.addWithPaintOffset (package:flutter/src/rendering/box.dart:800:31)
#4      RenderShiftedBox.hitTestChildren (package:flutter/src/rendering/shifted_box.dart:83:21)
#5      RenderBox.hitTest (package:flutter/src/rendering/box.dart:2484:11)
#6      RenderShiftedBox.hitTestChildren.<anonymous closure> (package:flutter/src/rendering/shifted_box.dart:88:24)
#7      BoxHitTestResult.addWithPaintOffset (package:flutter/src/rendering/box.dart:800:31)
#8      RenderShiftedBox.hitTestChildren (package:flutter/src/rendering/shifted_box.dart:83:21)
#9      RenderBox.hitTest (package:flutter/src/rendering/box.dart:2484:11)
#10     RenderShiftedBox.hitTestChildren.<anonymous closure> (package:flutter/src/rendering/shifted_box.dart:88:24)
#11     BoxHitTestResult.addWithPaintOffset (package:flutter/src/rendering/box.dart:800:31)
#12     RenderShiftedBox.hitTestChildren (package:flutter/src/rendering/shifted_box.dart:83:21)
#13     RenderBox.hitTest (package:flutter/src/rendering/box.dart:2484:11)
#14     RenderShiftedBox.hitTestChildren.<anonymous closure> (package:flutter/src/rendering/shifted_box.dart:88:24)
#15     BoxHitTestResult.addWithPaintOffset (package:flutter/src/rendering/box.dart:800:31)
#16     RenderShiftedBox.hitTestChildren (package:flutter/src/rendering/shifted_box.dart:83:21)
#17     RenderBox.hitTest (package:flutter/src/rendering/box.dart:2484:11)
#18     RenderProxyBoxMixin.hitTestChildren (package:flutter/src/rendering/proxy_box.dart:117:19)
#19     RenderBox.hitTest (package:flutter/src/rendering/box.dart:2484:11)
#20     RenderProxyBoxMixin.hitTestChildren (package:flutter/src/rendering/proxy_box.dart:117:19)
#21     RenderBox.hitTest (package:flutter/src/rendering/box.dart:2484:11)
#22     RenderProxyBoxMixin.hitTestChildren (package:flutter/src/rendering/proxy_box.dart:117:19)
#23     RenderBox.hitTest (package:flutter/src/rendering/box.dart:2484:11)
#24     RenderIgnorePointer.hitTest (package:flutter/src/rendering/proxy_box.dart:3618:31)
#25     RenderProxyBoxMixin.hitTestChildren (package:flutter/src/rendering/proxy_box.dart:117:19)
#26     RenderBox.hitTest (package:flutter/src/rendering/box.dart:2484:11)
#27     RenderProxyBoxMixin.hitTestChildren (package:flutter/src/rendering/proxy_box.dart:117:19)
#28     RenderBox.hitTest (package:flutter/src/rendering/box.dart:2484:11)
#29     RenderProxyBoxMixin.hitTestChildren (package:flutter/src/rendering/proxy_box.dart:117:19)
#30     RenderBox.hitTest (package:flutter/src/rendering/box.dart:2484:11)
#31     RenderProxyBoxMixin.hitTestChildren (package:flutter/src/rendering/proxy_box.dart:117:19)
#32     RenderBox.hitTest (package:flutter/src/rendering/box.dart:2484:11)
#33     RenderOffstage.hitTest (package:flutter/src/rendering/proxy_box.dart:3747:31)
#34     RenderProxyBoxMixin.hitTestChildren (package:flutter/src/rendering/proxy_box.dart:117:19)
#35     RenderBox.hitTest (package:flutter/src/rendering/box.dart:2484:11)
#36     _RenderTheaterMixin.hitTestChildren.childHitTest (package:flutter/src/widgets/overlay.dart:897:81)
#37     BoxHitTestResult.addWithPaintOffset (package:flutter/src/rendering/box.dart:800:31)
#38     _RenderTheaterMixin.hitTestChildren (package:flutter/src/widgets/overlay.dart:898:22)
#39     RenderBox.hitTest (package:flutter/src/rendering/box.dart:2484:11)
#40     RenderProxyBoxMixin.hitTestChildren (package:flutter/src/rendering/proxy_box.dart:117:19)
#41     RenderBox.hitTest (package:flutter/src/rendering/box.dart:2484:11)
#42     RenderAbsorbPointer.hitTest (package:flutter/src/rendering/proxy_box.dart:3872:17)
#43     RenderProxyBoxMixin.hitTestChildren (package:flutter/src/rendering/proxy_box.dart:117:19)
#44     RenderProxyBoxWithHitTestBehavior.hitTest (package:flutter/src/rendering/proxy_box.dart:172:19)
#45     RenderProxyBoxMixin.hitTestChildren (package:flutter/src/rendering/proxy_box.dart:117:19)
#46     RenderBox.hitTest (package:flutter/src/rendering/box.dart:2484:11)
#47     RenderProxyBoxMixin.hitTestChildren (package:flutter/src/rendering/proxy_box.dart:117:19)
#48     RenderBox.hitTest (package:flutter/src/rendering/box.dart:2484:11)
#49     RenderProxyBoxMixin.hitTestChildren (package:flutter/src/rendering/proxy_box.dart:117:19)
#50     RenderBox.hitTest (package:flutter/src/rendering/box.dart:2484:11)
#51     RenderProxyBoxMixin.hitTestChildren (package:flutter/src/rendering/proxy_box.dart:117:19)
#52     RenderTapRegionSurface.hitTest (package:flutter/src/widgets/tap_region.dart:213:28)
#53     RenderProxyBoxMixin.hitTestChildren (package:flutter/src/rendering/proxy_box.dart:117:19)
#54     RenderBox.hitTest (package:flutter/src/rendering/box.dart:2484:11)
#55     RenderProxyBoxMixin.hitTestChildren (package:flutter/src/rendering/proxy_box.dart:117:19)
#56     RenderBox.hitTest (package:flutter/src/rendering/box.dart:2484:11)
#57     RenderProxyBoxMixin.hitTestChildren (package:flutter/src/rendering/proxy_box.dart:117:19)
#58     RenderBox.hitTest (package:flutter/src/rendering/box.dart:2484:11)
#59     RenderView.hitTest (package:flutter/src/rendering/view.dart:211:14)
#60     RendererBinding.hitTestInView (package:flutter/src/rendering/binding.dart:624:34)
#61     GestureBinding._handlePointerEventImmediately (package:flutter/src/gestures/binding.dart:384:7)
#62     GestureBinding.handlePointerEvent (package:flutter/src/gestures/binding.dart:376:5)
#63     GestureBinding._flushPointerEventQueue (package:flutter/src/gestures/binding.dart:323:7)
#64     GestureBinding._handlePointerDataPacket (package:flutter/src/gestures/binding.dart:292:9)
#65     _invoke1 (dart:ui/hooks.dart:186:13)
#66     PlatformDispatcher._dispatchPointerDataPacket (dart:ui/platform_dispatcher.dart:433:7)
#67     _dispatchPointerDataPacket (dart:ui/hooks.dart:119:31)
#0      RenderBox.hitTest.<anonymous closure> (package:flutter/src/rendering/box.dart:2467:9)
#1      RenderBox.hitTest (package:flutter/src/rendering/box.dart:2482:6)
#2      RenderShiftedBox.hitTestChildren.<anonymous closure> (package:flutter/src/rendering/shifted_box.dart:88:24)
#3      BoxHitTestResult.addWithPaintOffset (package:flutter/src/rendering/box.dart:800:31)
#4      RenderShiftedBox.hitTestChildren (package:flutter/src/rendering/shifted_box.dart:83:21)
#5      RenderBox.hitTest (package:flutter/src/rendering/box.dart:2484:11)
#6      RenderShiftedBox.hitTestChildren.<anonymous closure> (package:flutter/src/rendering/shifted_box.dart:88:24)
#7      BoxHitTestResult.addWithPaintOffset (package:flutter/src/rendering/box.dart:800:31)
#8      RenderShiftedBox.hitTestChildren (package:flutter/src/rendering/shifted_box.dart:83:21)
#9      RenderBox.hitTest (package:flutter/src/rendering/box.dart:2484:11)
#10     RenderShiftedBox.hitTestChildren.<anonymous closure> (package:flutter/src/rendering/shifted_box.dart:88:24)
#11     BoxHitTestResult.addWithPaintOffset (package:flutter/src/rendering/box.dart:800:31)
#12     RenderShiftedBox.hitTestChildren (package:flutter/src/rendering/shifted_box.dart:83:21)
#13     RenderBox.hitTest (package:flutter/src/rendering/box.dart:2484:11)
#14     RenderShiftedBox.hitTestChildren.<anonymous closure> (package:flutter/src/rendering/shifted_box.dart:88:24)
#15     BoxHitTestResult.addWithPaintOffset (package:flutter/src/rendering/box.dart:800:31)
#16     RenderShiftedBox.hitTestChildren (package:flutter/src/rendering/shifted_box.dart:83:21)
#17     RenderBox.hitTest (package:flutter/src/rendering/box.dart:2484:11)
#18     RenderProxyBoxMixin.hitTestChildren (package:flutter/src/rendering/proxy_box.dart:117:19)
#19     RenderBox.hitTest (package:flutter/src/rendering/box.dart:2484:11)
#20     RenderProxyBoxMixin.hitTestChildren (package:flutter/src/rendering/proxy_box.dart:117:19)
#21     RenderBox.hitTest (package:flutter/src/rendering/box.dart:2484:11)
#22     RenderProxyBoxMixin.hitTestChildren (package:flutter/src/rendering/proxy_box.dart:117:19)
#23     RenderBox.hitTest (package:flutter/src/rendering/box.dart:2484:11)
#24     RenderIgnorePointer.hitTest (package:flutter/src/rendering/proxy_box.dart:3618:31)
#25     RenderProxyBoxMixin.hitTestChildren (package:flutter/src/rendering/proxy_box.dart:117:19)
#26     RenderBox.hitTest (package:flutter/src/rendering/box.dart:2484:11)
#27     RenderProxyBoxMixin.hitTestChildren (package:flutter/src/rendering/proxy_box.dart:117:19)
#28     RenderBox.hitTest (package:flutter/src/rendering/box.dart:2484:11)
#29     RenderProxyBoxMixin.hitTestChildren (package:flutter/src/rendering/proxy_box.dart:117:19)
#30     RenderBox.hitTest (package:flutter/src/rendering/box.dart:2484:11)
#31     RenderProxyBoxMixin.hitTestChildren (package:flutter/src/rendering/proxy_box.dart:117:19)
#32     RenderBox.hitTest (package:flutter/src/rendering/box.dart:2484:11)
#33     RenderOffstage.hitTest (package:flutter/src/rendering/proxy_box.dart:3747:31)
#34     RenderProxyBoxMixin.hitTestChildren (package:flutter/src/rendering/proxy_box.dart:117:19)
#35     RenderBox.hitTest (package:flutter/src/rendering/box.dart:2484:11)
#36     _RenderTheaterMixin.hitTestChildren.childHitTest (package:flutter/src/widgets/overlay.dart:897:81)
#37     BoxHitTestResult.addWithPaintOffset (package:flutter/src/rendering/box.dart:800:31)
#38     _RenderTheaterMixin.hitTestChildren (package:flutter/src/widgets/overlay.dart:898:22)
#39     RenderBox.hitTest (package:flutter/src/rendering/box.dart:2484:11)
#40     RenderProxyBoxMixin.hitTestChildren (package:flutter/src/rendering/proxy_box.dart:117:19)
#41     RenderBox.hitTest (package:flutter/src/rendering/box.dart:2484:11)
#42     RenderAbsorbPointer.hitTest (package:flutter/src/rendering/proxy_box.dart:3872:17)
#43     RenderProxyBoxMixin.hitTestChildren (package:flutter/src/rendering/proxy_box.dart:117:19)
#44     RenderProxyBoxWithHitTestBehavior.hitTest (package:flutter/src/rendering/proxy_box.dart:172:19)
#45     RenderProxyBoxMixin.hitTestChildren (package:flutter/src/rendering/proxy_box.dart:117:19)
#46     RenderBox.hitTest (package:flutter/src/rendering/box.dart:2484:11)
#47     RenderProxyBoxMixin.hitTestChildren (package:flutter/src/rendering/proxy_box.dart:117:19)
#48     RenderBox.hitTest (package:flutter/src/rendering/box.dart:2484:11)
#49     RenderProxyBoxMixin.hitTestChildren (package:flutter/src/rendering/proxy_box.dart:117:19)
#50     RenderBox.hitTest (package:flutter/src/rendering/box.dart:2484:11)
#51     RenderProxyBoxMixin.hitTestChildren (package:flutter/src/rendering/proxy_box.dart:117:19)
#52     RenderTapRegionSurface.hitTest (package:flutter/src/widgets/tap_region.dart:213:28)
#53     RenderProxyBoxMixin.hitTestChildren (package:flutter/src/rendering/proxy_box.dart:117:19)
#54     RenderBox.hitTest (package:flutter/src/rendering/box.dart:2484:11)
#55     RenderProxyBoxMixin.hitTestChildren (package:flutter/src/rendering/proxy_box.dart:117:19)
#56     RenderBox.hitTest (package:flutter/src/rendering/box.dart:2484:11)
#57     RenderProxyBoxMixin.hitTestChildren (package:flutter/src/rendering/proxy_box.dart:117:19)
#58     RenderBox.hitTest (package:flutter/src/rendering/box.dart:2484:11)
#59     RenderView.hitTest (package:flutter/src/rendering/view.dart:211:14)
#60     RendererBinding.hitTestInView (package:flutter/src/rendering/binding.dart:624:34)
#61     GestureBinding._handlePointerEventImmediately (package:flutter/src/gestures/binding.dart:384:7)
#62     GestureBinding.handlePointerEvent (package:flutter/src/gestures/binding.dart:376:5)
#63     GestureBinding._flushPointerEventQueue (package:flutter/src/gestures/binding.dart:323:7)
#64     GestureBinding._handlePointerDataPacket (package:flutter/src/gestures/binding.dart:292:9)
#65     _invoke1 (dart:ui/hooks.dart:186:13)
#66     PlatformDispatcher._dispatchPointerDataPacket (dart:ui/platform_dispatcher.dart:433:7)
#67     _dispatchPointerDataPacket (dart:ui/hooks.dart:119:31)

2023.08.11 23:22:46]der box with no size.
The hitTest() method was called on this RenderBox: RenderConstrainedBox#d02a4 relayoutBoundary=up1:
  needs compositing
  creator: ConstrainedBox ← Align ← MediaQuery ← Padding ← AnimatedPadding ← Dialog ← AlertDialog ← WindowsAddOptionDialog ← Builder ← IconTheme ← IconButtonTheme ← DefaultTextStyle ← ⋯
  parentData: offset=Offset(0.0, 0.0) (can use size)
  constraints: BoxConstraints(0.0<=w<=928.0, 0.0<=h<=681.0)
  size: MISSING
  additionalConstraints: BoxConstraints(280.0<=w<=Infinity, 0.0<=h<=Infinity)
Although this node is not marked as needing layout, its size is not set.
A RenderBox object must have an explicit size before it can be hit-tested. Make sure that the RenderBox in question sets its size during layout.Cannot hit test a render box with no size.
The hitTest() method was called on this RenderBox: RenderConstrainedBox#d02a4 relayoutBoundary=up1:
  needs compositing
  creator: ConstrainedBox ← Align ← MediaQuery ← Padding ← AnimatedPadding ← Dialog ← AlertDialog ← WindowsAddOptionDialog ← Builder ← IconTheme ← IconButtonTheme ← DefaultTextStyle ← ⋯
  parentData: offset=Offset(0.0, 0.0) (can use size)
  constraints: BoxConstraints(0.0<=w<=928.0, 0.0<=h<=681.0)
  size: MISSING
  additionalConstraints: BoxConstraints(280.0<=w<=Infinity, 0.0<=h<=Infinity)
Although this node is not marked as needing layout, its size is not set.
A RenderBox object must have an explicit size before it can be hit-tested. Make sure that the RenderBox in question sets its size during layout.
#9      PlatformDispatcher._drawFrame (dart:ui/platform_dispatcher.dart:410:5)
#10     _drawFrame (dart:ui/hooks.dart:140:31)
#10     RenderShiftedBox.hitTestChildren.<anonymous closure> (package:flutter/src/rendering/shifted_box.dart:88:24)
#11     BoxHitTestResult.addWithPaintOffset (package:flutter/src/rendering/box.dart:800:31)
#12     RenderShiftedBox.hitTestChildren (package:flutter/src/rendering/shifted_box.dart:83:21)
#13     RenderBox.hitTest (package:flutter/src/rendering/box.dart:2484:11)
#14     RenderShiftedBox.hitTestChildren.<anonymous closure> (package:flutter/src/rendering/shifted_box.dart:88:24)
#15     BoxHitTestResult.addWithPaintOffset (package:flutter/src/rendering/box.dart:800:31)
#16     RenderShiftedBox.hitTestChildren (package:flutter/src/rendering/shifted_box.dart:83:21)
#17     RenderBox.hitTest (package:flutter/src/rendering/box.dart:2484:11)
#18     RenderProxyBoxMixin.hitTestChildren (package:flutter/src/rendering/proxy_box.dart:117:19)
#19     RenderBox.hitTest (package:flutter/src/rendering/box.dart:2484:11)
#20     RenderProxyBoxMixin.hitTestChildren (package:flutter/src/rendering/proxy_box.dart:117:19)
#21     RenderBox.hitTest (package:flutter/src/rendering/box.dart:2484:11)
#22     RenderProxyBoxMixin.hitTestChildren (package:flutter/src/rendering/proxy_box.dart:117:19)
#23     RenderBox.hitTest (package:flutter/src/rendering/box.dart:2484:11)
#24     RenderIgnorePointer.hitTest (package:flutter/src/rendering/proxy_box.dart:3618:31)
#25     RenderProxyBoxMixin.hitTestChildren (package:flutter/src/rendering/proxy_box.dart:117:19)
#26     RenderBox.hitTest (package:flutter/src/rendering/box.dart:2484:11)
#27     RenderProxyBoxMixin.hitTestChildren (package:flutter/src/rendering/proxy_box.dart:117:19)
#28     RenderBox.hitTest (package:flutter/src/rendering/box.dart:2484:11)
#29     RenderProxyBoxMixin.hitTestChildren (package:flutter/src/rendering/proxy_box.dart:117:19)
#30     RenderBox.hitTest (package:flutter/src/rendering/box.dart:2484:11)
#31     RenderProxyBoxMixin.hitTestChildren (package:flutter/src/rendering/proxy_box.dart:117:19)
#32     RenderBox.hitTest (package:flutter/src/rendering/box.dart:2484:11)
#33     RenderOffstage.hitTest (package:flutter/src/rendering/proxy_box.dart:3747:31)
#34     RenderProxyBoxMixin.hitTestChildren (package:flutter/src/rendering/proxy_box.dart:117:19)
#35     RenderBox.hitTest (package:flutter/src/rendering/box.dart:2484:11)
#36     _RenderTheaterMixin.hitTestChildren.childHitTest (package:flutter/src/widgets/overlay.dart:897:81)
#37     BoxHitTestResult.addWithPaintOffset (package:flutter/src/rendering/box.dart:800:31)
#38     _RenderTheaterMixin.hitTestChildren (package:flutter/src/widgets/overlay.dart:898:22)
#39     RenderBox.hitTest (package:flutter/src/rendering/box.dart:2484:11)
#40     RenderProxyBoxMixin.hitTestChildren (package:flutter/src/rendering/proxy_box.dart:117:19)
#41     RenderBox.hitTest (package:flutter/src/rendering/box.dart:2484:11)
#42     RenderAbsorbPointer.hitTest (package:flutter/src/rendering/proxy_box.dart:3872:17)
#43     RenderProxyBoxMixin.hitTestChildren (package:flutter/src/rendering/proxy_box.dart:117:19)
#44     RenderProxyBoxWithHitTestBehavior.hitTest (package:flutter/src/rendering/proxy_box.dart:172:19)
#45     RenderProxyBoxMixin.hitTestChildren (package:flutter/src/rendering/proxy_box.dart:117:19)
#46     RenderBox.hitTest (package:flutter/src/rendering/box.dart:2484:11)
#47     RenderProxyBoxMixin.hitTestChildren (package:flutter/src/rendering/proxy_box.dart:117:19)
#48     RenderBox.hitTest (package:flutter/src/rendering/box.dart:2484:11)
#49     RenderProxyBoxMixin.hitTestChildren (package:flutter/src/rendering/proxy_box.dart:117:19)
#50     RenderBox.hitTest (package:flutter/src/rendering/box.dart:2484:11)
#51     RenderProxyBoxMixin.hitTestChildren (package:flutter/src/rendering/proxy_box.dart:117:19)
#52     RenderTapRegionSurface.hitTest (package:flutter/src/widgets/tap_region.dart:213:28)
#53     RenderProxyBoxMixin.hitTestChildren (package:flutter/src/rendering/proxy_box.dart:117:19)
#54     RenderBox.hitTest (package:flutter/src/rendering/box.dart:2484:11)
#55     RenderProxyBoxMixin.hitTestChildren (package:flutter/src/rendering/proxy_box.dart:117:19)
#56     RenderBox.hitTest (package:flutter/src/rendering/box.dart:2484:11)
#57     RenderProxyBoxMixin.hitTestChildren (package:flutter/src/rendering/proxy_box.dart:117:19)
#58     RenderBox.hitTest (package:flutter/src/rendering/box.dart:2484:11)
#59     RenderView.hitTest (package:flutter/src/rendering/view.dart:211:14)
#60     RendererBinding.hitTestInView (package:flutter/src/rendering/binding.dart:624:34)
#61     GestureBinding._handlePointerEventImmediately (package:flutter/src/gestures/binding.dart:384:7)
#62     GestureBinding.handlePointerEvent (package:flutter/src/gestures/binding.dart:376:5)
#63     GestureBinding._flushPointerEventQueue (package:flutter/src/gestures/binding.dart:323:7)
#64     GestureBinding._handlePointerDataPacket (package:flutter/src/gestures/binding.dart:292:9)
#65     _invoke1 (dart:ui/hooks.dart:186:13)
#66     PlatformDispatcher._dispatchPointerDataPacket (dart:ui/platform_dispatcher.dart:433:7)
#67     _dispatchPointerDataPacket (dart:ui/hooks.dart:119:31)

Cannot hit test a render box with no size.
The hitTest() method was called on this RenderBox: RenderConstrainedBox#d02a4 relayoutBoundary=up1:
  needs compositing
  creator: ConstrainedBox ← Align ← MediaQuery ← Padding ← AnimatedPadding ← Dialog ← AlertDialog ← WindowsAddOptionDialog ← Builder ← IconTheme ← IconButtonTheme ← DefaultTextStyle ← ⋯
  parentData: offset=Offset(0.0, 0.0) (can use size)
  constraints: BoxConstraints(0.0<=w<=928.0, 0.0<=h<=681.0)
  size: MISSING
  additionalConstraints: BoxConstraints(280.0<=w<=Infinity, 0.0<=h<=Infinity)
Although this node is not marked as needing layout, its size is not set.
A RenderBox object must have an explicit size before it can be hit-tested. Make sure that the RenderBox in question sets its size during layout.ckage:flutter/src/rendering/shifted_box.dart:83:21)
#9      RenderBox.hitTest (package:flutter/src/rendering/box.dart:2484:11)
#10     RenderShiftedBox.hitTestChildren.<anonymous closure> (package:flutter/src/rendering/shifted_box.dart:88:24)
#11     BoxHitTestResult.addWithPaintOffset (package:flutter/src/rendering/box.dart:800:31)
#12     RenderShiftedBox.hitTestChildren (package:flutter/src/rendering/shifted_box.dart:83:21)
#13     RenderBox.hitTest (package:flutter/src/rendering/box.dart:2484:11)
#14     RenderShiftedBox.hitTestChildren.<anonymous closure> (package:flutter/src/rendering/shifted_box.dart:88:24)
#15     BoxHitTestResult.addWithPaintOffset (package:flutter/src/rendering/box.dart:800:31)
#16     RenderShiftedBox.hitTestChildren (package:flutter/src/rendering/shifted_box.dart:83:21)
#17     RenderBox.hitTest (package:flutter/src/rendering/box.dart:2484:11)
#18     RenderProxyBoxMixin.hitTestChildren (package:flutter/src/rendering/proxy_box.dart:117:19)
#19     RenderBox.hitTest (package:flutter/src/rendering/box.dart:2484:11)
#20     RenderProxyBoxMixin.hitTestChildren (package:flutter/src/rendering/proxy_box.dart:117:19)
#21     RenderBox.hitTest (package:flutter/src/rendering/box.dart:2484:11)
#22     RenderProxyBoxMixin.hitTestChildren (package:flutter/src/rendering/proxy_box.dart:117:19)
#23     RenderBox.hitTest (package:flutter/src/rendering/box.dart:2484:11)
#24     RenderIgnorePointer.hitTest (package:flutter/src/rendering/proxy_box.dart:3618:31)
#25     RenderProxyBoxMixin.hitTestChildren (package:flutter/src/rendering/proxy_box.dart:117:19)
#26     RenderBox.hitTest (package:flutter/src/rendering/box.dart:2484:11)
#27     RenderProxyBoxMixin.hitTestChildren (package:flutter/src/rendering/proxy_box.dart:117:19)
#28     RenderBox.hitTest (package:flutter/src/rendering/box.dart:2484:11)
#29     RenderProxyBoxMixin.hitTestChildren (package:flutter/src/rendering/proxy_box.dart:117:19)
#30     RenderBox.hitTest (package:flutter/src/rendering/box.dart:2484:11)
#31     RenderProxyBoxMixin.hitTestChildren (package:flutter/src/rendering/proxy_box.dart:117:19)
#32     RenderBox.hitTest (package:flutter/src/rendering/box.dart:2484:11)
#33     RenderOffstage.hitTest (package:flutter/src/rendering/proxy_box.dart:3747:31)
#34     RenderProxyBoxMixin.hitTestChildren (package:flutter/src/rendering/proxy_box.dart:117:19)
#35     RenderBox.hitTest (package:flutter/src/rendering/box.dart:2484:11)
#36     _RenderTheaterMixin.hitTestChildren.childHitTest (package:flutter/src/widgets/overlay.dart:897:81)
#37     BoxHitTestResult.addWithPaintOffset (package:flutter/src/rendering/box.dart:800:31)
#38     _RenderTheaterMixin.hitTestChildren (package:flutter/src/widgets/overlay.dart:898:22)
#39     RenderBox.hitTest (package:flutter/src/rendering/box.dart:2484:11)
#40     RenderProxyBoxMixin.hitTestChildren (package:flutter/src/rendering/proxy_box.dart:117:19)
#41     RenderBox.hitTest (package:flutter/src/rendering/box.dart:2484:11)
#42     RenderAbsorbPointer.hitTest (package:flutter/src/rendering/proxy_box.dart:3872:17)
#43     RenderProxyBoxMixin.hitTestChildren (package:flutter/src/rendering/proxy_box.dart:117:19)
#44     RenderProxyBoxWithHitTestBehavior.hitTest (package:flutter/src/rendering/proxy_box.dart:172:19)
#45     RenderProxyBoxMixin.hitTestChildren (package:flutter/src/rendering/proxy_box.dart:117:19)
#46     RenderBox.hitTest (package:flutter/src/rendering/box.dart:2484:11)
#47     RenderProxyBoxMixin.hitTestChildren (package:flutter/src/rendering/proxy_box.dart:117:19)
#48     RenderBox.hitTest (package:flutter/src/rendering/box.dart:2484:11)
#49     RenderProxyBoxMixin.hitTestChildren (package:flutter/src/rendering/proxy_box.dart:117:19)
#50     RenderBox.hitTest (package:flutter/src/rendering/box.dart:2484:11)
#51     RenderProxyBoxMixin.hitTestChildren (package:flutter/src/rendering/proxy_box.dart:117:19)
#52     RenderTapRegionSurface.hitTest (package:flutter/src/widgets/tap_region.dart:213:28)
#53     RenderProxyBoxMixin.hitTestChildren (package:flutter/src/rendering/proxy_box.dart:117:19)
#54     RenderBox.hitTest (package:flutter/src/rendering/box.dart:2484:11)
#55     RenderProxyBoxMixin.hitTestChildren (package:flutter/src/rendering/proxy_box.dart:117:19)
#56     RenderBox.hitTest (package:flutter/src/rendering/box.dart:2484:11)
#57     RenderProxyBoxMixin.hitTestChildren (package:flutter/src/rendering/proxy_box.dart:117:19)
#58     RenderBox.hitTest (package:flutter/src/rendering/box.dart:2484:11)
#59     RenderView.hitTest (package:flutter/src/rendering/view.dart:211:14)
#60     RendererBinding.hitTestInView (package:flutter/src/rendering/binding.dart:624:34)
#61     GestureBinding._handlePointerEventImmediately (package:flutter/src/gestures/binding.dart:384:7)
#62     GestureBinding.handlePointerEvent (package:flutter/src/gestures/binding.dart:376:5)
#63     GestureBinding._flushPointerEventQueue (package:flutter/src/gestures/binding.dart:323:7)
#64     GestureBinding._handlePointerDataPacket (package:flutter/src/gestures/binding.dart:292:9)
#65     _invoke1 (dart:ui/hooks.dart:186:13)
#66     PlatformDispatcher._dispatchPointerDataPacket (dart:ui/platform_dispatcher.dart:433:7)
#67     _dispatchPointerDataPacket (dart:ui/hooks.dart:119:31)
[2023.08.11 23:22:46]der box with no size.
The hitTest() method was called on this RenderBox: RenderConstrainedBox#d02a4 relayoutBoundary=up1:
  needs compositing
  creator: ConstrainedBox ← Align ← MediaQuery ← Padding ← AnimatedPadding ← Dialog ← AlertDialog ← WindowsAddOptionDialog ← Builder ← IconTheme ← IconButtonTheme ← DefaultTextStyle ← ⋯
  parentData: offset=Offset(0.0, 0.0) (can use size)
  constraints: BoxConstraints(0.0<=w<=928.0, 0.0<=h<=681.0)
  size: MISSING
  additionalConstraints: BoxConstraints(280.0<=w<=Infinity, 0.0<=h<=Infinity)
Although this node is not marked as needing layout, its size is not set.
A RenderBox object must have an explicit size before it can be hit-tested. Make sure that the RenderBox in question sets its size during layout.ckage:flutter/src/rendering/shifted_box.dart:83:21)
#9      RenderBox.hitTest (package:flutter/src/rendering/box.dart:2484:11)
#10     RenderShiftedBox.hitTestChildren.<anonymous closure> (package:flutter/src/rendering/shifted_box.dart:88:24)
#11     BoxHitTestResult.addWithPaintOffset (package:flutter/src/rendering/box.dart:800:31)
#12     RenderShiftedBox.hitTestChildren (package:flutter/src/rendering/shifted_box.dart:83:21)
#13     RenderBox.hitTest (package:flutter/src/rendering/box.dart:2484:11)
#14     RenderShiftedBox.hitTestChildren.<anonymous closure> (package:flutter/src/rendering/shifted_box.dart:88:24)
#15     BoxHitTestResult.addWithPaintOffset (package:flutter/src/rendering/box.dart:800:31)
#16     RenderShiftedBox.hitTestChildren (package:flutter/src/rendering/shifted_box.dart:83:21)
#17     RenderBox.hitTest (package:flutter/src/rendering/box.dart:2484:11)
#18     RenderProxyBoxMixin.hitTestChildren (package:flutter/src/rendering/proxy_box.dart:117:19)
#19     RenderBox.hitTest (package:flutter/src/rendering/box.dart:2484:11)
#20     RenderProxyBoxMixin.hitTestChildren (package:flutter/src/rendering/proxy_box.dart:117:19)
#21     RenderBox.hitTest (package:flutter/src/rendering/box.dart:2484:11)
#22     RenderProxyBoxMixin.hitTestChildren (package:flutter/src/rendering/proxy_box.dart:117:19)
#23     RenderBox.hitTest (package:flutter/src/rendering/box.dart:2484:11)
#24     RenderIgnorePointer.hitTest (package:flutter/src/rendering/proxy_box.dart:3618:31)
#25     RenderProxyBoxMixin.hitTestChildren (package:flutter/src/rendering/proxy_box.dart:117:19)
#26     RenderBox.hitTest (package:flutter/src/rendering/box.dart:2484:11)
#27     RenderProxyBoxMixin.hitTestChildren (package:flutter/src/rendering/proxy_box.dart:117:19)
#28     RenderBox.hitTest (package:flutter/src/rendering/box.dart:2484:11)
#29     RenderProxyBoxMixin.hitTestChildren (package:flutter/src/rendering/proxy_box.dart:117:19)
#30     RenderBox.hitTest (package:flutter/src/rendering/box.dart:2484:11)
#31     RenderProxyBoxMixin.hitTestChildren (package:flutter/src/rendering/proxy_box.dart:117:19)
#32     RenderBox.hitTest (package:flutter/src/rendering/box.dart:2484:11)
#33     RenderOffstage.hitTest (package:flutter/src/rendering/proxy_box.dart:3747:31)
#34     RenderProxyBoxMixin.hitTestChildren (package:flutter/src/rendering/proxy_box.dart:117:19)
#35     RenderBox.hitTest (package:flutter/src/rendering/box.dart:2484:11)
#36     _RenderTheaterMixin.hitTestChildren.childHitTest (package:flutter/src/widgets/overlay.dart:897:81)
#37     BoxHitTestResult.addWithPaintOffset (package:flutter/src/rendering/box.dart:800:31)
#38     _RenderTheaterMixin.hitTestChildren (package:flutter/src/widgets/overlay.dart:898:22)
#39     RenderBox.hitTest (package:flutter/src/rendering/box.dart:2484:11)
#40     RenderProxyBoxMixin.hitTestChildren (package:flutter/src/rendering/proxy_box.dart:117:19)
#41     RenderBox.hitTest (package:flutter/src/rendering/box.dart:2484:11)
#42     RenderAbsorbPointer.hitTest (package:flutter/src/rendering/proxy_box.dart:3872:17)
#43     RenderProxyBoxMixin.hitTestChildren (package:flutter/src/rendering/proxy_box.dart:117:19)
#44     RenderProxyBoxWithHitTestBehavior.hitTest (package:flutter/src/rendering/proxy_box.dart:172:19)
#45     RenderProxyBoxMixin.hitTestChildren (package:flutter/src/rendering/proxy_box.dart:117:19)
#46     RenderBox.hitTest (package:flutter/src/rendering/box.dart:2484:11)
#47     RenderProxyBoxMixin.hitTestChildren (package:flutter/src/rendering/proxy_box.dart:117:19)
#48     RenderBox.hitTest (package:flutter/src/rendering/box.dart:2484:11)
#49     RenderProxyBoxMixin.hitTestChildren (package:flutter/src/rendering/proxy_box.dart:117:19)
#50     RenderBox.hitTest (package:flutter/src/rendering/box.dart:2484:11)
#51     RenderProxyBoxMixin.hitTestChildren (package:flutter/src/rendering/proxy_box.dart:117:19)
#52     RenderTapRegionSurface.hitTest (package:flutter/src/widgets/tap_region.dart:213:28)
#53     RenderProxyBoxMixin.hitTestChildren (package:flutter/src/rendering/proxy_box.dart:117:19)
#54     RenderBox.hitTest (package:flutter/src/rendering/box.dart:2484:11)
#55     RenderProxyBoxMixin.hitTestChildren (package:flutter/src/rendering/proxy_box.dart:117:19)
#56     RenderBox.hitTest (package:flutter/src/rendering/box.dart:2484:11)
#57     RenderProxyBoxMixin.hitTestChildren (package:flutter/src/rendering/proxy_box.dart:117:19)
#58     RenderBox.hitTest (package:flutter/src/rendering/box.dart:2484:11)
#59     RenderView.hitTest (package:flutter/src/rendering/view.dart:211:14)
#60     RendererBinding.hitTestInView (package:flutter/src/rendering/binding.dart:624:34)
#61     GestureBinding._handlePointerEventImmediately (package:flutter/src/gestures/binding.dart:384:7)
#62     GestureBinding.handlePointerEvent (package:flutter/src/gestures/binding.dart:376:5)
#63     GestureBinding._flushPointerEventQueue (package:flutter/src/gestures/binding.dart:323:7)
#64     GestureBinding._handlePointerDataPacket (package:flutter/src/gestures/binding.dart:292:9)
#65     _invoke1 (dart:ui/hooks.dart:186:13)
#66     PlatformDispatcher._dispatchPointerDataPacket (dart:ui/platform_dispatcher.dart:433:7)
#67     _dispatchPointerDataPacket (dart:ui/hooks.dart:119:31)
[2023.08.11 23:22:46]der box with no size.
The hitTest() method was called on this RenderBox: RenderConstrainedBox#d02a4 relayoutBoundary=up1:
  needs compositing
  creator: ConstrainedBox ← Align ← MediaQuery ← Padding ← AnimatedPadding ← Dialog ← AlertDialog ← WindowsAddOptionDialog ← Builder ← IconTheme ← IconButtonTheme ← DefaultTextStyle ← ⋯
  parentData: offset=Offset(0.0, 0.0) (can use size)
  constraints: BoxConstraints(0.0<=w<=928.0, 0.0<=h<=681.0)
  size: MISSING
  additionalConstraints: BoxConstraints(280.0<=w<=Infinity, 0.0<=h<=Infinity)
Although this node is not marked as needing layout, its size is not set.
A RenderBox object must have an explicit size before it can be hit-tested. Make sure that the RenderBox in question sets its size during layout.ckage:flutter/src/rendering/shifted_box.dart:83:21)
#9      RenderBox.hitTest (package:flutter/src/rendering/box.dart:2484:11)
#10     RenderShiftedBox.hitTestChildren.<anonymous closure> (package:flutter/src/rendering/shifted_box.dart:88:24)
#11     BoxHitTestResult.addWithPaintOffset (package:flutter/src/rendering/box.dart:800:31)
#12     RenderShiftedBox.hitTestChildren (package:flutter/src/rendering/shifted_box.dart:83:21)
#13     RenderBox.hitTest (package:flutter/src/rendering/box.dart:2484:11)
#14     RenderShiftedBox.hitTestChildren.<anonymous closure> (package:flutter/src/rendering/shifted_box.dart:88:24)
#15     BoxHitTestResult.addWithPaintOffset (package:flutter/src/rendering/box.dart:800:31)
#16     RenderShiftedBox.hitTestChildren (package:flutter/src/rendering/shifted_box.dart:83:21)
#17     RenderBox.hitTest (package:flutter/src/rendering/box.dart:2484:11)
#18     RenderProxyBoxMixin.hitTestChildren (package:flutter/src/rendering/proxy_box.dart:117:19)
#19     RenderBox.hitTest (package:flutter/src/rendering/box.dart:2484:11)
#20     RenderProxyBoxMixin.hitTestChildren (package:flutter/src/rendering/proxy_box.dart:117:19)
#21     RenderBox.hitTest (package:flutter/src/rendering/box.dart:2484:11)
#22     RenderProxyBoxMixin.hitTestChildren (package:flutter/src/rendering/proxy_box.dart:117:19)
#23     RenderBox.hitTest (package:flutter/src/rendering/box.dart:2484:11)
#24     RenderIgnorePointer.hitTest (package:flutter/src/rendering/proxy_box.dart:3618:31)
#25     RenderProxyBoxMixin.hitTestChildren (package:flutter/src/rendering/proxy_box.dart:117:19)
#26     RenderBox.hitTest (package:flutter/src/rendering/box.dart:2484:11)
#27     RenderProxyBoxMixin.hitTestChildren (package:flutter/src/rendering/proxy_box.dart:117:19)
#28     RenderBox.hitTest (package:flutter/src/rendering/box.dart:2484:11)
#29     RenderProxyBoxMixin.hitTestChildren (package:flutter/src/rendering/proxy_box.dart:117:19)
#30     RenderBox.hitTest (package:flutter/src/rendering/box.dart:2484:11)
#31     RenderProxyBoxMixin.hitTestChildren (package:flutter/src/rendering/proxy_box.dart:117:19)
#32     RenderBox.hitTest (package:flutter/src/rendering/box.dart:2484:11)
#33     RenderOffstage.hitTest (package:flutter/src/rendering/proxy_box.dart:3747:31)
#34     RenderProxyBoxMixin.hitTestChildren (package:flutter/src/rendering/proxy_box.dart:117:19)
#35     RenderBox.hitTest (package:flutter/src/rendering/box.dart:2484:11)
#36     _RenderTheaterMixin.hitTestChildren.childHitTest (package:flutter/src/widgets/overlay.dart:897:81)
#37     BoxHitTestResult.addWithPaintOffset (package:flutter/src/rendering/box.dart:800:31)
#38     _RenderTheaterMixin.hitTestChildren (package:flutter/src/widgets/overlay.dart:898:22)
#39     RenderBox.hitTest (package:flutter/src/rendering/box.dart:2484:11)
#40     RenderProxyBoxMixin.hitTestChildren (package:flutter/src/rendering/proxy_box.dart:117:19)
#41     RenderBox.hitTest (package:flutter/src/rendering/box.dart:2484:11)
#42     RenderAbsorbPointer.hitTest (package:flutter/src/rendering/proxy_box.dart:3872:17)
#43     RenderProxyBoxMixin.hitTestChildren (package:flutter/src/rendering/proxy_box.dart:117:19)
#44     RenderProxyBoxWithHitTestBehavior.hitTest (package:flutter/src/rendering/proxy_box.dart:172:19)
#45     RenderProxyBoxMixin.hitTestChildren (package:flutter/src/rendering/proxy_box.dart:117:19)
#46     RenderBox.hitTest (package:flutter/src/rendering/box.dart:2484:11)
#47     RenderProxyBoxMixin.hitTestChildren (package:flutter/src/rendering/proxy_box.dart:117:19)
#48     RenderBox.hitTest (package:flutter/src/rendering/box.dart:2484:11)
#49     RenderProxyBoxMixin.hitTestChildren (package:flutter/src/rendering/proxy_box.dart:117:19)
#50     RenderBox.hitTest (package:flutter/src/rendering/box.dart:2484:11)
#51     RenderProxyBoxMixin.hitTestChildren (package:flutter/src/rendering/proxy_box.dart:117:19)
#52     RenderTapRegionSurface.hitTest (package:flutter/src/widgets/tap_region.dart:213:28)
#53     RenderProxyBoxMixin.hitTestChildren (package:flutter/src/rendering/proxy_box.dart:117:19)
#54     RenderBox.hitTest (package:flutter/src/rendering/box.dart:2484:11)
#55     RenderProxyBoxMixin.hitTestChildren (package:flutter/src/rendering/proxy_box.dart:117:19)
#56     RenderBox.hitTest (package:flutter/src/rendering/box.dart:2484:11)
#57     RenderProxyBoxMixin.hitTestChildren (package:flutter/src/rendering/proxy_box.dart:117:19)
#58     RenderBox.hitTest (package:flutter/src/rendering/box.dart:2484:11)
#59     RenderView.hitTest (package:flutter/src/rendering/view.dart:211:14)
#60     RendererBinding.hitTestInView (package:flutter/src/rendering/binding.dart:624:34)
#61     GestureBinding._handlePointerEventImmediately (package:flutter/src/gestures/binding.dart:384:7)
#62     GestureBinding.handlePointerEvent (package:flutter/src/gestures/binding.dart:376:5)
#63     GestureBinding._flushPointerEventQueue (package:flutter/src/gestures/binding.dart:323:7)
#64     GestureBinding._handlePointerDataPacket (package:flutter/src/gestures/binding.dart:292:9)
#65     _invoke1 (dart:ui/hooks.dart:186:13)
#66     PlatformDispatcher._dispatchPointerDataPacket (dart:ui/platform_dispatcher.dart:433:7)
#67     _dispatchPointerDataPacket (dart:ui/hooks.dart:119:31)
Cannot hit test a render box with no size.
The hitTest() method was called on this RenderBox: RenderConstrainedBox#d02a4 relayoutBoundary=up1:
  needs compositing
  creator: ConstrainedBox ← Align ← MediaQuery ← Padding ← AnimatedPadding ← Dialog ← AlertDialog ← WindowsAddOptionDialog ← Builder ← IconTheme ← IconButtonTheme ← DefaultTextStyle ← ⋯
  parentData: offset=Offset(0.0, 0.0) (can use size)
  constraints: BoxConstraints(0.0<=w<=928.0, 0.0<=h<=681.0)
  size: MISSING
  additionalConstraints: BoxConstraints(280.0<=w<=Infinity, 0.0<=h<=Infinity)
Although this node is not marked as needing layout, its size is not set.
A RenderBox object must have an explicit size before it can be hit-tested. Make sure that the RenderBox in question sets its size during layout.ckage:flutter/src/rendering/shifted_box.dart:83:21)
#9      RenderBox.hitTest (package:flutter/src/rendering/box.dart:2484:11)
#10     RenderShiftedBox.hitTestChildren.<anonymous closure> (package:flutter/src/rendering/shifted_box.dart:88:24)
#11     BoxHitTestResult.addWithPaintOffset (package:flutter/src/rendering/box.dart:800:31)
#12     RenderShiftedBox.hitTestChildren (package:flutter/src/rendering/shifted_box.dart:83:21)
#13     RenderBox.hitTest (package:flutter/src/rendering/box.dart:2484:11)
#14     RenderShiftedBox.hitTestChildren.<anonymous closure> (package:flutter/src/rendering/shifted_box.dart:88:24)
#15     BoxHitTestResult.addWithPaintOffset (package:flutter/src/rendering/box.dart:800:31)
#16     RenderShiftedBox.hitTestChildren (package:flutter/src/rendering/shifted_box.dart:83:21)
#17     RenderBox.hitTest (package:flutter/src/rendering/box.dart:2484:11)
#18     RenderProxyBoxMixin.hitTestChildren (package:flutter/src/rendering/proxy_box.dart:117:19)
#19     RenderBox.hitTest (package:flutter/src/rendering/box.dart:2484:11)
#20     RenderProxyBoxMixin.hitTestChildren (package:flutter/src/rendering/proxy_box.dart:117:19)
#21     RenderBox.hitTest (package:flutter/src/rendering/box.dart:2484:11)
#22     RenderProxyBoxMixin.hitTestChildren (package:flutter/src/rendering/proxy_box.dart:117:19)
#23     RenderBox.hitTest (package:flutter/src/rendering/box.dart:2484:11)
#24     RenderIgnorePointer.hitTest (package:flutter/src/rendering/proxy_box.dart:3618:31)
#25     RenderProxyBoxMixin.hitTestChildren (package:flutter/src/rendering/proxy_box.dart:117:19)
#26     RenderBox.hitTest (package:flutter/src/rendering/box.dart:2484:11)
#27     RenderProxyBoxMixin.hitTestChildren (package:flutter/src/rendering/proxy_box.dart:117:19)
#28     RenderBox.hitTest (package:flutter/src/rendering/box.dart:2484:11)
#29     RenderProxyBoxMixin.hitTestChildren (package:flutter/src/rendering/proxy_box.dart:117:19)
#30     RenderBox.hitTest (package:flutter/src/rendering/box.dart:2484:11)
#31     RenderProxyBoxMixin.hitTestChildren (package:flutter/src/rendering/proxy_box.dart:117:19)
#32     RenderBox.hitTest (package:flutter/src/rendering/box.dart:2484:11)
#33     RenderOffstage.hitTest (package:flutter/src/rendering/proxy_box.dart:3747:31)
#34     RenderProxyBoxMixin.hitTestChildren (package:flutter/src/rendering/proxy_box.dart:117:19)
#35     RenderBox.hitTest (package:flutter/src/rendering/box.dart:2484:11)
#36     _RenderTheaterMixin.hitTestChildren.childHitTest (package:flutter/src/widgets/overlay.dart:897:81)
#37     BoxHitTestResult.addWithPaintOffset (package:flutter/src/rendering/box.dart:800:31)
#38     _RenderTheaterMixin.hitTestChildren (package:flutter/src/widgets/overlay.dart:898:22)
#39     RenderBox.hitTest (package:flutter/src/rendering/box.dart:2484:11)
#40     RenderProxyBoxMixin.hitTestChildren (package:flutter/src/rendering/proxy_box.dart:117:19)
#41     RenderBox.hitTest (package:flutter/src/rendering/box.dart:2484:11)
#42     RenderAbsorbPointer.hitTest (package:flutter/src/rendering/proxy_box.dart:3872:17)
#43     RenderProxyBoxMixin.hitTestChildren (package:flutter/src/rendering/proxy_box.dart:117:19)
#44     RenderProxyBoxWithHitTestBehavior.hitTest (package:flutter/src/rendering/proxy_box.dart:172:19)
#45     RenderProxyBoxMixin.hitTestChildren (package:flutter/src/rendering/proxy_box.dart:117:19)
#46     RenderBox.hitTest (package:flutter/src/rendering/box.dart:2484:11)
#47     RenderProxyBoxMixin.hitTestChildren (package:flutter/src/rendering/proxy_box.dart:117:19)
#48     RenderBox.hitTest (package:flutter/src/rendering/box.dart:2484:11)
#49     RenderProxyBoxMixin.hitTestChildren (package:flutter/src/rendering/proxy_box.dart:117:19)
#50     RenderBox.hitTest (package:flutter/src/rendering/box.dart:2484:11)
#51     RenderProxyBoxMixin.hitTestChildren (package:flutter/src/rendering/proxy_box.dart:117:19)
#52     RenderTapRegionSurface.hitTest (package:flutter/src/widgets/tap_region.dart:213:28)
#53     RenderProxyBoxMixin.hitTestChildren (package:flutter/src/rendering/proxy_box.dart:117:19)
#54     RenderBox.hitTest (package:flutter/src/rendering/box.dart:2484:11)
#55     RenderProxyBoxMixin.hitTestChildren (package:flutter/src/rendering/proxy_box.dart:117:19)
#56     RenderBox.hitTest (package:flutter/src/rendering/box.dart:2484:11)
#57     RenderProxyBoxMixin.hitTestChildren (package:flutter/src/rendering/proxy_box.dart:117:19)
#58     RenderBox.hitTest (package:flutter/src/rendering/box.dart:2484:11)
#59     RenderView.hitTest (package:flutter/src/rendering/view.dart:211:14)
#60     RendererBinding.hitTestInView (package:flutter/src/rendering/binding.dart:624:34)
#61     GestureBinding._handlePointerEventImmediately (package:flutter/src/gestures/binding.dart:384:7)
#62     GestureBinding.handlePointerEvent (package:flutter/src/gestures/binding.dart:376:5)
#63     GestureBinding._flushPointerEventQueue (package:flutter/src/gestures/binding.dart:323:7)
#64     GestureBinding._handlePointerDataPacket (package:flutter/src/gestures/binding.dart:292:9)
#65     _invoke1 (dart:ui/hooks.dart:186:13)
#66     PlatformDispatcher._dispatchPointerDataPacket (dart:ui/platform_dispatcher.dart:433:7)
#67     _dispatchPointerDataPacket (dart:ui/hooks.dart:119:31)
#0      RenderBox.hitTest.<anonymous closure> (package:flutter/src/rendering/box.dart:2467:9)
#1      RenderBox.hitTest (package:flutter/src/rendering/box.dart:2482:6)
#2      RenderShiftedBox.hitTestChildren.<anonymous closure> (package:flutter/src/rendering/shifted_box.dart:88:24)
#3      BoxHitTestResult.addWithPaintOffset (package:flutter/src/rendering/box.dart:800:31)
#4      RenderShiftedBox.hitTestChildren (package:flutter/src/rendering/shifted_box.dart:83:21)
#5      RenderBox.hitTest (package:flutter/src/rendering/box.dart:2484:11)
#6      RenderShiftedBox.hitTestChildren.<anonymous closure> (package:flutter/src/rendering/shifted_box.dart:88:24)
#7      BoxHitTestResult.addWithPaintOffset (package:flutter/src/rendering/box.dart:800:31)
#8      RenderShiftedBox.hitTestChildren (package:flutter/src/rendering/shifted_box.dart:83:21)
#9      RenderBox.hitTest (package:flutter/src/rendering/box.dart:2484:11)
#10     RenderShiftedBox.hitTestChildren.<anonymous closure> (package:flutter/src/rendering/shifted_box.dart:88:24)
#11     BoxHitTestResult.addWithPaintOffset (package:flutter/src/rendering/box.dart:800:31)
#12     RenderShiftedBox.hitTestChildren (package:flutter/src/rendering/shifted_box.dart:83:21)
#13     RenderBox.hitTest (package:flutter/src/rendering/box.dart:2484:11)
#14     RenderShiftedBox.hitTestChildren.<anonymous closure> (package:flutter/src/rendering/shifted_box.dart:88:24)
#15     BoxHitTestResult.addWithPaintOffset (package:flutter/src/rendering/box.dart:800:31)
#16     RenderShiftedBox.hitTestChildren (package:flutter/src/rendering/shifted_box.dart:83:21)
#17     RenderBox.hitTest (package:flutter/src/rendering/box.dart:2484:11)
#18     RenderProxyBoxMixin.hitTestChildren (package:flutter/src/rendering/proxy_box.dart:117:19)
#19     RenderBox.hitTest (package:flutter/src/rendering/box.dart:2484:11)
#20     RenderProxyBoxMixin.hitTestChildren (package:flutter/src/rendering/proxy_box.dart:117:19)
#21     RenderBox.hitTest (package:flutter/src/rendering/box.dart:2484:11)
#22     RenderProxyBoxMixin.hitTestChildren (package:flutter/src/rendering/proxy_box.dart:117:19)
#23     RenderBox.hitTest (package:flutter/src/rendering/box.dart:2484:11)
#24     RenderIgnorePointer.hitTest (package:flutter/src/rendering/proxy_box.dart:3618:31)
#25     RenderProxyBoxMixin.hitTestChildren (package:flutter/src/rendering/proxy_box.dart:117:19)
#26     RenderBox.hitTest (package:flutter/src/rendering/box.dart:2484:11)
#27     RenderProxyBoxMixin.hitTestChildren (package:flutter/src/rendering/proxy_box.dart:117:19)
#28     RenderBox.hitTest (package:flutter/src/rendering/box.dart:2484:11)
#29     RenderProxyBoxMixin.hitTestChildren (package:flutter/src/rendering/proxy_box.dart:117:19)
#30     RenderBox.hitTest (package:flutter/src/rendering/box.dart:2484:11)
#31     RenderProxyBoxMixin.hitTestChildren (package:flutter/src/rendering/proxy_box.dart:117:19)
#32     RenderBox.hitTest (package:flutter/src/rendering/box.dart:2484:11)
#33     RenderOffstage.hitTest (package:flutter/src/rendering/proxy_box.dart:3747:31)
#34     RenderProxyBoxMixin.hitTestChildren (package:flutter/src/rendering/proxy_box.dart:117:19)
#35     RenderBox.hitTest (package:flutter/src/rendering/box.dart:2484:11)
#36     _RenderTheaterMixin.hitTestChildren.childHitTest (package:flutter/src/widgets/overlay.dart:897:81)
#37     BoxHitTestResult.addWithPaintOffset (package:flutter/src/rendering/box.dart:800:31)
#38     _RenderTheaterMixin.hitTestChildren (package:flutter/src/widgets/overlay.dart:898:22)
#39     RenderBox.hitTest (package:flutter/src/rendering/box.dart:2484:11)
#40     RenderProxyBoxMixin.hitTestChildren (package:flutter/src/rendering/proxy_box.dart:117:19)
#41     RenderBox.hitTest (package:flutter/src/rendering/box.dart:2484:11)
#42     RenderAbsorbPointer.hitTest (package:flutter/src/rendering/proxy_box.dart:3872:17)
#43     RenderProxyBoxMixin.hitTestChildren (package:flutter/src/rendering/proxy_box.dart:117:19)
#44     RenderProxyBoxWithHitTestBehavior.hitTest (package:flutter/src/rendering/proxy_box.dart:172:19)
#45     RenderProxyBoxMixin.hitTestChildren (package:flutter/src/rendering/proxy_box.dart:117:19)
#46     RenderBox.hitTest (package:flutter/src/rendering/box.dart:2484:11)
#47     RenderProxyBoxMixin.hitTestChildren (package:flutter/src/rendering/proxy_box.dart:117:19)
#48     RenderBox.hitTest (package:flutter/src/rendering/box.dart:2484:11)
#49     RenderProxyBoxMixin.hitTestChildren (package:flutter/src/rendering/proxy_box.dart:117:19)
#50     RenderBox.hitTest (package:flutter/src/rendering/box.dart:2484:11)
#51     RenderProxyBoxMixin.hitTestChildren (package:flutter/src/rendering/proxy_box.dart:117:19)
#52     RenderTapRegionSurface.hitTest (package:flutter/src/widgets/tap_region.dart:213:28)
#53     RenderProxyBoxMixin.hitTestChildren (package:flutter/src/rendering/proxy_box.dart:117:19)
#54     RenderBox.hitTest (package:flutter/src/rendering/box.dart:2484:11)
#55     RenderProxyBoxMixin.hitTestChildren (package:flutter/src/rendering/proxy_box.dart:117:19)
#56     RenderBox.hitTest (package:flutter/src/rendering/box.dart:2484:11)
#57     RenderProxyBoxMixin.hitTestChildren (package:flutter/src/rendering/proxy_box.dart:117:19)
#58     RenderBox.hitTest (package:flutter/src/rendering/box.dart:2484:11)
#59     RenderView.hitTest (package:flutter/src/rendering/view.dart:211:14)
#60     RendererBinding.hitTestInView (package:flutter/src/rendering/binding.dart:624:34)
#61     GestureBinding._handlePointerEventImmediately (package:flutter/src/gestures/binding.dart:384:7)
#62     GestureBinding.handlePointerEvent (package:flutter/src/gestures/binding.dart:376:5)
#63     GestureBinding._flushPointerEventQueue (package:flutter/src/gestures/binding.dart:323:7)
#64     GestureBinding._handlePointerDataPacket (package:flutter/src/gestures/binding.dart:292:9)
#65     _invoke1 (dart:ui/hooks.dart:186:13)
#66     PlatformDispatcher._dispatchPointerDataPacket (dart:ui/platform_dispatcher.dart:433:7)
#67     _dispatchPointerDataPacket (dart:ui/hooks.dart:119:31)
[2023.08.11 23:22:46]Cannot hit test a render box with no size.
The hitTest() method was called on this RenderBox: RenderConstrainedBox#d02a4 relayoutBoundary=up1:
  needs compositing
  creator: ConstrainedBox ← Align ← MediaQuery ← Padding ← AnimatedPadding ← Dialog ← AlertDialog ← WindowsAddOptionDialog ← Builder ← IconTheme ← IconButtonTheme ← DefaultTextStyle ← ⋯
  parentData: offset=Offset(0.0, 0.0) (can use size)
  constraints: BoxConstraints(0.0<=w<=928.0, 0.0<=h<=681.0)
  size: MISSING
  additionalConstraints: BoxConstraints(280.0<=w<=Infinity, 0.0<=h<=Infinity)
Although this node is not marked as needing layout, its size is not set.
A RenderBox object must have an explicit size before it can be hit-tested. Make sure that the RenderBox in question sets its size during layout.#0      RenderBox.hitTest.<anonymous closure> (package:flutter/src/rendering/box.dart:2467:9)
#1      RenderBox.hitTest (package:flutter/src/rendering/box.dart:2482:6)
#2      RenderShiftedBox.hitTestChildren.<anonymous closure> (package:flutter/src/rendering/shifted_box.dart:88:24)
#3      BoxHitTestResult.addWithPaintOffset (package:flutter/src/rendering/box.dart:800:31)
#4      RenderShiftedBox.hitTestChildren (package:flutter/src/rendering/shifted_box.dart:83:21)
#5      RenderBox.hitTest (package:flutter/src/rendering/box.dart:2484:11)
#6      RenderShiftedBox.hitTestChildren.<anonymous closure> (package:flutter/src/rendering/shifted_box.dart:88:24)
#7      BoxHitTestResult.addWithPaintOffset (package:flutter/src/rendering/box.dart:800:31)
#8      RenderShiftedBox.hitTestChildren (package:flutter/src/rendering/shifted_box.dart:83:21)
#9      RenderBox.hitTest (package:flutter/src/rendering/box.dart:2484:11)
#10     RenderShiftedBox.hitTestChildren.<anonymous closure> (package:flutter/src/rendering/shifted_box.dart:88:24)
#11     BoxHitTestResult.addWithPaintOffset (package:flutter/src/rendering/box.dart:800:31)
#12     RenderShiftedBox.hitTestChildren (package:flutter/src/rendering/shifted_box.dart:83:21)
#13     RenderBox.hitTest (package:flutter/src/rendering/box.dart:2484:11)
#14     RenderShiftedBox.hitTestChildren.<anonymous closure> (package:flutter/src/rendering/shifted_box.dart:88:24)
#15     BoxHitTestResult.addWithPaintOffset (package:flutter/src/rendering/box.dart:800:31)
#16     RenderShiftedBox.hitTestChildren (package:flutter/src/rendering/shifted_box.dart:83:21)
#17     RenderBox.hitTest (package:flutter/src/rendering/box.dart:2484:11)
#18     RenderProxyBoxMixin.hitTestChildren (package:flutter/src/rendering/proxy_box.dart:117:19)
#19     RenderBox.hitTest (package:flutter/src/rendering/box.dart:2484:11)
#20     RenderProxyBoxMixin.hitTestChildren (package:flutter/src/rendering/proxy_box.dart:117:19)
#21     RenderBox.hitTest (package:flutter/src/rendering/box.dart:2484:11)
#22     RenderProxyBoxMixin.hitTestChildren (package:flutter/src/rendering/proxy_box.dart:117:19)
#23     RenderBox.hitTest (package:flutter/src/rendering/box.dart:2484:11)
#24     RenderIgnorePointer.hitTest (package:flutter/src/rendering/proxy_box.dart:3618:31)
#25     RenderProxyBoxMixin.hitTestChildren (package:flutter/src/rendering/proxy_box.dart:117:19)
#26     RenderBox.hitTest (package:flutter/src/rendering/box.dart:2484:11)
#27     RenderProxyBoxMixin.hitTestChildren (package:flutter/src/rendering/proxy_box.dart:117:19)
#28     RenderBox.hitTest (package:flutter/src/rendering/box.dart:2484:11)
#29     RenderProxyBoxMixin.hitTestChildren (package:flutter/src/rendering/proxy_box.dart:117:19)
#30     RenderBox.hitTest (package:flutter/src/rendering/box.dart:2484:11)
#31     RenderProxyBoxMixin.hitTestChildren (package:flutter/src/rendering/proxy_box.dart:117:19)
#32     RenderBox.hitTest (package:flutter/src/rendering/box.dart:2484:11)
#33     RenderOffstage.hitTest (package:flutter/src/rendering/proxy_box.dart:3747:31)
#34     RenderProxyBoxMixin.hitTestChildren (package:flutter/src/rendering/proxy_box.dart:117:19)
#35     RenderBox.hitTest (package:flutter/src/rendering/box.dart:2484:11)
#36     _RenderTheaterMixin.hitTestChildren.childHitTest (package:flutter/src/widgets/overlay.dart:897:81)
#37     BoxHitTestResult.addWithPaintOffset (package:flutter/src/rendering/box.dart:800:31)
#38     _RenderTheaterMixin.hitTestChildren (package:flutter/src/widgets/overlay.dart:898:22)
#39     RenderBox.hitTest (package:flutter/src/rendering/box.dart:2484:11)
#40     RenderProxyBoxMixin.hitTestChildren (package:flutter/src/rendering/proxy_box.dart:117:19)
#41     RenderBox.hitTest (package:flutter/src/rendering/box.dart:2484:11)
#42     RenderAbsorbPointer.hitTest (package:flutter/src/rendering/proxy_box.dart:3872:17)
#43     RenderProxyBoxMixin.hitTestChildren (package:flutter/src/rendering/proxy_box.dart:117:19)
#44     RenderProxyBoxWithHitTestBehavior.hitTest (package:flutter/src/rendering/proxy_box.dart:172:19)
#45     RenderProxyBoxMixin.hitTestChildren (package:flutter/src/rendering/proxy_box.dart:117:19)
#46     RenderBox.hitTest (package:flutter/src/rendering/box.dart:2484:11)
#47     RenderProxyBoxMixin.hitTestChildren (package:flutter/src/rendering/proxy_box.dart:117:19)
#48     RenderBox.hitTest (package:flutter/src/rendering/box.dart:2484:11)
#49     RenderProxyBoxMixin.hitTestChildren (package:flutter/src/rendering/proxy_box.dart:117:19)
#50     RenderBox.hitTest (package:flutter/src/rendering/box.dart:2484:11)
#51     RenderProxyBoxMixin.hitTestChildren (package:flutter/src/rendering/proxy_box.dart:117:19)
#52     RenderTapRegionSurface.hitTest (package:flutter/src/widgets/tap_region.dart:213:28)
#53     RenderProxyBoxMixin.hitTestChildren (package:flutter/src/rendering/proxy_box.dart:117:19)
#54     RenderBox.hitTest (package:flutter/src/rendering/box.dart:2484:11)
#55     RenderProxyBoxMixin.hitTestChildren (package:flutter/src/rendering/proxy_box.dart:117:19)
#56     RenderBox.hitTest (package:flutter/src/rendering/box.dart:2484:11)
#57     RenderProxyBoxMixin.hitTestChildren (package:flutter/src/rendering/proxy_box.dart:117:19)
#58     RenderBox.hitTest (package:flutter/src/rendering/box.dart:2484:11)
#59     RenderView.hitTest (package:flutter/src/rendering/view.dart:211:14)
#60     RendererBinding.hitTestInView (package:flutter/src/rendering/binding.dart:624:34)
#61     GestureBinding._handlePointerEventImmediately (package:flutter/src/gestures/binding.dart:384:7)
#62     GestureBinding.handlePointerEvent (package:flutter/src/gestures/binding.dart:376:5)
#63     GestureBinding._flushPointerEventQueue (package:flutter/src/gestures/binding.dart:323:7)
#64     GestureBinding._handlePointerDataPacket (package:flutter/src/gestures/binding.dart:292:9)
#65     _invoke1 (dart:ui/hooks.dart:186:13)
#66     PlatformDispatcher._dispatchPointerDataPacket (dart:ui/platform_dispatcher.dart:433:7)
#67     _dispatchPointerDataPacket (dart:ui/hooks.dart:119:31)

[2023.08.11 23:22:46]
annot hit test a render box with no size.
The hitTest() method was called on this RenderBox: RenderConstrainedBox#d02a4 relayoutBoundary=up1:
  needs compositing
  creator: ConstrainedBox ← Align ← MediaQuery ← Padding ← AnimatedPadding ← Dialog ← AlertDialog ← WindowsAddOptionDialog ← Builder ← IconTheme ← IconButtonTheme ← DefaultTextStyle ← ⋯
  parentData: offset=Offset(0.0, 0.0) (can use size)
  constraints: BoxConstraints(0.0<=w<=928.0, 0.0<=h<=681.0)
  size: MISSING
  additionalConstraints: BoxConstraints(280.0<=w<=Infinity, 0.0<=h<=Infinity)
Although this node is not marked as needing layout, its size is not set.
A RenderBox object must have an explicit size before it can be hit-tested. Make sure that the RenderBox in question sets its size during layout.
0      RenderBox.hitTest.<anonymous closure> (package:flutter/src/rendering/box.dart:2467:9)
#1      RenderBox.hitTest (package:flutter/src/rendering/box.dart:2482:6)
#2      RenderShiftedBox.hitTestChildren.<anonymous closure> (package:flutter/src/rendering/shifted_box.dart:88:24)
#3      BoxHitTestResult.addWithPaintOffset (package:flutter/src/rendering/box.dart:800:31)
#4      RenderShiftedBox.hitTestChildren (package:flutter/src/rendering/shifted_box.dart:83:21)
#5      RenderBox.hitTest (package:flutter/src/rendering/box.dart:2484:11)
#6      RenderShiftedBox.hitTestChildren.<anonymous closure> (package:flutter/src/rendering/shifted_box.dart:88:24)
#7      BoxHitTestResult.addWithPaintOffset (package:flutter/src/rendering/box.dart:800:31)
#8      RenderShiftedBox.hitTestChildren (package:flutter/src/rendering/shifted_box.dart:83:21)
#9      RenderBox.hitTest (package:flutter/src/rendering/box.dart:2484:11)
#10     RenderShiftedBox.hitTestChildren.<anonymous closure> (package:flutter/src/rendering/shifted_box.dart:88:24)
#11     BoxHitTestResult.addWithPaintOffset (package:flutter/src/rendering/box.dart:800:31)
#12     RenderShiftedBox.hitTestChildren (package:flutter/src/rendering/shifted_box.dart:83:21)
#13     RenderBox.hitTest (package:flutter/src/rendering/box.dart:2484:11)
#14     RenderShiftedBox.hitTestChildren.<anonymous closure> (package:flutter/src/rendering/shifted_box.dart:88:24)
#15     BoxHitTestResult.addWithPaintOffset (package:flutter/src/rendering/box.dart:800:31)
#16     RenderShiftedBox.hitTestChildren (package:flutter/src/rendering/shifted_box.dart:83:21)
#17     RenderBox.hitTest (package:flutter/src/rendering/box.dart:2484:11)
#18     RenderProxyBoxMixin.hitTestChildren (package:flutter/src/rendering/proxy_box.dart:117:19)
#19     RenderBox.hitTest (package:flutter/src/rendering/box.dart:2484:11)
#20     RenderProxyBoxMixin.hitTestChildren (package:flutter/src/rendering/proxy_box.dart:117:19)
#21     RenderBox.hitTest (package:flutter/src/rendering/box.dart:2484:11)
#22     RenderProxyBoxMixin.hitTestChildren (package:flutter/src/rendering/proxy_box.dart:117:19)
#23     RenderBox.hitTest (package:flutter/src/rendering/box.dart:2484:11)
#24     RenderIgnorePointer.hitTest (package:flutter/src/rendering/proxy_box.dart:3618:31)
#25     RenderProxyBoxMixin.hitTestChildren (package:flutter/src/rendering/proxy_box.dart:117:19)
#26     RenderBox.hitTest (package:flutter/src/rendering/box.dart:2484:11)
#27     RenderProxyBoxMixin.hitTestChildren (package:flutter/src/rendering/proxy_box.dart:117:19)
#28     RenderBox.hitTest (package:flutter/src/rendering/box.dart:2484:11)
#29     RenderProxyBoxMixin.hitTestChildren (package:flutter/src/rendering/proxy_box.dart:117:19)
#30     RenderBox.hitTest (package:flutter/src/rendering/box.dart:2484:11)
#31     RenderProxyBoxMixin.hitTestChildren (package:flutter/src/rendering/proxy_box.dart:117:19)
#32     RenderBox.hitTest (package:flutter/src/rendering/box.dart:2484:11)
#33     RenderOffstage.hitTest (package:flutter/src/rendering/proxy_box.dart:3747:31)
#34     RenderProxyBoxMixin.hitTestChildren (package:flutter/src/rendering/proxy_box.dart:117:19)
#35     RenderBox.hitTest (package:flutter/src/rendering/box.dart:2484:11)
#36     _RenderTheaterMixin.hitTestChildren.childHitTest (package:flutter/src/widgets/overlay.dart:897:81)
#37     BoxHitTestResult.addWithPaintOffset (package:flutter/src/rendering/box.dart:800:31)
#38     _RenderTheaterMixin.hitTestChildren (package:flutter/src/widgets/overlay.dart:898:22)
#39     RenderBox.hitTest (package:flutter/src/rendering/box.dart:2484:11)
#40     RenderProxyBoxMixin.hitTestChildren (package:flutter/src/rendering/proxy_box.dart:117:19)
#41     RenderBox.hitTest (package:flutter/src/rendering/box.dart:2484:11)
#42     RenderAbsorbPointer.hitTest (package:flutter/src/rendering/proxy_box.dart:3872:17)
#43     RenderProxyBoxMixin.hitTestChildren (package:flutter/src/rendering/proxy_box.dart:117:19)
#44     RenderProxyBoxWithHitTestBehavior.hitTest (package:flutter/src/rendering/proxy_box.dart:172:19)
#45     RenderProxyBoxMixin.hitTestChildren (package:flutter/src/rendering/proxy_box.dart:117:19)
#46     RenderBox.hitTest (package:flutter/src/rendering/box.dart:2484:11)
#47     RenderProxyBoxMixin.hitTestChildren (package:flutter/src/rendering/proxy_box.dart:117:19)
#48     RenderBox.hitTest (package:flutter/src/rendering/box.dart:2484:11)
#49     RenderProxyBoxMixin.hitTestChildren (package:flutter/src/rendering/proxy_box.dart:117:19)
#50     RenderBox.hitTest (package:flutter/src/rendering/box.dart:2484:11)
#51     RenderProxyBoxMixin.hitTestChildren (package:flutter/src/rendering/proxy_box.dart:117:19)
#52     RenderTapRegionSurface.hitTest (package:flutter/src/widgets/tap_region.dart:213:28)
#53     RenderProxyBoxMixin.hitTestChildren (package:flutter/src/rendering/proxy_box.dart:117:19)
#54     RenderBox.hitTest (package:flutter/src/rendering/box.dart:2484:11)
#55     RenderProxyBoxMixin.hitTestChildren (package:flutter/src/rendering/proxy_box.dart:117:19)
#56     RenderBox.hitTest (package:flutter/src/rendering/box.dart:2484:11)
#57     RenderProxyBoxMixin.hitTestChildren (package:flutter/src/rendering/proxy_box.dart:117:19)
#58     RenderBox.hitTest (package:flutter/src/rendering/box.dart:2484:11)
#59     RenderView.hitTest (package:flutter/src/rendering/view.dart:211:14)
#60     RendererBinding.hitTestInView (package:flutter/src/rendering/binding.dart:624:34)
#61     GestureBinding._handlePointerEventImmediately (package:flutter/src/gestures/binding.dart:384:7)
#62     GestureBinding.handlePointerEvent (package:flutter/src/gestures/binding.dart:376:5)
#63     GestureBinding._flushPointerEventQueue (package:flutter/src/gestures/binding.dart:323:7)
#64     GestureBinding._handlePointerDataPacket (package:flutter/src/gestures/binding.dart:292:9)
#65     _invoke1 (dart:ui/hooks.dart:186:13)
#66     PlatformDispatcher._dispatchPointerDataPacket (dart:ui/platform_dispatcher.dart:433:7)
#67     _dispatchPointerDataPacket (dart:ui/hooks.dart:119:31)
Cannot hit test a render box with no size.
The hitTest() method was called on this RenderBox: RenderConstrainedBox#d02a4 relayoutBoundary=up1:
  needs compositing
  creator: ConstrainedBox ← Align ← MediaQuery ← Padding ← AnimatedPadding ← Dialog ← AlertDialog ← WindowsAddOptionDialog ← Builder ← IconTheme ← IconButtonTheme ← DefaultTextStyle ← ⋯
  parentData: offset=Offset(0.0, 0.0) (can use size)
  constraints: BoxConstraints(0.0<=w<=928.0, 0.0<=h<=681.0)
  size: MISSING
  additionalConstraints: BoxConstraints(280.0<=w<=Infinity, 0.0<=h<=Infinity)
Although this node is not marked as needing layout, its size is not set.
A RenderBox object must have an explicit size before it can be hit-tested. Make sure that the RenderBox in question sets its size during layout.#0      RenderBox.hitTest.<anonymous closure> (package:flutter/src/rendering/box.dart:2467:9)
#1      RenderBox.hitTest (package:flutter/src/rendering/box.dart:2482:6)
#2      RenderShiftedBox.hitTestChildren.<anonymous closure> (package:flutter/src/rendering/shifted_box.dart:88:24)
#3      BoxHitTestResult.addWithPaintOffset (package:flutter/src/rendering/box.dart:800:31)
#4      RenderShiftedBox.hitTestChildren (package:flutter/src/rendering/shifted_box.dart:83:21)
#5      RenderBox.hitTest (package:flutter/src/rendering/box.dart:2484:11)
#6      RenderShiftedBox.hitTestChildren.<anonymous closure> (package:flutter/src/rendering/shifted_box.dart:88:24)
#7      BoxHitTestResult.addWithPaintOffset (package:flutter/src/rendering/box.dart:800:31)
#8      RenderShiftedBox.hitTestChildren (package:flutter/src/rendering/shifted_box.dart:83:21)
#9      RenderBox.hitTest (package:flutter/src/rendering/box.dart:2484:11)
#10     RenderShiftedBox.hitTestChildren.<anonymous closure> (package:flutter/src/rendering/shifted_box.dart:88:24)
#11     BoxHitTestResult.addWithPaintOffset (package:flutter/src/rendering/box.dart:800:31)
#12     RenderShiftedBox.hitTestChildren (package:flutter/src/rendering/shifted_box.dart:83:21)
#13     RenderBox.hitTest (package:flutter/src/rendering/box.dart:2484:11)
#14     RenderShiftedBox.hitTestChildren.<anonymous closure> (package:flutter/src/rendering/shifted_box.dart:88:24)
#15     BoxHitTestResult.addWithPaintOffset (package:flutter/src/rendering/box.dart:800:31)
#16     RenderShiftedBox.hitTestChildren (package:flutter/src/rendering/shifted_box.dart:83:21)
#17     RenderBox.hitTest (package:flutter/src/rendering/box.dart:2484:11)
#18     RenderProxyBoxMixin.hitTestChildren (package:flutter/src/rendering/proxy_box.dart:117:19)
#19     RenderBox.hitTest (package:flutter/src/rendering/box.dart:2484:11)
#20     RenderProxyBoxMixin.hitTestChildren (package:flutter/src/rendering/proxy_box.dart:117:19)
#21     RenderBox.hitTest (package:flutter/src/rendering/box.dart:2484:11)
#22     RenderProxyBoxMixin.hitTestChildren (package:flutter/src/rendering/proxy_box.dart:117:19)
#23     RenderBox.hitTest (package:flutter/src/rendering/box.dart:2484:11)
#24     RenderIgnorePointer.hitTest (package:flutter/src/rendering/proxy_box.dart:3618:31)
#25     RenderProxyBoxMixin.hitTestChildren (package:flutter/src/rendering/proxy_box.dart:117:19)
#26     RenderBox.hitTest (package:flutter/src/rendering/box.dart:2484:11)
#27     RenderProxyBoxMixin.hitTestChildren (package:flutter/src/rendering/proxy_box.dart:117:19)
#28     RenderBox.hitTest (package:flutter/src/rendering/box.dart:2484:11)
#29     RenderProxyBoxMixin.hitTestChildren (package:flutter/src/rendering/proxy_box.dart:117:19)
#30     RenderBox.hitTest (package:flutter/src/rendering/box.dart:2484:11)
#31     RenderProxyBoxMixin.hitTestChildren (package:flutter/src/rendering/proxy_box.dart:117:19)
#32     RenderBox.hitTest (package:flutter/src/rendering/box.dart:2484:11)
#33     RenderOffstage.hitTest (package:flutter/src/rendering/proxy_box.dart:3747:31)
#34     RenderProxyBoxMixin.hitTestChildren (package:flutter/src/rendering/proxy_box.dart:117:19)
#35     RenderBox.hitTest (package:flutter/src/rendering/box.dart:2484:11)
#36     _RenderTheaterMixin.hitTestChildren.childHitTest (package:flutter/src/widgets/overlay.dart:897:81)
#37     BoxHitTestResult.addWithPaintOffset (package:flutter/src/rendering/box.dart:800:31)
#38     _RenderTheaterMixin.hitTestChildren (package:flutter/src/widgets/overlay.dart:898:22)
#39     RenderBox.hitTest (package:flutter/src/rendering/box.dart:2484:11)
#40     RenderProxyBoxMixin.hitTestChildren (package:flutter/src/rendering/proxy_box.dart:117:19)
#41     RenderBox.hitTest (package:flutter/src/rendering/box.dart:2484:11)
#42     RenderAbsorbPointer.hitTest (package:flutter/src/rendering/proxy_box.dart:3872:17)
#43     RenderProxyBoxMixin.hitTestChildren (package:flutter/src/rendering/proxy_box.dart:117:19)
#44     RenderProxyBoxWithHitTestBehavior.hitTest (package:flutter/src/rendering/proxy_box.dart:172:19)
#45     RenderProxyBoxMixin.hitTestChildren (package:flutter/src/rendering/proxy_box.dart:117:19)
#46     RenderBox.hitTest (package:flutter/src/rendering/box.dart:2484:11)
#47     RenderProxyBoxMixin.hitTestChildren (package:flutter/src/rendering/proxy_box.dart:117:19)
#48     RenderBox.hitTest (package:flutter/src/rendering/box.dart:2484:11)
#49     RenderProxyBoxMixin.hitTestChildren (package:flutter/src/rendering/proxy_box.dart:117:19)
#50     RenderBox.hitTest (package:flutter/src/rendering/box.dart:2484:11)
#51     RenderProxyBoxMixin.hitTestChildren (package:flutter/src/rendering/proxy_box.dart:117:19)
#52     RenderTapRegionSurface.hitTest (package:flutter/src/widgets/tap_region.dart:213:28)
#53     RenderProxyBoxMixin.hitTestChildren (package:flutter/src/rendering/proxy_box.dart:117:19)
#54     RenderBox.hitTest (package:flutter/src/rendering/box.dart:2484:11)
#55     RenderProxyBoxMixin.hitTestChildren (package:flutter/src/rendering/proxy_box.dart:117:19)
#56     RenderBox.hitTest (package:flutter/src/rendering/box.dart:2484:11)
#57     RenderProxyBoxMixin.hitTestChildren (package:flutter/src/rendering/proxy_box.dart:117:19)
#58     RenderBox.hitTest (package:flutter/src/rendering/box.dart:2484:11)
#59     RenderView.hitTest (package:flutter/src/rendering/view.dart:211:14)
#60     RendererBinding.hitTestInView (package:flutter/src/rendering/binding.dart:624:34)
#61     GestureBinding._handlePointerEventImmediately (package:flutter/src/gestures/binding.dart:384:7)
#62     GestureBinding.handlePointerEvent (package:flutter/src/gestures/binding.dart:376:5)
#63     GestureBinding._flushPointerEventQueue (package:flutter/src/gestures/binding.dart:323:7)
#64     GestureBinding._handlePointerDataPacket (package:flutter/src/gestures/binding.dart:292:9)
#65     _invoke1 (dart:ui/hooks.dart:186:13)
#66     PlatformDispatcher._dispatchPointerDataPacket (dart:ui/platform_dispatcher.dart:433:7)
#67     _dispatchPointerDataPacket (dart:ui/hooks.dart:119:31)

annot hit test a render box with no size.
The hitTest() method was called on this RenderBox: RenderConstrainedBox#d02a4 relayoutBoundary=up1:
  needs compositing
  creator: ConstrainedBox ← Align ← MediaQuery ← Padding ← AnimatedPadding ← Dialog ← AlertDialog ← WindowsAddOptionDialog ← Builder ← IconTheme ← IconButtonTheme ← DefaultTextStyle ← ⋯
  parentData: offset=Offset(0.0, 0.0) (can use size)
  constraints: BoxConstraints(0.0<=w<=928.0, 0.0<=h<=681.0)
  size: MISSING
  additionalConstraints: BoxConstraints(280.0<=w<=Infinity, 0.0<=h<=Infinity)
Although this node is not marked as needing layout, its size is not set.
A RenderBox object must have an explicit size before it can be hit-tested. Make sure that the RenderBox in question sets its size during layout.ckage:flutter/src/rendering/shifted_box.dart:83:21)
#9      RenderBox.hitTest (package:flutter/src/rendering/box.dart:2484:11)
#10     RenderShiftedBox.hitTestChildren.<anonymous closure> (package:flutter/src/rendering/shifted_box.dart:88:24)
#11     BoxHitTestResult.addWithPaintOffset (package:flutter/src/rendering/box.dart:800:31)
#12     RenderShiftedBox.hitTestChildren (package:flutter/src/rendering/shifted_box.dart:83:21)
#13     RenderBox.hitTest (package:flutter/src/rendering/box.dart:2484:11)
#14     RenderShiftedBox.hitTestChildren.<anonymous closure> (package:flutter/src/rendering/shifted_box.dart:88:24)
#15     BoxHitTestResult.addWithPaintOffset (package:flutter/src/rendering/box.dart:800:31)
#16     RenderShiftedBox.hitTestChildren (package:flutter/src/rendering/shifted_box.dart:83:21)
#17     RenderBox.hitTest (package:flutter/src/rendering/box.dart:2484:11)
#18     RenderProxyBoxMixin.hitTestChildren (package:flutter/src/rendering/proxy_box.dart:117:19)
#19     RenderBox.hitTest (package:flutter/src/rendering/box.dart:2484:11)
#20     RenderProxyBoxMixin.hitTestChildren (package:flutter/src/rendering/proxy_box.dart:117:19)
#21     RenderBox.hitTest (package:flutter/src/rendering/box.dart:2484:11)
#22     RenderProxyBoxMixin.hitTestChildren (package:flutter/src/rendering/proxy_box.dart:117:19)
#23     RenderBox.hitTest (package:flutter/src/rendering/box.dart:2484:11)
#24     RenderIgnorePointer.hitTest (package:flutter/src/rendering/proxy_box.dart:3618:31)
#25     RenderProxyBoxMixin.hitTestChildren (package:flutter/src/rendering/proxy_box.dart:117:19)
#26     RenderBox.hitTest (package:flutter/src/rendering/box.dart:2484:11)
#27     RenderProxyBoxMixin.hitTestChildren (package:flutter/src/rendering/proxy_box.dart:117:19)
#28     RenderBox.hitTest (package:flutter/src/rendering/box.dart:2484:11)
#29     RenderProxyBoxMixin.hitTestChildren (package:flutter/src/rendering/proxy_box.dart:117:19)
#30     RenderBox.hitTest (package:flutter/src/rendering/box.dart:2484:11)
#31     RenderProxyBoxMixin.hitTestChildren (package:flutter/src/rendering/proxy_box.dart:117:19)
#32     RenderBox.hitTest (package:flutter/src/rendering/box.dart:2484:11)
#33     RenderOffstage.hitTest (package:flutter/src/rendering/proxy_box.dart:3747:31)
#34     RenderProxyBoxMixin.hitTestChildren (package:flutter/src/rendering/proxy_box.dart:117:19)
#35     RenderBox.hitTest (package:flutter/src/rendering/box.dart:2484:11)
#36     _RenderTheaterMixin.hitTestChildren.childHitTest (package:flutter/src/widgets/overlay.dart:897:81)
#37     BoxHitTestResult.addWithPaintOffset (package:flutter/src/rendering/box.dart:800:31)
#38     _RenderTheaterMixin.hitTestChildren (package:flutter/src/widgets/overlay.dart:898:22)
#39     RenderBox.hitTest (package:flutter/src/rendering/box.dart:2484:11)
#40     RenderProxyBoxMixin.hitTestChildren (package:flutter/src/rendering/proxy_box.dart:117:19)
#41     RenderBox.hitTest (package:flutter/src/rendering/box.dart:2484:11)
#42     RenderAbsorbPointer.hitTest (package:flutter/src/rendering/proxy_box.dart:3872:17)
#43     RenderProxyBoxMixin.hitTestChildren (package:flutter/src/rendering/proxy_box.dart:117:19)
#44     RenderProxyBoxWithHitTestBehavior.hitTest (package:flutter/src/rendering/proxy_box.dart:172:19)
#45     RenderProxyBoxMixin.hitTestChildren (package:flutter/src/rendering/proxy_box.dart:117:19)
#46     RenderBox.hitTest (package:flutter/src/rendering/box.dart:2484:11)
#47     RenderProxyBoxMixin.hitTestChildren (package:flutter/src/rendering/proxy_box.dart:117:19)
#48     RenderBox.hitTest (package:flutter/src/rendering/box.dart:2484:11)
#49     RenderProxyBoxMixin.hitTestChildren (package:flutter/src/rendering/proxy_box.dart:117:19)
#50     RenderBox.hitTest (package:flutter/src/rendering/box.dart:2484:11)
#51     RenderProxyBoxMixin.hitTestChildren (package:flutter/src/rendering/proxy_box.dart:117:19)
#52     RenderTapRegionSurface.hitTest (package:flutter/src/widgets/tap_region.dart:213:28)
#53     RenderProxyBoxMixin.hitTestChildren (package:flutter/src/rendering/proxy_box.dart:117:19)
#54     RenderBox.hitTest (package:flutter/src/rendering/box.dart:2484:11)
#55     RenderProxyBoxMixin.hitTestChildren (package:flutter/src/rendering/proxy_box.dart:117:19)
#56     RenderBox.hitTest (package:flutter/src/rendering/box.dart:2484:11)
#57     RenderProxyBoxMixin.hitTestChildren (package:flutter/src/rendering/proxy_box.dart:117:19)
#58     RenderBox.hitTest (package:flutter/src/rendering/box.dart:2484:11)
#59     RenderView.hitTest (package:flutter/src/rendering/view.dart:211:14)
#60     RendererBinding.hitTestInView (package:flutter/src/rendering/binding.dart:624:34)
#61     GestureBinding._handlePointerEventImmediately (package:flutter/src/gestures/binding.dart:384:7)
#62     GestureBinding.handlePointerEvent (package:flutter/src/gestures/binding.dart:376:5)
#63     GestureBinding._flushPointerEventQueue (package:flutter/src/gestures/binding.dart:323:7)
#64     GestureBinding._handlePointerDataPacket (package:flutter/src/gestures/binding.dart:292:9)
#65     _invoke1 (dart:ui/hooks.dart:186:13)
#66     PlatformDispatcher._dispatchPointerDataPacket (dart:ui/platform_dispatcher.dart:433:7)
#67     _dispatchPointerDataPacket (dart:ui/hooks.dart:119:31)
#0      RenderBox.hitTest.<anonymous closure> (package:flutter/src/rendering/box.dart:2467:9)
#1      RenderBox.hitTest (package:flutter/src/rendering/box.dart:2482:6)
#2      RenderShiftedBox.hitTestChildren.<anonymous closure> (package:flutter/src/rendering/shifted_box.dart:88:24)
#3      BoxHitTestResult.addWithPaintOffset (package:flutter/src/rendering/box.dart:800:31)
#4      RenderShiftedBox.hitTestChildren (package:flutter/src/rendering/shifted_box.dart:83:21)
#5      RenderBox.hitTest (package:flutter/src/rendering/box.dart:2484:11)
#6      RenderShiftedBox.hitTestChildren.<anonymous closure> (package:flutter/src/rendering/shifted_box.dart:88:24)
#7      BoxHitTestResult.addWithPaintOffset (package:flutter/src/rendering/box.dart:800:31)
#8      RenderShiftedBox.hitTestChildren (package:flutter/src/rendering/shifted_box.dart:83:21)
#9      RenderBox.hitTest (package:flutter/src/rendering/box.dart:2484:11)
#10     RenderShiftedBox.hitTestChildren.<anonymous closure> (package:flutter/src/rendering/shifted_box.dart:88:24)
#11     BoxHitTestResult.addWithPaintOffset (package:flutter/src/rendering/box.dart:800:31)
#12     RenderShiftedBox.hitTestChildren (package:flutter/src/rendering/shifted_box.dart:83:21)
#13     RenderBox.hitTest (package:flutter/src/rendering/box.dart:2484:11)
#14     RenderShiftedBox.hitTestChildren.<anonymous closure> (package:flutter/src/rendering/shifted_box.dart:88:24)
#15     BoxHitTestResult.addWithPaintOffset (package:flutter/src/rendering/box.dart:800:31)
#16     RenderShiftedBox.hitTestChildren (package:flutter/src/rendering/shifted_box.dart:83:21)
#17     RenderBox.hitTest (package:flutter/src/rendering/box.dart:2484:11)
#18     RenderProxyBoxMixin.hitTestChildren (package:flutter/src/rendering/proxy_box.dart:117:19)
#19     RenderBox.hitTest (package:flutter/src/rendering/box.dart:2484:11)
#20     RenderProxyBoxMixin.hitTestChildren (package:flutter/src/rendering/proxy_box.dart:117:19)
#21     RenderBox.hitTest (package:flutter/src/rendering/box.dart:2484:11)
#22     RenderProxyBoxMixin.hitTestChildren (package:flutter/src/rendering/proxy_box.dart:117:19)
#23     RenderBox.hitTest (package:flutter/src/rendering/box.dart:2484:11)
#24     RenderIgnorePointer.hitTest (package:flutter/src/rendering/proxy_box.dart:3618:31)
#25     RenderProxyBoxMixin.hitTestChildren (package:flutter/src/rendering/proxy_box.dart:117:19)
#26     RenderBox.hitTest (package:flutter/src/rendering/box.dart:2484:11)
#27     RenderProxyBoxMixin.hitTestChildren (package:flutter/src/rendering/proxy_box.dart:117:19)
#28     RenderBox.hitTest (package:flutter/src/rendering/box.dart:2484:11)
#29     RenderProxyBoxMixin.hitTestChildren (package:flutter/src/rendering/proxy_box.dart:117:19)
#30     RenderBox.hitTest (package:flutter/src/rendering/box.dart:2484:11)
#31     RenderProxyBoxMixin.hitTestChildren (package:flutter/src/rendering/proxy_box.dart:117:19)
#32     RenderBox.hitTest (package:flutter/src/rendering/box.dart:2484:11)
#33     RenderOffstage.hitTest (package:flutter/src/rendering/proxy_box.dart:3747:31)
#34     RenderProxyBoxMixin.hitTestChildren (package:flutter/src/rendering/proxy_box.dart:117:19)
#35     RenderBox.hitTest (package:flutter/src/rendering/box.dart:2484:11)
#36     _RenderTheaterMixin.hitTestChildren.childHitTest (package:flutter/src/widgets/overlay.dart:897:81)
#37     BoxHitTestResult.addWithPaintOffset (package:flutter/src/rendering/box.dart:800:31)
#38     _RenderTheaterMixin.hitTestChildren (package:flutter/src/widgets/overlay.dart:898:22)
#39     RenderBox.hitTest (package:flutter/src/rendering/box.dart:2484:11)
#40     RenderProxyBoxMixin.hitTestChildren (package:flutter/src/rendering/proxy_box.dart:117:19)
#41     RenderBox.hitTest (package:flutter/src/rendering/box.dart:2484:11)
#42     RenderAbsorbPointer.hitTest (package:flutter/src/rendering/proxy_box.dart:3872:17)
#43     RenderProxyBoxMixin.hitTestChildren (package:flutter/src/rendering/proxy_box.dart:117:19)
#44     RenderProxyBoxWithHitTestBehavior.hitTest (package:flutter/src/rendering/proxy_box.dart:172:19)
#45     RenderProxyBoxMixin.hitTestChildren (package:flutter/src/rendering/proxy_box.dart:117:19)
#46     RenderBox.hitTest (package:flutter/src/rendering/box.dart:2484:11)
#47     RenderProxyBoxMixin.hitTestChildren (package:flutter/src/rendering/proxy_box.dart:117:19)
#48     RenderBox.hitTest (package:flutter/src/rendering/box.dart:2484:11)
#49     RenderProxyBoxMixin.hitTestChildren (package:flutter/src/rendering/proxy_box.dart:117:19)
#50     RenderBox.hitTest (package:flutter/src/rendering/box.dart:2484:11)
#51     RenderProxyBoxMixin.hitTestChildren (package:flutter/src/rendering/proxy_box.dart:117:19)
#52     RenderTapRegionSurface.hitTest (package:flutter/src/widgets/tap_region.dart:213:28)
#53     RenderProxyBoxMixin.hitTestChildren (package:flutter/src/rendering/proxy_box.dart:117:19)
#54     RenderBox.hitTest (package:flutter/src/rendering/box.dart:2484:11)
#55     RenderProxyBoxMixin.hitTestChildren (package:flutter/src/rendering/proxy_box.dart:117:19)
#56     RenderBox.hitTest (package:flutter/src/rendering/box.dart:2484:11)
#57     RenderProxyBoxMixin.hitTestChildren (package:flutter/src/rendering/proxy_box.dart:117:19)
#58     RenderBox.hitTest (package:flutter/src/rendering/box.dart:2484:11)
#59     RenderView.hitTest (package:flutter/src/rendering/view.dart:211:14)
#60     RendererBinding.hitTestInView (package:flutter/src/rendering/binding.dart:624:34)
#61     GestureBinding._handlePointerEventImmediately (package:flutter/src/gestures/binding.dart:384:7)
#62     GestureBinding.handlePointerEvent (package:flutter/src/gestures/binding.dart:376:5)
#63     GestureBinding._flushPointerEventQueue (package:flutter/src/gestures/binding.dart:323:7)
#64     GestureBinding._handlePointerDataPacket (package:flutter/src/gestures/binding.dart:292:9)
#65     _invoke1 (dart:ui/hooks.dart:186:13)
#66     PlatformDispatcher._dispatchPointerDataPacket (dart:ui/platform_dispatcher.dart:433:7)
#67     _dispatchPointerDataPacket (dart:ui/hooks.dart:119:31)
Cannot hit test a render box with no size.
The hitTest() method was called on this RenderBox: RenderConstrainedBox#d02a4 relayoutBoundary=up1:
  needs compositing
  creator: ConstrainedBox ← Align ← MediaQuery ← Padding ← AnimatedPadding ← Dialog ← AlertDialog ← WindowsAddOptionDialog ← Builder ← IconTheme ← IconButtonTheme ← DefaultTextStyle ← ⋯
  parentData: offset=Offset(0.0, 0.0) (can use size)
  constraints: BoxConstraints(0.0<=w<=928.0, 0.0<=h<=681.0)
  size: MISSING
  additionalConstraints: BoxConstraints(280.0<=w<=Infinity, 0.0<=h<=Infinity)
Although this node is not marked as needing layout, its size is not set.
A RenderBox object must have an explicit size before it can be hit-tested. Make sure that the RenderBox in question sets its size during layout.#0      RenderBox.hitTest.<anonymous closure> (package:flutter/src/rendering/box.dart:2467:9)
#1      RenderBox.hitTest (package:flutter/src/rendering/box.dart:2482:6)
#2      RenderShiftedBox.hitTestChildren.<anonymous closure> (package:flutter/src/rendering/shifted_box.dart:88:24)
#3      BoxHitTestResult.addWithPaintOffset (package:flutter/src/rendering/box.dart:800:31)
#4      RenderShiftedBox.hitTestChildren (package:flutter/src/rendering/shifted_box.dart:83:21)
#5      RenderBox.hitTest (package:flutter/src/rendering/box.dart:2484:11)
#6      RenderShiftedBox.hitTestChildren.<anonymous closure> (package:flutter/src/rendering/shifted_box.dart:88:24)
#7      BoxHitTestResult.addWithPaintOffset (package:flutter/src/rendering/box.dart:800:31)
#8      RenderShiftedBox.hitTestChildren (package:flutter/src/rendering/shifted_box.dart:83:21)
#9      RenderBox.hitTest (package:flutter/src/rendering/box.dart:2484:11)
#10     RenderShiftedBox.hitTestChildren.<anonymous closure> (package:flutter/src/rendering/shifted_box.dart:88:24)
#11     BoxHitTestResult.addWithPaintOffset (package:flutter/src/rendering/box.dart:800:31)
#12     RenderShiftedBox.hitTestChildren (package:flutter/src/rendering/shifted_box.dart:83:21)
#13     RenderBox.hitTest (package:flutter/src/rendering/box.dart:2484:11)
#14     RenderShiftedBox.hitTestChildren.<anonymous closure> (package:flutter/src/rendering/shifted_box.dart:88:24)
#15     BoxHitTestResult.addWithPaintOffset (package:flutter/src/rendering/box.dart:800:31)
#16     RenderShiftedBox.hitTestChildren (package:flutter/src/rendering/shifted_box.dart:83:21)
#17     RenderBox.hitTest (package:flutter/src/rendering/box.dart:2484:11)
#18     RenderProxyBoxMixin.hitTestChildren (package:flutter/src/rendering/proxy_box.dart:117:19)
#19     RenderBox.hitTest (package:flutter/src/rendering/box.dart:2484:11)
#20     RenderProxyBoxMixin.hitTestChildren (package:flutter/src/rendering/proxy_box.dart:117:19)
#21     RenderBox.hitTest (package:flutter/src/rendering/box.dart:2484:11)
#22     RenderProxyBoxMixin.hitTestChildren (package:flutter/src/rendering/proxy_box.dart:117:19)
#23     RenderBox.hitTest (package:flutter/src/rendering/box.dart:2484:11)
#24     RenderIgnorePointer.hitTest (package:flutter/src/rendering/proxy_box.dart:3618:31)
#25     RenderProxyBoxMixin.hitTestChildren (package:flutter/src/rendering/proxy_box.dart:117:19)
#26     RenderBox.hitTest (package:flutter/src/rendering/box.dart:2484:11)
#27     RenderProxyBoxMixin.hitTestChildren (package:flutter/src/rendering/proxy_box.dart:117:19)
#28     RenderBox.hitTest (package:flutter/src/rendering/box.dart:2484:11)
#29     RenderProxyBoxMixin.hitTestChildren (package:flutter/src/rendering/proxy_box.dart:117:19)
#30     RenderBox.hitTest (package:flutter/src/rendering/box.dart:2484:11)
#31     RenderProxyBoxMixin.hitTestChildren (package:flutter/src/rendering/proxy_box.dart:117:19)
#32     RenderBox.hitTest (package:flutter/src/rendering/box.dart:2484:11)
#33     RenderOffstage.hitTest (package:flutter/src/rendering/proxy_box.dart:3747:31)
#34     RenderProxyBoxMixin.hitTestChildren (package:flutter/src/rendering/proxy_box.dart:117:19)
#35     RenderBox.hitTest (package:flutter/src/rendering/box.dart:2484:11)
#36     _RenderTheaterMixin.hitTestChildren.childHitTest (package:flutter/src/widgets/overlay.dart:897:81)
#37     BoxHitTestResult.addWithPaintOffset (package:flutter/src/rendering/box.dart:800:31)
#38     _RenderTheaterMixin.hitTestChildren (package:flutter/src/widgets/overlay.dart:898:22)
#39     RenderBox.hitTest (package:flutter/src/rendering/box.dart:2484:11)
#40     RenderProxyBoxMixin.hitTestChildren (package:flutter/src/rendering/proxy_box.dart:117:19)
#41     RenderBox.hitTest (package:flutter/src/rendering/box.dart:2484:11)
#42     RenderAbsorbPointer.hitTest (package:flutter/src/rendering/proxy_box.dart:3872:17)
#43     RenderProxyBoxMixin.hitTestChildren (package:flutter/src/rendering/proxy_box.dart:117:19)
#44     RenderProxyBoxWithHitTestBehavior.hitTest (package:flutter/src/rendering/proxy_box.dart:172:19)
#45     RenderProxyBoxMixin.hitTestChildren (package:flutter/src/rendering/proxy_box.dart:117:19)
#46     RenderBox.hitTest (package:flutter/src/rendering/box.dart:2484:11)
#47     RenderProxyBoxMixin.hitTestChildren (package:flutter/src/rendering/proxy_box.dart:117:19)
#48     RenderBox.hitTest (package:flutter/src/rendering/box.dart:2484:11)
#49     RenderProxyBoxMixin.hitTestChildren (package:flutter/src/rendering/proxy_box.dart:117:19)
#50     RenderBox.hitTest (package:flutter/src/rendering/box.dart:2484:11)
#51     RenderProxyBoxMixin.hitTestChildren (package:flutter/src/rendering/proxy_box.dart:117:19)
#52     RenderTapRegionSurface.hitTest (package:flutter/src/widgets/tap_region.dart:213:28)
#53     RenderProxyBoxMixin.hitTestChildren (package:flutter/src/rendering/proxy_box.dart:117:19)
#54     RenderBox.hitTest (package:flutter/src/rendering/box.dart:2484:11)
#55     RenderProxyBoxMixin.hitTestChildren (package:flutter/src/rendering/proxy_box.dart:117:19)
#56     RenderBox.hitTest (package:flutter/src/rendering/box.dart:2484:11)
#57     RenderProxyBoxMixin.hitTestChildren (package:flutter/src/rendering/proxy_box.dart:117:19)
#58     RenderBox.hitTest (package:flutter/src/rendering/box.dart:2484:11)
#59     RenderView.hitTest (package:flutter/src/rendering/view.dart:211:14)
#60     RendererBinding.hitTestInView (package:flutter/src/rendering/binding.dart:624:34)
#61     GestureBinding._handlePointerEventImmediately (package:flutter/src/gestures/binding.dart:384:7)
#62     GestureBinding.handlePointerEvent (package:flutter/src/gestures/binding.dart:376:5)
#63     GestureBinding._flushPointerEventQueue (package:flutter/src/gestures/binding.dart:323:7)
#64     GestureBinding._handlePointerDataPacket (package:flutter/src/gestures/binding.dart:292:9)
#65     _invoke1 (dart:ui/hooks.dart:186:13)
#66     PlatformDispatcher._dispatchPointerDataPacket (dart:ui/platform_dispatcher.dart:433:7)
#67     _dispatchPointerDataPacket (dart:ui/hooks.dart:119:31)

2023.08.11 23:22:46][2023.08.11 23:22:46]der box with no size.
The hitTest() method was called on this RenderBox: RenderConstrainedBox#d02a4 relayoutBoundary=up1:
  needs compositing
  creator: ConstrainedBox ← Align ← MediaQuery ← Padding ← AnimatedPadding ← Dialog ← AlertDialog ← WindowsAddOptionDialog ← Builder ← IconTheme ← IconButtonTheme ← DefaultTextStyle ← ⋯
  parentData: offset=Offset(0.0, 0.0) (can use size)
  constraints: BoxConstraints(0.0<=w<=928.0, 0.0<=h<=681.0)
  size: MISSING
  additionalConstraints: BoxConstraints(280.0<=w<=Infinity, 0.0<=h<=Infinity)
Although this node is not marked as needing layout, its size is not set.
A RenderBox object must have an explicit size before it can be hit-tested. Make sure that the RenderBox in question sets its size during layout.#0      RenderBox.hitTest.<anonymous closure> (package:flutter/src/rendering/box.dart:2467:9)
#1      RenderBox.hitTest (package:flutter/src/rendering/box.dart:2482:6)
#2      RenderShiftedBox.hitTestChildren.<anonymous closure> (package:flutter/src/rendering/shifted_box.dart:88:24)
#3      BoxHitTestResult.addWithPaintOffset (package:flutter/src/rendering/box.dart:800:31)
#4      RenderShiftedBox.hitTestChildren (package:flutter/src/rendering/shifted_box.dart:83:21)
#5      RenderBox.hitTest (package:flutter/src/rendering/box.dart:2484:11)
#6      RenderShiftedBox.hitTestChildren.<anonymous closure> (package:flutter/src/rendering/shifted_box.dart:88:24)
#7      BoxHitTestResult.addWithPaintOffset (package:flutter/src/rendering/box.dart:800:31)
#8      RenderShiftedBox.hitTestChildren (package:flutter/src/rendering/shifted_box.dart:83:21)
#9      RenderBox.hitTest (package:flutter/src/rendering/box.dart:2484:11)
#10     RenderShiftedBox.hitTestChildren.<anonymous closure> (package:flutter/src/rendering/shifted_box.dart:88:24)
#11     BoxHitTestResult.addWithPaintOffset (package:flutter/src/rendering/box.dart:800:31)
#12     RenderShiftedBox.hitTestChildren (package:flutter/src/rendering/shifted_box.dart:83:21)
#13     RenderBox.hitTest (package:flutter/src/rendering/box.dart:2484:11)
#14     RenderShiftedBox.hitTestChildren.<anonymous closure> (package:flutter/src/rendering/shifted_box.dart:88:24)
#15     BoxHitTestResult.addWithPaintOffset (package:flutter/src/rendering/box.dart:800:31)
#16     RenderShiftedBox.hitTestChildren (package:flutter/src/rendering/shifted_box.dart:83:21)
#17     RenderBox.hitTest (package:flutter/src/rendering/box.dart:2484:11)
#18     RenderProxyBoxMixin.hitTestChildren (package:flutter/src/rendering/proxy_box.dart:117:19)
#19     RenderBox.hitTest (package:flutter/src/rendering/box.dart:2484:11)
#20     RenderProxyBoxMixin.hitTestChildren (package:flutter/src/rendering/proxy_box.dart:117:19)
#21     RenderBox.hitTest (package:flutter/src/rendering/box.dart:2484:11)
#22     RenderProxyBoxMixin.hitTestChildren (package:flutter/src/rendering/proxy_box.dart:117:19)
#23     RenderBox.hitTest (package:flutter/src/rendering/box.dart:2484:11)
#24     RenderIgnorePointer.hitTest (package:flutter/src/rendering/proxy_box.dart:3618:31)
#25     RenderProxyBoxMixin.hitTestChildren (package:flutter/src/rendering/proxy_box.dart:117:19)
#26     RenderBox.hitTest (package:flutter/src/rendering/box.dart:2484:11)
#27     RenderProxyBoxMixin.hitTestChildren (package:flutter/src/rendering/proxy_box.dart:117:19)
#28     RenderBox.hitTest (package:flutter/src/rendering/box.dart:2484:11)
#29     RenderProxyBoxMixin.hitTestChildren (package:flutter/src/rendering/proxy_box.dart:117:19)
#30     RenderBox.hitTest (package:flutter/src/rendering/box.dart:2484:11)
#31     RenderProxyBoxMixin.hitTestChildren (package:flutter/src/rendering/proxy_box.dart:117:19)
#32     RenderBox.hitTest (package:flutter/src/rendering/box.dart:2484:11)
#33     RenderOffstage.hitTest (package:flutter/src/rendering/proxy_box.dart:3747:31)
#34     RenderProxyBoxMixin.hitTestChildren (package:flutter/src/rendering/proxy_box.dart:117:19)
#35     RenderBox.hitTest (package:flutter/src/rendering/box.dart:2484:11)
#36     _RenderTheaterMixin.hitTestChildren.childHitTest (package:flutter/src/widgets/overlay.dart:897:81)
#37     BoxHitTestResult.addWithPaintOffset (package:flutter/src/rendering/box.dart:800:31)
#38     _RenderTheaterMixin.hitTestChildren (package:flutter/src/widgets/overlay.dart:898:22)
#39     RenderBox.hitTest (package:flutter/src/rendering/box.dart:2484:11)
#40     RenderProxyBoxMixin.hitTestChildren (package:flutter/src/rendering/proxy_box.dart:117:19)
#41     RenderBox.hitTest (package:flutter/src/rendering/box.dart:2484:11)
#42     RenderAbsorbPointer.hitTest (package:flutter/src/rendering/proxy_box.dart:3872:17)
#43     RenderProxyBoxMixin.hitTestChildren (package:flutter/src/rendering/proxy_box.dart:117:19)
#44     RenderProxyBoxWithHitTestBehavior.hitTest (package:flutter/src/rendering/proxy_box.dart:172:19)
#45     RenderProxyBoxMixin.hitTestChildren (package:flutter/src/rendering/proxy_box.dart:117:19)
#46     RenderBox.hitTest (package:flutter/src/rendering/box.dart:2484:11)
#47     RenderProxyBoxMixin.hitTestChildren (package:flutter/src/rendering/proxy_box.dart:117:19)
#48     RenderBox.hitTest (package:flutter/src/rendering/box.dart:2484:11)
#49     RenderProxyBoxMixin.hitTestChildren (package:flutter/src/rendering/proxy_box.dart:117:19)
#50     RenderBox.hitTest (package:flutter/src/rendering/box.dart:2484:11)
#51     RenderProxyBoxMixin.hitTestChildren (package:flutter/src/rendering/proxy_box.dart:117:19)
#52     RenderTapRegionSurface.hitTest (package:flutter/src/widgets/tap_region.dart:213:28)
#53     RenderProxyBoxMixin.hitTestChildren (package:flutter/src/rendering/proxy_box.dart:117:19)
#54     RenderBox.hitTest (package:flutter/src/rendering/box.dart:2484:11)
#55     RenderProxyBoxMixin.hitTestChildren (package:flutter/src/rendering/proxy_box.dart:117:19)
#56     RenderBox.hitTest (package:flutter/src/rendering/box.dart:2484:11)
#57     RenderProxyBoxMixin.hitTestChildren (package:flutter/src/rendering/proxy_box.dart:117:19)
#58     RenderBox.hitTest (package:flutter/src/rendering/box.dart:2484:11)
#59     RenderView.hitTest (package:flutter/src/rendering/view.dart:211:14)
#60     RendererBinding.hitTestInView (package:flutter/src/rendering/binding.dart:624:34)
#61     GestureBinding._handlePointerEventImmediately (package:flutter/src/gestures/binding.dart:384:7)
#62     GestureBinding.handlePointerEvent (package:flutter/src/gestures/binding.dart:376:5)
#63     GestureBinding._flushPointerEventQueue (package:flutter/src/gestures/binding.dart:323:7)
#64     GestureBinding._handlePointerDataPacket (package:flutter/src/gestures/binding.dart:292:9)
#65     _invoke1 (dart:ui/hooks.dart:186:13)
#66     PlatformDispatcher._dispatchPointerDataPacket (dart:ui/platform_dispatcher.dart:433:7)
#67     _dispatchPointerDataPacket (dart:ui/hooks.dart:119:31)
#0      RenderBox.hitTest.<anonymous closure> (package:flutter/src/rendering/box.dart:2467:9)
#1      RenderBox.hitTest (package:flutter/src/rendering/box.dart:2482:6)
#2      RenderShiftedBox.hitTestChildren.<anonymous closure> (package:flutter/src/rendering/shifted_box.dart:88:24)
#3      BoxHitTestResult.addWithPaintOffset (package:flutter/src/rendering/box.dart:800:31)
#4      RenderShiftedBox.hitTestChildren (package:flutter/src/rendering/shifted_box.dart:83:21)
#5      RenderBox.hitTest (package:flutter/src/rendering/box.dart:2484:11)
#6      RenderShiftedBox.hitTestChildren.<anonymous closure> (package:flutter/src/rendering/shifted_box.dart:88:24)
#7      BoxHitTestResult.addWithPaintOffset (package:flutter/src/rendering/box.dart:800:31)
#8      RenderShiftedBox.hitTestChildren (package:flutter/src/rendering/shifted_box.dart:83:21)
#9      RenderBox.hitTest (package:flutter/src/rendering/box.dart:2484:11)
#10     RenderShiftedBox.hitTestChildren.<anonymous closure> (package:flutter/src/rendering/shifted_box.dart:88:24)
#11     BoxHitTestResult.addWithPaintOffset (package:flutter/src/rendering/box.dart:800:31)
#12     RenderShiftedBox.hitTestChildren (package:flutter/src/rendering/shifted_box.dart:83:21)
#13     RenderBox.hitTest (package:flutter/src/rendering/box.dart:2484:11)
#14     RenderShiftedBox.hitTestChildren.<anonymous closure> (package:flutter/src/rendering/shifted_box.dart:88:24)
#15     BoxHitTestResult.addWithPaintOffset (package:flutter/src/rendering/box.dart:800:31)
#16     RenderShiftedBox.hitTestChildren (package:flutter/src/rendering/shifted_box.dart:83:21)
#17     RenderBox.hitTest (package:flutter/src/rendering/box.dart:2484:11)
#18     RenderProxyBoxMixin.hitTestChildren (package:flutter/src/rendering/proxy_box.dart:117:19)
#19     RenderBox.hitTest (package:flutter/src/rendering/box.dart:2484:11)
#20     RenderProxyBoxMixin.hitTestChildren (package:flutter/src/rendering/proxy_box.dart:117:19)
#21     RenderBox.hitTest (package:flutter/src/rendering/box.dart:2484:11)
#22     RenderProxyBoxMixin.hitTestChildren (package:flutter/src/rendering/proxy_box.dart:117:19)
#23     RenderBox.hitTest (package:flutter/src/rendering/box.dart:2484:11)
#24     RenderIgnorePointer.hitTest (package:flutter/src/rendering/proxy_box.dart:3618:31)
#25     RenderProxyBoxMixin.hitTestChildren (package:flutter/src/rendering/proxy_box.dart:117:19)
#26     RenderBox.hitTest (package:flutter/src/rendering/box.dart:2484:11)
#27     RenderProxyBoxMixin.hitTestChildren (package:flutter/src/rendering/proxy_box.dart:117:19)
#28     RenderBox.hitTest (package:flutter/src/rendering/box.dart:2484:11)
#29     RenderProxyBoxMixin.hitTestChildren (package:flutter/src/rendering/proxy_box.dart:117:19)
#30     RenderBox.hitTest (package:flutter/src/rendering/box.dart:2484:11)
#31     RenderProxyBoxMixin.hitTestChildren (package:flutter/src/rendering/proxy_box.dart:117:19)
#32     RenderBox.hitTest (package:flutter/src/rendering/box.dart:2484:11)
#33     RenderOffstage.hitTest (package:flutter/src/rendering/proxy_box.dart:3747:31)
#34     RenderProxyBoxMixin.hitTestChildren (package:flutter/src/rendering/proxy_box.dart:117:19)
#35     RenderBox.hitTest (package:flutter/src/rendering/box.dart:2484:11)
#36     _RenderTheaterMixin.hitTestChildren.childHitTest (package:flutter/src/widgets/overlay.dart:897:81)
#37     BoxHitTestResult.addWithPaintOffset (package:flutter/src/rendering/box.dart:800:31)
#38     _RenderTheaterMixin.hitTestChildren (package:flutter/src/widgets/overlay.dart:898:22)
#39     RenderBox.hitTest (package:flutter/src/rendering/box.dart:2484:11)
#40     RenderProxyBoxMixin.hitTestChildren (package:flutter/src/rendering/proxy_box.dart:117:19)
#41     RenderBox.hitTest (package:flutter/src/rendering/box.dart:2484:11)
#42     RenderAbsorbPointer.hitTest (package:flutter/src/rendering/proxy_box.dart:3872:17)
#43     RenderProxyBoxMixin.hitTestChildren (package:flutter/src/rendering/proxy_box.dart:117:19)
#44     RenderProxyBoxWithHitTestBehavior.hitTest (package:flutter/src/rendering/proxy_box.dart:172:19)
#45     RenderProxyBoxMixin.hitTestChildren (package:flutter/src/rendering/proxy_box.dart:117:19)
#46     RenderBox.hitTest (package:flutter/src/rendering/box.dart:2484:11)
#47     RenderProxyBoxMixin.hitTestChildren (package:flutter/src/rendering/proxy_box.dart:117:19)
#48     RenderBox.hitTest (package:flutter/src/rendering/box.dart:2484:11)
#49     RenderProxyBoxMixin.hitTestChildren (package:flutter/src/rendering/proxy_box.dart:117:19)
#50     RenderBox.hitTest (package:flutter/src/rendering/box.dart:2484:11)
#51     RenderProxyBoxMixin.hitTestChildren (package:flutter/src/rendering/proxy_box.dart:117:19)
#52     RenderTapRegionSurface.hitTest (package:flutter/src/widgets/tap_region.dart:213:28)
#53     RenderProxyBoxMixin.hitTestChildren (package:flutter/src/rendering/proxy_box.dart:117:19)
#54     RenderBox.hitTest (package:flutter/src/rendering/box.dart:2484:11)
#55     RenderProxyBoxMixin.hitTestChildren (package:flutter/src/rendering/proxy_box.dart:117:19)
#56     RenderBox.hitTest (package:flutter/src/rendering/box.dart:2484:11)
#57     RenderProxyBoxMixin.hitTestChildren (package:flutter/src/rendering/proxy_box.dart:117:19)
#58     RenderBox.hitTest (package:flutter/src/rendering/box.dart:2484:11)
#59     RenderView.hitTest (package:flutter/src/rendering/view.dart:211:14)
#60     RendererBinding.hitTestInView (package:flutter/src/rendering/binding.dart:624:34)
#61     GestureBinding._handlePointerEventImmediately (package:flutter/src/gestures/binding.dart:384:7)
#62     GestureBinding.handlePointerEvent (package:flutter/src/gestures/binding.dart:376:5)
#63     GestureBinding._flushPointerEventQueue (package:flutter/src/gestures/binding.dart:323:7)
#64     GestureBinding._handlePointerDataPacket (package:flutter/src/gestures/binding.dart:292:9)
#65     _invoke1 (dart:ui/hooks.dart:186:13)
#66     PlatformDispatcher._dispatchPointerDataPacket (dart:ui/platform_dispatcher.dart:433:7)
#67     _dispatchPointerDataPacket (dart:ui/hooks.dart:119:31)
[2023.08.11 23:22:46]Cannot hit test a render box with no size.
The hitTest() method was called on this RenderBox: RenderConstrainedBox#d02a4 relayoutBoundary=up1:
  needs compositing
  creator: ConstrainedBox ← Align ← MediaQuery ← Padding ← AnimatedPadding ← Dialog ← AlertDialog ← WindowsAddOptionDialog ← Builder ← IconTheme ← IconButtonTheme ← DefaultTextStyle ← ⋯
  parentData: offset=Offset(0.0, 0.0) (can use size)
  constraints: BoxConstraints(0.0<=w<=928.0, 0.0<=h<=681.0)
  size: MISSING
  additionalConstraints: BoxConstraints(280.0<=w<=Infinity, 0.0<=h<=Infinity)
Although this node is not marked as needing layout, its size is not set.
A RenderBox object must have an explicit size before it can be hit-tested. Make sure that the RenderBox in question sets its size during layout.#0      RenderBox.hitTest.<anonymous closure> (package:flutter/src/rendering/box.dart:2467:9)
#1      RenderBox.hitTest (package:flutter/src/rendering/box.dart:2482:6)
#2      RenderShiftedBox.hitTestChildren.<anonymous closure> (package:flutter/src/rendering/shifted_box.dart:88:24)
#3      BoxHitTestResult.addWithPaintOffset (package:flutter/src/rendering/box.dart:800:31)
#4      RenderShiftedBox.hitTestChildren (package:flutter/src/rendering/shifted_box.dart:83:21)
#5      RenderBox.hitTest (package:flutter/src/rendering/box.dart:2484:11)
#6      RenderShiftedBox.hitTestChildren.<anonymous closure> (package:flutter/src/rendering/shifted_box.dart:88:24)
#7      BoxHitTestResult.addWithPaintOffset (package:flutter/src/rendering/box.dart:800:31)
#8      RenderShiftedBox.hitTestChildren (package:flutter/src/rendering/shifted_box.dart:83:21)
#9      RenderBox.hitTest (package:flutter/src/rendering/box.dart:2484:11)
#10     RenderShiftedBox.hitTestChildren.<anonymous closure> (package:flutter/src/rendering/shifted_box.dart:88:24)
#11     BoxHitTestResult.addWithPaintOffset (package:flutter/src/rendering/box.dart:800:31)
#12     RenderShiftedBox.hitTestChildren (package:flutter/src/rendering/shifted_box.dart:83:21)
#13     RenderBox.hitTest (package:flutter/src/rendering/box.dart:2484:11)
#14     RenderShiftedBox.hitTestChildren.<anonymous closure> (package:flutter/src/rendering/shifted_box.dart:88:24)
#15     BoxHitTestResult.addWithPaintOffset (package:flutter/src/rendering/box.dart:800:31)
#16     RenderShiftedBox.hitTestChildren (package:flutter/src/rendering/shifted_box.dart:83:21)
#17     RenderBox.hitTest (package:flutter/src/rendering/box.dart:2484:11)
#18     RenderProxyBoxMixin.hitTestChildren (package:flutter/src/rendering/proxy_box.dart:117:19)
#19     RenderBox.hitTest (package:flutter/src/rendering/box.dart:2484:11)
#20     RenderProxyBoxMixin.hitTestChildren (package:flutter/src/rendering/proxy_box.dart:117:19)
#21     RenderBox.hitTest (package:flutter/src/rendering/box.dart:2484:11)
#22     RenderProxyBoxMixin.hitTestChildren (package:flutter/src/rendering/proxy_box.dart:117:19)
#23     RenderBox.hitTest (package:flutter/src/rendering/box.dart:2484:11)
#24     RenderIgnorePointer.hitTest (package:flutter/src/rendering/proxy_box.dart:3618:31)
#25     RenderProxyBoxMixin.hitTestChildren (package:flutter/src/rendering/proxy_box.dart:117:19)
#26     RenderBox.hitTest (package:flutter/src/rendering/box.dart:2484:11)
#27     RenderProxyBoxMixin.hitTestChildren (package:flutter/src/rendering/proxy_box.dart:117:19)
#28     RenderBox.hitTest (package:flutter/src/rendering/box.dart:2484:11)
#29     RenderProxyBoxMixin.hitTestChildren (package:flutter/src/rendering/proxy_box.dart:117:19)
#30     RenderBox.hitTest (package:flutter/src/rendering/box.dart:2484:11)
#31     RenderProxyBoxMixin.hitTestChildren (package:flutter/src/rendering/proxy_box.dart:117:19)
#32     RenderBox.hitTest (package:flutter/src/rendering/box.dart:2484:11)
#33     RenderOffstage.hitTest (package:flutter/src/rendering/proxy_box.dart:3747:31)
#34     RenderProxyBoxMixin.hitTestChildren (package:flutter/src/rendering/proxy_box.dart:117:19)
#35     RenderBox.hitTest (package:flutter/src/rendering/box.dart:2484:11)
#36     _RenderTheaterMixin.hitTestChildren.childHitTest (package:flutter/src/widgets/overlay.dart:897:81)
#37     BoxHitTestResult.addWithPaintOffset (package:flutter/src/rendering/box.dart:800:31)
#38     _RenderTheaterMixin.hitTestChildren (package:flutter/src/widgets/overlay.dart:898:22)
#39     RenderBox.hitTest (package:flutter/src/rendering/box.dart:2484:11)
#40     RenderProxyBoxMixin.hitTestChildren (package:flutter/src/rendering/proxy_box.dart:117:19)
#41     RenderBox.hitTest (package:flutter/src/rendering/box.dart:2484:11)
#42     RenderAbsorbPointer.hitTest (package:flutter/src/rendering/proxy_box.dart:3872:17)
#43     RenderProxyBoxMixin.hitTestChildren (package:flutter/src/rendering/proxy_box.dart:117:19)
#44     RenderProxyBoxWithHitTestBehavior.hitTest (package:flutter/src/rendering/proxy_box.dart:172:19)
#45     RenderProxyBoxMixin.hitTestChildren (package:flutter/src/rendering/proxy_box.dart:117:19)
#46     RenderBox.hitTest (package:flutter/src/rendering/box.dart:2484:11)
#47     RenderProxyBoxMixin.hitTestChildren (package:flutter/src/rendering/proxy_box.dart:117:19)
#48     RenderBox.hitTest (package:flutter/src/rendering/box.dart:2484:11)
#49     RenderProxyBoxMixin.hitTestChildren (package:flutter/src/rendering/proxy_box.dart:117:19)
#50     RenderBox.hitTest (package:flutter/src/rendering/box.dart:2484:11)
#51     RenderProxyBoxMixin.hitTestChildren (package:flutter/src/rendering/proxy_box.dart:117:19)
#52     RenderTapRegionSurface.hitTest (package:flutter/src/widgets/tap_region.dart:213:28)
#53     RenderProxyBoxMixin.hitTestChildren (package:flutter/src/rendering/proxy_box.dart:117:19)
#54     RenderBox.hitTest (package:flutter/src/rendering/box.dart:2484:11)
#55     RenderProxyBoxMixin.hitTestChildren (package:flutter/src/rendering/proxy_box.dart:117:19)
#56     RenderBox.hitTest (package:flutter/src/rendering/box.dart:2484:11)
#57     RenderProxyBoxMixin.hitTestChildren (package:flutter/src/rendering/proxy_box.dart:117:19)
#58     RenderBox.hitTest (package:flutter/src/rendering/box.dart:2484:11)
#59     RenderView.hitTest (package:flutter/src/rendering/view.dart:211:14)
#60     RendererBinding.hitTestInView (package:flutter/src/rendering/binding.dart:624:34)
#61     GestureBinding._handlePointerEventImmediately (package:flutter/src/gestures/binding.dart:384:7)
#62     GestureBinding.handlePointerEvent (package:flutter/src/gestures/binding.dart:376:5)
#63     GestureBinding._flushPointerEventQueue (package:flutter/src/gestures/binding.dart:323:7)
#64     GestureBinding._handlePointerDataPacket (package:flutter/src/gestures/binding.dart:292:9)
#65     _invoke1 (dart:ui/hooks.dart:186:13)
#66     PlatformDispatcher._dispatchPointerDataPacket (dart:ui/platform_dispatcher.dart:433:7)
#67     _dispatchPointerDataPacket (dart:ui/hooks.dart:119:31)
#0      RenderBox.hitTest.<anonymous closure> (package:flutter/src/rendering/box.dart:2467:9)
#1      RenderBox.hitTest (package:flutter/src/rendering/box.dart:2482:6)
#2      RenderShiftedBox.hitTestChildren.<anonymous closure> (package:flutter/src/rendering/shifted_box.dart:88:24)
#3      BoxHitTestResult.addWithPaintOffset (package:flutter/src/rendering/box.dart:800:31)
#4      RenderShiftedBox.hitTestChildren (package:flutter/src/rendering/shifted_box.dart:83:21)
#5      RenderBox.hitTest (package:flutter/src/rendering/box.dart:2484:11)
#6      RenderShiftedBox.hitTestChildren.<anonymous closure> (package:flutter/src/rendering/shifted_box.dart:88:24)
#7      BoxHitTestResult.addWithPaintOffset (package:flutter/src/rendering/box.dart:800:31)
#8      RenderShiftedBox.hitTestChildren (package:flutter/src/rendering/shifted_box.dart:83:21)
#9      RenderBox.hitTest (package:flutter/src/rendering/box.dart:2484:11)
#10     RenderShiftedBox.hitTestChildren.<anonymous closure> (package:flutter/src/rendering/shifted_box.dart:88:24)
#11     BoxHitTestResult.addWithPaintOffset (package:flutter/src/rendering/box.dart:800:31)
#12     RenderShiftedBox.hitTestChildren (package:flutter/src/rendering/shifted_box.dart:83:21)
#13     RenderBox.hitTest (package:flutter/src/rendering/box.dart:2484:11)
#14     RenderShiftedBox.hitTestChildren.<anonymous closure> (package:flutter/src/rendering/shifted_box.dart:88:24)
#15     BoxHitTestResult.addWithPaintOffset (package:flutter/src/rendering/box.dart:800:31)
#16     RenderShiftedBox.hitTestChildren (package:flutter/src/rendering/shifted_box.dart:83:21)
#17     RenderBox.hitTest (package:flutter/src/rendering/box.dart:2484:11)
#18     RenderProxyBoxMixin.hitTestChildren (package:flutter/src/rendering/proxy_box.dart:117:19)
#19     RenderBox.hitTest (package:flutter/src/rendering/box.dart:2484:11)
#20     RenderProxyBoxMixin.hitTestChildren (package:flutter/src/rendering/proxy_box.dart:117:19)
#21     RenderBox.hitTest (package:flutter/src/rendering/box.dart:2484:11)
#22     RenderProxyBoxMixin.hitTestChildren (package:flutter/src/rendering/proxy_box.dart:117:19)
#23     RenderBox.hitTest (package:flutter/src/rendering/box.dart:2484:11)
#24     RenderIgnorePointer.hitTest (package:flutter/src/rendering/proxy_box.dart:3618:31)
#25     RenderProxyBoxMixin.hitTestChildren (package:flutter/src/rendering/proxy_box.dart:117:19)
#26     RenderBox.hitTest (package:flutter/src/rendering/box.dart:2484:11)
#27     RenderProxyBoxMixin.hitTestChildren (package:flutter/src/rendering/proxy_box.dart:117:19)
#28     RenderBox.hitTest (package:flutter/src/rendering/box.dart:2484:11)
#29     RenderProxyBoxMixin.hitTestChildren (package:flutter/src/rendering/proxy_box.dart:117:19)
#30     RenderBox.hitTest (package:flutter/src/rendering/box.dart:2484:11)
#31     RenderProxyBoxMixin.hitTestChildren (package:flutter/src/rendering/proxy_box.dart:117:19)
#32     RenderBox.hitTest (package:flutter/src/rendering/box.dart:2484:11)
#33     RenderOffstage.hitTest (package:flutter/src/rendering/proxy_box.dart:3747:31)
#34     RenderProxyBoxMixin.hitTestChildren (package:flutter/src/rendering/proxy_box.dart:117:19)
#35     RenderBox.hitTest (package:flutter/src/rendering/box.dart:2484:11)
#36     _RenderTheaterMixin.hitTestChildren.childHitTest (package:flutter/src/widgets/overlay.dart:897:81)
#37     BoxHitTestResult.addWithPaintOffset (package:flutter/src/rendering/box.dart:800:31)
#38     _RenderTheaterMixin.hitTestChildren (package:flutter/src/widgets/overlay.dart:898:22)
#39     RenderBox.hitTest (package:flutter/src/rendering/box.dart:2484:11)
#40     RenderProxyBoxMixin.hitTestChildren (package:flutter/src/rendering/proxy_box.dart:117:19)
#41     RenderBox.hitTest (package:flutter/src/rendering/box.dart:2484:11)
#42     RenderAbsorbPointer.hitTest (package:flutter/src/rendering/proxy_box.dart:3872:17)
#43     RenderProxyBoxMixin.hitTestChildren (package:flutter/src/rendering/proxy_box.dart:117:19)
#44     RenderProxyBoxWithHitTestBehavior.hitTest (package:flutter/src/rendering/proxy_box.dart:172:19)
#45     RenderProxyBoxMixin.hitTestChildren (package:flutter/src/rendering/proxy_box.dart:117:19)
#46     RenderBox.hitTest (package:flutter/src/rendering/box.dart:2484:11)
#47     RenderProxyBoxMixin.hitTestChildren (package:flutter/src/rendering/proxy_box.dart:117:19)
#48     RenderBox.hitTest (package:flutter/src/rendering/box.dart:2484:11)
#49     RenderProxyBoxMixin.hitTestChildren (package:flutter/src/rendering/proxy_box.dart:117:19)
#50     RenderBox.hitTest (package:flutter/src/rendering/box.dart:2484:11)
#51     RenderProxyBoxMixin.hitTestChildren (package:flutter/src/rendering/proxy_box.dart:117:19)
#52     RenderTapRegionSurface.hitTest (package:flutter/src/widgets/tap_region.dart:213:28)
#53     RenderProxyBoxMixin.hitTestChildren (package:flutter/src/rendering/proxy_box.dart:117:19)
#54     RenderBox.hitTest (package:flutter/src/rendering/box.dart:2484:11)
#55     RenderProxyBoxMixin.hitTestChildren (package:flutter/src/rendering/proxy_box.dart:117:19)
#56     RenderBox.hitTest (package:flutter/src/rendering/box.dart:2484:11)
#57     RenderProxyBoxMixin.hitTestChildren (package:flutter/src/rendering/proxy_box.dart:117:19)
#58     RenderBox.hitTest (package:flutter/src/rendering/box.dart:2484:11)
#59     RenderView.hitTest (package:flutter/src/rendering/view.dart:211:14)
#60     RendererBinding.hitTestInView (package:flutter/src/rendering/binding.dart:624:34)
#61     GestureBinding._handlePointerEventImmediately (package:flutter/src/gestures/binding.dart:384:7)
#62     GestureBinding.handlePointerEvent (package:flutter/src/gestures/binding.dart:376:5)
#63     GestureBinding._flushPointerEventQueue (package:flutter/src/gestures/binding.dart:323:7)
#64     GestureBinding._handlePointerDataPacket (package:flutter/src/gestures/binding.dart:292:9)
#65     _invoke1 (dart:ui/hooks.dart:186:13)
#66     PlatformDispatcher._dispatchPointerDataPacket (dart:ui/platform_dispatcher.dart:433:7)
#67     _dispatchPointerDataPacket (dart:ui/hooks.dart:119:31)

2023.08.11 23:22:46]Cannot hit test a render box with no size.
The hitTest() method was called on this RenderBox: RenderConstrainedBox#d02a4 relayoutBoundary=up1:
  needs compositing
  creator: ConstrainedBox ← Align ← MediaQuery ← Padding ← AnimatedPadding ← Dialog ← AlertDialog ← WindowsAddOptionDialog ← Builder ← IconTheme ← IconButtonTheme ← DefaultTextStyle ← ⋯
  parentData: offset=Offset(0.0, 0.0) (can use size)
  constraints: BoxConstraints(0.0<=w<=928.0, 0.0<=h<=681.0)
  size: MISSING
  additionalConstraints: BoxConstraints(280.0<=w<=Infinity, 0.0<=h<=Infinity)
Although this node is not marked as needing layout, its size is not set.
A RenderBox object must have an explicit size before it can be hit-tested. Make sure that the RenderBox in question sets its size during layout.#0      RenderBox.hitTest.<anonymous closure> (package:flutter/src/rendering/box.dart:2467:9)
#1      RenderBox.hitTest (package:flutter/src/rendering/box.dart:2482:6)
#2      RenderShiftedBox.hitTestChildren.<anonymous closure> (package:flutter/src/rendering/shifted_box.dart:88:24)
#3      BoxHitTestResult.addWithPaintOffset (package:flutter/src/rendering/box.dart:800:31)
#4      RenderShiftedBox.hitTestChildren (package:flutter/src/rendering/shifted_box.dart:83:21)
#5      RenderBox.hitTest (package:flutter/src/rendering/box.dart:2484:11)
#6      RenderShiftedBox.hitTestChildren.<anonymous closure> (package:flutter/src/rendering/shifted_box.dart:88:24)
#7      BoxHitTestResult.addWithPaintOffset (package:flutter/src/rendering/box.dart:800:31)
#8      RenderShiftedBox.hitTestChildren (package:flutter/src/rendering/shifted_box.dart:83:21)
#9      RenderBox.hitTest (package:flutter/src/rendering/box.dart:2484:11)
#10     RenderShiftedBox.hitTestChildren.<anonymous closure> (package:flutter/src/rendering/shifted_box.dart:88:24)
#11     BoxHitTestResult.addWithPaintOffset (package:flutter/src/rendering/box.dart:800:31)
#12     RenderShiftedBox.hitTestChildren (package:flutter/src/rendering/shifted_box.dart:83:21)
#13     RenderBox.hitTest (package:flutter/src/rendering/box.dart:2484:11)
#14     RenderShiftedBox.hitTestChildren.<anonymous closure> (package:flutter/src/rendering/shifted_box.dart:88:24)
#15     BoxHitTestResult.addWithPaintOffset (package:flutter/src/rendering/box.dart:800:31)
#16     RenderShiftedBox.hitTestChildren (package:flutter/src/rendering/shifted_box.dart:83:21)
#17     RenderBox.hitTest (package:flutter/src/rendering/box.dart:2484:11)
#18     RenderProxyBoxMixin.hitTestChildren (package:flutter/src/rendering/proxy_box.dart:117:19)
#19     RenderBox.hitTest (package:flutter/src/rendering/box.dart:2484:11)
#20     RenderProxyBoxMixin.hitTestChildren (package:flutter/src/rendering/proxy_box.dart:117:19)
#21     RenderBox.hitTest (package:flutter/src/rendering/box.dart:2484:11)
#22     RenderProxyBoxMixin.hitTestChildren (package:flutter/src/rendering/proxy_box.dart:117:19)
#23     RenderBox.hitTest (package:flutter/src/rendering/box.dart:2484:11)
#24     RenderIgnorePointer.hitTest (package:flutter/src/rendering/proxy_box.dart:3618:31)
#25     RenderProxyBoxMixin.hitTestChildren (package:flutter/src/rendering/proxy_box.dart:117:19)
#26     RenderBox.hitTest (package:flutter/src/rendering/box.dart:2484:11)
#27     RenderProxyBoxMixin.hitTestChildren (package:flutter/src/rendering/proxy_box.dart:117:19)
#28     RenderBox.hitTest (package:flutter/src/rendering/box.dart:2484:11)
#29     RenderProxyBoxMixin.hitTestChildren (package:flutter/src/rendering/proxy_box.dart:117:19)
#30     RenderBox.hitTest (package:flutter/src/rendering/box.dart:2484:11)
#31     RenderProxyBoxMixin.hitTestChildren (package:flutter/src/rendering/proxy_box.dart:117:19)
#32     RenderBox.hitTest (package:flutter/src/rendering/box.dart:2484:11)
#33     RenderOffstage.hitTest (package:flutter/src/rendering/proxy_box.dart:3747:31)
#34     RenderProxyBoxMixin.hitTestChildren (package:flutter/src/rendering/proxy_box.dart:117:19)
#35     RenderBox.hitTest (package:flutter/src/rendering/box.dart:2484:11)
#36     _RenderTheaterMixin.hitTestChildren.childHitTest (package:flutter/src/widgets/overlay.dart:897:81)
#37     BoxHitTestResult.addWithPaintOffset (package:flutter/src/rendering/box.dart:800:31)
#38     _RenderTheaterMixin.hitTestChildren (package:flutter/src/widgets/overlay.dart:898:22)
#39     RenderBox.hitTest (package:flutter/src/rendering/box.dart:2484:11)
#40     RenderProxyBoxMixin.hitTestChildren (package:flutter/src/rendering/proxy_box.dart:117:19)
#41     RenderBox.hitTest (package:flutter/src/rendering/box.dart:2484:11)
#42     RenderAbsorbPointer.hitTest (package:flutter/src/rendering/proxy_box.dart:3872:17)
#43     RenderProxyBoxMixin.hitTestChildren (package:flutter/src/rendering/proxy_box.dart:117:19)
#44     RenderProxyBoxWithHitTestBehavior.hitTest (package:flutter/src/rendering/proxy_box.dart:172:19)
#45     RenderProxyBoxMixin.hitTestChildren (package:flutter/src/rendering/proxy_box.dart:117:19)
#46     RenderBox.hitTest (package:flutter/src/rendering/box.dart:2484:11)
#47     RenderProxyBoxMixin.hitTestChildren (package:flutter/src/rendering/proxy_box.dart:117:19)
#48     RenderBox.hitTest (package:flutter/src/rendering/box.dart:2484:11)
#49     RenderProxyBoxMixin.hitTestChildren (package:flutter/src/rendering/proxy_box.dart:117:19)
#50     RenderBox.hitTest (package:flutter/src/rendering/box.dart:2484:11)
#51     RenderProxyBoxMixin.hitTestChildren (package:flutter/src/rendering/proxy_box.dart:117:19)
#52     RenderTapRegionSurface.hitTest (package:flutter/src/widgets/tap_region.dart:213:28)
#53     RenderProxyBoxMixin.hitTestChildren (package:flutter/src/rendering/proxy_box.dart:117:19)
#54     RenderBox.hitTest (package:flutter/src/rendering/box.dart:2484:11)
#55     RenderProxyBoxMixin.hitTestChildren (package:flutter/src/rendering/proxy_box.dart:117:19)
#56     RenderBox.hitTest (package:flutter/src/rendering/box.dart:2484:11)
#57     RenderProxyBoxMixin.hitTestChildren (package:flutter/src/rendering/proxy_box.dart:117:19)
#58     RenderBox.hitTest (package:flutter/src/rendering/box.dart:2484:11)
#59     RenderView.hitTest (package:flutter/src/rendering/view.dart:211:14)
#60     RendererBinding.hitTestInView (package:flutter/src/rendering/binding.dart:624:34)
#61     GestureBinding._handlePointerEventImmediately (package:flutter/src/gestures/binding.dart:384:7)
#62     GestureBinding.handlePointerEvent (package:flutter/src/gestures/binding.dart:376:5)
#63     GestureBinding._flushPointerEventQueue (package:flutter/src/gestures/binding.dart:323:7)
#64     GestureBinding._handlePointerDataPacket (package:flutter/src/gestures/binding.dart:292:9)
#65     _invoke1 (dart:ui/hooks.dart:186:13)
#66     PlatformDispatcher._dispatchPointerDataPacket (dart:ui/platform_dispatcher.dart:433:7)
#67     _dispatchPointerDataPacket (dart:ui/hooks.dart:119:31)
#0      RenderBox.hitTest.<anonymous closure> (package:flutter/src/rendering/box.dart:2467:9)
#1      RenderBox.hitTest (package:flutter/src/rendering/box.dart:2482:6)
#2      RenderShiftedBox.hitTestChildren.<anonymous closure> (package:flutter/src/rendering/shifted_box.dart:88:24)
#3      BoxHitTestResult.addWithPaintOffset (package:flutter/src/rendering/box.dart:800:31)
#4      RenderShiftedBox.hitTestChildren (package:flutter/src/rendering/shifted_box.dart:83:21)
#5      RenderBox.hitTest (package:flutter/src/rendering/box.dart:2484:11)
#6      RenderShiftedBox.hitTestChildren.<anonymous closure> (package:flutter/src/rendering/shifted_box.dart:88:24)
#7      BoxHitTestResult.addWithPaintOffset (package:flutter/src/rendering/box.dart:800:31)
#8      RenderShiftedBox.hitTestChildren (package:flutter/src/rendering/shifted_box.dart:83:21)
#9      RenderBox.hitTest (package:flutter/src/rendering/box.dart:2484:11)
#10     RenderShiftedBox.hitTestChildren.<anonymous closure> (package:flutter/src/rendering/shifted_box.dart:88:24)
#11     BoxHitTestResult.addWithPaintOffset (package:flutter/src/rendering/box.dart:800:31)
#12     RenderShiftedBox.hitTestChildren (package:flutter/src/rendering/shifted_box.dart:83:21)
#13     RenderBox.hitTest (package:flutter/src/rendering/box.dart:2484:11)
#14     RenderShiftedBox.hitTestChildren.<anonymous closure> (package:flutter/src/rendering/shifted_box.dart:88:24)
#15     BoxHitTestResult.addWithPaintOffset (package:flutter/src/rendering/box.dart:800:31)
#16     RenderShiftedBox.hitTestChildren (package:flutter/src/rendering/shifted_box.dart:83:21)
#17     RenderBox.hitTest (package:flutter/src/rendering/box.dart:2484:11)
#18     RenderProxyBoxMixin.hitTestChildren (package:flutter/src/rendering/proxy_box.dart:117:19)
#19     RenderBox.hitTest (package:flutter/src/rendering/box.dart:2484:11)
#20     RenderProxyBoxMixin.hitTestChildren (package:flutter/src/rendering/proxy_box.dart:117:19)
#21     RenderBox.hitTest (package:flutter/src/rendering/box.dart:2484:11)
#22     RenderProxyBoxMixin.hitTestChildren (package:flutter/src/rendering/proxy_box.dart:117:19)
#23     RenderBox.hitTest (package:flutter/src/rendering/box.dart:2484:11)
#24     RenderIgnorePointer.hitTest (package:flutter/src/rendering/proxy_box.dart:3618:31)
#25     RenderProxyBoxMixin.hitTestChildren (package:flutter/src/rendering/proxy_box.dart:117:19)
#26     RenderBox.hitTest (package:flutter/src/rendering/box.dart:2484:11)
#27     RenderProxyBoxMixin.hitTestChildren (package:flutter/src/rendering/proxy_box.dart:117:19)
#28     RenderBox.hitTest (package:flutter/src/rendering/box.dart:2484:11)
#29     RenderProxyBoxMixin.hitTestChildren (package:flutter/src/rendering/proxy_box.dart:117:19)
#30     RenderBox.hitTest (package:flutter/src/rendering/box.dart:2484:11)
#31     RenderProxyBoxMixin.hitTestChildren (package:flutter/src/rendering/proxy_box.dart:117:19)
#32     RenderBox.hitTest (package:flutter/src/rendering/box.dart:2484:11)
#33     RenderOffstage.hitTest (package:flutter/src/rendering/proxy_box.dart:3747:31)
#34     RenderProxyBoxMixin.hitTestChildren (package:flutter/src/rendering/proxy_box.dart:117:19)
#35     RenderBox.hitTest (package:flutter/src/rendering/box.dart:2484:11)
#36     _RenderTheaterMixin.hitTestChildren.childHitTest (package:flutter/src/widgets/overlay.dart:897:81)
#37     BoxHitTestResult.addWithPaintOffset (package:flutter/src/rendering/box.dart:800:31)
#38     _RenderTheaterMixin.hitTestChildren (package:flutter/src/widgets/overlay.dart:898:22)
#39     RenderBox.hitTest (package:flutter/src/rendering/box.dart:2484:11)
#40     RenderProxyBoxMixin.hitTestChildren (package:flutter/src/rendering/proxy_box.dart:117:19)
#41     RenderBox.hitTest (package:flutter/src/rendering/box.dart:2484:11)
#42     RenderAbsorbPointer.hitTest (package:flutter/src/rendering/proxy_box.dart:3872:17)
#43     RenderProxyBoxMixin.hitTestChildren (package:flutter/src/rendering/proxy_box.dart:117:19)
#44     RenderProxyBoxWithHitTestBehavior.hitTest (package:flutter/src/rendering/proxy_box.dart:172:19)
#45     RenderProxyBoxMixin.hitTestChildren (package:flutter/src/rendering/proxy_box.dart:117:19)
#46     RenderBox.hitTest (package:flutter/src/rendering/box.dart:2484:11)
#47     RenderProxyBoxMixin.hitTestChildren (package:flutter/src/rendering/proxy_box.dart:117:19)
#48     RenderBox.hitTest (package:flutter/src/rendering/box.dart:2484:11)
#49     RenderProxyBoxMixin.hitTestChildren (package:flutter/src/rendering/proxy_box.dart:117:19)
#50     RenderBox.hitTest (package:flutter/src/rendering/box.dart:2484:11)
#51     RenderProxyBoxMixin.hitTestChildren (package:flutter/src/rendering/proxy_box.dart:117:19)
#52     RenderTapRegionSurface.hitTest (package:flutter/src/widgets/tap_region.dart:213:28)
#53     RenderProxyBoxMixin.hitTestChildren (package:flutter/src/rendering/proxy_box.dart:117:19)
#54     RenderBox.hitTest (package:flutter/src/rendering/box.dart:2484:11)
#55     RenderProxyBoxMixin.hitTestChildren (package:flutter/src/rendering/proxy_box.dart:117:19)
#56     RenderBox.hitTest (package:flutter/src/rendering/box.dart:2484:11)
#57     RenderProxyBoxMixin.hitTestChildren (package:flutter/src/rendering/proxy_box.dart:117:19)
#58     RenderBox.hitTest (package:flutter/src/rendering/box.dart:2484:11)
#59     RenderView.hitTest (package:flutter/src/rendering/view.dart:211:14)
#60     RendererBinding.hitTestInView (package:flutter/src/rendering/binding.dart:624:34)
#61     GestureBinding._handlePointerEventImmediately (package:flutter/src/gestures/binding.dart:384:7)
#62     GestureBinding.handlePointerEvent (package:flutter/src/gestures/binding.dart:376:5)
#63     GestureBinding._flushPointerEventQueue (package:flutter/src/gestures/binding.dart:323:7)
#64     GestureBinding._handlePointerDataPacket (package:flutter/src/gestures/binding.dart:292:9)
#65     _invoke1 (dart:ui/hooks.dart:186:13)
#66     PlatformDispatcher._dispatchPointerDataPacket (dart:ui/platform_dispatcher.dart:433:7)
#67     _dispatchPointerDataPacket (dart:ui/hooks.dart:119:31)

2023.08.11 23:22:46]Cannot hit test a render box with no size.
The hitTest() method was called on this RenderBox: RenderConstrainedBox#d02a4 relayoutBoundary=up1:
  needs compositing
  creator: ConstrainedBox ← Align ← MediaQuery ← Padding ← AnimatedPadding ← Dialog ← AlertDialog ← WindowsAddOptionDialog ← Builder ← IconTheme ← IconButtonTheme ← DefaultTextStyle ← ⋯
  parentData: offset=Offset(0.0, 0.0) (can use size)
  constraints: BoxConstraints(0.0<=w<=928.0, 0.0<=h<=681.0)
  size: MISSING
  additionalConstraints: BoxConstraints(280.0<=w<=Infinity, 0.0<=h<=Infinity)
Although this node is not marked as needing layout, its size is not set.
A RenderBox object must have an explicit size before it can be hit-tested. Make sure that the RenderBox in question sets its size during layout.[2023.08.11 23:22:46]der box with no size.
The hitTest() method was called on this RenderBox: RenderConstrainedBox#d02a4 relayoutBoundary=up1:
  needs compositing
  creator: ConstrainedBox ← Align ← MediaQuery ← Padding ← AnimatedPadding ← Dialog ← AlertDialog ← WindowsAddOptionDialog ← Builder ← IconTheme ← IconButtonTheme ← DefaultTextStyle ← ⋯
  parentData: offset=Offset(0.0, 0.0) (can use size)
  constraints: BoxConstraints(0.0<=w<=928.0, 0.0<=h<=681.0)
  size: MISSING
  additionalConstraints: BoxConstraints(280.0<=w<=Infinity, 0.0<=h<=Infinity)
Although this node is not marked as needing layout, its size is not set.
A RenderBox object must have an explicit size before it can be hit-tested. Make sure that the RenderBox in question sets its size during layout.ckage:flutter/src/rendering/shifted_box.dart:83:21)
#9      RenderBox.hitTest (package:flutter/src/rendering/box.dart:2484:11)
#10     RenderShiftedBox.hitTestChildren.<anonymous closure> (package:flutter/src/rendering/shifted_box.dart:88:24)
#11     BoxHitTestResult.addWithPaintOffset (package:flutter/src/rendering/box.dart:800:31)
#12     RenderShiftedBox.hitTestChildren (package:flutter/src/rendering/shifted_box.dart:83:21)
#13     RenderBox.hitTest (package:flutter/src/rendering/box.dart:2484:11)
#14     RenderShiftedBox.hitTestChildren.<anonymous closure> (package:flutter/src/rendering/shifted_box.dart:88:24)
#15     BoxHitTestResult.addWithPaintOffset (package:flutter/src/rendering/box.dart:800:31)
#16     RenderShiftedBox.hitTestChildren (package:flutter/src/rendering/shifted_box.dart:83:21)
#17     RenderBox.hitTest (package:flutter/src/rendering/box.dart:2484:11)
#18     RenderProxyBoxMixin.hitTestChildren (package:flutter/src/rendering/proxy_box.dart:117:19)
#19     RenderBox.hitTest (package:flutter/src/rendering/box.dart:2484:11)
#20     RenderProxyBoxMixin.hitTestChildren (package:flutter/src/rendering/proxy_box.dart:117:19)
#21     RenderBox.hitTest (package:flutter/src/rendering/box.dart:2484:11)
#22     RenderProxyBoxMixin.hitTestChildren (package:flutter/src/rendering/proxy_box.dart:117:19)
#23     RenderBox.hitTest (package:flutter/src/rendering/box.dart:2484:11)
#24     RenderIgnorePointer.hitTest (package:flutter/src/rendering/proxy_box.dart:3618:31)
#25     RenderProxyBoxMixin.hitTestChildren (package:flutter/src/rendering/proxy_box.dart:117:19)
#26     RenderBox.hitTest (package:flutter/src/rendering/box.dart:2484:11)
#27     RenderProxyBoxMixin.hitTestChildren (package:flutter/src/rendering/proxy_box.dart:117:19)
#28     RenderBox.hitTest (package:flutter/src/rendering/box.dart:2484:11)
#29     RenderProxyBoxMixin.hitTestChildren (package:flutter/src/rendering/proxy_box.dart:117:19)
#30     RenderBox.hitTest (package:flutter/src/rendering/box.dart:2484:11)
#31     RenderProxyBoxMixin.hitTestChildren (package:flutter/src/rendering/proxy_box.dart:117:19)
#32     RenderBox.hitTest (package:flutter/src/rendering/box.dart:2484:11)
#33     RenderOffstage.hitTest (package:flutter/src/rendering/proxy_box.dart:3747:31)
#34     RenderProxyBoxMixin.hitTestChildren (package:flutter/src/rendering/proxy_box.dart:117:19)
#35     RenderBox.hitTest (package:flutter/src/rendering/box.dart:2484:11)
#36     _RenderTheaterMixin.hitTestChildren.childHitTest (package:flutter/src/widgets/overlay.dart:897:81)
#37     BoxHitTestResult.addWithPaintOffset (package:flutter/src/rendering/box.dart:800:31)
#38     _RenderTheaterMixin.hitTestChildren (package:flutter/src/widgets/overlay.dart:898:22)
#39     RenderBox.hitTest (package:flutter/src/rendering/box.dart:2484:11)
#40     RenderProxyBoxMixin.hitTestChildren (package:flutter/src/rendering/proxy_box.dart:117:19)
#41     RenderBox.hitTest (package:flutter/src/rendering/box.dart:2484:11)
#42     RenderAbsorbPointer.hitTest (package:flutter/src/rendering/proxy_box.dart:3872:17)
#43     RenderProxyBoxMixin.hitTestChildren (package:flutter/src/rendering/proxy_box.dart:117:19)
#44     RenderProxyBoxWithHitTestBehavior.hitTest (package:flutter/src/rendering/proxy_box.dart:172:19)
#45     RenderProxyBoxMixin.hitTestChildren (package:flutter/src/rendering/proxy_box.dart:117:19)
#46     RenderBox.hitTest (package:flutter/src/rendering/box.dart:2484:11)
#47     RenderProxyBoxMixin.hitTestChildren (package:flutter/src/rendering/proxy_box.dart:117:19)
#48     RenderBox.hitTest (package:flutter/src/rendering/box.dart:2484:11)
#49     RenderProxyBoxMixin.hitTestChildren (package:flutter/src/rendering/proxy_box.dart:117:19)
#50     RenderBox.hitTest (package:flutter/src/rendering/box.dart:2484:11)
#51     RenderProxyBoxMixin.hitTestChildren (package:flutter/src/rendering/proxy_box.dart:117:19)
#52     RenderTapRegionSurface.hitTest (package:flutter/src/widgets/tap_region.dart:213:28)
#53     RenderProxyBoxMixin.hitTestChildren (package:flutter/src/rendering/proxy_box.dart:117:19)
#54     RenderBox.hitTest (package:flutter/src/rendering/box.dart:2484:11)
#55     RenderProxyBoxMixin.hitTestChildren (package:flutter/src/rendering/proxy_box.dart:117:19)
#56     RenderBox.hitTest (package:flutter/src/rendering/box.dart:2484:11)
#57     RenderProxyBoxMixin.hitTestChildren (package:flutter/src/rendering/proxy_box.dart:117:19)
#58     RenderBox.hitTest (package:flutter/src/rendering/box.dart:2484:11)
#59     RenderView.hitTest (package:flutter/src/rendering/view.dart:211:14)
#60     RendererBinding.hitTestInView (package:flutter/src/rendering/binding.dart:624:34)
#61     GestureBinding._handlePointerEventImmediately (package:flutter/src/gestures/binding.dart:384:7)
#62     GestureBinding.handlePointerEvent (package:flutter/src/gestures/binding.dart:376:5)
#63     GestureBinding._flushPointerEventQueue (package:flutter/src/gestures/binding.dart:323:7)
#64     GestureBinding._handlePointerDataPacket (package:flutter/src/gestures/binding.dart:292:9)
#65     _invoke1 (dart:ui/hooks.dart:186:13)
#66     PlatformDispatcher._dispatchPointerDataPacket (dart:ui/platform_dispatcher.dart:433:7)
#67     _dispatchPointerDataPacket (dart:ui/hooks.dart:119:31)
#0      RenderBox.hitTest.<anonymous closure> (package:flutter/src/rendering/box.dart:2467:9)
#1      RenderBox.hitTest (package:flutter/src/rendering/box.dart:2482:6)
#2      RenderShiftedBox.hitTestChildren.<anonymous closure> (package:flutter/src/rendering/shifted_box.dart:88:24)
#3      BoxHitTestResult.addWithPaintOffset (package:flutter/src/rendering/box.dart:800:31)
#4      RenderShiftedBox.hitTestChildren (package:flutter/src/rendering/shifted_box.dart:83:21)
#5      RenderBox.hitTest (package:flutter/src/rendering/box.dart:2484:11)
#6      RenderShiftedBox.hitTestChildren.<anonymous closure> (package:flutter/src/rendering/shifted_box.dart:88:24)
#7      BoxHitTestResult.addWithPaintOffset (package:flutter/src/rendering/box.dart:800:31)
#8      RenderShiftedBox.hitTestChildren (package:flutter/src/rendering/shifted_box.dart:83:21)
#9      RenderBox.hitTest (package:flutter/src/rendering/box.dart:2484:11)
#10     RenderShiftedBox.hitTestChildren.<anonymous closure> (package:flutter/src/rendering/shifted_box.dart:88:24)
#11     BoxHitTestResult.addWithPaintOffset (package:flutter/src/rendering/box.dart:800:31)
#12     RenderShiftedBox.hitTestChildren (package:flutter/src/rendering/shifted_box.dart:83:21)
#13     RenderBox.hitTest (package:flutter/src/rendering/box.dart:2484:11)
#14     RenderShiftedBox.hitTestChildren.<anonymous closure> (package:flutter/src/rendering/shifted_box.dart:88:24)
#15     BoxHitTestResult.addWithPaintOffset (package:flutter/src/rendering/box.dart:800:31)
#16     RenderShiftedBox.hitTestChildren (package:flutter/src/rendering/shifted_box.dart:83:21)
#17     RenderBox.hitTest (package:flutter/src/rendering/box.dart:2484:11)
#18     RenderProxyBoxMixin.hitTestChildren (package:flutter/src/rendering/proxy_box.dart:117:19)
#19     RenderBox.hitTest (package:flutter/src/rendering/box.dart:2484:11)
#20     RenderProxyBoxMixin.hitTestChildren (package:flutter/src/rendering/proxy_box.dart:117:19)
#21     RenderBox.hitTest (package:flutter/src/rendering/box.dart:2484:11)
#22     RenderProxyBoxMixin.hitTestChildren (package:flutter/src/rendering/proxy_box.dart:117:19)
#23     RenderBox.hitTest (package:flutter/src/rendering/box.dart:2484:11)
#24     RenderIgnorePointer.hitTest (package:flutter/src/rendering/proxy_box.dart:3618:31)
#25     RenderProxyBoxMixin.hitTestChildren (package:flutter/src/rendering/proxy_box.dart:117:19)
#26     RenderBox.hitTest (package:flutter/src/rendering/box.dart:2484:11)
#27     RenderProxyBoxMixin.hitTestChildren (package:flutter/src/rendering/proxy_box.dart:117:19)
#28     RenderBox.hitTest (package:flutter/src/rendering/box.dart:2484:11)
#29     RenderProxyBoxMixin.hitTestChildren (package:flutter/src/rendering/proxy_box.dart:117:19)
#30     RenderBox.hitTest (package:flutter/src/rendering/box.dart:2484:11)
#31     RenderProxyBoxMixin.hitTestChildren (package:flutter/src/rendering/proxy_box.dart:117:19)
#32     RenderBox.hitTest (package:flutter/src/rendering/box.dart:2484:11)
#33     RenderOffstage.hitTest (package:flutter/src/rendering/proxy_box.dart:3747:31)
#34     RenderProxyBoxMixin.hitTestChildren (package:flutter/src/rendering/proxy_box.dart:117:19)
#35     RenderBox.hitTest (package:flutter/src/rendering/box.dart:2484:11)
#36     _RenderTheaterMixin.hitTestChildren.childHitTest (package:flutter/src/widgets/overlay.dart:897:81)
#37     BoxHitTestResult.addWithPaintOffset (package:flutter/src/rendering/box.dart:800:31)
#38     _RenderTheaterMixin.hitTestChildren (package:flutter/src/widgets/overlay.dart:898:22)
#39     RenderBox.hitTest (package:flutter/src/rendering/box.dart:2484:11)
#40     RenderProxyBoxMixin.hitTestChildren (package:flutter/src/rendering/proxy_box.dart:117:19)
#41     RenderBox.hitTest (package:flutter/src/rendering/box.dart:2484:11)
#42     RenderAbsorbPointer.hitTest (package:flutter/src/rendering/proxy_box.dart:3872:17)
#43     RenderProxyBoxMixin.hitTestChildren (package:flutter/src/rendering/proxy_box.dart:117:19)
#44     RenderProxyBoxWithHitTestBehavior.hitTest (package:flutter/src/rendering/proxy_box.dart:172:19)
#45     RenderProxyBoxMixin.hitTestChildren (package:flutter/src/rendering/proxy_box.dart:117:19)
#46     RenderBox.hitTest (package:flutter/src/rendering/box.dart:2484:11)
#47     RenderProxyBoxMixin.hitTestChildren (package:flutter/src/rendering/proxy_box.dart:117:19)
#48     RenderBox.hitTest (package:flutter/src/rendering/box.dart:2484:11)
#49     RenderProxyBoxMixin.hitTestChildren (package:flutter/src/rendering/proxy_box.dart:117:19)
#50     RenderBox.hitTest (package:flutter/src/rendering/box.dart:2484:11)
#51     RenderProxyBoxMixin.hitTestChildren (package:flutter/src/rendering/proxy_box.dart:117:19)
#52     RenderTapRegionSurface.hitTest (package:flutter/src/widgets/tap_region.dart:213:28)
#53     RenderProxyBoxMixin.hitTestChildren (package:flutter/src/rendering/proxy_box.dart:117:19)
#54     RenderBox.hitTest (package:flutter/src/rendering/box.dart:2484:11)
#55     RenderProxyBoxMixin.hitTestChildren (package:flutter/src/rendering/proxy_box.dart:117:19)
#56     RenderBox.hitTest (package:flutter/src/rendering/box.dart:2484:11)
#57     RenderProxyBoxMixin.hitTestChildren (package:flutter/src/rendering/proxy_box.dart:117:19)
#58     RenderBox.hitTest (package:flutter/src/rendering/box.dart:2484:11)
#59     RenderView.hitTest (package:flutter/src/rendering/view.dart:211:14)
#60     RendererBinding.hitTestInView (package:flutter/src/rendering/binding.dart:624:34)
#61     GestureBinding._handlePointerEventImmediately (package:flutter/src/gestures/binding.dart:384:7)
#62     GestureBinding.handlePointerEvent (package:flutter/src/gestures/binding.dart:376:5)
#63     GestureBinding._flushPointerEventQueue (package:flutter/src/gestures/binding.dart:323:7)
#64     GestureBinding._handlePointerDataPacket (package:flutter/src/gestures/binding.dart:292:9)
#65     _invoke1 (dart:ui/hooks.dart:186:13)
#66     PlatformDispatcher._dispatchPointerDataPacket (dart:ui/platform_dispatcher.dart:433:7)
#67     _dispatchPointerDataPacket (dart:ui/hooks.dart:119:31)
#0      RenderBox.hitTest.<anonymous closure> (package:flutter/src/rendering/box.dart:2467:9)
#1      RenderBox.hitTest (package:flutter/src/rendering/box.dart:2482:6)
#2      RenderShiftedBox.hitTestChildren.<anonymous closure> (package:flutter/src/rendering/shifted_box.dart:88:24)
#3      BoxHitTestResult.addWithPaintOffset (package:flutter/src/rendering/box.dart:800:31)
#4      RenderShiftedBox.hitTestChildren (package:flutter/src/rendering/shifted_box.dart:83:21)
#5      RenderBox.hitTest (package:flutter/src/rendering/box.dart:2484:11)
#6      RenderShiftedBox.hitTestChildren.<anonymous closure> (package:flutter/src/rendering/shifted_box.dart:88:24)
#7      BoxHitTestResult.addWithPaintOffset (package:flutter/src/rendering/box.dart:800:31)
#8      RenderShiftedBox.hitTestChildren (package:flutter/src/rendering/shifted_box.dart:83:21)
#9      RenderBox.hitTest (package:flutter/src/rendering/box.dart:2484:11)
#10     RenderShiftedBox.hitTestChildren.<anonymous closure> (package:flutter/src/rendering/shifted_box.dart:88:24)
#11     BoxHitTestResult.addWithPaintOffset (package:flutter/src/rendering/box.dart:800:31)
#12     RenderShiftedBox.hitTestChildren (package:flutter/src/rendering/shifted_box.dart:83:21)
#13     RenderBox.hitTest (package:flutter/src/rendering/box.dart:2484:11)
#14     RenderShiftedBox.hitTestChildren.<anonymous closure> (package:flutter/src/rendering/shifted_box.dart:88:24)
#15     BoxHitTestResult.addWithPaintOffset (package:flutter/src/rendering/box.dart:800:31)
#16     RenderShiftedBox.hitTestChildren (package:flutter/src/rendering/shifted_box.dart:83:21)
#17     RenderBox.hitTest (package:flutter/src/rendering/box.dart:2484:11)
#18     RenderProxyBoxMixin.hitTestChildren (package:flutter/src/rendering/proxy_box.dart:117:19)
#19     RenderBox.hitTest (package:flutter/src/rendering/box.dart:2484:11)
#20     RenderProxyBoxMixin.hitTestChildren (package:flutter/src/rendering/proxy_box.dart:117:19)
#21     RenderBox.hitTest (package:flutter/src/rendering/box.dart:2484:11)
#22     RenderProxyBoxMixin.hitTestChildren (package:flutter/src/rendering/proxy_box.dart:117:19)
#23     RenderBox.hitTest (package:flutter/src/rendering/box.dart:2484:11)
#24     RenderIgnorePointer.hitTest (package:flutter/src/rendering/proxy_box.dart:3618:31)
#25     RenderProxyBoxMixin.hitTestChildren (package:flutter/src/rendering/proxy_box.dart:117:19)
#26     RenderBox.hitTest (package:flutter/src/rendering/box.dart:2484:11)
#27     RenderProxyBoxMixin.hitTestChildren (package:flutter/src/rendering/proxy_box.dart:117:19)
#28     RenderBox.hitTest (package:flutter/src/rendering/box.dart:2484:11)
#29     RenderProxyBoxMixin.hitTestChildren (package:flutter/src/rendering/proxy_box.dart:117:19)
#30     RenderBox.hitTest (package:flutter/src/rendering/box.dart:2484:11)
#31     RenderProxyBoxMixin.hitTestChildren (package:flutter/src/rendering/proxy_box.dart:117:19)
#32     RenderBox.hitTest (package:flutter/src/rendering/box.dart:2484:11)
#33     RenderOffstage.hitTest (package:flutter/src/rendering/proxy_box.dart:3747:31)
#34     RenderProxyBoxMixin.hitTestChildren (package:flutter/src/rendering/proxy_box.dart:117:19)
#35     RenderBox.hitTest (package:flutter/src/rendering/box.dart:2484:11)
#36     _RenderTheaterMixin.hitTestChildren.childHitTest (package:flutter/src/widgets/overlay.dart:897:81)
#37     BoxHitTestResult.addWithPaintOffset (package:flutter/src/rendering/box.dart:800:31)
#38     _RenderTheaterMixin.hitTestChildren (package:flutter/src/widgets/overlay.dart:898:22)
#39     RenderBox.hitTest (package:flutter/src/rendering/box.dart:2484:11)
#40     RenderProxyBoxMixin.hitTestChildren (package:flutter/src/rendering/proxy_box.dart:117:19)
#41     RenderBox.hitTest (package:flutter/src/rendering/box.dart:2484:11)
#42     RenderAbsorbPointer.hitTest (package:flutter/src/rendering/proxy_box.dart:3872:17)
#43     RenderProxyBoxMixin.hitTestChildren (package:flutter/src/rendering/proxy_box.dart:117:19)
#44     RenderProxyBoxWithHitTestBehavior.hitTest (package:flutter/src/rendering/proxy_box.dart:172:19)
#45     RenderProxyBoxMixin.hitTestChildren (package:flutter/src/rendering/proxy_box.dart:117:19)
#46     RenderBox.hitTest (package:flutter/src/rendering/box.dart:2484:11)
#47     RenderProxyBoxMixin.hitTestChildren (package:flutter/src/rendering/proxy_box.dart:117:19)
#48     RenderBox.hitTest (package:flutter/src/rendering/box.dart:2484:11)
#49     RenderProxyBoxMixin.hitTestChildren (package:flutter/src/rendering/proxy_box.dart:117:19)
#50     RenderBox.hitTest (package:flutter/src/rendering/box.dart:2484:11)
#51     RenderProxyBoxMixin.hitTestChildren (package:flutter/src/rendering/proxy_box.dart:117:19)
#52     RenderTapRegionSurface.hitTest (package:flutter/src/widgets/tap_region.dart:213:28)
#53     RenderProxyBoxMixin.hitTestChildren (package:flutter/src/rendering/proxy_box.dart:117:19)
#54     RenderBox.hitTest (package:flutter/src/rendering/box.dart:2484:11)
#55     RenderProxyBoxMixin.hitTestChildren (package:flutter/src/rendering/proxy_box.dart:117:19)
#56     RenderBox.hitTest (package:flutter/src/rendering/box.dart:2484:11)
#57     RenderProxyBoxMixin.hitTestChildren (package:flutter/src/rendering/proxy_box.dart:117:19)
#58     RenderBox.hitTest (package:flutter/src/rendering/box.dart:2484:11)
#59     RenderView.hitTest (package:flutter/src/rendering/view.dart:211:14)
#60     RendererBinding.hitTestInView (package:flutter/src/rendering/binding.dart:624:34)
#61     GestureBinding._handlePointerEventImmediately (package:flutter/src/gestures/binding.dart:384:7)
#62     GestureBinding.handlePointerEvent (package:flutter/src/gestures/binding.dart:376:5)
#63     GestureBinding._flushPointerEventQueue (package:flutter/src/gestures/binding.dart:323:7)
#64     GestureBinding._handlePointerDataPacket (package:flutter/src/gestures/binding.dart:292:9)
#65     _invoke1 (dart:ui/hooks.dart:186:13)
#66     PlatformDispatcher._dispatchPointerDataPacket (dart:ui/platform_dispatcher.dart:433:7)
#67     _dispatchPointerDataPacket (dart:ui/hooks.dart:119:31)
'package:flutter/src/rendering/mouse_tracker.dart': Failed assertion: line 205 pos 12: '!_debugDuringDeviceUpdate': is not true.#0      _AssertionError._doThrowNew (dart:core-patch/errors_patch.dart:51:61)
#1      _AssertionError._throwNew (dart:core-patch/errors_patch.dart:40:5)
#2      MouseTracker._deviceUpdatePhase (package:flutter/src/rendering/mouse_tracker.dart:205:12)
#3      MouseTracker.updateWithEvent.<anonymous closure> (package:flutter/src/rendering/mouse_tracker.dart:328:7)
#4      MouseTracker._monitorMouseConnection (package:flutter/src/rendering/mouse_tracker.dart:193:9)
#5      MouseTracker.updateWithEvent (package:flutter/src/rendering/mouse_tracker.dart:327:5)
#6      RendererBinding.dispatchEvent (package:flutter/src/rendering/binding.dart:432:20)
#7      GestureBinding._handlePointerEventImmediately (package:flutter/src/gestures/binding.dart:413:7)
#8      GestureBinding.handlePointerEvent (package:flutter/src/gestures/binding.dart:376:5)
#9      GestureBinding._flushPointerEventQueue (package:flutter/src/gestures/binding.dart:323:7)
#10     GestureBinding._handlePointerDataPacket (package:flutter/src/gestures/binding.dart:292:9)
#11     _invoke1 (dart:ui/hooks.dart:186:13)
#12     PlatformDispatcher._dispatchPointerDataPacket (dart:ui/platform_dispatcher.dart:433:7)
#13     _dispatchPointerDataPacket (dart:ui/hooks.dart:119:31)

[2023.08.11 23:22:48]'package:flutter/src/rendering/mouse_tracker.dart': Failed assertion: line 205 pos 12: '!_debugDuringDeviceUpdate': is not true.#0      _AssertionError._doThrowNew (dart:core-patch/errors_patch.dart:51:61)
#1      _AssertionError._throwNew (dart:core-patch/errors_patch.dart:40:5)
#2      MouseTracker._deviceUpdatePhase (package:flutter/src/rendering/mouse_tracker.dart:205:12)
#3      MouseTracker.updateAllDevices (package:flutter/src/rendering/mouse_tracker.dart:372:5)
#4      RendererBinding._scheduleMouseTrackerUpdate.<anonymous closure> (package:flutter/src/rendering/binding.dart:474:22)
#5      SchedulerBinding._invokeFrameCallback (package:flutter/src/scheduler/binding.dart:1325:15)
#6      SchedulerBinding.handleDrawFrame (package:flutter/src/scheduler/binding.dart:1264:9)
#7      SchedulerBinding._handleDrawFrame (package:flutter/src/scheduler/binding.dart:1113:5)
#8      _invoke (dart:ui/hooks.dart:170:13)
#9      PlatformDispatcher._drawFrame (dart:ui/platform_dispatcher.dart:410:5)
#10     _drawFrame (dart:ui/hooks.dart:140:31)


2023.08.11 23:22:50]
2023.08.11 23:22:50]rendering/mouse_tracker.dart': Failed assertion: line 205 pos 12: '!_debugDuringDeviceUpdate': is not true.#0      _AssertionError._doThrowNew (dart:core-patch/errors_patch.dart:51:61)
#1      _AssertionError._throwNew (dart:core-patch/errors_patch.dart:40:5)
#2      MouseTracker._deviceUpdatePhase (package:flutter/src/rendering/mouse_tracker.dart:205:12)
#3      MouseTracker.updateAllDevices (package:flutter/src/rendering/mouse_tracker.dart:372:5)
#4      RendererBinding._scheduleMouseTrackerUpdate.<anonymous closure> (package:flutter/src/rendering/binding.dart:474:22)
#5      SchedulerBinding._invokeFrameCallback (package:flutter/src/scheduler/binding.dart:1325:15)
#6      SchedulerBinding.handleDrawFrame (package:flutter/src/scheduler/binding.dart:1264:9)
#7      SchedulerBinding.scheduleWarmUpFrame.<anonymous closure> (package:flutter/src/scheduler/binding.dart:978:7)
#8      Timer._createTimer.<anonymous closure> (dart:async-patch/timer_patch.dart:18:15)
#9      _Timer._runTimers (dart:isolate-patch/timer_impl.dart:398:19)
#10     _Timer._handleMessage (dart:isolate-patch/timer_impl.dart:429:5)
#11     _RawReceivePort._handleMessage (dart:isolate-patch/isolate_patch.dart:184:12)

0      _AssertionError._doThrowNew (dart:core-patch/errors_patch.dart:51:61)
#1      _AssertionError._throwNew (dart:core-patch/errors_patch.dart:40:5)
#2      MouseTracker._deviceUpdatePhase (package:flutter/src/rendering/mouse_tracker.dart:205:12)
#3      MouseTracker.updateAllDevices (package:flutter/src/rendering/mouse_tracker.dart:372:5)
#4      RendererBinding._scheduleMouseTrackerUpdate.<anonymous closure> (package:flutter/src/rendering/binding.dart:474:22)
#5      SchedulerBinding._invokeFrameCallback (package:flutter/src/scheduler/binding.dart:1325:15)
#6      SchedulerBinding.handleDrawFrame (package:flutter/src/scheduler/binding.dart:1264:9)
#7      SchedulerBinding._handleDrawFrame (package:flutter/src/scheduler/binding.dart:1113:5)
#8      _invoke (dart:ui/hooks.dart:170:13)
#9      PlatformDispatcher._drawFrame (dart:ui/platform_dispatcher.dart:410:5)
#10     _drawFrame (dart:ui/hooks.dart:140:31)
#0      _AssertionError._doThrowNew (dart:core-patch/errors_patch.dart:51:61)
#1      _AssertionError._throwNew (dart:core-patch/errors_patch.dart:40:5)
#2      MouseTracker._deviceUpdatePhase (package:flutter/src/rendering/mouse_tracker.dart:205:12)
#3      MouseTracker.updateAllDevices (package:flutter/src/rendering/mouse_tracker.dart:372:5)
#4      RendererBinding._scheduleMouseTrackerUpdate.<anonymous closure> (package:flutter/src/rendering/binding.dart:474:22)
#5      SchedulerBinding._invokeFrameCallback (package:flutter/src/scheduler/binding.dart:1325:15)
#6      SchedulerBinding.handleDrawFrame (package:flutter/src/scheduler/binding.dart:1264:9)
#7      SchedulerBinding._handleDrawFrame (package:flutter/src/scheduler/binding.dart:1113:5)
#8      _invoke (dart:ui/hooks.dart:170:13)
#9      PlatformDispatcher._drawFrame (dart:ui/platform_dispatcher.dart:410:5)
#10     _drawFrame (dart:ui/hooks.dart:140:31)

0      _AssertionError._doThrowNew (dart:core-patch/errors_patch.dart:51:61)
#1      _AssertionError._throwNew (dart:core-patch/errors_patch.dart:40:5)
#2      MouseTracker._deviceUpdatePhase (package:flutter/src/rendering/mouse_tracker.dart:205:12)
#3      MouseTracker.updateAllDevices (package:flutter/src/rendering/mouse_tracker.dart:372:5)
#4      RendererBinding._scheduleMouseTrackerUpdate.<anonymous closure> (package:flutter/src/rendering/binding.dart:474:22)
#5      SchedulerBinding._invokeFrameCallback (package:flutter/src/scheduler/binding.dart:1325:15)
#6      SchedulerBinding.handleDrawFrame (package:flutter/src/scheduler/binding.dart:1264:9)
#7      SchedulerBinding._handleDrawFrame (package:flutter/src/scheduler/binding.dart:1113:5)
#8      _invoke (dart:ui/hooks.dart:170:13)
#9      PlatformDispatcher._drawFrame (dart:ui/platform_dispatcher.dart:410:5)
#10     _drawFrame (dart:ui/hooks.dart:140:31)
#0      _AssertionError._doThrowNew (dart:core-patch/errors_patch.dart:51:61)
#1      _AssertionError._throwNew (dart:core-patch/errors_patch.dart:40:5)
#2      MouseTracker._deviceUpdatePhase (package:flutter/src/rendering/mouse_tracker.dart:205:12)
#3      MouseTracker.updateAllDevices (package:flutter/src/rendering/mouse_tracker.dart:372:5)
#4      RendererBinding._scheduleMouseTrackerUpdate.<anonymous closure> (package:flutter/src/rendering/binding.dart:474:22)
#5      SchedulerBinding._invokeFrameCallback (package:flutter/src/scheduler/binding.dart:1325:15)
#6      SchedulerBinding.handleDrawFrame (package:flutter/src/scheduler/binding.dart:1264:9)
#7      SchedulerBinding._handleDrawFrame (package:flutter/src/scheduler/binding.dart:1113:5)
#8      _invoke (dart:ui/hooks.dart:170:13)
#9      PlatformDispatcher._drawFrame (dart:ui/platform_dispatcher.dart:410:5)
#10     _drawFrame (dart:ui/hooks.dart:140:31)

2023.08.11 23:22:50]
2023.08.11 23:22:50]rendering/mouse_tracker.dart': Failed assertion: line 205 pos 12: '!_debugDuringDeviceUpdate': is not true.#0      _AssertionError._doThrowNew (dart:core-patch/errors_patch.dart:51:61)
#1      _AssertionError._throwNew (dart:core-patch/errors_patch.dart:40:5)
#2      MouseTracker._deviceUpdatePhase (package:flutter/src/rendering/mouse_tracker.dart:205:12)
#3      MouseTracker.updateAllDevices (package:flutter/src/rendering/mouse_tracker.dart:372:5)
#4      RendererBinding._scheduleMouseTrackerUpdate.<anonymous closure> (package:flutter/src/rendering/binding.dart:474:22)
#5      SchedulerBinding._invokeFrameCallback (package:flutter/src/scheduler/binding.dart:1325:15)
#6      SchedulerBinding.handleDrawFrame (package:flutter/src/scheduler/binding.dart:1264:9)
#7      SchedulerBinding._handleDrawFrame (package:flutter/src/scheduler/binding.dart:1113:5)
#8      _invoke (dart:ui/hooks.dart:170:13)
#9      PlatformDispatcher._drawFrame (dart:ui/platform_dispatcher.dart:410:5)
#10     _drawFrame (dart:ui/hooks.dart:140:31)
#0      _AssertionError._doThrowNew (dart:core-patch/errors_patch.dart:51:61)
#1      _AssertionError._throwNew (dart:core-patch/errors_patch.dart:40:5)
#2      MouseTracker._deviceUpdatePhase (package:flutter/src/rendering/mouse_tracker.dart:205:12)
#3      MouseTracker.updateAllDevices (package:flutter/src/rendering/mouse_tracker.dart:372:5)
#4      RendererBinding._scheduleMouseTrackerUpdate.<anonymous closure> (package:flutter/src/rendering/binding.dart:474:22)
#5      SchedulerBinding._invokeFrameCallback (package:flutter/src/scheduler/binding.dart:1325:15)
#6      SchedulerBinding.handleDrawFrame (package:flutter/src/scheduler/binding.dart:1264:9)
#7      SchedulerBinding._handleDrawFrame (package:flutter/src/scheduler/binding.dart:1113:5)
#8      _invoke (dart:ui/hooks.dart:170:13)
#9      PlatformDispatcher._drawFrame (dart:ui/platform_dispatcher.dart:410:5)
#10     _drawFrame (dart:ui/hooks.dart:140:31)
#0      _AssertionError._doThrowNew (dart:core-patch/errors_patch.dart:51:61)
#1      _AssertionError._throwNew (dart:core-patch/errors_patch.dart:40:5)
#2      MouseTracker._deviceUpdatePhase (package:flutter/src/rendering/mouse_tracker.dart:205:12)
#3      MouseTracker.updateAllDevices (package:flutter/src/rendering/mouse_tracker.dart:372:5)
#4      RendererBinding._scheduleMouseTrackerUpdate.<anonymous closure> (package:flutter/src/rendering/binding.dart:474:22)
#5      SchedulerBinding._invokeFrameCallback (package:flutter/src/scheduler/binding.dart:1325:15)
#6      SchedulerBinding.handleDrawFrame (package:flutter/src/scheduler/binding.dart:1264:9)
#7      SchedulerBinding._handleDrawFrame (package:flutter/src/scheduler/binding.dart:1113:5)
#8      _invoke (dart:ui/hooks.dart:170:13)
#9      PlatformDispatcher._drawFrame (dart:ui/platform_dispatcher.dart:410:5)
#10     _drawFrame (dart:ui/hooks.dart:140:31)

2023.08.11 23:22:50]'package:flutter/src/rendering/mouse_tracker.dart': Failed assertion: line 205 pos 12: '!_debugDuringDeviceUpdate': is not true.
package:flutter/src/rendering/mouse_tracker.dart': Failed assertion: line 205 pos 12: '!_debugDuringDeviceUpdate': is not true./errors_patch.dart:40:5)
#2      MouseTracker._deviceUpdatePhase (package:flutter/src/rendering/mouse_tracker.dart:205:12)
#3      MouseTracker.updateAllDevices (package:flutter/src/rendering/mouse_tracker.dart:372:5)
#4      RendererBinding._scheduleMouseTrackerUpdate.<anonymous closure> (package:flutter/src/rendering/binding.dart:474:22)
#5      SchedulerBinding._invokeFrameCallback (package:flutter/src/scheduler/binding.dart:1325:15)
#6      SchedulerBinding.handleDrawFrame (package:flutter/src/scheduler/binding.dart:1264:9)
#7      SchedulerBinding._handleDrawFrame (package:flutter/src/scheduler/binding.dart:1113:5)
#8      _invoke (dart:ui/hooks.dart:170:13)
#9      PlatformDispatcher._drawFrame (dart:ui/platform_dispatcher.dart:410:5)
#10     _drawFrame (dart:ui/hooks.dart:140:31)
#0      _AssertionError._doThrowNew (dart:core-patch/errors_patch.dart:51:61)
#1      _AssertionError._throwNew (dart:core-patch/errors_patch.dart:40:5)
#2      MouseTracker._deviceUpdatePhase (package:flutter/src/rendering/mouse_tracker.dart:205:12)
#3      MouseTracker.updateAllDevices (package:flutter/src/rendering/mouse_tracker.dart:372:5)
#4      RendererBinding._scheduleMouseTrackerUpdate.<anonymous closure> (package:flutter/src/rendering/binding.dart:474:22)
#5      SchedulerBinding._invokeFrameCallback (package:flutter/src/scheduler/binding.dart:1325:15)
#6      SchedulerBinding.handleDrawFrame (package:flutter/src/scheduler/binding.dart:1264:9)
#7      SchedulerBinding._handleDrawFrame (package:flutter/src/scheduler/binding.dart:1113:5)
#8      _invoke (dart:ui/hooks.dart:170:13)
#9      PlatformDispatcher._drawFrame (dart:ui/platform_dispatcher.dart:410:5)
#10     _drawFrame (dart:ui/hooks.dart:140:31)
'package:flutter/src/rendering/mouse_tracker.dart': Failed assertion: line 205 pos 12: '!_debugDuringDeviceUpdate': is not true.'package:flutter/src/rendering/mouse_tracker.dart': Failed assertion: line 205 pos 12: '!_debugDuringDeviceUpdate': is not true./errors_patch.dart:40:5)
#2      MouseTracker._deviceUpdatePhase (package:flutter/src/rendering/mouse_tracker.dart:205:12)
#3      MouseTracker.updateAllDevices (package:flutter/src/rendering/mouse_tracker.dart:372:5)
#4      RendererBinding._scheduleMouseTrackerUpdate.<anonymous closure> (package:flutter/src/rendering/binding.dart:474:22)
#5      SchedulerBinding._invokeFrameCallback (package:flutter/src/scheduler/binding.dart:1325:15)
#6      SchedulerBinding.handleDrawFrame (package:flutter/src/scheduler/binding.dart:1264:9)
#7      SchedulerBinding._handleDrawFrame (package:flutter/src/scheduler/binding.dart:1113:5)
#8      _invoke (dart:ui/hooks.dart:170:13)
#9      PlatformDispatcher._drawFrame (dart:ui/platform_dispatcher.dart:410:5)
#10     _drawFrame (dart:ui/hooks.dart:140:31)

0      _AssertionError._doThrowNew (dart:core-patch/errors_patch.dart:51:61)
#1      _AssertionError._throwNew (dart:core-patch/errors_patch.dart:40:5)
#2      MouseTracker._deviceUpdatePhase (package:flutter/src/rendering/mouse_tracker.dart:205:12)
#3      MouseTracker.updateAllDevices (package:flutter/src/rendering/mouse_tracker.dart:372:5)
#4      RendererBinding._scheduleMouseTrackerUpdate.<anonymous closure> (package:flutter/src/rendering/binding.dart:474:22)
#5      SchedulerBinding._invokeFrameCallback (package:flutter/src/scheduler/binding.dart:1325:15)
#6      SchedulerBinding.handleDrawFrame (package:flutter/src/scheduler/binding.dart:1264:9)
#7      SchedulerBinding._handleDrawFrame (package:flutter/src/scheduler/binding.dart:1113:5)
#8      _invoke (dart:ui/hooks.dart:170:13)
#9      PlatformDispatcher._drawFrame (dart:ui/platform_dispatcher.dart:410:5)
#10     _drawFrame (dart:ui/hooks.dart:140:31)
[2023.08.11 23:22:50]rendering/mouse_tracker.dart': Failed assertion: line 205 pos 12: '!_debugDuringDeviceUpdate': is not true.#0      _AssertionError._doThrowNew (dart:core-patch/errors_patch.dart:51:61)
#1      _AssertionError._throwNew (dart:core-patch/errors_patch.dart:40:5)
#2      MouseTracker._deviceUpdatePhase (package:flutter/src/rendering/mouse_tracker.dart:205:12)
#3      MouseTracker.updateAllDevices (package:flutter/src/rendering/mouse_tracker.dart:372:5)
#4      RendererBinding._scheduleMouseTrackerUpdate.<anonymous closure> (package:flutter/src/rendering/binding.dart:474:22)
#5      SchedulerBinding._invokeFrameCallback (package:flutter/src/scheduler/binding.dart:1325:15)
#6      SchedulerBinding.handleDrawFrame (package:flutter/src/scheduler/binding.dart:1264:9)
#7      SchedulerBinding._handleDrawFrame (package:flutter/src/scheduler/binding.dart:1113:5)
#8      _invoke (dart:ui/hooks.dart:170:13)
#9      PlatformDispatcher._drawFrame (dart:ui/platform_dispatcher.dart:410:5)
#10     _drawFrame (dart:ui/hooks.dart:140:31)
'package:flutter/src/rendering/mouse_tracker.dart': Failed assertion: line 205 pos 12: '!_debugDuringDeviceUpdate': is not true./errors_patch.dart:40:5)
#2      MouseTracker._deviceUpdatePhase (package:flutter/src/rendering/mouse_tracker.dart:205:12)
#3      MouseTracker.updateAllDevices (package:flutter/src/rendering/mouse_tracker.dart:372:5)
#4      RendererBinding._scheduleMouseTrackerUpdate.<anonymous closure> (package:flutter/src/rendering/binding.dart:474:22)
#5      SchedulerBinding._invokeFrameCallback (package:flutter/src/scheduler/binding.dart:1325:15)
#6      SchedulerBinding.handleDrawFrame (package:flutter/src/scheduler/binding.dart:1264:9)
#7      SchedulerBinding._handleDrawFrame (package:flutter/src/scheduler/binding.dart:1113:5)
#8      _invoke (dart:ui/hooks.dart:170:13)
#9      PlatformDispatcher._drawFrame (dart:ui/platform_dispatcher.dart:410:5)
#10     _drawFrame (dart:ui/hooks.dart:140:31)
#0      _AssertionError._doThrowNew (dart:core-patch/errors_patch.dart:51:61)
#1      _AssertionError._throwNew (dart:core-patch/errors_patch.dart:40:5)
#2      MouseTracker._deviceUpdatePhase (package:flutter/src/rendering/mouse_tracker.dart:205:12)
#3      MouseTracker.updateAllDevices (package:flutter/src/rendering/mouse_tracker.dart:372:5)
#4      RendererBinding._scheduleMouseTrackerUpdate.<anonymous closure> (package:flutter/src/rendering/binding.dart:474:22)
#5      SchedulerBinding._invokeFrameCallback (package:flutter/src/scheduler/binding.dart:1325:15)
#6      SchedulerBinding.handleDrawFrame (package:flutter/src/scheduler/binding.dart:1264:9)
#7      SchedulerBinding._handleDrawFrame (package:flutter/src/scheduler/binding.dart:1113:5)
#8      _invoke (dart:ui/hooks.dart:170:13)
#9      PlatformDispatcher._drawFrame (dart:ui/platform_dispatcher.dart:410:5)
#10     _drawFrame (dart:ui/hooks.dart:140:31)


2023.08.11 23:22:51][
023.08.11 23:22:51][[2023.08.11 23:22:51]endering/mouse_tracker.dart': Failed assertion: line 226 pos 12: '(event is PointerAddedEvent) == (lastEvent is PointerRemovedEvent)': is not true.'package:flutter/src/rendering/mouse_tracker.dart': Failed assertion: line 205 pos 12: '!_debugDuringDeviceUpdate': is not true./errors_patch.dart:40:5)
#2      MouseTracker._shouldMarkStateDirty (package:flutter/src/rendering/mouse_tracker.dart:226:12)
#3      MouseTracker.updateWithEvent (package:flutter/src/rendering/mouse_tracker.dart:323:10)
#4      RendererBinding.dispatchEvent (package:flutter/src/rendering/binding.dart:432:20)
#5      GestureBinding._handlePointerEventImmediately (package:flutter/src/gestures/binding.dart:413:7)
#6      GestureBinding.handlePointerEvent (package:flutter/src/gestures/binding.dart:376:5)
#7      GestureBinding._flushPointerEventQueue (package:flutter/src/gestures/binding.dart:323:7)
#8      GestureBinding._handlePointerDataPacket (package:flutter/src/gestures/binding.dart:292:9)
#9      _invoke1 (dart:ui/hooks.dart:186:13)
#10     PlatformDispatcher._dispatchPointerDataPacket (dart:ui/platform_dispatcher.dart:433:7)
#11     _dispatchPointerDataPacket (dart:ui/hooks.dart:119:31)

package:flutter/src/rendering/mouse_tracker.dart': Failed assertion: line 205 pos 12: '!_debugDuringDeviceUpdate': is not true./errors_patch.dart:40:5)
#2      MouseTracker._deviceUpdatePhase (package:flutter/src/rendering/mouse_tracker.dart:205:12)
#3      MouseTracker.updateWithEvent.<anonymous closure> (package:flutter/src/rendering/mouse_tracker.dart:328:7)
#4      MouseTracker._monitorMouseConnection (package:flutter/src/rendering/mouse_tracker.dart:193:9)
#5      MouseTracker.updateWithEvent (package:flutter/src/rendering/mouse_tracker.dart:327:5)
#6      RendererBinding.dispatchEvent (package:flutter/src/rendering/binding.dart:432:20)
#7      GestureBinding._handlePointerEventImmediately (package:flutter/src/gestures/binding.dart:413:7)
#8      GestureBinding.handlePointerEvent (package:flutter/src/gestures/binding.dart:376:5)
#9      GestureBinding._flushPointerEventQueue (package:flutter/src/gestures/binding.dart:323:7)
#10     GestureBinding._handlePointerDataPacket (package:flutter/src/gestures/binding.dart:292:9)
#11     _invoke1 (dart:ui/hooks.dart:186:13)
#12     PlatformDispatcher._dispatchPointerDataPacket (dart:ui/platform_dispatcher.dart:433:7)
#13     _dispatchPointerDataPacket (dart:ui/hooks.dart:119:31)

2023.08.11 23:22:51]
endering/mouse_tracker.dart': Failed assertion: line 205 pos 12: '!_debugDuringDeviceUpdate': is not true.[[2023.08.11 23:22:51]rendering/mouse_tracker.dart': Failed assertion: line 205 pos 12: '!_debugDuringDeviceUpdate': is not true.errors_patch.dart:40:5)
#2      MouseTracker._deviceUpdatePhase (package:flutter/src/rendering/mouse_tracker.dart:205:12)
#3      MouseTracker.updateWithEvent.<anonymous closure> (package:flutter/src/rendering/mouse_tracker.dart:328:7)
#4      MouseTracker._monitorMouseConnection (package:flutter/src/rendering/mouse_tracker.dart:193:9)
#5      MouseTracker.updateWithEvent (package:flutter/src/rendering/mouse_tracker.dart:327:5)
#6      RendererBinding.dispatchEvent (package:flutter/src/rendering/binding.dart:432:20)
#7      GestureBinding._handlePointerEventImmediately (package:flutter/src/gestures/binding.dart:413:7)
#8      GestureBinding.handlePointerEvent (package:flutter/src/gestures/binding.dart:376:5)
#9      GestureBinding._flushPointerEventQueue (package:flutter/src/gestures/binding.dart:323:7)
#10     GestureBinding._handlePointerDataPacket (package:flutter/src/gestures/binding.dart:292:9)
#11     _invoke1 (dart:ui/hooks.dart:186:13)
#12     PlatformDispatcher._dispatchPointerDataPacket (dart:ui/platform_dispatcher.dart:433:7)
#13     _dispatchPointerDataPacket (dart:ui/hooks.dart:119:31)
#0      _AssertionError._doThrowNew (dart:core-patch/errors_patch.dart:51:61)
#1      _AssertionError._throwNew (dart:core-patch/errors_patch.dart:40:5)
#2      MouseTracker._deviceUpdatePhase (package:flutter/src/rendering/mouse_tracker.dart:205:12)
#3      MouseTracker.updateWithEvent.<anonymous closure> (package:flutter/src/rendering/mouse_tracker.dart:328:7)
#4      MouseTracker._monitorMouseConnection (package:flutter/src/rendering/mouse_tracker.dart:193:9)
#5      MouseTracker.updateWithEvent (package:flutter/src/rendering/mouse_tracker.dart:327:5)
#6      RendererBinding.dispatchEvent (package:flutter/src/rendering/binding.dart:432:20)
#7      GestureBinding._handlePointerEventImmediately (package:flutter/src/gestures/binding.dart:413:7)
#8      GestureBinding.handlePointerEvent (package:flutter/src/gestures/binding.dart:376:5)
#9      GestureBinding._flushPointerEventQueue (package:flutter/src/gestures/binding.dart:323:7)
#10     GestureBinding._handlePointerDataPacket (package:flutter/src/gestures/binding.dart:292:9)
#11     _invoke1 (dart:ui/hooks.dart:186:13)
#12     PlatformDispatcher._dispatchPointerDataPacket (dart:ui/platform_dispatcher.dart:433:7)
#13     _dispatchPointerDataPacket (dart:ui/hooks.dart:119:31)
'package:flutter/src/rendering/mouse_tracker.dart': Failed assertion: line 205 pos 12: '!_debugDuringDeviceUpdate': is not true./errors_patch.dart:40:5)
#2      MouseTracker._deviceUpdatePhase (package:flutter/src/rendering/mouse_tracker.dart:205:12)
#3      MouseTracker.updateWithEvent.<anonymous closure> (package:flutter/src/rendering/mouse_tracker.dart:328:7)
#4      MouseTracker._monitorMouseConnection (package:flutter/src/rendering/mouse_tracker.dart:193:9)
#5      MouseTracker.updateWithEvent (package:flutter/src/rendering/mouse_tracker.dart:327:5)
#6      RendererBinding.dispatchEvent (package:flutter/src/rendering/binding.dart:432:20)
#7      GestureBinding._handlePointerEventImmediately (package:flutter/src/gestures/binding.dart:413:7)
#8      GestureBinding.handlePointerEvent (package:flutter/src/gestures/binding.dart:376:5)
#9      GestureBinding._flushPointerEventQueue (package:flutter/src/gestures/binding.dart:323:7)
#10     GestureBinding._handlePointerDataPacket (package:flutter/src/gestures/binding.dart:292:9)
#11     _invoke1 (dart:ui/hooks.dart:186:13)
#12     PlatformDispatcher._dispatchPointerDataPacket (dart:ui/platform_dispatcher.dart:433:7)
#13     _dispatchPointerDataPacket (dart:ui/hooks.dart:119:31)

0      _AssertionError._doThrowNew (dart:core-patch/errors_patch.dart:51:61)
#1      _AssertionError._throwNew (dart:core-patch/errors_patch.dart:40:5)
#2      MouseTracker._deviceUpdatePhase (package:flutter/src/rendering/mouse_tracker.dart:205:12)
#3      MouseTracker.updateWithEvent.<anonymous closure> (package:flutter/src/rendering/mouse_tracker.dart:328:7)
#4      MouseTracker._monitorMouseConnection (package:flutter/src/rendering/mouse_tracker.dart:193:9)
#5      MouseTracker.updateWithEvent (package:flutter/src/rendering/mouse_tracker.dart:327:5)
#6      RendererBinding.dispatchEvent (package:flutter/src/rendering/binding.dart:432:20)
#7      GestureBinding._handlePointerEventImmediately (package:flutter/src/gestures/binding.dart:413:7)
#8      GestureBinding.handlePointerEvent (package:flutter/src/gestures/binding.dart:376:5)
#9      GestureBinding._flushPointerEventQueue (package:flutter/src/gestures/binding.dart:323:7)
#10     GestureBinding._handlePointerDataPacket (package:flutter/src/gestures/binding.dart:292:9)
#11     _invoke1 (dart:ui/hooks.dart:186:13)
#12     PlatformDispatcher._dispatchPointerDataPacket (dart:ui/platform_dispatcher.dart:433:7)
#13     _dispatchPointerDataPacket (dart:ui/hooks.dart:119:31)

'package:flutter/src/rendering/mouse_tracker.dart': Failed assertion: line 205 pos 12: '!_debugDuringDeviceUpdate': is not true#
2023.08.11 23:22:51]or._doThrowNew (dart:core-patch/errors_patch.dart:51:61)
#1      _AssertionError._throwNew (dart:core-patch/errors_patch.dart:40:5)
#2      MouseTracker._deviceUpdatePhase (package:flutter/src/rendering/mouse_tracker.dart:205:12)
#3      MouseTracker.updateWithEvent.<anonymous closure> (package:flutter/src/rendering/mouse_tracker.dart:328:7)
#4      MouseTracker._monitorMouseConnection (package:flutter/src/rendering/mouse_tracker.dart:193:9)
#5      MouseTracker.updateWithEvent (package:flutter/src/rendering/mouse_tracker.dart:327:5)
#6      RendererBinding.dispatchEvent (package:flutter/src/rendering/binding.dart:432:20)
#7      GestureBinding._handlePointerEventImmediately (package:flutter/src/gestures/binding.dart:413:7)
#8      GestureBinding.handlePointerEvent (package:flutter/src/gestures/binding.dart:376:5)
#9      GestureBinding._flushPointerEventQueue (package:flutter/src/gestures/binding.dart:323:7)
#10     GestureBinding._handlePointerDataPacket (package:flutter/src/gestures/binding.dart:292:9)
#11     _invoke1 (dart:ui/hooks.dart:186:13)
#12     PlatformDispatcher._dispatchPointerDataPacket (dart:ui/platform_dispatcher.dart:433:7)
#13     _dispatchPointerDataPacket (dart:ui/hooks.dart:119:31)#'package:flutter/src/rendering/mouse_tracker.dart': Failed assertion: line 205 pos 12: '!_debugDuringDeviceUpdate': is not true./errors_patch.dart:40:5)
#2      MouseTracker._deviceUpdatePhase (package:flutter/src/rendering/mouse_tracker.dart:205:12)
#3      MouseTracker.updateWithEvent.<anonymous closure> (package:flutter/src/rendering/mouse_tracker.dart:328:7)
#4      MouseTracker._monitorMouseConnection (package:flutter/src/rendering/mouse_tracker.dart:193:9)
#5      MouseTracker.updateWithEvent (package:flutter/src/rendering/mouse_tracker.dart:327:5)
#6      RendererBinding.dispatchEvent (package:flutter/src/rendering/binding.dart:432:20)
#7      GestureBinding._handlePointerEventImmediately (package:flutter/src/gestures/binding.dart:413:7)
#8      GestureBinding.handlePointerEvent (package:flutter/src/gestures/binding.dart:376:5)
#9      GestureBinding._flushPointerEventQueue (package:flutter/src/gestures/binding.dart:323:7)
#10     GestureBinding._handlePointerDataPacket (package:flutter/src/gestures/binding.dart:292:9)
#11     _invoke1 (dart:ui/hooks.dart:186:13)
#12     PlatformDispatcher._dispatchPointerDataPacket (dart:ui/platform_dispatcher.dart:433:7)
#13     _dispatchPointerDataPacket (dart:ui/hooks.dart:119:31)

2023.08.11 23:22:52]or._doThrowNew (dart:core-patch/errors_patch.dart:51:61)
#1      _AssertionError._throwNew (dart:core-patch/errors_patch.dart:40:5)
#2      MouseTracker._deviceUpdatePhase (package:flutter/src/rendering/mouse_tracker.dart:205:12)
#3      MouseTracker.updateWithEvent.<anonymous closure> (package:flutter/src/rendering/mouse_tracker.dart:328:7)
#4      MouseTracker._monitorMouseConnection (package:flutter/src/rendering/mouse_tracker.dart:193:9)
#5      MouseTracker.updateWithEvent (package:flutter/src/rendering/mouse_tracker.dart:327:5)
#6      RendererBinding.dispatchEvent (package:flutter/src/rendering/binding.dart:432:20)
#7      GestureBinding._handlePointerEventImmediately (package:flutter/src/gestures/binding.dart:413:7)
#8      GestureBinding.handlePointerEvent (package:flutter/src/gestures/binding.dart:376:5)
#9      GestureBinding._flushPointerEventQueue (package:flutter/src/gestures/binding.dart:323:7)
#10     GestureBinding._handlePointerDataPacket (package:flutter/src/gestures/binding.dart:292:9)
#11     _invoke1 (dart:ui/hooks.dart:186:13)
#12     PlatformDispatcher._dispatchPointerDataPacket (dart:ui/platform_dispatcher.dart:433:7)
#13     _dispatchPointerDataPacket (dart:ui/hooks.dart:119:31)

#0      _AssertionEr#0      _AssertionError._doThrowNew (dart:core-patch/errors_patch.dart:51:61)
#1      _AssertionError._throwNew (dart:core-patch/errors_patch.dart:40:5)
#2      MouseTracker._deviceUpdatePhase (package:flutter/src/rendering/mouse_tracker.dart:205:12)
#3      MouseTracker.updateWithEvent.<anonymous closure> (package:flutter/src/rendering/mouse_tracker.dart:328:7)
#4      MouseTracker._monitorMouseConnection (package:flutter/src/rendering/mouse_tracker.dart:193:9)
#5      MouseTracker.updateWithEvent (package:flutter/src/rendering/mouse_tracker.dart:327:5)
#6      RendererBinding.dispatchEvent (package:flutter/src/rendering/binding.dart:432:20)
#7      GestureBinding._handlePointerEventImmediately (package:flutter/src/gestures/binding.dart:413:7)
#8      GestureBinding.handlePointerEvent (package:flutter/src/gestures/binding.dart:376:5)
#9      GestureBinding._flushPointerEventQueue (package:flutter/src/gestures/binding.dart:323:7)
#10     GestureBinding._handlePointerDataPacket (package:flutter/src/gestures/binding.dart:292:9)
#11     _invoke1 (dart:ui/hooks.dart:186:13)
#12     PlatformDispatcher._dispatchPointerDataPacket (dart:ui/platform_dispatcher.dart:433:7)
#13     _dispatchPointerDataPacket (dart:ui[2023.08.11 23:22:52'package:flutter/src/rendering/mouse_tracker.dart': Failed assertion: line 205 pos 12: '!_debugDuringDeviceUpdate': is not true./errors_patch.dart:40:5)
#2      MouseTracker._deviceUpdatePhase (package:flutter/src/rendering/mouse_tracker.dart:205:12)
#3      MouseTracker.updateWithEvent.<anonymous closure> (package:flutter/src/rendering/mouse_tracker.dart:328:7)
#4      MouseTracker._monitorMouseConnection (package:flutter/src/rendering/mouse_tracker.dart:193:9)
#5      MouseTracker.updateWithEvent (package:flutter/src/rendering/mouse_tracker.dart:327:5)
#6      RendererBinding.dispatchEvent (package:flutter/src/rendering/binding.dart:432:20)
#7      GestureBinding._handlePointerEventImmediately (package:flutter/src/gestures/binding.dart:413:7)
#8      GestureBinding.handlePointerEvent (package:flutter/src/gestures/binding.dart:376:5)
#9      GestureBinding._flushPointerEventQueue (package:flutter/src/gestures/binding.dart:323:7)
#10     GestureBinding._handlePointerDataPacket (package:flutter/src/gestures/binding.dart:292:9)
#11     _invoke1 (dart:ui/hooks.dart:186:13)
#12     PlatformDispatcher._dispatchPointerDataPacket (dart:ui/platform_dispatcher.dart:433:7)
#13     _dispatchPointerDataPacket (dart:ui/hooks.dart:119:31)
'package:flutter/src/rendering/mouse_tracker.dart': Failed assertion: line 205 pos 12: '!_debugDuringDeviceUpdate': is not true./errors_patch.dart:40:5)
#2      MouseTracker._deviceUpdatePhase (package:flutter/src/rendering/mouse_tracker.dart:205:12)
#3      MouseTracker.updateWithEvent.<anonymous closure> (package:flutter/src/rendering/mouse_tracker.dart:328:7)
#4      MouseTracker._monitorMouseConnection (package:flutter/src/rendering/mouse_tracker.dart:193:9)
#5      MouseTracker.updateWithEvent (package:flutter/src/rendering/mouse_tracker.dart:327:5)
#6      RendererBinding.dispatchEvent (package:flutter/src/rendering/binding.dart:432:20)
#7      GestureBinding._handlePointerEventImmediately (package:flutter/src/gestures/binding.dart:413:7)
#8      GestureBinding.handlePointerEvent (package:flutter/src/gestures/binding.dart:376:5)
#9      GestureBinding._flushPointerEventQueue (package:flutter/src/gestures/binding.dart:323:7)
#10     GestureBinding._handlePointerDataPacket (package:flutter/src/gestures/binding.dart:292:9)
#11     _invoke1 (dart:ui/hooks.dart:186:13)
#12     PlatformDispatcher._dispatchPointerDataPacket (dart:ui/platform_dispatcher.dart:433:7)
#13     _dispatchPointerDataPacket (dart:ui/hooks.dart:119:31)
[2023.08.11 23:22:52]rendering/mouse_tracker.dart': Failed assertion: line 205 pos 12: '!_debugDuringDeviceUpdate': is not true.'package:flutter/src/rendering/mouse_tracker.dart': Failed assertion: line 205 pos 12: '!_debugDuringDeviceUpdate': is not true.#0      _AssertionError._doThrowNew (dart:core-patch/errors_patch.dart:51:61)
#1      _AssertionError._throwNew (dart:core-patch/errors_patch.dart:40:5)
#2      MouseTracker._deviceUpdatePhase (package:flutter/src/rendering/mouse_tracker.dart:205:12)
#3      MouseTracker.updateWithEvent.<anonymous closure> (package:flutter/src/rendering/mouse_tracker.dart:328:7)
#4      MouseTracker._monitorMouseConnection (package:flutter/src/rendering/mouse_tracker.dart:193:9)
#5      MouseTracker.updateWithEvent (package:flutter/src/rendering/mouse_tracker.dart:327:5)
#6      RendererBinding.dispatchEvent (package:flutter/src/rendering/binding.dart:432:20)
#7      GestureBinding._handlePointerEventImmediately (package:flutter/src/gestures/binding.dart:413:7)
#8      GestureBinding.handlePointerEvent (package:flutter/src/gestures/binding.dart:376:5)
#9      GestureBinding._flushPointerEventQueue (package:flutter/src/gestures/binding.dart:323:7)
#10     GestureBinding._handlePointerDataPacket (package:flutter/src/gestures/binding.dart:292:9)
#11     _invoke1 (dart:ui/hooks.dart:186:13)
#12     PlatformDispatcher._dispatchPointerDataPacket (dart:ui/platform_dispatcher.dart:433:7)
#13     _dispatchPointerDataPacket (dart:ui/hooks.dart:119:31)
#0      _AssertionError._doThrowNew (dart:core-patch/errors_patch.dart:51:61)
#1      _AssertionError._throwNew (dart:core-patch[2023.08.11 23:22:52]rendering/mouse_tracker.dart': Failed assertion: line 205 pos 12: '!_debugDuringDeviceUpdate': is not true.   MouseTracker.updateWithEvent.<anonymous closure> (package:flutter/src/rendering/mouse_tracker.dart:328:7)
#4      MouseTracker._monitorMouseConnection (package:flutter/src/rendering/mouse_tracker.dart:193:9)
#5      MouseTracker.updateWithEvent (package:flutter/src/rendering/mouse_tracker.dart:327:5)
#6      RendererBinding.dispatchEvent (package:flutter/src/rendering/binding.dart:432:20)
#7      GestureBinding._handlePointerEventImmediately (package:flutter/src/gestures/binding.dart:413:7)
#8      GestureBinding.handlePointerEvent (package:flutter/src/gestures/binding.dart:376:5)
#9      GestureBinding._flushPointerEventQueue (package:flutter/src/gestures/binding.dart:323:7)
#10     GestureBinding._handlePointerDataPacket (package:flutter/src/gestures/binding.dart:292:9)
#11     _invoke1 (dart:ui/hooks.dart:186:13)
#12     PlatformDispatcher._dispatchPointerDataPacket (dart:ui/platform_dispatcher.dart:433:7)
#13     _dispatchPointerDataPacket (dart:ui/hooks.dart:119:31)
'package:flutter/src/rendering/mouse_tracker.dart': Failed assertion: line 205 pos 12: '!_debugDuringDeviceUpdate': is not true./errors_patch.dart:40:5)
#2      MouseTracker._deviceUpdatePhase (package:flutter/src/rendering/mouse_tracker.dart:205:12)
#3      MouseTracker.updateWithEvent.<anonymous closure> (package:flutter/src/rendering/mouse_tracker.dart:328:7)
#4      MouseTracker._monitorMouseConnection (package:flutter/src/rendering/mouse_tracker.dart:193:9)
#5      MouseTracker.updateWithEvent (package:flutter/src/rendering/mouse_tracker.dart:327:5)
#6      RendererBinding.dispatchEvent (package:flutter/src/rendering/binding.dart:432:20)
#7      GestureBinding._handlePointerEventImmediately (package:flutter/src/gestures/binding.dart:413:7)
#8      GestureBinding.handlePointerEvent (package:flutter/src/gestures/binding.dart:376:5)
#9      GestureBinding._flushPointerEventQueue (package:flutter/src/gestures/binding.dart:323:7)
#10     GestureBinding._handlePointerDataPacket (package:flutter/src/gestures/binding.dart:292:9)
#11     _invoke1 (dart:ui/hooks.dart:186:13)
#12     PlatformDispatcher._dispatchPointerDataPacket (dart:ui/platform_dispatcher.dart:433:7)
#13     _dispatchPointerDataPacket (dart:ui/hooks.dart:119:31)
[2023.08.11 23:22:52]rendering/mouse_tracker.dart': Failed assertion: line 205 pos 12: '!_debugDuringDeviceUpdate': is not true./errors_patch.dart:40:5)
#2      MouseTracker._deviceUpdatePhase (package:flutter/src/rendering/mouse_tracker.dart:205:12)
#3      MouseTracker.updateWithEvent.<anonymous closure> (package:flutter/src/rendering/mouse_tracker.dart:328:7)
#4      MouseTracker._monitorMouseConnection (package:flutter/src/rendering/mouse_tracker.dart:193:9)
#5      MouseTracker.updateWithEvent (package:flutter/src/rendering/mouse_tracker.dart:327:5)
#6      RendererBinding.dispatchEvent (package:flutter/src/rendering/binding.dart:432:20)
#7      GestureBinding._handlePointerEventImmediately (package:flutter/src/gestures/binding.dart:413:7)
#8      GestureBinding.handlePointerEvent (package:flutter/src/gestures/binding.dart:376:5)
#9      GestureBinding._flushPointerEventQueue (package:flutter/src/gestures/binding.dart:323:7)
#10     GestureBinding._handlePointerDataPacket (package:flutter/src/gestures/binding.dart:292:9)
#11     _invoke1 (dart:ui/hooks.dart:186:13)
#12     PlatformDispatcher._dispatchPointerDataPacket (dart:ui/platform_dispatcher.dart:433:7)
#13     _dispatchPointerDataPacket (dart:ui/hooks.dart:119:31)
'package:flutter/src/rendering/mouse_tracker.dart': Failed assertion: line 205 pos 12: '!_debugDuringDeviceUpdate': is not true./errors_patch.dart:40:5)
#2      MouseTracker._deviceUpdatePhase (package:flutter/src/rendering/mouse_tracker.dart:205:12)
#3      MouseTracker.updateWithEvent.<anonymous closure> (package:flutter/src/rendering/mouse_tracker.dart:328:7)
#4      MouseTracker._monitorMouseConnection (package:flutter/src/rendering/mouse_tracker.dart:193:9)
#5      MouseTracker.updateWithEvent (package:flutter/src/rendering/mouse_tracker.dart:327:5)
#6      RendererBinding.dispatchEvent (package:flutter/src/rendering/binding.dart:432:20)
#7      GestureBinding._handlePointerEventImmediately (package:flutter/src/gestures/binding.dart:413:7)
#8      GestureBinding.handlePointerEvent (package:flutter/src/gestures/binding.dart:376:5)
#9      GestureBinding._flushPointerEventQueue (package:flutter/src/gestures/binding.dart:323:7)
#10     GestureBinding._handlePointerDataPacket (package:flutter/src/gestures/binding.dart:292:9)
#11     _invoke1 (dart:ui/hooks.dart:186:13)
#12     PlatformDispatcher._dispatchPointerDataPacket (dart:ui/platform_dispatcher.dart:433:7)
#13     _dispatchPointerDataPacket (dart:ui/hooks.dart:119:31)
#0      _AssertionError._doThrowNew (dart:core-patch/errors_patch.dart:51:61)
#1      _AssertionError._throwNew (dart:core-patch/errors_patch.dart:40:5)
#2      MouseTracker._deviceUpdatePhase (package:flutter/src/rendering/mouse_tracker.dart:205:12)
#3      MouseTracker.updateWithEvent.<anonymous closure> (package:flutter/src/rendering/mouse_tracker.dart:328:7)
#4      MouseTracker._monitorMouseConnection (package:flutter/src/rendering/mouse_tracker.dart:193:9)
#5      MouseTracker.updateWithEvent (package:flutter/src/rendering/mouse_tracker.dart:327:5)
#6      RendererBinding.dispatchEvent (package:flutter/src/rendering/binding.dart:432:20)
#7      GestureBinding._handlePointerEventImmediately (package:flutter/src/gestures/binding.dart:413:7)
#8      GestureBinding.handlePointerEvent (package:flutter/src/gestures/binding.dart:376:5)
#9      GestureBinding._flushPointerEventQueue (package:flutter/src/gestures/binding.dart:323:7)
#10     GestureBinding._handlePointerDataPacket (package:flutter/src/gestures/binding.dart:292:9)
#11     _invoke1 (dart:ui/hooks.dart:186:13)
#12     PlatformDispatcher._dispatchPointerDataPacket (dart:ui/platform_dispatcher.dart:433:7)
#13     _dispatchPointerDataPacket (dart:ui/hooks.dart:119:31)

[2023.08.11 23:22:52]'package:flutter/src/rendering/mouse_tracker.dart': Failed assertion: line 205 pos 12: '!_debugDuringDeviceUpdate': is not true.#0      _AssertionError._doThrowNew (dart:core-patch/errors_patch.dart:51:61)
#1      _AssertionError._throwNew (dart:core-patch/errors_patch.dart:40:5)
#2      MouseTracker._deviceUpdatePhase (package:flutter/src/rendering/mouse_tracker.dart:205:12)
#3      MouseTracker.updateAllDevices (package:flutter/src/rendering/mouse_tracker.dart:372:5)
#4      RendererBinding._scheduleMouseTrackerUpdate.<anonymous closure> (package:flutter/src/rendering/binding.dart:474:22)
#5      SchedulerBinding._invokeFrameCallback (package:flutter/src/scheduler/binding.dart:1325:15)
#6      SchedulerBinding.handleDrawFrame (package:flutter/src/scheduler/binding.dart:1264:9)
#7      SchedulerBinding._handleDrawFrame (package:flutter/src/scheduler/binding.dart:1113:5)
#8      _invoke (dart:ui/hooks.dart:170:13)
#9      PlatformDispatcher._drawFrame (dart:ui/platform_dispatcher.dart:410:5)
#10     _drawFrame (dart:ui/hooks.dart:140:31)


2023.08.11 23:22:52]

2023.08.11 23:22:52[2023.08.11 23:22:52]ker.dart': Failed assertion: line 226 pos 12: '(event is PointerAddedEvent) == (lastEvent is PointerRemovedEvent)': is not true.[2023.08.11 23:22:52]rendering/mouse_tracker.dart': Failed assertion: line 205 pos 12: '!_debugDuringDeviceUpdate': is not true./errors_patch.dart:40:5)
#2      MouseTracker._shouldMarkStateDirty (package:flutter/src/rendering/mouse_tracker.dart:226:12)
#3      MouseTracker.updateWithEvent (package:flutter/src/rendering/mouse_tracker.dart:323:10)
#4      RendererBinding.dispatchEvent (package:flutter/src/rendering/binding.dart:432:20)
#5      GestureBinding._handlePointerEventImmediately (package:flutter/src/gestures/binding.dart:413:7)
#6      GestureBinding.handlePointerEvent (package:flutter/src/gestures/binding.dart:376:5)
#7      GestureBinding._flushPointerEventQueue (package:flutter/src/gestures/binding.dart:323:7)
#8      GestureBinding._handlePointerDataPacket (package:flutter/src/gestures/binding.dart:292:9)
#9      _invoke1 (dart:ui/hooks.dart:186:13)
#10     PlatformDispatcher._dispatchPointerDataPacket (dart:ui/platform_dispatcher.dart:433:7)
#11     _dispatchPointerDataPacket (dart:ui/hooks.dart:119:31)
'package:flutter/src/rendering/mouse_tracker.dart': Failed assertion: line 205 pos 12: '!_debugDuringDeviceUpdate': is not true./errors_patch.dart:40:5)
#2      MouseTracker._deviceUpdatePhase (package:flutter/src/rendering/mouse_tracker.dart:205:12)
#3      MouseTracker.updateWithEvent.<anonymous closure> (package:flutter/src/rendering/mouse_tracker.dart:328:7)
#4      MouseTracker._monitorMouseConnection (package:flutter/src/rendering/mouse_tracker.dart:193:9)
#5      MouseTracker.updateWithEvent (package:flutter/src/rendering/mouse_tracker.dart:327:5)
#6      RendererBinding.dispatchEvent (package:flutter/src/rendering/binding.dart:432:20)
#7      GestureBinding._handlePointerEventImmediately (package:flutter/src/gestures/binding.dart:413:7)
#8      GestureBinding.handlePointerEvent (package:flutter/src/gestures/binding.dart:376:5)
#9      GestureBinding._flushPointerEventQueue (package:flutter/src/gestures/binding.dart:323:7)
#10     GestureBinding._handlePointerDataPacket (package:flutter/src/gestures/binding.dart:292:9)
#11     _invoke1 (dart:ui/hooks.dart:186:13)
#12     PlatformDispatcher._dispatchPointerDataPacket (dart:ui/platform_dispatcher.dart:433:7)
#13     _dispatchPointerDataPacket (dart:ui/hooks.dart:119:31)

2023.08.11 23:22:52]or._doThrowNew (dart:core-patch/errors_patch.dart:51:61)
#1      _AssertionError._throwNew (dart:core-patch/errors_patch.dart:40:5)
#2      MouseTracker._deviceUpdatePhase (package:flutter/src/rendering/mouse_tracker.dart:205:12)
#3      MouseTracker.updateWithEvent.<anonymous closure> (package:flutter/src/rendering/mouse_tracker.dart:328:7)
#4      MouseTracker._monitorMouseConnection (package:flutter/src/rendering/mouse_tracker.dart:193:9)
#5      MouseTracker.updateWithEvent (package:flutter/src/rendering/mouse_tracker.dart:327:5)
#6      RendererBinding.dispatchEvent (package:flutter/src/rendering/binding.dart:432:20)
#7      GestureBinding._handlePointerEventImmediately (package:flutter/src/gestures/binding.dart:413:7)
#8      GestureBinding.handlePointerEvent (package:flutter/src/gestures/binding.dart:376:5)
#9      GestureBinding._flushPointerEventQueue (package:flutter/src/gestures/binding.dart:323:7)
#10     GestureBinding._handlePointerDataPacket (package:flutter/src/gestures/binding.dart:292:9)
#11     _invoke1 (dart:ui/hooks.dart:186:13)
#12     PlatformDispatcher._dispatchPointerDataPacket (dart:ui/platform_dispatcher.dart:433:7)
#13     _dispatchPointerDataPacket (dart:ui/hooks.dart:119:31)

0      _AssertionError._doThrowNew (dart:core-patch/errors_patch.dart:51:61)
#1      _AssertionError._throwNew (dart:core-patch/errors_patch.dart:40:5)
#2      MouseTracker._deviceUpdatePhase (package:flutter/src/rendering/mouse_tracker.dart:205:12)
#3      MouseTracker.updateWithEvent.<anonymous closure> (package:flutter/src/rendering/mouse_tracker.dart:328:7)
#4      MouseTracker._monitorMouseConnection (package:flutter/src/rendering/mouse_tracker.dart:193:9)
#5      MouseTracker.updateWithEvent (package:flutter/src/rendering/mouse_tracker.dart:327:5)
#6      RendererBinding.dispatchEvent (package:flutter/src/rendering/binding.dart:432:20)
#7      GestureBinding._handlePointerEventImmediately (package:flutter/src/gestures/binding.dart:413:7)
#8      GestureBinding.handlePointerEvent (package:flutter/src/gestures/binding.dart:376:5)
#9      GestureBinding._flushPointerEventQueue (package:flutter/src/gestures/binding.dart:323:7)
#10     GestureBinding._handlePointerDataPacket (package:flutter/src/gestures/binding.dart:292:9)
#11     _invoke1 (dart:ui/hooks.dart:186:13)
#12     PlatformDispatcher._dispatchPointerDataPacket (dart:ui/platform_dispatcher.dart:433:7)
#13     _dispatchPointerDataPacket (dart:ui/hooks.dart:119:31)
#'package:flutter/src/rendering/mouse_tracker.dart': Failed assertion: line 205 pos 12: '!_debugDuringDeviceUpdate': is not true'package:flutter/src/rendering/mouse_tracker.dart': Failed assertion: line 205 pos 12: '!_debugDuringDeviceUpdate': is not true.   MouseTracker.updateWithEvent.<anonymous closure> (package:flutter/src/rendering/mouse_tracker.dart:328:7)
#4      MouseTracker._monitorMouseConnection (package:flutter/src/rendering/mouse_tracker.dart:193:9)
#5      MouseTracker.updateWithEvent (package:flutter/src/rendering/mouse_tracker.dart:327:5)
#6      RendererBinding.dispatchEvent (package:flutter/src/rendering/binding.dart:432:20)
#7      GestureBinding._handlePointerEventImmediately (package:flutter/src/gestures/binding.dart:413:7)
#8      GestureBinding.handlePointerEvent (package:flutter/src/gestures/binding.dart:376:5)
#9      GestureBinding._flushPointerEventQueue (package:flutter/src/gestures/binding.dart:323:7)
#10     GestureBinding._handlePointerDataPacket (package:flutter/src/gestures/binding.dart:292:9)
#11     _invoke1 (dart:ui/hooks.dart:186:13)
#12     PlatformDispatcher._dispatchPointerDataPacket (dart:ui/platform_dispatcher.dart:433:7)
#13     _dispatchPointerDataPacket (dart:ui/hooks.dart:119:31)
#0      _AssertionError._doThrowNew (dart:core-patch/errors_patch.dart:51:61)
#1      _AssertionError._throwNew (dart:core-patch/errors_patch.dart:40:5)
#2      MouseTracker._deviceUpdatePhase (package:flutter/src/rendering/mouse_tracker.dart:205:12)
#3      MouseTracker.updateWithEvent.<anonymous closure> (package:flutter/src/rendering/mouse_tracker.dart:328:7)
#4      MouseTracker._monitorMouseConnection (package:flutter/src/rendering/mouse_tracker.dart:193:9)
#5      MouseTracker.updateWithEvent (package:flutter/src/rendering/mouse_tracker.dart:327:5)
#6      RendererBinding.dispatchEvent (package:flutter/src/rendering/binding.dart:432:20)
#7      GestureBinding._handlePointerEventImmediately (package:flutter/src/gestures/binding.dart:413:7)
#8      GestureBinding.handlePointerEvent (package:flutter/src/gestures/binding.dart:376:5)
#9      GestureBinding._flushPointerEventQueue (package:flutter/src/gestures/binding.dart:323:7)
#10     GestureBinding._handlePointerDataPacket (package:flutter/src/gestures/binding.dart:292:9)
#11     _invoke1 (dart:ui/hooks.dart:186:13)
#12     PlatformDispatcher._dispatchPointerDataPacket (dart:ui/platform_dispatcher.dart:433:7)
#13     _dispatchPointerDataPacket (dart:ui/hooks.dart:119:31)

0      _AssertionError._doThrowNew (dart:core-patch/errors_patch.dart:51:61)
#1      _AssertionError._throwNew (dart:core-patch/errors_patch.dart:40:5)
#2      MouseTracker._deviceUpdatePhase (package:flutter/src/rendering/mouse_tracker.dart:205:12)
#3      MouseTracker.updateWithEvent.<anonymous closure> (package:flutter/src/rendering/mouse_tracker.dart:328:7)
#4      MouseTracker._monitorMouseConnection (package:flutter/src/rendering/mouse_tracker.dart:193:9)
#5      MouseTracker.updateWithEvent (package:flutter/src/rendering/mouse_tracker.dart:327:5)
#6      RendererBinding.dispatchEvent (package:flutter/src/rendering/binding.dart:432:20)
#7      GestureBinding._handlePointerEventImmediately (package:flutter/src/gestures/binding.dart:413:7)
#8      GestureBinding.handlePointerEvent (package:flutter/src/gestures/binding.dart:376:5)
#9      GestureBinding._flushPointerEventQueue (package:flutter/src/gestures/binding.dart:323:7)
#10     GestureBinding._handlePointerDataPacket (package:flutter/src/gestures/binding.dart:292:9)
#11     _invoke1 (dart:ui/hooks.dart:186:13)
#12     PlatformDispatcher._dispatchPointerDataPacket (dart:ui/platform_dispatcher.dart:433:7)
#13     _dispatchPointerDataPacket (dart:ui/hooks.dart:119:31)
#0      _AssertionErr[2023.08.11 23:22:52]rendering/mouse_tracker.dart': Failed assertion: line 205 pos 12: '!_debugDuringDevice[2023.08.11 23:22:52]:5)
#2      MouseTracker._deviceUpdatePhase (package:flutter/src/rendering/mouse_tracker.dart:205:12)
#3      MouseTracker.updateWithEvent.<anonymous closure> (package:flutter/src/rendering/mouse_tracker.dart:328:7)
#4      MouseTracker._monitorMouseConnection (package:flutter/src/rendering/mouse_tracker.dart:193:9)
#5      MouseTracker.updateWithEvent (package:flutter/src/rendering/mouse_tracker.dart:327:5)
#6      RendererBinding.dispatchEvent (package:flutter/src/rendering/binding.dart:432:20)
#7      GestureBinding._handlePointerEventImmediately (package:flutter/src/gestures/binding.dart:413:7)
#8      GestureBinding.handlePointerEvent (package:flutter/src/gestures/binding.dart:376:5)
#9      GestureBinding._flushPointerEventQueue (package:flutter/src/gestures/binding.dart:323:7)
#10     GestureBinding._handlePointerDataPacket (package:flutter/src/gestures/binding.dart:292:9)
#11     _invoke1 (dart:ui/hooks.dart:186:13)
#12     PlatformDispatcher._dispatchPointerDataPacket (dart:ui/platform_dispatcher.dart:433:7)
#13     _dispatchPointerDataPacket (dart:ui/hooks.dart:119:31)
#0      _AssertionError._doThrowNew (dart:core-patch/errors_patch.dart:51:61)
#1      _AssertionError._throwNew (dart:core-patch/errors_patch.dart:40:5)
#2      MouseTracker._deviceUpdatePhase (package:flutter/src/rendering/mouse_tracker.dart:205:12)
#3      MouseTracker.updateWithEvent.<anonymous closure> (package:flutter/src/rendering/mouse_tracker.dart:328:7)
#4      MouseTracker._monitorMouseConnection (package:flutter/src/rendering/mouse_tracker.dart:193:9)
#5      MouseTracker.updateWithEvent (package:flutter/src/rendering/mouse_tracker.dart:327:5)
#6      RendererBinding.dispatchEvent (package:flutter/src/rendering/binding.dart:432:20)
#7      GestureBinding._handlePointerEventImmediately (package:flutter/src/gestures/binding.dart:413:7)
#8      GestureBinding.handlePointerEvent (package:flutter/src/gestures/binding.dart:376:5)
#9      GestureBinding._flushPointerEventQueue (package:flutter/src/gestures/binding.dart:323:7)
#10     GestureBinding._handlePointerDataPacket (package:flutter/src/gestures/binding.dart:292:9)
#11     _invoke1 (dart:ui/hooks.dart:186:13)
#12     PlatformDispatcher._dispatchPointerDataPacket (dart:ui/platform_dispatcher.dart:433:7)
#13     _dispatchPointerDataPacket (dart:ui/hooks.dart:119:31)
'package:flutter/src/rendering/mouse_tracker.dart': Failed assertion: line 205 pos 12: '!_debugDuringDeviceUpdate': is not true./errors_patch.dart:40:5)
#2      MouseTracker._deviceUpdatePhase (package:flutter/src/rendering/mouse_tracker.dart:205:12)
#3      MouseTracker.updateWithEvent.<anonymous closure> (package:flutter/src/rendering/mouse_tracker.dart:328:7)
#4      MouseTracker._monitorMouseConnection (package:flutter/src/rendering/mouse_tracker.dart:193:9)
#5      MouseTracker.updateWithEvent (package:flutter/src/rendering/mouse_tracker.dart:327:5)
#6      RendererBinding.dispatchEvent (package:flutter/src/rendering/binding.dart:432:20)
#7      GestureBinding._handlePointerEventImmediately (package:flutter/src/gestures/binding.dart:413:7)
#8      GestureBinding.handlePointerEvent (package:flutter/src/gestures/binding.dart:376:5)
#9      GestureBinding._flushPointerEventQueue (package:flutter/src/gestures/binding.dart:323:7)
#10     GestureBinding._handlePointerDataPacket (package:flutter/src/gestures/binding.dart:292:9)
#11     _invoke1 (dart:ui/hooks.dart:186:13)
#12     PlatformDispatcher._dispatchPointerDataPacket (dart:ui/platform_dispatcher.dart:433:7)
#13     _dispatchPointerDataPacket (dart:ui/hooks.dart:119:31)
#
0      _AssertionError._doThrowNew (dart:core-patch/errors_patch.dart:51:61)
#1      _AssertionError._throwNew (dart:core-patch/errors_patch.dart:40:5)
#2      MouseTracker._deviceUpdatePhase (package:flutter/src/rendering/mouse_tracker.dart:205:12)
#3      MouseTracker.updateWithEvent.<anonymous closure> (package:flutter/src/rendering/mouse_tracker.dart:328:7)
#4      MouseTracker._monitorMouseConnection (package:flutter/src/rendering/mouse_tracker.dart:193:9)
#5      MouseTracker.updateWithEvent (package:flutter/src/rendering/mouse_tracker.dart:327:5)
#6      RendererBinding.dispatchEvent (package:flutter/src/rendering/binding.dart:432:20)
#7      GestureBinding._handlePointerEventImmediately (package:flutter/src/gestures/binding.dart:413:7)
#8      GestureBinding.handlePointerEvent (package:flutter/src/gestures/binding.dart:376:5)
#9      GestureBinding._flushPointerEventQueue (package:flutter/src/gestures/binding.dart:323:7)
#10     GestureBinding._handlePointerDataPacket (package:flutter/src/gestures/binding.dart:292:9)
#11     _invoke1 (dart:ui/hooks.dart:186:13)
#12     PlatformDispatcher._dispatchPointerDataPacket (dart:ui/platform_dispatcher.dart:433:7)
#13     _dispatchPointerDataPacket (dart:ui/hooks.dart:119:31)
#0      _AssertionError._doThrowNew (dart:core-patch/errors_patch.dart:51:61)
#1      _AssertionError._throwNew (dart:core-patch/errors_patch.dart:40:5)
#2      MouseTracker._deviceUpdatePhase (package:flutter/src/rendering/mouse_tracker.dart:205:12)
#3      MouseTracker.updateWithEvent.<anonymous closure> (package:flutter/src/rendering/mouse_tracker.dart:328:7)
#4      MouseTracker._monitorMouseConnection (package:flutter/src/rendering/mouse_tracker.dart:193:9)
#5      MouseTracker.updateWithEvent (package:flutter/src/rendering/mouse_tracker.dart:327:5)
#6      RendererBinding.dispatchEvent (package:flutter/src/rendering/binding.dart:432:20)
#7      GestureBinding._handlePointerEventImmediately (package:flutter/src/gestures/binding.dart:413:7)
#8      GestureBinding.handlePointerEvent (package:flutter/src/gestures/binding.dart:376:5)
#9      GestureBinding._flushPointerEventQueue (package:flutter/src/gestures/binding.dart:323:7)
#10     GestureBinding._handlePointerDataPacket (package:flutter/src/gestures/binding.dart:292:9)
#11     _invoke1 (dart:ui/hooks.dart:186:13)
#12     PlatformDispatcher._dispatchPointerDataPacket (dart:ui/platform_dispatcher.dart:433:7)
#13     _dispatchPointerDataPacket (dart:ui/hooks.dart:119:31)
[2023.08.11 23:22:52]
[
023.08.11 23:22:52]
0      _AssertionErr'package:flutter/src/rendering/mouse_tracker.dart': Failed assertion: line 205 pos 12: '!_debugDuringDeviceUpdate': is not true.:5)
#2      MouseTracker._deviceUpdatePhase (package:flutter/src/rendering/mouse_tracker.dart:205:12)
#3      MouseTracker.updateWithEvent.<anonymous closure> (package:flutter/src/rendering/mouse_tracker.dart:328:7)
#4      MouseTracker._monitorMouseConnection (package:flutter/src/rendering/mouse_tracker.dart:193:9)
#5      MouseTracker.updateWithEvent (package:flutter/src/rendering/mouse_tracker.dart:327:5)
#6      RendererBinding.dispatchEvent (package:flutter/src/rendering/binding.dart:432:20)
#7      GestureBinding._handlePointerEventImmediately (package:flutter/src/gestures/binding.dart:413:7)
#8      GestureBinding.handlePointerEvent (package:flutter/src/gestures/binding.dart:376:5)
#9      GestureBinding._flushPointerEventQueue (package:flutter/src/gestures/binding.dart:323:7)
#10     GestureBinding._handlePointerDataPacket (package:flutter/src/gestures/binding.dart:292:9)
#11     _invoke1 (dart:ui/hooks.dart:186:13)
#12     PlatformDispatcher._dispatchPointerDataPacket (dart:ui/platform_dispatcher.dart:433:7)
#13     _dispatchPointerDataPacket (dart:ui/hooks.dart:119:31)
'package:flutter/src/[2023.08.11 23:22:53]er.dart': Failed assertion: line 205 pos 12: '!_debugDuringDeviceUpdate': is not true.
[2023.08.11 23:22:53]
package:flutter/src/rendering/mouse_tracker.dart': Failed assertion: line 205 pos 12: '!_debugDuringDevice
0      _AssertionError._doThrowNew (dart:core-patch/errors_patch.dart:51:61)
#1      _AssertionError._throwNew (dart:core-patch/errors_patch.dart:40:5)
#2      MouseTracker._deviceUpdatePhase (package:flutter/src/rendering/mouse_tracker.dart:205:12)
#3      MouseTracker.updateWithEvent.<anonymous closure> (package:flutter/src/rendering/mouse_tracker.dart:328:7)
#4      MouseTracker._monitorMouseConnection (package:flutter/src/rendering/mouse_tracker.dart:193:9)
#5      MouseTracker.updateWithEvent (package:flutter/src/rendering/mouse_tracker.dart:327:5)
#6      RendererBinding.dispatchEvent (package:flutter/src/rendering/binding.dart:432:20)
#7      GestureBinding._handlePointerEventImmediately (package:flutter/src/gestures/binding.dart:413:7)
#8      GestureBinding.handlePointerEvent (package:flutter/src/gestures/binding.dart:376:5)
#9      GestureBinding._flushPointerEventQueue (package:flutter/src/gestures/binding.dart:323:7)
#10     GestureBinding._handlePointerDataPacket (package:flutter/src/gestures/binding.dart:292:9)
#11     _invoke1 (dart:ui/hooks.dart:186:13)
#12     PlatformDispatcher._dispatchPointerDataPacket (dart:ui/platform_dispatcher.dart:433:7)
#13     _dispatchPointerDataPacket (dart:ui/hooks.dart:119:31)
[2023.08.11 23:22:53][2023.08.11 23:22:53]rendering/mouse_tracker.dart': Failed assertion: line 205 pos 12: '!_debugDuringDevice#0      _AssertionErr[2023.08.11 23:22:53]or._doThrowNew (dart:core-patch/errors_patch.dart:51:61)
#1      _AssertionError._throwNew (dart:core-patch/errors_patch.dart:40:5)
#2      MouseTracker._deviceUpdatePhase (package:flutter/src/rendering/mouse_tracker.dart:205:12)
#3      MouseTracker.updateWithEvent.<anonymous closure> (package:flutter/src/rendering/mouse_tracker.dart:328:7)
#4      MouseTracker._monitorMouseConnection (package:flutter/src/rendering/mouse_tracker.dart:193:9)
#5      MouseTracker.updateWithEvent (package:flutter/src/rendering/mouse_tracker.dart:327:5)
#6      RendererBinding.dispatchEvent (package:flutter/src/rendering/binding.dart:432:20)
#7      GestureBinding._handlePointerEventImmediately (package:flutter/src/gestures/binding.dart:413:7)
#8      GestureBinding.handlePointerEvent (package:flutter/src/gestures/binding.dart:376:5)
#9      GestureBinding._flushPointerEventQueue (package:flutter/src/gestures/binding.dart:323:7)
#10     GestureBinding._handlePointerDataPacket (package:flutter/src/gestures/binding.dart:292:9)
#11     _invoke1 (dart:ui/hooks.dart:186:13)
#12     PlatformDispatcher._dispatchPointerDataPacket (dart:ui/platform_dispatcher.dart:433:7)
#13     _dispatchPointerDataPacket (dart:u'package:flutter/src/rendering/mouse_tracker.dart': Failed assertion: line 205 pos 12: '!_debugDuringDeviceUpdate': is not true.#0      _AssertionError._doThrowNew (dart:core-patch/errors_patch.dart:51:61)
#1      _AssertionError._throwNew (dart:core-patch/errors_patch.dart:40:5)
#2      MouseTracker._deviceUpdatePhase (package:flutter/src/rendering/mouse_tracker.dart:205:12)
#3      MouseTracker.updateWithEvent.<anonymous closure> (package:flutter/src/rendering/mouse_tracker.dart:328:7)
#4      MouseTracker._monitorMouseConnection (package:flutter/src/rendering/mouse_tracker.dart:193:9)
#5      MouseTracker.updateWithEvent (package:flutter/src/rendering/mouse_tracker.dart:327:5)
#6      RendererBinding.dispatchEvent (package:flutter/src/rendering/binding.dart:432:20)
#7      GestureBinding._handlePointerEventImmediately (package:flutter/src/gestures/binding.dart:413:7)
#8      GestureBinding.handlePointerEvent (package:flutter/src/gestures/binding.dart:376:5)
#9      GestureBinding._flushPointerEventQueue (package:flutter/src/gestures/binding.dart:323:7)
#10     GestureBinding._handlePointerDataPacket (package:flutter/src/gestures/binding.dart:292:9)
#11     _invoke1 (dart:ui/hooks.dart:186:13)
#12     PlatformDispatcher._dispatchPointerDataPacket (dart:ui/platform_dispatcher.dart:433:7)
#13     _dispatchPointerDataPacket (dart:ui/hooks.dart:119:31)

0      _AssertionError._doThrowNew (dart:core-patch/errors_patch.dart:51:61)
#1      _AssertionError._throwNew (dart:core-patch#0      _AssertionError._doThrowNew (dart:core-patch/errors_patch.dart:51:61)
#1      _AssertionError._throwNew (dart:core-patch/errors_patch.dart:40:5)
#2      MouseTracker._deviceUpdatePhase (package:flutter/src/rendering/mouse_tracker.dart:205:12)
#3      MouseTracker.updateWithEvent.<anonymous closure> (package:flutter/src/rendering/mouse_tracker.dart:328:7)
#4      MouseTracker._monitorMouseConnection (package:flutter/src/rendering/mouse_tracker.dart:193:9)
#5      MouseTracker.updateWithEvent (package:flutter/src/rendering/mouse_tracker.dart:327:5)
#6      RendererBinding.dispatchEvent (package:flutter/src/rendering/binding.dart:432:20)
#7      GestureBinding._handlePointerEventImmediately (package:flutter/src/gestures/binding.dart:413:7)
#8      GestureBinding.handlePointerEvent (package:flutter/src/gestures/binding.dart:376:5)
#9      GestureBinding._flushPointerEventQueue (package:flutter/src/gestures/binding.dart:323:7)
#10     GestureBinding._handlePointerDataPacket (package:flutter/src/gestures/binding.dart:292:9)
#11     _invoke1 (dart:ui/hooks.dart:186:13)
#12     PlatformDispatcher._di
package:flutter/src/rendering/mouse_tracker.dart': Failed assertion: line 205 pos 12: '!_debugDuringDeviceUpdate': is not true./errors_patch.dart:40:5)
#2      MouseTracker._deviceUpdatePhase (package:flutter/src/rendering/mouse_tracker.dart:205:12)
#3      MouseTracker.updateWithEvent.<anonymous closure> (package:flutter/src/rendering/mouse_tracker.dart:328:7)
#4      MouseTracker._monitorMouseConnection (package:flutter/src/rendering/mouse_tracker.dart:193:9)
#5      MouseTracker.updateWithEvent (package:flutter/src/rendering/mouse_tracker.dart:327:5)
#6      RendererBinding.dispatchEvent (package:flutter/src/rendering/binding.dart:432:20)
#7      GestureBinding._handlePointerEventImmediately (package:flutter/src/gestures/binding.dart:413:7)
#8      GestureBinding.handlePointerEvent (package:flutter/src/gestures/binding.dart:376:5)
#9      GestureBinding._flushPointerEventQueue (package:flutter/src/gestures/binding.dart:323:7)
#10     GestureBinding._handlePointerDataPacket (package:flutter/src/gestures/binding.dart:292:9)
#11     _invoke1 (dart:ui/hooks.dart:186:13)
#12     PlatformDispatcher._dispatchPointerDataPacket (dart:ui/platform_dispatcher.dart:433:7)
#13     _dispatchPointerDataPacket (dart:ui/hooks.dart:119:31)
[2023.08.11 23:22:53]or._doThrowNew (dart:core-patch/errors_patch.dart:51:61)
#1      _AssertionError._throwNew (dart:core-patch/errors_patch.dart:40:5)
#2      MouseTracker._deviceUpdatePhase (package:flutter/src/rendering/mouse_tracker.dart:205:12)
#3      MouseTracker.updateWithEvent.<anonymous closure> (package:flutter/src/rendering/mouse_tracker.dart:328:7)
#4      MouseTracker._monitorMouseConnection (package:flutter/src/rendering/mouse_tracker.dart:193:9)
#5      MouseTracker.updateWithEvent (package:flutter/src/rendering/mouse_tracker.dart:327:5)
#6      RendererBinding.dispatchEvent (package:flutter/src/rendering/binding.dart:432:20)
#7      GestureBinding._handlePointerEventImmediately (package:flutter/src/gestures/binding.dart:413:7)
#8      GestureBinding.handlePointerEvent (package:flutter/src/gestures/binding.dart:376:5)
#9      GestureBinding._flushPointerEventQueue (package:flutter/src/gestures/binding.dart:323:7)
#10     GestureBinding._handlePointerDataPacket (package:flutter/src/gestures/binding.dart:292:9)
#11     _invoke1 (dart:ui/hooks.dart:186:13)
#12     PlatformDispatcher._dispatchPointerDataPacket (dart:ui/platform_dispatcher.dart:433:7)
#13     _dispatchPointerDataPacket (dart:ui/hooks.dart:119:31)
[2023.08.11 23:22:53]or._doThrowNew (dart:core-patch/errors_patch.dart:51:61)
#1      _AssertionError._throwNew (dart:core-patch/errors_patch.dart:40:5)
#2      MouseTracker._deviceUpdatePhase (package:flutter/src/rendering/mouse_tracker.dart:205:12)
#3      MouseTracker.updateWithEvent.<anonymous closure> (package:flutter/src/rendering/mouse_tracker.dart:328:7)
#4      MouseTracker._monitorMouseConnection (package:flutter/src/rendering/mouse_tracker.dart:193:9)
#5      MouseTracker.updateWithEvent (package:flutter/src/rendering/mouse_tracker.dart:327:5)
#6      RendererBinding.dispatchEvent (package:flutter/src/rendering/binding.dart:432:20)
#7      GestureBinding._handlePointerEventImmediately (package:flutter/src/gestures/binding.dart:413:7)
#8      GestureBinding.handlePointerEvent (package:flutter/src/gestures/binding.dart:376:5)
#9      GestureBinding._flushPointerEventQueue (package:flutter/src/gestures/binding.dart:323:7)
#10     GestureBinding._handlePointerDataPacket (package:flutter/src/gestures/binding.dart:292:9)
#11     _invoke1 (dart:ui/hooks.dart:186:13)
#12     PlatformDispatcher._dispatchPointerDataPacket (dart:ui/platform_dispatcher.dart:433:7)
#13     _dispatchPointerDataPacket (dart:ui/hooks.dart:119:31)
[2023.08.11 23:22:53]rendering/mouse_tracker.dart': Failed assertion: line 205 pos 12: '!_debugDuringDeviceUpdate': is not true.#0      _AssertionError._doThrowNew (dart:core-patch/errors_patch.dart:51:61)
#1      _AssertionError._throwNew (dart:core-patch/errors_patch.dart:40:5)
#2      MouseTracker._deviceUpdatePhase (package:flutter/src/rendering/mouse_tracker.dart:205:12)
#3      MouseTracker.updateWithEvent.<anonymous closure> (package:flutter/src/rendering/mouse_tracker.dart:328:7)
#4      MouseTracker._monitorMouseConnection (package:flutter/src/rendering/mouse_tracker.dart:193:9)
#5      MouseTracker.updateWithEvent (package:flutter/src/rendering/mouse_tracker.dart:327:5)
#6      RendererBinding.dispatchEvent (package:flutter/src/rendering/binding.dart:432:20)
#7      GestureBinding._handlePointerEventImmediately (package:flutter/src/gestures/binding.dart:413:7)
#8      GestureBinding.handlePointerEvent (package:flutter/src/gestures/binding.dart:376:5)
#9      GestureBinding._flushPointerEventQueue (package:flutter/src/gestures/binding.dart:323:7)
#10     GestureBinding._handlePointerDataPacket (package:flutter/src/gestures/binding.dart:292:9)
#11     _invoke1 (dart:ui/hooks.dart:186:13)
#12     PlatformDispatcher._dispatchPointerDataPacket (dart:ui/platform_dispatcher.dart:433:7)
#13     _dispatchPointerDataPacket (dart:ui/hooks.dart:119:31)
#0      _AssertionError._doThrowNew (dart:core-patch/errors_patch.dart:51:61)
#1      _AssertionError._throwNew (dart:core-patch/errors_patch.dart:40:5)
#2      MouseTracker._deviceUpdatePhase (package:flutter/src/rendering/mouse_tracker.dart:205:12)
#3      MouseTracker.updateWithEvent.<anonymous closure> (package:flutter/src/rendering/mouse_tracker.dart:328:7)
#4      MouseTracker._monitorMouseConnection (package:flutter/src/rendering/mouse_tracker.dart:193:9)
#5      MouseTracker.updateWithEvent (package:flutter/src/rendering/mouse_tracker.dart:327:5)
#6      RendererBinding.dispatchEvent (package:flutter/src/rendering/binding.dart:432:20)
#7      GestureBinding._handlePointerEventImmediately (package:flutter/src/gestures/binding.dart:413:7)
#8      GestureBinding.handlePointerEvent (package:flutter/src/gestures/binding.dart:376:5)
#9      GestureBinding._flushPointerEventQueue (package:flutter/src/gestures/binding.dart:323:7)
#10     GestureBinding._handlePointerDataPacket (package:flutter/src/gestures/binding.dart:292:9)
#11     _invoke1 (dart:ui/hooks.dart:186:13)
#12     PlatformDispatcher._dispatchPointerDataPacket (dart:ui/platform_dispatcher.dart:433:7)
#13     _dispatchPointerDataPacket (dart:ui/hooks.dart:119:31)

[2023.08.11 23:22:53]
2023.08.11 23:22:53]rendering/mouse_tracker.dart': Failed assertion: line 205 pos 12: '!_debugDuringDeviceUpdate': is not true.[2023.08.11 23:22:53]or._doThrowNew (dart:core-patch/errors_patch.dart:51:61)
#1      _AssertionError._throwNew (dart:core-patch/errors_patch.dart:40:5)
#2      MouseTracker._deviceUpdatePhase (package:flutter/src/rendering/mouse_tracker.dart:205:12)
#3      MouseTracker.updateWithEvent.<anonymous closure> (package:flutter/src/rendering/mouse_tracker.dart:328:7)
#4      MouseTracker._monitorMouseConnection (package:flutter/src/rendering/mouse_tracker.dart:193:9)
#5      MouseTracker.updateWithEvent (package:flutter/src/rendering/mouse_tracker.dart:327:5)
#6      RendererBinding.dispatchEvent (package:flutter/src/rendering/binding.dart:432:20)
#7      GestureBinding._handlePointerEventImmediately (package:flutter/src/gestures/binding.dart:413:7)
#8      GestureBinding.handlePointerEvent (package:flutter/src/gestures/binding.dart:376:5)
#9      GestureBinding._flushPointerEventQueue (package:flutter/src/gestures/binding.dart:323:7)
#10     GestureBinding._handlePointerDataPacket (package:flutter/src/gestures/binding.dart:292:9)
#11     _invoke1 (dart:ui/hooks.dart:186:13)
#12     PlatformDispatcher._dispatchPointerDataPacket (dart:ui/platform_dispatcher.dart:433:7)
#13     _dispatchPointerDataPacket (dart:ui/hooks.dart:119:31)

package:flutter/src/rendering/mouse_tracker.dart': Failed assertion: line 205 pos 12: '!_debugDuringDeviceUpdate': is not true./errors_patch.dart:40:5)
#2      MouseTracker._deviceUpdatePhase (package:flutter/src/rendering/mouse_tracker.dart:205:12)
#3      MouseTracker.updateWithEvent.<anonymous closure> (package:flutter/src/rendering/mouse_tracker.dart:328:7)
#4      MouseTracker._monitorMouseConnection (package:flutter/src/rendering/mouse_tracker.dart:193:9)
#5      MouseTracker.updateWithEvent (package:flutter/src/rendering/mouse_tracker.dart:327:5)
#6      RendererBinding.dispatchEvent (package:flutter/src/rendering/binding.dart:432:20)
#7      GestureBinding._handlePointerEventImmediately (package:flutter/src/gestures/binding.dart:413:7)
#8      GestureBinding.handlePointerEvent (package:flutter/src/gestures/binding.dart:376:5)
#9      GestureBinding._flushPointerEventQueue (package:flutter/src/gestures/binding.dart:323:7)
#10     GestureBinding._handlePointerDataPacket (package:flutter/src/gestures/binding.dart:292:9)
#11     _invoke1 (dart:ui/hooks.dart:186:13)
#12     PlatformDispatcher._dispatchPointerDataPacket (dart:ui/platform_dispatcher.dart:433:7)
#13     _dispatchPointerDataPacket (dart:ui/hooks.dart:119:31)
#0      _AssertionError._doThrowNew (dart:core-patch/errors_patch.dart:51:61)
#1      _AssertionError._throwNew (dart:core-patch/errors_patch.dart:40:5)
#2      MouseTracker._deviceUpdatePhase (package:flutter/src/rendering/mouse_tracker.dart:205:12)
#3      MouseTracker.updateWithEvent.<anonymous closure> (package:flutter/src/rendering/mouse_tracker.dart:328:7)
#4      MouseTracker._monitorMouseConnection (package:flutter/src/rendering/mouse_tracker.dart:193:9)
#5      MouseTracker.updateWithEvent (package:flutter/src/rendering/mouse_tracker.dart:327:5)
#6      RendererBinding.dispatchEvent (package:flutter/src/rendering/binding.dart:432:20)
#7      GestureBinding._handlePointerEventImmediately (package:flutter/src/gestures/binding.dart:413:7)
#8      GestureBinding.handlePointerEvent (package:flutter/src/gestures/binding.dart:376:5)
#9      GestureBinding._flushPointerEventQueue (package:flutter/src/gestures/binding.dart:323:7)
#10     GestureBinding._handlePointerDataPacket (package:flutter/src/gestures/binding.dart:292:9)
#11     _invoke1 (dart:ui/hooks.dart:186:13)
#12     PlatformDispatcher._dispatchPointerDataPacket (dart:ui/platform_dispatcher.dart:433:7)
#13     _dispatchPointerDataPacket (dart:ui/hooks.dart:119:31)
'package:flutter/src/rendering/mouse_tracker.dart': Failed assertion: line 205 pos 12: '!_debugDuringDeviceUpdate': is not true.'package:flutter/src/rendering/mouse_tracker.dart': Failed assertion: line 205 pos 12: '!_debugDuringDeviceUpdate': is not true./errors_patch.dart:40:5)
#2      MouseTracker._deviceUpdatePhase (package:flutter/src/rendering/mouse_tracker.dart:205:12)
#3      MouseTracker.updateWithEvent.<anonymous closure> (package:flutter/src/rendering/mouse_tracker.dart:328:7)
#4      MouseTracker._monitorMouseConnection (package:flutter/src/rendering/mouse_tracker.dart:193:9)
#5      MouseTracker.updateWithEvent (package:flutter/src/rendering/mouse_tracker.dart:327:5)
#6      RendererBinding.dispatchEvent (package:flutter/src/rendering/binding.dart:432:20)
#7      GestureBinding._handlePointerEventImmediately (package:flutter/src/gestures/binding.dart:413:7)
#8      GestureBinding.handlePointerEvent (package:flutter/src/gestures/binding.dart:376:5)
#9      GestureBinding._flushPointerEventQueue (package:flutter/src/gestures/binding.dart:323:7)
#10     GestureBinding._handlePointerDataPacket (package:flutter/src/gestures/binding.dart:292:9)
#11     _invoke1 (dart:ui/hooks.dart:186:13)
#12     PlatformDispatcher._dispatchPointerDataPacket (dart:ui/platform_dispatcher.dart:433:7)
#13     _dispatchPointerDataPacket (dart:ui/hooks.dart:119:31)

0      _AssertionError._doThrowNew (dart:core-patch/errors_patch.dart:51:61)
#1      _AssertionError._throwNew (dart:core-patch/errors_patch.dart:40:5)
#2      MouseTracker._deviceUpdatePhase (package:flutter/src/rendering/mouse_tracker.dart:205:12)
#3      MouseTracker.updateWithEvent.<anonymous closure> (package:flutter/src/rendering/mouse_tracker.dart:328:7)
#4      MouseTracker._monitorMouseConnection (package:flutter/src/rendering/mouse_tracker.dart:193:9)
#5      MouseTracker.updateWithEvent (package:flutter/src/rendering/mouse_tracker.dart:327:5)
#6      RendererBinding.dispatchEvent (package:flutter/src/rendering/binding.dart:432:20)
#7      GestureBinding._handlePointerEventImmediately (package:flutter/src/gestures/binding.dart:413:7)
#8      GestureBinding.handlePointerEvent (package:flutter/src/gestures/binding.dart:376:5)
#9      GestureBinding._flushPointerEventQueue (package:flutter/src/gestures/binding.dart:323:7)
#10     GestureBinding._handlePointerDataPacket (package:flutter/src/gestures/binding.dart:292:9)
#11     _invoke1 (dart:ui/hooks.dart:186:13)
#12     PlatformDispatcher._dispatchPointerDataPacket (dart:ui/platform_dispatcher.dart:433:7)
#13     _dispatchPointerDataPacket (dart:ui/hooks.dart:119:31)


2023.08.11 23:22:53][2023.08.11 23:22:53]
[2023.08.11 23:22:53]endering/mouse_tracker.dart': Failed assertion: line 205 pos 12: '!_debugDuringDeviceUpdate': is not true.'package:flutter/src/rendering/mouse_tracker.dart': Failed assertion: line 205 pos 12: '!_debugDuringDeviceUpdate': is not true.[2023.08.11 23:22:53]
package:flutter/src/rendering/mouse_tracker.dart': Failed assertion: line 205 pos 12: '!_debugDuringDeviceUpdate': is not true.[2023.08.11 23:22:53]'package:flutter/src/rendering/mouse_tracker.dart': Failed assertion: line 205 pos 12: '!_debugDuringDeviceUpdate': is not true.#0      _AssertionError._doThrowNew (dart:core-patch/errors_patch.dart:51:61)
#1      _AssertionError._throwNew (dart:core-patch/errors_patch.dart:40:5)
#2      MouseTracker._deviceUpdatePhase (package:flutter/src/rendering/mouse_tracker.dart:205:12)
#3      MouseTracker.updateWithEvent.<anonymous closure> (package:flutter/src/rendering/mouse_tracker.dart:328:7)
#4      MouseTracker._monitorMouseConnection (package:flutter/src/rendering/mouse_tracker.dart:193:9)
#5      MouseTracker.updateWithEvent (package:flutter/src/rendering/mouse_tracker.dart:327:5)
#6      RendererBinding.dispatchEvent (package:flutter/src/rendering/binding.dart:432:20)
#7      GestureBinding._handlePointerEventImmediately (package:flutter/src/gestures/binding.dart:413:7)
#8      GestureBinding.handlePointerEvent (package:flutter/src/gestures/binding.dart:376:5)
#9      GestureBinding._flushPointerEventQueue (package:flutter/src/gestures/binding.dart:323:7)
#10     GestureBinding._handlePointerDataPacket (package:flutter/src/gestures/binding.dart:292:9)
#11     _invoke1 (dart:ui/hooks.dart:186:13)
#12     PlatformDispatcher._dispatchPointerDataPacket (dart:ui/platform_dispatcher.dart:433:7)
#13     _dispatchPointerDataPacket (dart:ui/hooks.dart:119:31)
[2023.08.11 23:22:53]or._doThrowNew (dart:core-patch/errors_patch.dart:51:61)
#1      _AssertionError._throwNew (dart:core-patch#0      _AssertionError._doThrowNew (dart:core-patch/errors_patch.dart:51:61)
#1      _AssertionError._throwNew (dart:core-patch/errors_patch.dart:40:5)
#2      MouseTracker._deviceUpdatePhase (package:flutter/src/rendering/mouse_tracker.dart:205:12)
#3      MouseTracker.updateWithEvent.<anonymous closure> (package:flutter/src/rendering/mouse_tracker.dart:328:7)
#4      MouseTracker._monitorMouseConnection (package:flutter/src/rendering/mouse_tracker.dart:193:9)
#5      MouseTracker.updateWithEvent (package:flutter/src/rendering/mouse_tracker.dart:327:5)
#6      RendererBinding.dispatchEvent (package:flutter/src/rendering/binding.dart:432:20)
#7      GestureBinding._handlePointerEventImmediately (package:flutter/src/gestures/binding.dart:413:7)
#8      GestureBinding.handlePointerEvent (package:flutter/src/gestures/binding.dart:376:5)
#9      GestureBinding._flushPointerEventQueue (package:flutter/src/gestures/binding.dart:323:7)
#10     GestureBinding._handlePointerDataPacket (package:flutter/src/gestures/binding.dart:292:9)
#11     _invoke1 (dart:ui/hooks.dart:186:13)
#12     PlatformDispatcher._di'package:flutter/src/rendering/mouse_tracker.dart': Failed assertion: line 205 pos 12: '!_debugDuringDeviceUpdate': is not true.#0      _AssertionError._doThrowNew (dart:core-patch/errors_patch.dart:51:61)
#1      _AssertionError._throwNew (dart:core-patch/errors_patch.dart:40:5)
#2      MouseTracker._deviceUpdatePhase (package:flutter/src/rendering/mouse_tracker.dart:205:12)
#3      MouseTracker.updateWithEvent.<anonymous closure> (package:flutter/src/rendering/mouse_tracker.dart:328:7)
#4      MouseTracker._monitorMouseConnection (package:flutter/src/rendering/mouse_tracker.dart:193:9)
#5      MouseTracker.updateWithEvent (package:flutter/src/rendering/mouse_tracker.dart:327:5)
#6      RendererBinding.dispatchEvent (package:flutter/src/rendering/binding.dart:432:20)
#7      GestureBinding._handlePointerEventImmediately (package:flutter/src/gestures/binding.dart:413:7)
#8      GestureBinding.handlePointerEvent (package:flutter/src/gestures/binding.dart:376:5)
#9      GestureBinding._flushPointerEventQueue (package:flutter/src/gestures/binding.dart:323:7)
#10     GestureBinding._handlePointerDataPacket (package:flutter/src/gestures/binding.dart:292:9)
#11     _invoke1 (dart:ui/hooks.dart:186:13)
#12     PlatformDispatcher._di[2023.08.11 23:22:53]et (dart:ui/platform_dispatcher.dart:433:7)
#13     _dispatchPointerDataPacket (dart:ui/hooks.dart:119:31)
'package:flutter/src/rendering/mouse_tracker.dart': Failed assertion: line 205 pos 12: '!_debugDuringDeviceUpdate': is not true.
2023.08.11 23:22:53]'package:flutter/src/rendering/mouse_tracker.dart': Failed assertion: line 205 pos 12: '!_debugDuringDeviceUpdate': is not true.
0      _AssertionError._doThrowNew (dart:core-patch/errors_patch.dart:51:61)
#1      _AssertionError._throwNew (dart:core-patch/errors_patch.dart:40:5)
#2      MouseTracker._deviceUpdatePhase (package:flutter/src/rendering/mouse_tracker.dart:205:12)
#3      MouseTracker.updateWithEvent.<anonymous closure> (package:flutter/src/rendering/mouse_tracker.dart:328:7)
#4      MouseTracker._monitorMouseConnection (package:flutter/src/rendering/mouse_tracker.dart:193:9)
#5      MouseTracker.updateWithEvent (package:flutter/src/rendering/mouse_tracker.dart:327:5)
#6      RendererBinding.dispatchEvent (package:flutter/src/rendering/binding.dart:432:20)
#7      GestureBinding._handlePointerEventImmediately (package:flutter/src/gestures/binding.dart:413:7)
#8      GestureBinding.handlePointerEvent (package:flutter/src/gestures/binding.dart:376:5)
#9      GestureBinding._flushPointerEventQueue (package:flutter/src/gestures/binding.dart:323:7)
#10     GestureBinding._handlePointerDataPacket (package:flutter/src/gestures/binding.dart:292:9)
#11     _invoke1 (dart:ui/hooks.dart:186:13)
#12     PlatformDispatcher._dispatchPointerDataPacket (dart:ui/platform_dispatcher.dart:433:7)
#13     _dispatchPointerDataPacket (dart:ui/hooks.dart:119:31)
'package:flutter/src/rendering/mouse_tracker.dart': Failed assertion: line 205 pos 12: '!_debugDuringDeviceUpdate': is not true./errors_patch.dart:40:5)
#2      MouseTracker._deviceUpdatePhase (package:flutter/src/rendering/mouse_tracker.dart:205:12)
#3      MouseTracker.updateWithEvent.<anonymous closure> (package:flutter/src/rendering/mouse_tracker.dart:328:7)
#4      MouseTracker._monitorMouseConnection (package:flutter/src/rendering/mouse_tracker.dart:193:9)
#5      MouseTracker.updateWithEvent (package:flutter/src/rendering/mouse_tracker.dart:327:5)
#6      RendererBinding.dispatchEvent (package:flutter/src/rendering/binding.dart:432:20)
#7      GestureBinding._handlePointerEventImmediately (package:flutter/src/gestures/binding.dart:413:7)
#8      GestureBinding.handlePointerEvent (package:flutter/src/gestures/binding.dart:376:5)
#9      GestureBinding._flushPointerEventQueue (package:flutter/src/gestures/binding.dart:323:7)
#10     GestureBinding._handlePointerDataPacket (package:flutter/src/gestures/binding.dart:292:9)
#11     _invoke1 (dart:ui/hooks.dart:186:13)
#12     PlatformDispatcher._dispatchPointerDataPacket (dart:ui/platform_dispatcher.dart:433:7)
#13     _dispatchPointerDataPacket (dart:ui/hooks.dart:119:31)
'package:flutter/src/rendering/mouse_tracker.dart': Failed assertion: line 205 pos 12: '!_debugDuringDeviceUpdate': is not true./errors_patch.dart:40:5)
#2      MouseTracker._deviceUpdatePhase (package:flutter/src/rendering/mouse_tracker.dart:205:12)
#3      MouseTracker.updateWithEvent.<anonymous closure> (package:flutter/src/rendering/mouse_tracker.dart:328:7)
#4      MouseTracker._monitorMouseConnection (package:flutter/src/rendering/mouse_tracker.dart:193:9)
#5      MouseTracker.updateWithEvent (package:flutter/src/rendering/mouse_tracker.dart:327:5)
#6      RendererBinding.dispatchEvent (package:flutter/src/rendering/binding.dart:432:20)
#7      GestureBinding._handlePointerEventImmediately (package:flutter/src/gestures/binding.dart:413:7)
#8      GestureBinding.handlePointerEvent (package:flutter/src/gestures/binding.dart:376:5)
#9      GestureBinding._flushPointerEventQueue (package:flutter/src/gestures/binding.dart:323:7)
#10     GestureBinding._handlePointerDataPacket (package:flutter/src/gestures/binding.dart:292:9)
#11     _invoke1 (dart:ui/hooks.dart:186:13)
#12     PlatformDispatcher._dispatchPointerDataPacket (dart:ui/platform_dispatcher.dart:433:7)
#13     _dispatchPointerDataPacket (dart:ui/hooks.dart:119:31)

'package:flutter/src/rendering/mouse_tracker.dart': Failed assertion: line 205 pos 12: '!_debugDuringDeviceUpdate': is not true.
0      _AssertionError._doThrowNew (dart:core-patch/errors_patch.dart:51:61)
#1      _AssertionError._throwNew (dart:core-patch/errors_patch.dart:40:5)
#2      MouseTracker._deviceUpdatePhase (package:flutter/src/rendering/mouse_tracker.dart:205:12)
#3      MouseTracker.updateWithEvent.<anonymous closure> (package:flutter/src/rendering/mouse_tracker.dart:328:7)
#4      MouseTracker._monitorMouseConnection (package:flutter/src/rendering/mouse_tracker.dart:193:9)
#5      MouseTracker.updateWithEvent (package:flutter/src/rendering/mouse_tracker.dart:327:5)
#6      RendererBinding.dispatchEvent (package:flutter/src/rendering/binding.dart:432:20)
#7      GestureBinding._handlePointerEventImmediately (package:flutter/src/gestures/binding.dart:413:7)
#8      GestureBinding.handlePointerEvent (package:flutter/src/gestures/binding.dart:376:5)
#9      GestureBinding._flushPointerEventQueue (package:flutter/src/gestures/binding.dart:323:7)
#10     GestureBinding._handlePointerDataPacket (package:flutter/src/gestures/binding.dart:292:9)
#11     _invoke1 (dart:ui/hooks.dart:186:13)
#12     PlatformDispatcher._dispatchPointerDataPacket (dart:ui/platform_dispatcher.dart:433:7)
#13     _dispatchPointerDataPacket (dart:ui/hooks.dart:119:31)
#0      _AssertionError._doThrowNew (dart:core-patch/errors_patch.dart:51:61)
#1      _AssertionError._throwNew (dart:core-patch/errors_patch.dart:40:5)
#2      MouseTracker._deviceUpdatePhase (package:flutter/src/rendering/mouse_tracker.dart:205:12)
#3      MouseTracker.updateWithEvent.<anonymous closure> (package:flutter/src/rendering/mouse_tracker.dart:328:7)
#4      MouseTracker._monitorMouseConnection (package:flutter/src/rendering/mouse_tracker.dart:193:9)
#5      MouseTracker.updateWithEvent (package:flutter/src/rendering/mouse_tracker.dart:327:5)
#6      RendererBinding.dispatchEvent (package:flutter/src/rendering/binding.dart:432:20)
#7      GestureBinding._handlePointerEventImmediately (package:flutter/src/gestures/binding.dart:413:7)
#8      GestureBinding.handlePointerEvent (package:flutter/src/gestures/binding.dart:376:5)
#9      GestureBinding._flushPointerEventQueue (package:flutter/src/gestures/binding.dart:323:7)
#10     GestureBinding._handlePointerDataPacket (package:flutter/src/gestures/binding.dart:292:9)
#11     _invoke1 (dart:ui/hooks.dart:186:13)
#12     PlatformDispatcher._dispatchPointerDataPacket (dart:ui/platform_dispatcher.dart:433:7)
#13     _dispatchPointerDataPacket (dart:ui/hooks.dart:119:31)
#0      _AssertionError._doThrowNew (dart:core-patch/errors_patch.dart:51:61)
#1      _AssertionError._throwNew (dart:core-patch/errors_patch.dart:40:5)
#2      MouseTracker._deviceUpdatePhase (package:flutter/src/rendering/mouse_tracker.dart:205:12)
#3      MouseTracker.updateWithEvent.<anonymous closure> (package:flutter/src/rendering/mouse_tracker.dart:328:7)
#4      MouseTracker._monitorMouseConnection (package:flutter/src/rendering/mouse_tracker.dart:193:9)
#5      MouseTracker.updateWithEvent (package:flutter/src/rendering/mouse_tracker.dart:327:5)
#6      RendererBinding.dispatchEvent (package:flutter/src/rendering/binding.dart:432:20)
#7      GestureBinding._handlePointerEventImmediately (package:flutter/src/gestures/binding.dart:413:7)
#8      GestureBinding.handlePointerEvent (package:flutter/src/gestures/binding.dart:376:5)
#9      GestureBinding._flushPointerEventQueue (package:flutter/src/gestures/binding.dart:323:7)
#10     GestureBinding._handlePointerDataPacket (package:flutter/src/gestures/binding.dart:292:9)
#11     _invoke1 (dart:ui/hooks.dart:186:13)
#12     PlatformDispatcher._dispatchPointerDataPacket (dart:ui/platform_dispatcher.dart:433:7)
#13     _dispatchPointerDataPacket (dart:ui/hooks.dart:119:31)
'package:flutter/src/rendering/mouse_tracker.dart': Failed assertion: line 205 pos 12: '!_debugDuringDeviceUpdate': is not true./errors_patch.dart:40:5)
#2      MouseTracker._deviceUpdatePhase (package:flutter/src/rendering/mouse_tracker.dart:205:12)
#3      MouseTracker.updateWithEvent.<anonymous closure> (package:flutter/src/rendering/mouse_tracker.dart:328:7)
#4      MouseTracker._monitorMouseConnection (package:flutter/src/rendering/mouse_tracker.dart:193:9)
#5      MouseTracker.updateWithEvent (package:flutter/src/rendering/mouse_tracker.dart:327:5)
#6      RendererBinding.dispatchEvent (package:flutter/src/rendering/binding.dart:432:20)
#7      GestureBinding._handlePointerEventImmediately (package:flutter/src/gestures/binding.dart:413:7)
#8      GestureBinding.handlePointerEvent (package:flutter/src/gestures/binding.dart:376:5)
#9      GestureBinding._flushPointerEventQueue (package:flutter/src/gestures/binding.dart:323:7)
#10     GestureBinding._handlePointerDataPacket (package:flutter/src/gestures/binding.dart:292:9)
#11     _invoke1 (dart:ui/hooks.dart:186:13)
#12     PlatformDispatcher._dispatchPointerDataPacket (dart:ui/platform_dispatcher.dart:433:7)
#13     _dispatchPointerDataPacket (dart:ui/hooks.dart:119:31)
'package:flutter/src/rendering/mouse_tracker.dart': Failed assertion: line 205 pos 12: '!_debugDuringDeviceUpdate': is not true.#0      _AssertionError._doThrowNew (dart:core-patch/errors_patch.dart:51:61)
#1      _AssertionError._throwNew (dart:core-patch#0      _AssertionError._doThrowNew (dart:core-patch/errors_patch.dart:51:61)
#1      _AssertionError._throwNew (dart:core-patch/errors_patch.dart:40:5)
#2      MouseTracker._deviceUpdatePhase (package:flutter/src/rendering/mouse_tracker.dart:205:12)
#3      MouseTracker.updateWithEvent.<anonymous closure> (package:flutter/src/rendering/mouse_tracker.dart:328:7)
#4      MouseTracker._monitorMouseConnection (package:flutter/src/rendering/mouse_tracker.dart:193:9)
#5      MouseTracker.updateWithEvent (package:flutter/src/rendering/mouse_tracker.dart:327:5)
#6      RendererBinding.dispatchEvent (package:flutter/src/rendering/binding.dart:432:20)
#7      GestureBinding._handlePointerEventImmediately (package:flutter/src/gestures/binding.dart:413:7)
#8      GestureBinding.handlePointerEvent (package:flutter/src/gestures/binding.dart:376:5)
#9      GestureBinding._flushPointerEventQueue (package:flutter/src/gestures/binding.dart:323:7)
#10     GestureBinding._handlePointerDataPacket (package:flutter/src/gestures/binding.dart:292:9)
#11     _invoke1 (dart:ui/hooks.dart:186:13)
#12     PlatformDispatcher._dispatchPointerDataPacket (dart:ui/platform_dispatcher.dart:433:7)
#13     _dispatchPointerDataPacket (dart:ui/hooks.dart:119:31)
#0      _AssertionError._doThrowNew (dart:core-patch/errors_patch.dart:51:61)
#1      _AssertionError._throwNew (dart:core-patch/errors_patch.dart:40:5)
#2      MouseTracker._deviceUpdatePhase (package:flutter/src/rendering/mouse_tracker.dart:205:12)
#3      MouseTracker.updateWithEvent.<anonymous closure> (package:flutter/src/rendering/mouse_tracker.dart:328:7)
#4      MouseTracker._monitorMouseConnection (package:flutter/src/rendering/mouse_tracker.dart:193:9)
#5      MouseTracker.updateWithEvent (package:flutter/src/rendering/mouse_tracker.dart:327:5)
#6      RendererBinding.dispatchEvent (package:flutter/src/rendering/binding.dart:432:20)
#7      GestureBinding._handlePointerEventImmediately (package:flutter/src/gestures/binding.dart:413:7)
#8      GestureBinding.handlePointerEvent (package:flutter/src/gestures/binding.dart:376:5)
#9      GestureBinding._flushPointerEventQueue (package:flutter/src/gestures/binding.dart:323:7)
#10     GestureBinding._handlePointerDataPacket (package:flutter/src/gestures/binding.dart:292:9)
#11     _invoke1 (dart:ui/hooks.dart:186:13)
#12     PlatformDispatcher._dispatchPointerDataPacket (dart:ui/platform_dispatcher.dart:433:7)
#13     _dispatchPointerDataPacket (dart:ui/hooks.dart:119:31)

#0      _AssertionErr[2023.08.11 23:22:53]core-patch/errors_patch.dart:51:61)
#1      _AssertionError._throwNew (dart:core-patch/errors_patch.dart:40:5)
#2      MouseTracker._deviceUpdatePhase (package:flutter/src/rendering/mouse_tracker.dart:205:12)
#3      MouseTracker.updateWithEvent.<anonymous closure> (package:flutter/src/rendering/mouse_tracker.dart:328:7)
#4      MouseTracker._monitorMouseConnection (package:flutter/src/rendering/mouse_tracker.dart:193:9)
#5      MouseTracker.updateWithEvent (package:flutter/src/rendering/mouse_tracker.dart:327:5)
#6      RendererBinding.dispatchEvent (package:flutter/src/rendering/binding.dart:432:20)
#7      GestureBinding._handlePointerEventImmediately (package:flutter/src/gestures/binding.dart:413:7)
#8      GestureBinding.handlePointerEvent (package:flutter/src/gestures/binding.dart:376:5)
#9      GestureBinding._flushPointerEventQueue (package:flutter/src/gestures/binding.dart:323:7)
#10     GestureBinding._handlePointerDataPacket (package:flutter/src/gestures/binding.dart:292:9)
#11     _invoke1 (dart:ui/hooks.dart:186:13)
#12     PlatformDispatcher._dispatchPointerDataPacket (dart:ui/platform_dispatcher.dart:433:7)
#13     _dispatchPointerDataPacket (dart:ui/hooks.dart:119:31)
[2023.08.11 23:22:53]or._doThrowNew (dart:core-patch/errors_patch.dart:51:61)
#1      _AssertionError._throwNew (dart:core-patch/errors_patch.dart:40:5)
#2      MouseTracker._deviceUpdatePhase (package:flutter/src/rendering/mouse_tracker.dart:205:12)
#3      MouseTracker.updateWithEvent.<anonymous closure> (package:flutter/src/rendering/mouse_tracker.dart:328:7)
#4      MouseTracker._monitorMouseConnection (package:flutter/src/rendering/mouse_tracker.dart:193:9)
#5      MouseTracker.updateWithEvent (package:flutter/src/rendering/mouse_tracker.dart:327:5)
#6      RendererBinding.dispatchEvent (package:flutter/src/rendering/binding.dart:432:20)
#7      GestureBinding._handlePointerEventImmediately (package:flutter/src/gestures/binding.dart:413:7)
#8      GestureBinding.handlePointerEvent (package:flutter/src/gestures/binding.dart:376:5)
#9      GestureBinding._flushPointerEventQueue (package:flutter/src/gestures/binding.dart:323:7)
#10     GestureBinding._handlePointerDataPacket (package:flutter/src/gestures/binding.dart:292:9)
#11     _invoke1 (dart:ui/hooks.dart:186:13)
#12     PlatformDispatcher._dispatchPointerDataPacket (dart:ui/platform_dispatcher.dart:433:7)
#13     _dispatchPointerDataPacket (dart:ui/hooks.dart:119:31)
[2023.08.11 23:22:53]
package:flutter/src/rendering/mouse_tracker.dart': Failed assertion: line 205 pos 12: '!_debugDuringDeviceUpdate': is not true.
package:flutter/src/rendering/mouse_tracker.dart': Failed assertion: line 205 pos 12: '!_debugDuringDeviceUpdate': is not true.'package:flutter/src/rendering/mouse_tracker.dart': Failed assertion: line 205 pos 12: '!_debugDuringDeviceUpdate': is not true.#0      _AssertionError._doThrowNew (dart:core-patch/errors_patch.dart:51:61)
#1      _AssertionError._throwNew (dart:core-patch/errors_patch.dart:40:5)
#2      MouseTracker._deviceUpdatePhase (package:flutter/src/rendering/mouse_tracker.dart:205:12)
#3      MouseTracker.updateWithEvent.<anonymous closure> (package:flutter/src/rendering/mouse_tracker.dart:328:7)
#4      MouseTracker._monitorMouseConnection (package:flutter/src/rendering/mouse_tracker.dart:193:9)
#5      MouseTracker.updateWithEvent (package:flutter/src/rendering/mouse_tracker.dart:327:5)
#6      RendererBinding.dispatchEvent (package:flutter/src/rendering/binding.dart:432:20)
#7      GestureBinding._handlePointerEventImmediately (package:flutter/src/gestures/binding.dart:413:7)
#8      GestureBinding.handlePointerEvent (package:flutter/src/gestures/binding.dart:376:5)
#9      GestureBinding._flushPointerEventQueue (package:flutter/src/gestures/binding.dart:323:7)
#10     GestureBinding._handlePointerDataPacket (package:flutter/src/gestures/binding.dart:292:9)
#11     _invoke1 (dart:ui/hooks.dart:186:13)
#12     PlatformDispatcher._di[2023.08.11 23:22:53]or._doThrowNew (dart:core-patch/errors_patch.dart:51:61)
#1      _AssertionError._throwNew (dart:core-patch/errors_patch.dart:40:5)
#2      MouseTracker._deviceUpdatePhase (package:flutter/src/rendering/mouse_tracker.dart:205:12)
#3      MouseTracker.updateWithEvent.<anonymous closure> (package:flutter/src/rendering/mouse_tracker.dart:328:7)
#4      MouseTracker._monitorMouseConnection (package:flutter/src/rendering/mouse_tracker.dart:193:9)
#5      MouseTracker.updateWithEvent (package:flutter/src/rendering/mouse_tracker.dart:327:5)
#6      RendererBinding.dispatchEvent (package:flutter/src/rendering/binding.dart:432:20)
#7      GestureBinding._handlePointerEventImmediately (package:flutter/src/gestures/binding.dart:413:7)
#8      GestureBinding.handlePointerEvent (package:flutter/src/gestures/binding.dart:376:5)
#9      GestureBinding._flushPointerEventQueue (package:flutter/src/gestures/binding.dart:323:7)
#10     GestureBinding._handlePointerDataPacket (package:flutter/src/gestures/binding.dart:292:9)
#11     _invoke1 (dart:ui/hooks.dart:186:13)
#12     PlatformDispatcher._dispatchPointerDataPacket (dart:ui/platform_dispatcher.dart:433:7)
#13     _dispatchPointerDataPacket (dart:ui/hooks.dart:119:31)
'package:flutter/src/rendering/mouse_tracker.dart': Failed assertion: line 205 pos 12: '!_debugDuringDeviceUpdate': is not true.'package:flutter/src/rendering/mouse_tracker.dart': Failed assertion: line 205 pos 12: '!_debugDuringDeviceUpdate': is not true./errors_patch.dart:40:5)
#2      MouseTracker._deviceUpdatePhase (package:flutter/src/rendering/mouse_tracker.dart:205:12)
#3      MouseTracker.updateWithEvent.<anonymous closure> (package:flutter/src/rendering/mouse_tracker.dart:328:7)
#4      MouseTracker._monitorMouseConnection (package:flutter/src/rendering/mouse_tracker.dart:193:9)
#5      MouseTracker.updateWithEvent (package:flutter/src/rendering/mouse_tracker.dart:327:5)
#6      RendererBinding.dispatchEvent (package:flutter/src/rendering/binding.dart:432:20)
#7      GestureBinding._handlePointerEventImmediately (package:flutter/src/gestures/binding.dart:413:7)
#8      GestureBinding.handlePointerEvent (package:flutter/src/gestures/binding.dart:376:5)
#9      GestureBinding._flushPointerEventQueue (package:flutter/src/gestures/binding.dart:323:7)
#10     GestureBinding._handlePointerDataPacket (package:flutter/src/gestures/binding.dart:292:9)
#11     _invoke1 (dart:ui/hooks.dart:186:13)
#12     PlatformDispatcher._dispatchPointerDataPacket (dart:ui/platform_dispatcher.dart:433:7)
#13     _dispatchPointerDataPacket (dart:ui/hooks.dart:119:31)
#0      _AssertionError._doThrowNew (dart:core-patch/errors_patch.dart:51:61)
#1      _AssertionError._throwNew (dart:core-patch/errors_patch.dart:40:5)
#2      MouseTracker._deviceUpdatePhase (package:flutter/src/rendering/mouse_tracker.dart:205:12)
#3      MouseTracker.updateWithEvent.<anonymous closure> (package:flutter/src/rendering/mouse_tracker.dart:328:7)
#4      MouseTracker._monitorMouseConnection (package:flutter/src/rendering/mouse_tracker.dart:193:9)
#5      MouseTracker.updateWithEvent (package:flutter/src/rendering/mouse_tracker.dart:327:5)
#6      RendererBinding.dispatchEvent (package:flutter/src/rendering/binding.dart:432:20)
#7      GestureBinding._handlePointerEventImmediately (package:flutter/src/gestures/binding.dart:413:7)
#8      GestureBinding.handlePointerEvent (package:flutter/src/gestures/binding.dart:376:5)
#9      GestureBinding._flushPointerEventQueue (package:flutter/src/gestures/binding.dart:323:7)
#10     GestureBinding._handlePointerDataPacket (package:flutter/src/gestures/binding.dart:292:9)
#11     _invoke1 (dart:ui/hooks.dart:186:13)
#12     PlatformDispatcher._dispatchPointerDataPacket (dart:ui/platform_dispatcher.dart:433:7)
#13     _dispatchPointerDataPacket (dart:ui/hooks.dart:119:31)

[2023.08.11 23:22:53]'package:flutter/src/rendering/mouse_tracker.dart': Failed assertion: line 205 pos 12: '!_debugDuringDeviceUpdate': is not true.'package:flutter/src/rendering/mouse_tracker.dart': Failed assertion: line 205 pos 12: '!_debugDuringDeviceUpdate': is not true./errors_patch.dart:40:5)
#2      MouseTracker._deviceUpdatePhase (package:flutter/src/rendering/mouse_tracker.dart:205:12)
#3      MouseTracker.updateWithEvent.<anonymous closure> (package:flutter/src/rendering/mouse_tracker.dart:328:7)
#4      MouseTracker._monitorMouseConnection (package:flutter/src/rendering/mouse_tracker.dart:193:9)
#5      MouseTracker.updateWithEvent (package:flutter/src/rendering/mouse_tracker.dart:327:5)
#6      RendererBinding.dispatchEvent (package:flutter/src/rendering/binding.dart:432:20)
#7      GestureBinding._handlePointerEventImmediately (package:flutter/src/gestures/binding.dart:413:7)
#8      GestureBinding.handlePointerEvent (package:flutter/src/gestures/binding.dart:376:5)
#9      GestureBinding._flushPointerEventQueue (package:flutter/src/gestures/binding.dart:323:7)
#10     GestureBinding._handlePointerDataPacket (package:flutter/src/gestures/binding.dart:292:9)
#11     _invoke1 (dart:ui/hooks.dart:186:13)
#12     PlatformDispatcher._dispatchPointerDataPacket (dart:ui/platform_dispatcher.dart:433:7)
#13     _dispatchPointerDataPacket (dart:ui/hooks.dart:119:31)
[
023.08.11 23:22:54]or._doThrowNew (dart:core-patch/errors_patch.dart:51:61)
#1      _AssertionError._throwNew (dart:core-patch/errors_patch.dart:40:5)
#2      MouseTracker._deviceUpdatePhase (package:flutter/src/rendering/mouse_tracker.dart:205:12)
#3      MouseTracker.updateWithEvent.<anonymous closure> (package:flutter/src/rendering/mouse_tracker.dart:328:7)
#4      MouseTracker._monitorMouseConnection (package:flutter/src/rendering/mouse_tracker.dart:193:9)
#5      MouseTracker.updateWithEvent (package:flutter/src/rendering/mouse_tracker.dart:327:5)
#6      RendererBinding.dispatchEvent (package:flutter/src/rendering/binding.dart:432:20)
#7      GestureBinding._handlePointerEventImmediately (package:flutter/src/gestures/binding.dart:413:7)
#8      GestureBinding.handlePointerEvent (package:flutter/src/gestures/binding.dart:376:5)
#9      GestureBinding._flushPointerEventQueue (package:flutter/src/gestures/binding.dart:323:7)
#10     GestureBinding._handlePointerDataPacket (package:flutter/src/gestures/binding.dart:292:9)
#11     _invoke1 (dart:ui/hooks.dart:186:13)
#12     PlatformDispatcher._dispatchPointerDataPacket (dart:ui/platform_dispatcher.dart:433:7)
#13     _dispatchPointerDataPacket (dart:ui/hooks.dart:119:31)
'package:flutter/src/rendering/mouse_tracker.dart': Failed assertion: line 205 pos 12: '!_debugDuringDeviceUpdate': is not true.[2023.08.11 23:22:54]rendering/mouse_tracker.dart': Failed assertion: line 205 pos 12: '!_debugDuringDeviceUpdate': is not true.'package:flutter/src/rendering/mouse_tracker.dart': Failed assertion: line 205 pos 12: '!_debugDuringDeviceUpdate': is not true.'package:flutter/src/rendering/mouse_tracker.dart': Failed assertion: line 205 pos 12: '!_debugDuringDeviceUpdate': is not true./errors_patch.dart:40:5)
#2      MouseTracker._deviceUpdatePhase (package:flutter/src/rendering/mouse_tracker.dart:205:12)
#3      MouseTracker.updateWithEvent.<anonymous closure> (package:flutter/src/rendering/mouse_tracker.dart:328:7)
#4      MouseTracker._monitorMouseConnection (package:flutter/src/rendering/mouse_tracker.dart:193:9)
#5      MouseTracker.updateWithEvent (package:flutter/src/rendering/mouse_tracker.dart:327:5)
#6      RendererBinding.dispatchEvent (package:flutter/src/rendering/binding.dart:432:20)
#7      GestureBinding._handlePointerEventImmediately (package:flutter/src/gestures/binding.dart:413:7)
#8      GestureBinding.handlePointerEvent (package:flutter/src/gestures/binding.dart:376:5)
#9      GestureBinding._flushPointerEventQueue (package:flutter/src/gestures/binding.dart:323:7)
#10     GestureBinding._handlePointerDataPacket (package:flutter/src/gestures/binding.dart:292:9)
#11     _invoke1 (dart:ui/hooks.dart:186:13)
#12     PlatformDispatcher._di'package:flutter/src/rendering/mouse_tracker.dart': Failed assertion: line 205 pos 12: '!_debugDuringDeviceUpdate': is not true.##0      _AssertionError._doThrowNew (dart:core-patch/errors_patch.dart:51:61)
#1      _AssertionError._throwNew (dart:core-patch/errors_patch.dart:40:5)
#2      MouseTracker._deviceUpdatePhase (package:flutter/src/rendering/mouse_tracker.dart:205:12)
#3      MouseTracker.updateWithEvent.<anonymous closure> (package:flutter/src/rendering/mouse_tracker.dart:328:7)
#4      MouseTracker._monitorMouseConnection (package:flutter/src/rendering/mouse_tracker.dart:193:9)
#5      MouseTracker.updateWithEvent (package:flutter/src/rendering/mouse_tracker.dart:327:5)
#6      RendererBinding.dispatchEvent (package:flutter/src/rendering/binding.dart:432:20)
#7      GestureBinding._handlePointerEventImmediately (package:flutter/src/gestures/binding.dart:413:7)
#8      GestureBinding.handlePointerEvent (package:flutter/src/gestures/binding.dart:376:5)
#9      GestureBinding._flushPointerEventQueue (package:flutter/src/gestures/binding.dart:323:7)
#10     GestureBinding._handlePointerDataPacket (package:flutter/src/gestures/binding.dart:292:9)
#11     _invoke1 (dart:ui/hooks.dart:186:13)
#12     PlatformDispatcher._dispatchPointerDataPacket (dart:ui/platform_dispatcher.dart:433:7)
#13     _dispatchPointerDataPacket (dart:ui/hooks.dart:119:31)

023.08.11 23:22:54]#0      _AssertionError._doThrowNew (dart:core-patch/errors_patch.dart:51:61)
#1      _AssertionError._throwNew (dart:core-patch/errors_patch.dart:40:5)
#2      MouseTracker._deviceUpdatePhase (package:flutter/src/rendering/mouse_tracker.dart:205:12)
#3      MouseTracker.updateWithEvent.<anonymous closure> (package:flutter/src/rendering/mouse_tracker.dart:328:7)
#4      MouseTracker._monitorMouseConnection (package:flutter/src/rendering/mouse_tracker.dart:193:9)
#5      MouseTracker.updateWithEvent (package:flutter/src/rendering/mouse_tracker.dart:327:5)
#6      RendererBinding.dispatchEvent (package:flutter/src/rendering/binding.dart:432:20)
#7      GestureBinding._handlePointerEventImmediately (package:flutter/src/gestures/binding.dart:413:7)
#8      GestureBinding.handlePointerEvent (package:flutter/src/gestures/binding.dart:376:5)
#9      GestureBinding._flushPointerEventQueue (package:flutter/src/gestures/binding.dart:323:7)
#10     GestureBinding._handlePointerDataPacket (package:flutter/src/gestures/binding.dart:292:9)
#11     _invoke1 (dart:ui/hooks.dart:186:13)
#12     PlatformDispatcher._dispatchPointerDataPacket (dart:ui/platform_dispatcher.dart:433:7)
#13     _dispatchPointerDataPacket (dart:ui/hooks.dart:119:31)
[2023.08.11 23:22:54][2023.08.11 23:22:54]rendering/mouse_tracker.dart': Failed assertion: line 205 pos 12: '!_debugDuringDeviceUpdate': is not true.
package:flutter/src/rendering/mouse_tracker.dart': Failed assertion: line 205 pos 12: '!_debugDuringDeviceUpdate': is not true.
0      _AssertionError._doThrowNew (dart:core-patch/errors_patch.dart:51:61)
#1      _AssertionError._throwNew (dart:core-patch/errors_patch.dart:40:5)
#2      MouseTracker._deviceUpdatePhase (package:flutter/src/rendering/mouse_tracker.dart:205:12)
#3      MouseTracker.updateWithEvent.<anonymous closure> (package:flutter/src/rendering/mouse_tracker.dart:328:7)
#4      MouseTracker._monitorMouseConnection (package:flutter/src/rendering/mouse_tracker.dart:193:9)
#5      MouseTracker.updateWithEvent (package:flutter/src/rendering/mouse_tracker.dart:327:5)
#6      RendererBinding.dispatchEvent (package:flutter/src/rendering/binding.dart:432:20)
#7      GestureBinding._handlePointerEventImmediately (package:flutter/src/gestures/binding.dart:413:7)
#8      GestureBinding.handlePointerEvent (package:flutter/src/gestures/binding.dart:376:5)
#9      GestureBinding._flushPointerEventQueue (package:flutter/src/gestures/binding.dart:323:7)
#10     GestureBinding._handlePointerDataPacket (package:flutter/src/gestures/binding.dart:292:9)
#11     _invoke1 (dart:ui/hooks.dart:186:13)
#12     PlatformDispatcher._dispatchPointerDataPacket (dart:ui/platform_dispatcher.dart:433:7)
#13     _dispatchPointerDataPacket (dart:ui/hooks.dart:119:31)
'package:flutter/src/rendering/mouse_tracker.dart': Failed assertion: line 205 pos 12: '!_debugDuringDeviceUpdate': is not true.#0      _AssertionError._doThrowNew (dart:core-patch/errors_patch.dart:51:61)
#1      _AssertionError._throwNew (dart:core-patch/errors_patch.dart:40:5)
#2      MouseTracker._deviceUpdatePhase (package:flutter/src/rendering/mouse_tracker.dart:205:12)
#3      MouseTracker.updateWithEvent.<anonymous closure> (package:flutter/src/rendering/mouse_tracker.dart:328:7)
#4      MouseTracker._monitorMouseConnection (package:flutter/src/rendering/mouse_tracker.dart:193:9)
#5      MouseTracker.updateWithEvent (package:flutter/src/rendering/mouse_tracker.dart:327:5)
#6      RendererBinding.dispatchEvent (package:flutter/src/rendering/binding.dart:432:20)
#7      GestureBinding._handlePointerEventImmediately (package:flutter/src/gestures/binding.dart:413:7)
#8      GestureBinding.handlePointerEvent (package:flutter/src/gestures/binding.dart:376:5)
#9      GestureBinding._flushPointerEventQueue (package:flutter/src/gestures/binding.dart:323:7)
#10     GestureBinding._handlePointerDataPacket (package:flutter/src/gestures/binding.dart:292:9)
#11     _invoke1 (dart:ui/hooks.dart:186:13)
#12     PlatformDispatcher._di#0      _AssertionError._doThrowNew (dart:core-patch/errors_patch.dart:51:61)
#1      _AssertionError._throwNew (dart:core-patch/errors_patch.dart:40:5)
#2      MouseTracker._deviceUpdatePhase (package:flutter/src/rendering/mouse_tracker.dart:205:12)
#3      MouseTracker.updateWithEvent.<anonymous closure> (package:flutter/src/rendering/mouse_tracker.dart:328:7)
#4      MouseTracker._monitorMouseConnection (package:flutter/src/rendering/mouse_tracker.dart:193:9)
#5      MouseTracker.updateWithEvent (package:flutter/src/rendering/mouse_tracker.dart:327:5)
#6      RendererBinding.dispatchEvent (package:flutter/src/rendering/binding.dart:432:20)
#7      GestureBinding._handlePointerEventImmediately (package:flutter/src/gestures/binding.dart:413:7)
#8      GestureBinding.handlePointerEvent (package:flutter/src/gestures/binding.dart:376:5)
#9      GestureBinding._flushPointerEventQueue (package:flutter/src/gestures/binding.dart:323:7)
#10     GestureBinding._handlePointerDataPacket (package:flutter/src/gestures/binding.dart:292:9)
#11     _invoke1 (dart:ui/hooks.dart:186:13)
#12     PlatformDispatcher._dispatchPointerDataPacket (dart:ui/platform_dispatcher.dart:433:7)
#13     _dispatchPointerDataPacket (dart:ui/hooks.dart:119:31)
#
0      _AssertionError._doThrowNew (dart:core-patch/errors_patch.dart:51:61)
#1      _AssertionError._throwNew (dart:core-patch/errors_patch.dart:40:5)
#2      MouseTracker._deviceUpdatePhase (package:flutter/src/rendering/mouse_tracker.dart:205:12)
#3      MouseTracker.updateWithEvent.<anonymous closure> (package:flutter/src/rendering/mouse_tracker.dart:328:7)
#4      MouseTracker._monitorMouseConnection (package:flutter/src/rendering/mouse_tracker.dart:193:9)
#5      MouseTracker.updateWithEvent (package:flutter/src/rendering/mouse_tracker.dart:327:5)
#6      RendererBinding.dispatchEvent (package:flutter/src/rendering/binding.dart:432:20)
#7      GestureBinding._handlePointerEventImmediately (package:flutter/src/gestures/binding.dart:413:7)
#8      GestureBinding.handlePointerEvent (package:flutter/src/gestures/binding.dart:376:5)
#9      GestureBinding._flushPointerEventQueue (package:flutter/src/gestures/binding.dart:323:7)
#10     GestureBinding._handlePointerDataPacket (package:flutter/src/gestures/binding.dart:292:9)
#11     _invoke1 (dart:ui/hooks.dart:186:13)
#12     PlatformDispatcher._dispatchPointerDataPacket (dart:ui/platform_dispatcher.dart:433:7)
#13     _dispatchPointerDataPacket (dart:ui/hooks.dart:119:31)'package:flutter/src/rendering/mouse_tracker.dart': Failed assertion: line 205 pos 12: '!_debugDuringDeviceUpdate': is not true./errors_patch.dart:40:5)
#2      MouseTracker._deviceUpdatePhase (package:flutter/src/rendering/mouse_tracker.dart:205:12)
#3      MouseTracker.updateWithEvent.<anonymous closure> (package:flutter/src/rendering/mouse_tracker.dart:328:7)
#4      MouseTracker._monitorMouseConnection (package:flutter/src/rendering/mouse_tracker.dart:193:9)
#5      MouseTracker.updateWithEvent (package:flutter/src/rendering/mouse_tracker.dart:327:5)
#6      RendererBinding.dispatchEvent (package:flutter/src/rendering/binding.dart:432:20)
#7      GestureBinding._handlePointerEventImmediately (package:flutter/src/gestures/binding.dart:413:7)
#8      GestureBinding.handlePointerEvent (package:flutter/src/gestures/binding.dart:376:5)
#9      GestureBinding._flushPointerEventQueue (package:flutter/src/gestures/binding.dart:323:7)
#10     GestureBinding._handlePointerDataPacket (package:flutter/src/gestures/binding.dart:292:9)
#11     _invoke1 (dart:ui/hooks.dart:186:13)
#12     PlatformDispatcher._dispatchPointerDataPacket (dart:ui/platform_dispatcher.dart:433:7)
#13     _dispatchPointerDataPacket (dart:ui/hooks.dart:119:31)

2023.08.11 23:22:54][2023.08.11 23:22:54]

2023.08.11 23:22:54]r._doThrowNew (dart:core-patch/errors_patch.dart:51:61)
#1      _AssertionError._throwNew (dart:core-patch/errors_patch.dart:40:5)
#2      MouseTracker._deviceUpdatePhase (package:flutter/src/rendering/mouse_tracker.dart:205:12)
#3      MouseTracker.updateWithEvent.<anonymous closure> (package:flutter/src/rendering/mouse_tracker.dart:328:7)
#4      MouseTracker._monitorMouseConnection (package:flutter/src/rendering/mouse_tracker.dart:193:9)
#5      MouseTracker.updateWithEvent (package:flutter/src/rendering/mouse_tracker.dart:327:5)
#6      RendererBinding.dispatchEvent (package:flutter/src/rendering/binding.dart:432:20)
#7      GestureBinding._handlePointerEventImmediately (package:flutter/src/gestures/binding.dart:413:7)
#8      GestureBinding.handlePointerEvent (package:flutter/src/gestures/binding.dart:376:5)
#9      GestureBinding._flushPointerEventQueue (package:flutter/src/gestures/binding.dart:323:7)
#10     GestureBinding._handlePointerDataPacket (package:flutter/src/gestures/binding.dart:292:9)
#11     _invoke1 (dart:ui/hooks.dart:186:13)
#12     PlatformDispatcher._dispatchPointerDataPacket (dart:ui/platform_dispatcher.dart:433:7)
#13     _dispatchPointerDataPacket (dart:ui/hooks.dart:119:31)
[2023.08.11 23:22:54]'package:flutter/src/rendering/mouse_tracker.dart': Failed assertion: line 205 pos 12: '!_debugDuringDevice'package:flutter/src/[2023.08.11 23:22:54]rendering/mouse_tracker.dart': Failed assertion: line 205 pos 12: '!_debugDuringDeviceUpdate': is not true.:5)
#2      MouseTracker._deviceUpdatePhase (package:flutter/src/rendering/mouse_tracker.dart:205:12)
#3      MouseTracker.updateWithEvent.<anonymous closure> (package:flutter/src/rendering/mouse_tracker.dart:328:7)
#4      MouseTracker._monitorMouseConnection (package:flutter/src/rendering/mouse_tracker.dart:193:9)
#5      MouseTracker.updateWithEvent (package:flutter/src/rendering/mouse_tracker.dart:327:5)
#6      RendererBinding.dispatchEvent (package:flutter/src/rendering/binding.dart:432:20)
#7      GestureBinding._handlePointerEventImmediately (package:flutter/src/gestures/binding.dart:413:7)
#8      GestureBinding.handlePointerEvent (package:flutter/src/gestures/binding.dart:376:5)
#9      GestureBinding._flushPointerEventQueue (package:flutter/src/gestures/binding.dart:323:7)
#10     GestureBinding._handlePointerDataPacket (package:flutter/src/gestures/binding.dart:292:9)
#11     _invoke1 (dart:ui/hooks.dart:186:13)
#12     PlatformDispatcher._dispatchPointerDataPacket (dart:ui/platform_dispatcher.dart:433:7)
#13     _dispatchPointerDataPacket (dart:ui/hooks.dart:119:31)
'package:flutter/src/rendering/mouse_tracker.dart': Failed assertion: line 205 pos 12: '!_debugDuringDeviceUpdate': is not true./errors_patch.dart:40:5)
#2      MouseTracker._deviceUpdatePhase (package:flutter/src/rendering/mouse_tracker.dart:205:12)
#3      MouseTracker.updateWithEvent.<anonymous closure> (package:flutter/src/rendering/mouse_tracker.dart:328:7)
#4      MouseTracker._monitorMouseConnection (package:flutter/src/rendering/mouse_tracker.dart:193:9)
#5      MouseTracker.updateWithEvent (package:flutter/src/rendering/mouse_tracker.dart:327:5)
#6      RendererBinding.dispatchEvent (package:flutter/src/rendering/binding.dart:432:20)
#7      GestureBinding._handlePointerEventImmediately (package:flutter/src/gestures/binding.dart:413:7)
#8      GestureBinding.handlePointerEvent (package:flutter/src/gestures/binding.dart:376:5)
#9      GestureBinding._flushPointerEventQueue (package:flutter/src/gestures/binding.dart:323:7)
#10     GestureBinding._handlePointerDataPacket (package:flutter/src/gestures/binding.dart:292:9)
#11     _invoke1 (dart:ui/hooks.dart:186:13)
#12     PlatformDispatcher._dispatchPointerDataPacket (dart:ui/platform_dispatcher.dart:433:7)
#13     _dispatchPointerDataPacket (dart:ui/hooks.dart:119:31)
[2023.08.11 23:22:54]or._doThrowNew (dart:core-patch/errors_patch.dart:51:61)
#1      _AssertionError._throwNew (dart:core-patch'package:flutter/src/rendering/mouse_tracker.dart': Failed assertion: line 205 pos 12: '!_debugDuringDeviceUpdate': is not true.   MouseTracker.updateWithEvent.<anonymous closure> (package:flutter/src/rendering/mouse_tracker.dart:328:7)
#4      MouseTracker._monitorMouseConnection (package:flutter/src/rendering/mouse_tracker.dart:193:9)
#5      MouseTracker.updateWithEvent (package:flutter/src/rendering/mouse_tracker.dart:327:5)
#6      RendererBinding.dispatchEvent (package:flutter/src/rendering/binding.dart:432:20)
#7      GestureBinding._handlePointerEventImmediately (package:flutter/src/gestures/binding.dart:413:7)
#8      GestureBinding.handlePointerEvent (package:flutter/src/gestures/binding.dart:376:5)
#9      GestureBinding._flushPointerEventQueue (package:flutter/src/gestures/binding.dart:323:7)
#10     GestureBinding._handlePointerDataPacket (package:flutter/src/gestures/binding.dart:292:9)
#11     _invoke1 (dart:ui/hooks.dart:186:13)
#12     PlatformDispatcher._dispatchPointerDataPacket (dart:ui/platform_dispatcher.dart:433:7)
#13     _dispatchPointerDataPacket (dart:ui/hooks.dart:119:31)
'package:flutter/src/rendering/mouse_tracker.dart': Failed assertion: line 205 pos 12: '!_debugDuringDeviceUpdate': is not true./errors_patch.dart:40:5)
#2      MouseTracker._deviceUpdatePhase (package:flutter/src/rendering/mouse_tracker.dart:205:12)
#3      MouseTracker.updateWithEvent.<anonymous closure> (package:flutter/src/rendering/mouse_tracker.dart:328:7)
#4      MouseTracker._monitorMouseConnection (package:flutter/src/rendering/mouse_tracker.dart:193:9)
#5      MouseTracker.updateWithEvent (package:flutter/src/rendering/mouse_tracker.dart:327:5)
#6      RendererBinding.dispatchEvent (package:flutter/src/rendering/binding.dart:432:20)
#7      GestureBinding._handlePointerEventImmediately (package:flutter/src/gestures/binding.dart:413:7)
#8      GestureBinding.handlePointerEvent (package:flutter/src/gestures/binding.dart:376:5)
#9      GestureBinding._flushPointerEventQueue (package:flutter/src/gestures/binding.dart:323:7)
#10     GestureBinding._handlePointerDataPacket (package:flutter/src/gestures/binding.dart:292:9)
#11     _invoke1 (dart:ui/hooks.dart:186:13)
#12     PlatformDispatcher._dispatchPointerDataPacket (dart:ui/platform_dispatcher.dart:433:7)
#13     _dispatchPointerDataPacket (dart:ui/hooks.dart:119:31)

0      _AssertionError._doThrowNew (dart:core-patch/errors_patch.dart:51:61)
#1      _AssertionError._throwNew (dart:core-patch/errors_patch.dart:40:5)
#2      MouseTracker._deviceUpdatePhase (package:flutter/src/rendering/mouse_tracker.dart:205:12)
#3      MouseTracker.updateWithEvent.<anonymous closure> (package:flutter/src/rendering/mouse_tracker.dart:328:7)
#4      MouseTracker._monitorMouseConnection (package:flutter/src/rendering/mouse_tracker.dart:193:9)
#5      MouseTracker.updateWithEvent (package:flutter/src/rendering/mouse_tracker.dart:327:5)
#6      RendererBinding.dispatchEvent (package:flutter/src/rendering/binding.dart:432:20)
#7      GestureBinding._handlePointerEventImmediately (package:flutter/src/gestures/binding.dart:413:7)
#8      GestureBinding.handlePointerEvent (package:flutter/src/gestures/binding.dart:376:5)
#9      GestureBinding._flushPointerEventQueue (package:flutter/src/gestures/binding.dart:323:7)
#10     GestureBinding._handlePointerDataPacket (package:flutter/src/gestures/binding.dart:292:9)
#11     _invoke1 (dart:ui/hooks.dart:186:13)
#12     PlatformDispatcher._dispatchPointerDataPacket (dart:ui/platform_dispatcher.dart:433:7)
#13     _dispatchPointerDataPacket (dart:ui/hooks.dart:119:31)
##0      _AssertionError._doThrowNew (dart:core-patch/errors_patch.dart:51:61)
#1      _AssertionError._throwNew (dart:core-patch/errors_patch.dart:40:5)
#2      MouseTracker._deviceUpdatePhase (package:flutter/src/rendering/mouse_tracker.dart:205:12)
#3      MouseTracker.updateWithEvent.<anonymous closure> (package:flutter/src/rendering/mouse_tracker.dart:328:7)
#4      MouseTracker._monitorMouseConnection (package:flutter/src/rendering/mouse_tracker.dart:193:9)
#5      MouseTracker.updateWithEvent (package:flutter/src/rendering/mouse_tracker.dart:327:5)
#6      RendererBinding.dispatchEvent (package:flutter/src/rendering/binding.dart:432:20)
#7      GestureBinding._handlePointerEventImmediately (package:flutter/src/gestures/binding.dart:413:7)
#8      GestureBinding.handlePointerEvent (package:flutter/src/gestures/binding.dart:376:5)
#9      GestureBinding._flushPointerEventQueue (package:flutter/src/gestures/binding.dart:323:7)
#10     GestureBinding._handlePointerDataPacket (package:flutter/src/gestures/binding.dart:292:9)
#11     _invoke1 (dart:ui/hooks.dart:186:13)
#12     PlatformDispatcher._dispatchPointerDataPacket (dart:ui/platform_dispatcher.dart:433:7)
#13     _dispatchPointerDataPacket (dart:ui/hooks.dart:119:31)

0      _AssertionError._doThrowNew (dart:core-patch/errors_patch.dart:51:61)
#1      _AssertionError._throwNew (dart:core-patch/errors_patch.dart:40:5)
#2      MouseTracker._deviceUpdatePhase (package:flutter/src/rendering/mouse_tracker.dart:205:12)
#3      MouseTracker.updateWithEvent.<anonymous closure> (package:flutter/src/rendering/mouse_tracker.dart:328:7)
#4      MouseTracker._monitorMouseConnection (package:flutter/src/rendering/mouse_tracker.dart:193:9)
#5      MouseTracker.updateWithEvent (package:flutter/src/rendering/mouse_tracker.dart:327:5)
#6      RendererBinding.dispatchEvent (package:flutter/src/rendering/binding.dart:432:20)
#7      GestureBinding._handlePointerEventImmediately (package:flutter/src/gestures/binding.dart:413:7)
#8      GestureBinding.handlePointerEvent (package:flutter/src/gestures/binding.dart:376:5)
#9      GestureBinding._flushPointerEventQueue (package:flutter/src/gestures/binding.dart:323:7)
#10     GestureBinding._handlePointerDataPacket (package:flutter/src/gestures/binding.dart:292:9)
#11     _invoke1 (dart:ui/hooks.dart:186:13)
#12     PlatformDispatcher._dispatchPointerDataPacket (dart:ui/platform_dispatcher.dart:433:7)
#13     _dispatchPointerDataPacket (dart:ui/hooks.dart:119:31)
[2023.08.11 23:22:54][2023.08.11 23:22:54]core-patch/errors_patch.dart:51:61)
#1      _AssertionError._throwNew (dart:core-patch/errors_patch.dart:40:5)
#2      MouseTracker._deviceUpdatePhase (package:flutter/src/rendering/mouse_tracker.dart:205:12)
#3      MouseTracker.updateWithEvent.<anonymous closure> (package:flutter/src/rendering/mouse_tracker.dart:328:7)
#4      MouseTracker._monitorMouseConnection (package:flutter/src/rendering/mouse_tracker.dart:193:9)
#5      MouseTracker.updateWithEvent (package:flutter/src/rendering/mouse_tracker.dart:327:5)
#6      RendererBinding.dispatchEvent (package:flutter/src/rendering/binding.dart:432:20)
#7      GestureBinding._handlePointerEventImmediately (package:flutter/src/gestures/binding.dart:413:7)
#8      GestureBinding.handlePointerEvent (package:flutter/src/gestures/binding.dart:376:5)
#9      GestureBinding._flushPointerEventQueue (package:flutter/src/gestures/binding.dart:323:7)
#10     GestureBinding._handlePointerDataPacket (package:flutter/src/gestures/binding.dart:292:9)
#11     _invoke1 (dart:ui/hooks.dart:186:13)
#12     PlatformDispatcher._dispatchPointerDataPacket (dart:ui/platform_dispatcher.dart:433:7)
#13     _dispatchPointerDataPacket (dart:ui/hooks.dart:119:31)

[2023.08.11 23:22:54]rendering/mouse_tracker.dart': Failed assertion: line 205 pos 12: '!_debugDuringDeviceUpdate': is not true.#0      _AssertionError._doThrowNew (dart:core-patch/errors_patch.dart:51:61)
#1      _AssertionError._throwNew (dart:core-patch#0      _AssertionError._doThrowNew (dart:core-patch/errors_patch.dart:51:61)
#1      _AssertionError._throwNew (dart:core-patch/errors_patch.dart:40:5)
#2      MouseTracker._deviceUpdatePhase (package:flutter/src/rendering/mouse_tracker.dart:205:12)
#3      MouseTracker.updateWithEvent.<anonymous closure> (package:flutter/src/rendering/mouse_tracker.dart:328:7)
#4      MouseTracker._monitorMouseConnection (package:flutter/src/rendering/mouse_tracker.dart:193:9)
#5      MouseTracker.updateWithEvent (package:flutter/src/rendering/mouse_tracker.dart:327:5)
#6      RendererBinding.dispatchEvent (package:flutter/src/rendering/binding.dart:432:20)
#7      GestureBinding._handlePointerEventImmediately (package:flutter/src/gestures/binding.dart:413:7)
#8      GestureBinding.handlePointerEvent (package:flutter/src/gestures/binding.dart:376:5)
#9      GestureBinding._flushPointerEventQueue (package:flutter/src/gestures/binding.dart:323:7)
#10     GestureBinding._handlePointerDataPacket (package:flutter/src/gestures/binding.dart:292:9)
#11     _invoke1 (dart:ui/hooks.dart:186:13)
#12     PlatformDispatcher._dispatchPointerDataPacket (dart:ui/platform_dispatcher.dart:433:7)
#13     _dispatchPointerDataPacket (dart:ui/hooks.dart:119:31)
#0      _AssertionError._doThrowNew (dart:core-patch/errors_patch.dart:51:61)
#1      _AssertionError._throwNew (dart:core-patch/errors_patch.dart:40:5)
#2      MouseTracker._deviceUpdatePhase (package:flutter/src/rendering/mouse_tracker.dart:205:12)
#3      MouseTracker.updateWithEvent.<anonymous closure> (package:flutter/src/rendering/mouse_tracker.dart:328:7)
#4      MouseTracker._monitorMouseConnection (package:flutter/src/rendering/mouse_tracker.dart:193:9)
#5      MouseTracker.updateWithEvent (package:flutter/src/rendering/mouse_tracker.dart:327:5)
#6      RendererBinding.dispatchEvent (package:flutter/src/rendering/binding.dart:432:20)
#7      GestureBinding._handlePointerEventImmediately (package:flutter/src/gestures/binding.dart:413:7)
#8      GestureBinding.handlePointerEvent (package:flutter/src/gestures/binding.dart:376:5)
#9      GestureBinding._flushPointerEventQueue (package:flutter/src/gestures/binding.dart:323:7)
#10     GestureBinding._handlePointerDataPacket (package:flutter/src/gestures/binding.dart:292:9)
#11     _invoke1 (dart:ui/hooks.dart:186:13)
#12     PlatformDispatcher._dispatchPointerDataPacket (dart:ui/platform_dispatcher.dart:433:7)
#13     _dispatchPointerDataPacket (dart:ui/hooks.dart:119:31)
#0      _AssertionError._doThrowNew (dart:core-patch/errors_patch.dart:51:61)
#1      _AssertionError._throwNew (dart:core-patch/errors_patch.dart:40:5)
#2      MouseTracker._deviceUpdatePhase (package:flutter/src/rendering/mouse_tracker.dart:205:12)
#3      MouseTracker.updateWithEvent.<anonymous closure> (package:flutter/src/rendering/mouse_tracker.dart:328:7)
#4      MouseTracker._monitorMouseConnection (package:flutter/src/rendering/mouse_tracker.dart:193:9)
#5      MouseTracker.updateWithEvent (package:flutter/src/rendering/mouse_tracker.dart:327:5)
#6      RendererBinding.dispatchEvent (package:flutter/src/rendering/binding.dart:432:20)
#7      GestureBinding._handlePointerEventImmediately (package:flutter/src/gestures/binding.dart:413:7)
#8      GestureBinding.handlePointerEvent (package:flutter/src/gestures/binding.dart:376:5)
#9      GestureBinding._flushPointerEventQueue (package:flutter/src/gestures/binding.dart:323:7)
#10     GestureBinding._handlePointerDataPacket (package:flutter/src/gestures/binding.dart:292:9)
#11     _invoke1 (dart:ui/hooks.dart:186:13)
#12     PlatformDispatcher._dispatchPointerDataPacket (dart:ui/platform_dispatcher.dart:433:7)
#13     _dispatchPointerDataPacket (dart:ui/hooks.dart:119:31)
[2023.08.11 23:22:54]'package:flutter/src/rendering/mouse_tracker.dart': Failed assertion: line 205 pos 12: '!_debugDuringDeviceUpdate': is not true.#0      _AssertionError._doThrowNew (dart:core-patch/errors_patch.dart:51:61)
#1      _AssertionError._throwNew (dart:core-patch/errors_patch.dart:40:5)
#2      MouseTracker._deviceUpdatePhase (package:flutter/src/rendering/mouse_tracker.dart:205:12)
#3      MouseTracker.updateWithEvent.<anonymous closure> (package:flutter/src/rendering/mouse_tracker.dart:328:7)
#4      MouseTracker._monitorMouseConnection (package:flutter/src/rendering/mouse_tracker.dart:193:9)
#5      MouseTracker.updateWithEvent (package:flutter/src/rendering/mouse_tracker.dart:327:5)
#6      RendererBinding.dispatchEvent (package:flutter/src/rendering/binding.dart:432:20)
#7      GestureBinding._handlePointerEventImmediately (package:flutter/src/gestures/binding.dart:413:7)
#8      GestureBinding.handlePointerEvent (package:flutter/src/gestures/binding.dart:376:5)
#9      GestureBinding._flushPointerEventQueue (package:flutter/src/gestures/binding.dart:323:7)
#10     GestureBinding._handlePointerDataPacket (package:flutter/src/gestures/binding.dart:292:9)
#11     _invoke1 (dart:ui/hooks.dart:186:13)
#12     PlatformDispatcher._dispatchPointerDataPacket (dart:ui/platform_dispatcher.dart:433:7)
#13     _dispatchPointerDataPacket (dart:ui/hooks.dart:119:31)


2023.08.11 23:22:54]
package:flutter/src/rendering/mouse_tracker.dart': Failed assertion: line 205 pos 12: '!_debugDuringDeviceUpdate': is not true.[2023.08.11 23:22:54]or._doThrowNew (dart:core-patch/errors_patch.dart:51:61)
#1      _AssertionError._throwNew (dart:core-patch/errors_patch.dart:40:5)
#2      MouseTracker._deviceUpdatePhase (package:flutter/src/rendering/mouse_tracker.dart:205:12)
#3      MouseTracker.updateWithEvent.<anonymous closure> (package:flutter/src/rendering/mouse_tracker.dart:328:7)
#4      MouseTracker._monitorMouseConnection (package:flutter/src/rendering/mouse_tracker.dart:193:9)
#5      MouseTracker.updateWithEvent (package:flutter/src/rendering/mouse_tracker.dart:327:5)
#6      RendererBinding.dispatchEvent (package:flutter/src/rendering/binding.dart:432:20)
#7      GestureBinding._handlePointerEventImmediately (package:flutter/src/gestures/binding.dart:413:7)
#8      GestureBinding.handlePointerEvent (package:flutter/src/gestures/binding.dart:376:5)
#9      GestureBinding._flushPointerEventQueue (package:flutter/src/gestures/binding.dart:323:7)
#10     GestureBinding._handlePointerDataPacket (package:flutter/src/gestures/binding.dart:292:9)
#11     _invoke1 (dart:ui/hooks.dart:186:13)
#12     PlatformDispatcher._dispatchPointerDataPacket (dart:ui/platform_dispatcher.dart:433:7)
#13     _dispatchPointerDataPacket (dart:ui/hooks.dart:119:31)
'package:flutter/src/rendering/mouse_tracker.dart': Failed assertion: line 205 pos 12: '!_debugDuringDeviceUpdate': is not true./errors_patch.dart:40:5)
#2      MouseTracker._deviceUpdatePhase (package:flutter/src/rendering/mouse_tracker.dart:205:12)
#3      MouseTracker.updateWithEvent.<anonymous closure> (package:flutter/src/rendering/mouse_tracker.dart:328:7)
#4      MouseTracker._monitorMouseConnection (package:flutter/src/rendering/mouse_tracker.dart:193:9)
#5      MouseTracker.updateWithEvent (package:flutter/src/rendering/mouse_tracker.dart:327:5)
#6      RendererBinding.dispatchEvent (package:flutter/src/rendering/binding.dart:432:20)
#7      GestureBinding._handlePointerEventImmediately (package:flutter/src/gestures/binding.dart:413:7)
#8      GestureBinding.handlePointerEvent (package:flutter/src/gestures/binding.dart:376:5)
#9      GestureBinding._flushPointerEventQueue (package:flutter/src/gestures/binding.dart:323:7)
#10     GestureBinding._handlePointerDataPacket (package:flutter/src/gestures/binding.dart:292:9)
#11     _invoke1 (dart:ui/hooks.dart:186:13)
#12     PlatformDispatcher._dispatchPointerDataPacket (dart:ui/platform_dispatcher.dart:433:7)
#13     _dispatchPointerDataPacket (dart:ui/hooks.dart:119:31)
#0      _AssertionError._doThrowNew (dart:core-patch/errors_patch.dart:51:61)
#1      _AssertionError._throwNew (dart:core-patch/errors_patch.dart:40:5)
#2      MouseTracker._deviceUpdatePhase (package:flutter/src/rendering/mouse_tracker.dart:205:12)
#3      MouseTracker.updateWithEvent.<anonymous closure> (package:flutter/src/rendering/mouse_tracker.dart:328:7)
#4      MouseTracker._monitorMouseConnection (package:flutter/src/rendering/mouse_tracker.dart:193:9)
#5      MouseTracker.updateWithEvent (package:flutter/src/rendering/mouse_tracker.dart:327:5)
#6      RendererBinding.dispatchEvent (package:flutter/src/rendering/binding.dart:432:20)
#7      GestureBinding._handlePointerEventImmediately (package:flutter/src/gestures/binding.dart:413:7)
#8      GestureBinding.handlePointerEvent (package:flutter/src/gestures/binding.dart:376:5)
#9      GestureBinding._flushPointerEventQueue (package:flutter/src/gestures/binding.dart:323:7)
#10     GestureBinding._handlePointerDataPacket (package:flutter/src/gestures/binding.dart:292:9)
#11     _invoke1 (dart:ui/hooks.dart:186:13)
#12     PlatformDispatcher._dispatchPointerDataPacket (dart:ui/platform_dispatcher.dart:433:7)
#13     _dispatchPointerDataPacket (dart:ui/hooks.dart:119:31)
[
023.08.11 23:22:54][2023.08.11 23:22:54]
[2023.08.11 23:22:54]rendering/mouse_tracker.dart': Failed assertion: line 205 pos 12: '!_debugDuringDeviceUpdate': is not true.[2023.08.11 23:22:54]#0      _AssertionError._doThrowNew (dart:core-patch/errors_patch.dart:51:61)
#1      _AssertionError._throwNew (dart:core-patch/errors_patch.dart:40:5)
#2      MouseTracker._deviceUpdatePhase (package:flutter/src/rendering/mouse_tracker.dart:205:12)
#3      MouseTracker.updateWithEvent.<anonymous closure> (package:flutter/src/rendering/mouse_tracker.dart:328:7)
#4      MouseTracker._monitorMouseConnection (package:flutter/src/rendering/mouse_tracker.dart:193:9)
#5      MouseTracker.updateWithEvent (package:flutter/src/rendering/mouse_tracker.dart:327:5)
#6      RendererBinding.dispatchEvent (package:flutter/src/rendering/binding.dart:432:20)
#7      GestureBinding._handlePointerEventImmediately (package:flutter/src/gestures/binding.dart:413:7)
#8      GestureBinding.handlePointerEvent (package:flutter/src/gestures/binding.dart:376:5)
#9      GestureBinding._flushPointerEventQueue (package:flutter/src/gestures/binding.dart:323:7)
#10     GestureBinding._handlePointerDataPacket (package:flutter/src/gestures/binding.dart:292:9)
#11     _invoke1 (dart:ui/hooks.dart:186:13)
#12     PlatformDispatcher._dispatchPointerDataPacket (dart:ui/platform_dispatcher.dart:433:7)
#13     _dispatchPointerDataPacket (dart:u#0      _AssertionError._doThrowNew (dart:core-patch/errors_patch.dart:51:61)
#1      _AssertionError._throwNew (dart:core-patch/errors_patch.dart:40:5)
#2      MouseTracker._deviceUpdatePhase (package:flutter/src/rendering/mouse_tracker.dart:205:12)
#3      MouseTracker.updateWithEvent.<anonymous closure> (package:flutter/src/rendering/mouse_tracker.dart:328:7)
#4      MouseTracker._monitorMouseConnection (package:flutter/src/rendering/mouse_tracker.dart:193:9)
#5      MouseTracker.updateWithEvent (package:flutter/src/rendering/mouse_tracker.dart:327:5)
#6      RendererBinding.dispatchEvent (package:flutter/src/rendering/binding.dart:432:20)
#7      GestureBinding._handlePointerEventImmediately (package:flutter/src/gestures/binding.dart:413:7)
#8      GestureBinding.handlePointerEvent (package:flutter/src/gestures/binding.dart:376:5)
#9      GestureBinding._flushPointerEventQueue (package:flutter/src/gestures/binding.dart:323:7)
#10     GestureBinding._handlePointerDataPacket (package:flutter/src/gestures/binding.dart:292:9)
#11     _invoke1 (dart:ui/hooks.dart:186:13)
#12     PlatformDispatcher._dispatchPointerDataPacket (dart:ui/platform_dispatcher.dart:433:7)
#13     _dispatchPointerDataPacket (dart:ui/hooks.dart:119:31)
[2023.08.11 23:22:54]or._doThrowNew (dart:core-patch/errors_patch.dart:51:61)
#1      _AssertionError._throwNew (dart:core-patch/errors_patch.dart:40:5)
#2      MouseTracker._deviceUpdatePhase (package:flutter/src/rendering/mouse_tracker.dart:205:12)
#3      MouseTracker.updateWithEvent.<anonymous closure> (package:flutter/src/rendering/mouse_tracker.dart:328:7)
#4      MouseTracker._monitorMouseConnection (package:flutter/src/rendering/mouse_tracker.dart:193:9)
#5      MouseTracker.updateWithEvent (package:flutter/src/rendering/mouse_tracker.dart:327:5)
#6      RendererBinding.dispatchEvent (package:flutter/src/rendering/binding.dart:432:20)
#7      GestureBinding._handlePointerEventImmediately (package:flutter/src/gestures/binding.dart:413:7)
#8      GestureBinding.handlePointerEvent (package:flutter/src/gestures/binding.dart:376:5)
#9      GestureBinding._flushPointerEventQueue (package:flutter/src/gestures/binding.dart:323:7)
#10     GestureBinding._handlePointerDataPacket (package:flutter/src/gestures/binding.dart:292:9)
#11     _invoke1 (dart:ui/hooks.dart:186:13)
#12     PlatformDispatcher._dispatchPointerDataPacket (dart:ui/platform_dispatcher.dart:433:7)
#13     _dispatchPointerDataPacket (dart:ui/hooks.dart:119:31)
'package:flutter/src/rendering/mouse_tracker.dart': Failed assertion: line 205 pos 12: '!_debugDuringDeviceUpdate': is not true./errors_patch.dart:40:5)
#2      MouseTracker._deviceUpdatePhase (package:flutter/src/rendering/mouse_tracker.dart:205:12)
#3      MouseTracker.updateWithEvent.<anonymous closure> (package:flutter/src/rendering/mouse_tracker.dart:328:7)
#4      MouseTracker._monitorMouseConnection (package:flutter/src/rendering/mouse_tracker.dart:193:9)
#5      MouseTracker.updateWithEvent (package:flutter/src/rendering/mouse_tracker.dart:327:5)
#6      RendererBinding.dispatchEvent (package:flutter/src/rendering/binding.dart:432:20)
#7      GestureBinding._handlePointerEventImmediately (package:flutter/src/gestures/binding.dart:413:7)
#8      GestureBinding.handlePointerEvent (package:flutter/src/gestures/binding.dart:376:5)
#9      GestureBinding._flushPointerEventQueue (package:flutter/src/gestures/binding.dart:323:7)
#10     GestureBinding._handlePointerDataPacket (package:flutter/src/gestures/binding.dart:292:9)
#11     _invoke1 (dart:ui/hooks.dart:186:13)
#12     PlatformDispatcher._dispatchPointerDataPacket (dart:ui/platform_dispatcher.dart:433:7)
#13     _dispatchPointerDataPacket (dart:ui/hooks.dart:119:31)
'package:flutter/src/rendering/mouse_tracker.dart': Failed assertion: line 205 pos 12: '!_debugDuringDeviceUpdate': is not true.[2023.08.11 23:22:54]rendering/mouse_tracker.dart': Failed assertion: line 205 pos 12: '!_debugDuringDeviceUpdate': is not true./errors_patch.dart:40:5)
#2      MouseTracker._deviceUpdatePhase (package:flutter/src/rendering/mouse_tracker.dart:205:12)
#3      MouseTracker.updateWithEvent.<anonymous closure> (package:flutter/src/rendering/mouse_tracker.dart:328:7)
#4      MouseTracker._monitorMouseConnection (package:flutter/src/rendering/mouse_tracker.dart:193:9)
#5      MouseTracker.updateWithEvent (package:flutter/src/rendering/mouse_tracker.dart:327:5)
#6      RendererBinding.dispatchEvent (package:flutter/src/rendering/binding.dart:432:20)
#7      GestureBinding._handlePointerEventImmediately (package:flutter/src/gestures/binding.dart:413:7)
#8      GestureBinding.handlePointerEvent (package:flutter/src/gestures/binding.dart:376:5)
#9      GestureBinding._flushPointerEventQueue (package:flutter/src/gestures/binding.dart:323:7)
#10     GestureBinding._handlePointerDataPacket (package:flutter/src/gestures/binding.dart:292:9)
#11     _invoke1 (dart:ui/hooks.dart:186:13)
#12     PlatformDispatcher._dispatchPointerDataPacket (dart:ui/platform_dispatcher.dart:433:7)
#13     _dispatchPointerDataPacket (dart:ui/hooks.dart:119:31)
#0      _AssertionError._doThrowNew (dart:core-patch/errors_patch.dart:51:61)
#1      _AssertionError._throwNew (dart:core-patch/errors_patch.dart:40:5)
#2      MouseTracker._deviceUpdatePhase (package:flutter/src/rendering/mouse_tracker.dart:205:12)
#3      MouseTracker.updateWithEvent.<anonymous closure> (package:flutter/src/rendering/mouse_tracker.dart:328:7)
#4      MouseTracker._monitorMouseConnection (package:flutter/src/rendering/mouse_tracker.dart:193:9)
#5      MouseTracker.updateWithEvent (package:flutter/src/rendering/mouse_tracker.dart:327:5)
#6      RendererBinding.dispatchEvent (package:flutter/src/rendering/binding.dart:432:20)
#7      GestureBinding._handlePointerEventImmediately (package:flutter/src/gestures/binding.dart:413:7)
#8      GestureBinding.handlePointerEvent (package:flutter/src/gestures/binding.dart:376:5)
#9      GestureBinding._flushPointerEventQueue (package:flutter/src/gestures/binding.dart:323:7)
#10     GestureBinding._handlePointerDataPacket (package:flutter/src/gestures/binding.dart:292:9)
#11     _invoke1 (dart:ui/hooks.dart:186:13)
#12     PlatformDispatcher._dispatchPointerDataPacket (dart:ui/platform_dispatcher.dart:433:7)
#13     _dispatchPointerDataPacket (dart:ui/hooks.dart:119:31)
#0      _AssertionError._doThrowNew (dart:core-patch/errors_patch.dart:51:61)
#1      _AssertionError._throwNew (dart:core-patch/errors_patch.dart:40:5)
#2      MouseTracker._deviceUpdatePhase (package:flutter/src/rendering/mouse_tracker.dart:205:12)
#3      MouseTracker.updateWithEvent.<anonymous closure> (package:flutter/src/rendering/mouse_tracker.dart:328:7)
#4      MouseTracker._monitorMouseConnection (package:flutter/src/rendering/mouse_tracker.dart:193:9)
#5      MouseTracker.updateWithEvent (package:flutter/src/rendering/mouse_tracker.dart:327:5)
#6      RendererBinding.dispatchEvent (package:flutter/src/rendering/binding.dart:432:20)
#7      GestureBinding._handlePointerEventImmediately (package:flutter/src/gestures/binding.dart:413:7)
#8      GestureBinding.handlePointerEvent (package:flutter/src/gestures/binding.dart:376:5)
#9      GestureBinding._flushPointerEventQueue (package:flutter/src/gestures/binding.dart:323:7)
#10     GestureBinding._handlePointerDataPacket (package:flutter/src/gestures/binding.dart:292:9)
#11     _invoke1 (dart:ui/hooks.dart:186:13)
#12     PlatformDispatcher._dispatchPointerDataPacket (dart:ui/platform_dispatcher.dart:433:7)
#13     _dispatchPointerDataPacket (dart:ui/hooks.dart:119:31)
#0      _AssertionError._doThrowNew (dart:core-patch/errors_patch.dart:51:61)
#1      _AssertionError._throwNew (dart:core-patch/errors_patch.dart:40:5)
#2      MouseTracker._deviceUpdatePhase (package:flutter/src/rendering/mouse_tracker.dart:205:12)
#3      MouseTracker.updateWithEvent.<anonymous closure> (package:flutter/src/rendering/mouse_tracker.dart:328:7)
#4      MouseTracker._monitorMouseConnection (package:flutter/src/rendering/mouse_tracker.dart:193:9)
#5      MouseTracker.updateWithEvent (package:flutter/src/rendering/mouse_tracker.dart:327:5)
#6      RendererBinding.dispatchEvent (package:flutter/src/rendering/binding.dart:432:20)
#7      GestureBinding._handlePointerEventImmediately (package:flutter/src/gestures/binding.dart:413:7)
#8      GestureBinding.handlePointerEvent (package:flutter/src/gestures/binding.dart:376:5)
#9      GestureBinding._flushPointerEventQueue (package:flutter/src/gestures/binding.dart:323:7)
#10     GestureBinding._handlePointerDataPacket (package:flutter/src/gestures/binding.dart:292:9)
#11     _invoke1 (dart:ui/hooks.dart:186:13)
#12     PlatformDispatcher._dispatchPointerDataPacket (dart:ui/platform_dispatcher.dart:433:7)
#13     _dispatchPointerDataPacket (dart:ui/hooks.dart:119:31)

[2023.08.11 23:22:55]'package:flutter/src/rendering/mouse_tracker.dart': Failed assertion: line 205 pos 12: '!_debugDuringDeviceUpdate': is not true.#0      _AssertionError._doThrowNew (dart:core-patch/errors_patch.dart:51:61)
#1      _AssertionError._throwNew (dart:core-patch/errors_patch.dart:40:5)
#2      MouseTracker._deviceUpdatePhase (package:flutter/src/rendering/mouse_tracker.dart:205:12)
#3      MouseTracker.updateAllDevices (package:flutter/src/rendering/mouse_tracker.dart:372:5)
#4      RendererBinding._scheduleMouseTrackerUpdate.<anonymous closure> (package:flutter/src/rendering/binding.dart:474:22)
#5      SchedulerBinding._invokeFrameCallback (package:flutter/src/scheduler/binding.dart:1325:15)
#6      SchedulerBinding.handleDrawFrame (package:flutter/src/scheduler/binding.dart:1264:9)
#7      SchedulerBinding._handleDrawFrame (package:flutter/src/scheduler/binding.dart:1113:5)
#8      _invoke (dart:ui/hooks.dart:170:13)
#9      PlatformDispatcher._drawFrame (dart:ui/platform_dispatcher.dart:410:5)
#10     _drawFrame (dart:ui/hooks.dart:140:31)


A RenderFlex overflowed by 3.9 pixels on the bottom.null

A RenderFlex overflowed by 3.9 pixels on the bottom.null

A RenderFlex overflowed by 3.9 pixels on the bottom.null

A RenderFlex overflowed by 3.9 pixels on the bottom.null

A RenderFlex overflowed by 3.9 pixels on the bottom.null

A RenderFlex overflowed by 3.9 pixels on the bottom.null

A RenderFlex overflowed by 3.9 pixels on the bottom.null

BoxConstraints forces an infinite height.
These invalid constraints were provided to RenderDecoratedBox's layout() function by the following function, which probably computed the invalid constraints in question:
  RenderFractionallySizedOverflowBox.performLayout (package:flutter/src/rendering/shifted_box.dart:1093:14)
The offending constraints were:
  BoxConstraints(w=600.0, h=Infinity)#0      BoxConstraints.debugAssertIsValid.<anonymous closure>.throwError (package:flutter/src/rendering/box.dart:519:9)
#1      BoxConstraints.debugAssertIsValid.<anonymous closure> (package:flutter/src/rendering/box.dart:572:11)
#2      BoxConstraints.debugAssertIsValid (package:flutter/src/rendering/box.dart:577:6)
#3      RenderObject.layout (package:flutter/src/rendering/object.dart:2441:24)
#4      RenderBox.layout (package:flutter/src/rendering/box.dart:2391:11)
#5      RenderFractionallySizedOverflowBox.performLayout (package:flutter/src/rendering/shifted_box.dart:1093:14)
#6      RenderObject.layout (package:flutter/src/rendering/object.dart:2548:7)
#7      RenderBox.layout (package:flutter/src/rendering/box.dart:2391:11)
#8      RenderConstrainedBox.performLayout (package:flutter/src/rendering/proxy_box.dart:279:14)
#9      RenderObject.layout (package:flutter/src/rendering/object.dart:2548:7)
#10     RenderBox.layout (package:flutter/src/rendering/box.dart:2391:11)
#11     _RenderSingleChildViewport.performLayout (package:flutter/src/widgets/single_child_scroll_view.dart:493:14)
#12     RenderObject.layout (package:flutter/src/rendering/object.dart:2548:7)
#13     RenderBox.layout (package:flutter/src/rendering/box.dart:2391:11)
#14     RenderProxyBoxMixin.performLayout (package:flutter/src/rendering/proxy_box.dart:104:21)
#15     RenderObject.layout (package:flutter/src/rendering/object.dart:2548:7)
#16     RenderBox.layout (package:flutter/src/rendering/box.dart:2391:11)
#17     RenderProxyBoxMixin.performLayout (package:flutter/src/rendering/proxy_box.dart:104:21)
#18     RenderObject.layout (package:flutter/src/rendering/object.dart:2548:7)
#19     RenderBox.layout (package:flutter/src/rendering/box.dart:2391:11)
#20     RenderProxyBoxMixin.performLayout (package:flutter/src/rendering/proxy_box.dart:104:21)
#21     RenderObject.layout (package:flutter/src/rendering/object.dart:2548:7)
#22     RenderBox.layout (package:flutter/src/rendering/box.dart:2391:11)
#23     RenderProxyBoxMixin.performLayout (package:flutter/src/rendering/proxy_box.dart:104:21)
#24     RenderObject.layout (package:flutter/src/rendering/object.dart:2548:7)
#25     RenderBox.layout (package:flutter/src/rendering/box.dart:2391:11)
#26     RenderProxyBoxMixin.performLayout (package:flutter/src/rendering/proxy_box.dart:104:21)
#27     RenderObject.layout (package:flutter/src/rendering/object.dart:2548:7)
#28     RenderBox.layout (package:flutter/src/rendering/box.dart:2391:11)
#29     RenderProxyBoxMixin.performLayout (package:flutter/src/rendering/proxy_box.dart:104:21)
#30     RenderObject.layout (package:flutter/src/rendering/object.dart:2548:7)
#31     RenderBox.layout (package:flutter/src/rendering/box.dart:2391:11)
#32     RenderProxyBoxMixin.performLayout (package:flutter/src/rendering/proxy_box.dart:104:21)
#33     RenderObject.layout (package:flutter/src/rendering/object.dart:2548:7)
#34     RenderBox.layout (package:flutter/src/rendering/box.dart:2391:11)
#35     RenderProxyBoxMixin.performLayout (package:flutter/src/rendering/proxy_box.dart:104:21)
#36     RenderCustomPaint.performLayout (package:flutter/src/rendering/custom_paint.dart:571:11)
#37     RenderObject.layout (package:flutter/src/rendering/object.dart:2548:7)
#38     RenderBox.layout (package:flutter/src/rendering/box.dart:2391:11)
#39     RenderProxyBoxMixin.performLayout (package:flutter/src/rendering/proxy_box.dart:104:21)
#40     RenderObject.layout (package:flutter/src/rendering/object.dart:2548:7)
#41     RenderBox.layout (package:flutter/src/rendering/box.dart:2391:11)
#42     RenderProxyBoxMixin.performLayout (package:flutter/src/rendering/proxy_box.dart:104:21)
#43     RenderObject.layout (package:flutter/src/rendering/object.dart:2548:7)
#44     RenderBox.layout (package:flutter/src/rendering/box.dart:2391:11)
#45     RenderProxyBoxMixin.performLayout (package:flutter/src/rendering/proxy_box.dart:104:21)
#46     RenderObject.layout (package:flutter/src/rendering/object.dart:2548:7)
#47     RenderBox.layout (package:flutter/src/rendering/box.dart:2391:11)
#48     RenderProxyBoxMixin.performLayout (package:flutter/src/rendering/proxy_box.dart:104:21)
#49     RenderObject.layout (package:flutter/src/rendering/object.dart:2548:7)
#50     RenderBox.layout (package:flutter/src/rendering/box.dart:2391:11)
#51     RenderProxyBoxMixin.performLayout (package:flutter/src/rendering/proxy_box.dart:104:21)
#52     RenderObject.layout (package:flutter/src/rendering/object.dart:2548:7)
#53     RenderBox.layout (package:flutter/src/rendering/box.dart:2391:11)
#54     RenderProxyBoxMixin.performLayout (package:flutter/src/rendering/proxy_box.dart:104:21)
#55     RenderObject.layout (package:flutter/src/rendering/object.dart:2548:7)
#56     RenderBox.layout (package:flutter/src/rendering/box.dart:2391:11)
#57     RenderPadding.performLayout (package:flutter/src/rendering/shifted_box.dart:238:12)
#58     RenderObject.layout (package:flutter/src/rendering/object.dart:2548:7)
#59     RenderBox.layout (package:flutter/src/rendering/box.dart:2391:11)
#60     ChildLayoutHelper.layoutChild (package:flutter/src/rendering/layout_helper.dart:52:11)
#61     RenderFlex._computeSizes (package:flutter/src/rendering/flex.dart:868:45)
#62     RenderFlex.performLayout (package:flutter/src/rendering/flex.dart:903:32)
#63     RenderObject.layout (package:flutter/src/rendering/object.dart:2548:7)
#64     RenderBox.layout (package:flutter/src/rendering/box.dart:2391:11)
#65     ChildLayoutHelper.layoutChild (package:flutter/src/rendering/layout_helper.dart:52:11)
#66     RenderIntrinsicWidth._computeSize (package:flutter/src/rendering/proxy_box.dart:722:25)
#67     RenderIntrinsicWidth.performLayout (package:flutter/src/rendering/proxy_box.dart:738:12)
#68     RenderObject.layout (package:flutter/src/rendering/object.dart:2548:7)
#69     RenderBox.layout (package:flutter/src/rendering/box.dart:2391:11)
#70     RenderProxyBoxMixin.performLayout (package:flutter/src/rendering/proxy_box.dart:104:21)
#71     RenderObject.layout (package:flutter/src/rendering/object.dart:2548:7)
#72     RenderBox.layout (package:flutter/src/rendering/box.dart:2391:11)
#73     RenderProxyBoxMixin.performLayout (package:flutter/src/rendering/proxy_box.dart:104:21)
#74     RenderObject.layout (package:flutter/src/rendering/object.dart:2548:7)
#75     RenderBox.layout (package:flutter/src/rendering/box.dart:2391:11)
#76     RenderProxyBoxMixin.performLayout (package:flutter/src/rendering/proxy_box.dart:104:21)
#77     RenderCustomPaint.performLayout (package:flutter/src/rendering/custom_paint.dart:571:11)
#78     RenderObject.layout (package:flutter/src/rendering/object.dart:2548:7)
#79     RenderBox.layout (package:flutter/src/rendering/box.dart:2391:11)
#80     RenderProxyBoxMixin.performLayout (package:flutter/src/rendering/proxy_box.dart:104:21)
#81     _RenderCustomClip.performLayout (package:flutter/src/rendering/proxy_box.dart:1444:11)
#82     RenderObject.layout (package:flutter/src/rendering/object.dart:2548:7)
#83     RenderBox.layout (package:flutter/src/rendering/box.dart:2391:11)
#84     RenderConstrainedBox.performLayout (package:flutter/src/rendering/proxy_box.dart:279:14)
#85     RenderObject.layout (package:flutter/src/rendering/object.dart:2548:7)
#86     RenderBox.layout (package:flutter/src/rendering/box.dart:2391:11)
#87     RenderPositionedBox.performLayout (package:flutter/src/rendering/shifted_box.dart:438:14)
#88     RenderObject.layout (package:flutter/src/rendering/object.dart:2548:7)
#89     RenderBox.layout (package:flutter/src/rendering/box.dart:2391:11)
#90     RenderPadding.performLayout (package:flutter/src/rendering/shifted_box.dart:238:12)
#91     RenderObject.layout (package:flutter/src/rendering/object.dart:2548:7)
#92     RenderBox.layout (package:flutter/src/rendering/box.dart:2391:11)
#93     RenderPadding.performLayout (package:flutter/src/rendering/shifted_box.dart:238:12)
#94     RenderObject.layout (package:flutter/src/rendering/object.dart:2548:7)
#95     RenderBox.layout (package:flutter/src/rendering/box.dart:2391:11)
#96     RenderPadding.performLayout (package:flutter/src/rendering/shifted_box.dart:238:12)
#97     RenderObject.layout (package:flutter/src/rendering/object.dart:2548:7)
#98     RenderBox.layout (package:flutter/src/rendering/box.dart:2391:11)
#99     RenderProxyBoxMixin.performLayout (package:flutter/src/rendering/proxy_box.dart:104:21)
#100    RenderObject.layout (package:flutter/src/rendering/object.dart:2548:7)
#101    RenderBox.layout (package:flutter/src/rendering/box.dart:2391:11)
#102    RenderProxyBoxMixin.performLayout (package:flutter/src/rendering/proxy_box.dart:104:21)
#103    RenderObject.layout (package:flutter/src/rendering/object.dart:2548:7)
#104    RenderBox.layout (package:flutter/src/rendering/box.dart:2391:11)
#105    RenderProxyBoxMixin.performLayout (package:flutter/src/rendering/proxy_box.dart:104:21)
#106    RenderObject.layout (package:flutter/src/rendering/object.dart:2548:7)
#107    RenderBox.layout (package:flutter/src/rendering/box.dart:2391:11)
#108    RenderProxyBoxMixin.performLayout (package:flutter/src/rendering/proxy_box.dart:104:21)
#109    RenderObject.layout (package:flutter/src/rendering/object.dart:2548:7)
#110    RenderBox.layout (package:flutter/src/rendering/box.dart:2391:11)
#111    RenderProxyBoxMixin.performLayout (package:flutter/src/rendering/proxy_box.dart:104:21)
#112    RenderObject.layout (package:flutter/src/rendering/object.dart:2548:7)
#113    RenderBox.layout (package:flutter/src/rendering/box.dart:2391:11)
#114    RenderProxyBoxMixin.performLayout (package:flutter/src/rendering/proxy_box.dart:104:21)
#115    RenderObject.layout (package:flutter/src/rendering/object.dart:2548:7)
#116    RenderBox.layout (package:flutter/src/rendering/box.dart:2391:11)
#117    RenderProxyBoxMixin.performLayout (package:flutter/src/rendering/proxy_box.dart:104:21)
#118    RenderOffstage.performLayout (package:flutter/src/rendering/proxy_box.dart:3741:13)
#119    RenderObject.layout (package:flutter/src/rendering/object.dart:2548:7)
#120    RenderBox.layout (package:flutter/src/rendering/box.dart:2391:11)
#121    RenderProxyBoxMixin.performLayout (package:flutter/src/rendering/proxy_box.dart:104:21)
#122    RenderObject.layout (package:flutter/src/rendering/object.dart:2548:7)
#123    RenderBox.layout (package:flutter/src/rendering/box.dart:2391:11)
#124    _RenderTheaterMixin.performLayout (package:flutter/src/widgets/overlay.dart:879:15)
#125    RenderObject.layout (package:flutter/src/rendering/object.dart:2548:7)
#126    RenderBox.layout (package:flutter/src/rendering/box.dart:2391:11)
#127    RenderProxyBoxMixin.performLayout (package:flutter/src/rendering/proxy_box.dart:104:21)
#128    RenderObject.layout (package:flutter/src/rendering/object.dart:2548:7)
#129    RenderBox.layout (package:flutter/src/rendering/box.dart:2391:11)
#130    RenderProxyBoxMixin.performLayout (package:flutter/src/rendering/proxy_box.dart:104:21)
#131    RenderObject.layout (package:flutter/src/rendering/object.dart:2548:7)
#132    RenderBox.layout (package:flutter/src/rendering/box.dart:2391:11)
#133    RenderProxyBoxMixin.performLayout (package:flutter/src/rendering/proxy_box.dart:104:21)
#134    RenderObject.layout (package:flutter/src/rendering/object.dart:2548:7)
#135    RenderBox.layout (package:flutter/src/rendering/box.dart:2391:11)
#136    RenderProxyBoxMixin.performLayout (package:flutter/src/rendering/proxy_box.dart:104:21)
#137    RenderObject.layout (package:flutter/src/rendering/object.dart:2548:7)
#138    RenderBox.layout (package:flutter/src/rendering/box.dart:2391:11)
#139    RenderProxyBoxMixin.performLayout (package:flutter/src/rendering/proxy_box.dart:104:21)
#140    RenderObject.layout (package:flutter/src/rendering/object.dart:2548:7)
#141    RenderBox.layout (package:flutter/src/rendering/box.dart:2391:11)
#142    RenderProxyBoxMixin.performLayout (package:flutter/src/rendering/proxy_box.dart:104:21)
#143    RenderObject.layout (package:flutter/src/rendering/object.dart:2548:7)
#144    RenderBox.layout (package:flutter/src/rendering/box.dart:2391:11)
#145    RenderProxyBoxMixin.performLayout (package:flutter/src/rendering/proxy_box.dart:104:21)
#146    RenderObject.layout (package:flutter/src/rendering/object.dart:2548:7)
#147    RenderBox.layout (package:flutter/src/rendering/box.dart:2391:11)
#148    RenderProxyBoxMixin.performLayout (package:flutter/src/rendering/proxy_box.dart:104:21)
#149    RenderObject.layout (package:flutter/src/rendering/object.dart:2548:7)
#150    RenderBox.layout (package:flutter/src/rendering/box.dart:2391:11)
#151    RenderProxyBoxMixin.performLayout (package:flutter/src/rendering/proxy_box.dart:104:21)
#152    RenderObject.layout (package:flutter/src/rendering/object.dart:2548:7)
#153    RenderBox.layout (package:flutter/src/rendering/box.dart:2391:11)
#154    RenderView.performLayout (package:flutter/src/rendering/view.dart:195:14)
#155    RenderObject._layoutWithoutResize (package:flutter/src/rendering/object.dart:2387:7)
#156    PipelineOwner.flushLayout (package:flutter/src/rendering/object.dart:1027:18)
#157    PipelineOwner.flushLayout (package:flutter/src/rendering/object.dart:1040:15)
#158    RendererBinding.drawFrame (package:flutter/src/rendering/binding.dart:591:23)
#159    WidgetsBinding.drawFrame (package:flutter/src/widgets/binding.dart:959:13)
#160    RendererBinding._handlePersistentFrameCallback (package:flutter/src/rendering/binding.dart:457:5)
#161    SchedulerBinding._invokeFrameCallback (package:flutter/src/scheduler/binding.dart:1325:15)
#162    SchedulerBinding.handleDrawFrame (package:flutter/src/scheduler/binding.dart:1255:9)
#163    SchedulerBinding.scheduleWarmUpFrame.<anonymous closure> (package:flutter/src/scheduler/binding.dart:978:7)
#164    Timer._createTimer.<anonymous closure> (dart:async-patch/timer_patch.dart:18:15)
#165    _Timer._runTimers (dart:isolate-patch/timer_impl.dart:398:19)
#166    _Timer._handleMessage (dart:isolate-patch/timer_impl.dart:429:5)
#167    _RawReceivePort._handleMessage (dart:isolate-patch/isolate_patch.dart:184:12)


A RenderFlex overflowed by 3.9 pixels on the bottom.null

A RenderFlex overflowed by 3.9 pixels on the bottom.null

A RenderFlex overflowed by 3.9 pixels on the bottom.null

A RenderFlex overflowed by 3.9 pixels on the bottom.null

A RenderFlex overflowed by 3.9 pixels on the bottom.null

A RenderFlex overflowed by 3.9 pixels on the bottom.null

A RenderFlex overflowed by 3.9 pixels on the bottom.null

A RenderFlex overflowed by 3.9 pixels on the bottom.null


'package:flutter/src/rendering/box.dart': Failed assertion: line 1974 pos 12: 'hasSize': RenderBox was not laid out: RenderFractionallySizedOverflowBox#80c09 relayoutBoundary=up25 NEEDS-PAINT NEEDS-COMPOSITING-BITS-U'package:flutter/src/rendering/box.dart': Failed assertion: line 1974 pos 12: 'hasSize': RenderBox was not laid out: RenderCustomPaint#54a9e relayoutBoundary=up15 NEEDS-PAIN
 NEEDS-COMPOSITING-BITS-UPDATEATEE#0      BoxConstraints.debugAssertIsValid.<anonymous closure>.throwError (package:flutter/src/rendering/box.dart:519:9)
#1      BoxConstraints.debugAssertIsValid.<anonymous closure> (package:flutter/src/rendering/box.dart:572:11)
#2      BoxConstraints.debugAssertIsValid (package:flutter/src/rendering/box.dart:577:6)
#3      RenderObject.layout (package:flutter/src/rendering/object.dart:2441:24)
#4      RenderBox.layout (package:flutter/src/rendering/box.dart:2391:11)
#5      RenderFractionallySizedOverflowBox.performLayout (package:flutter/src/rendering/shifted_box.dart:1093:14)
#6      RenderObject.layout (package:flutter/src/rendering/object.dart:2548:7)
#7      RenderBox.layout (package:flutter/src/rendering/box.dart:2391:11)
#8      RenderConstrainedBox.performLayout (package:flutter/src/rendering/proxy_box.dart:279:14)
#9      RenderObject.layout (package:flutter/src/rendering/object.dart:2548:7)
#10     RenderBox.layout (package:flutter/src/rendering/box.dart:2391:11)
#11     _RenderSingleChildViewport.performLayout (package:flutter/src/widgets/single_child_scroll_view.dart:493:14)
#12     RenderObject.layout (package:flutter/src/rendering/object.dart:2548:7)
#13     RenderBox.layout (package:flutter/src/rendering/box.dart:2391:11)
#14     RenderProxyBoxMixin.performLayout (package:flutter/src/rendering/proxy_box.dart:104:21)
#15     RenderObject.layout (package:flutter/src/rendering/object.dart:2548:7)
#16     RenderBox.layout (package:flutter/src/rendering/box.dart:2391:11)
#17     RenderProxyBoxMixin.performLayout (package:flutter/src/rendering/proxy_box.dart:104:21)
#18     RenderObject.layout (package:flutter/src/rendering/object.dart:2548:7)
#19     RenderBox.layout (package:flutter/src/rendering/box.dart:2391:11)
#20     RenderProxyBoxMixin.performLayout (package:flutter/src/rendering/proxy_box.dart:104:21)
#21     RenderObject.layout (package:flutter/src/rendering/object.dart:2548:7)
#22     RenderBox.layout (package:flutter/src/rendering/box.dart:2391:11)
#23     RenderProxyBoxMixin.performLayout (package:flutter/src/rendering/proxy_box.dart:104:21)
#24     RenderObject.layout (package:flutter/src/rendering/object.dart:2548:7)
#25     RenderBox.layout (package:flutter/src/rendering/box.dart:2391:11)
#26     RenderProxyBoxMixin.performLayout (package:flutter/src/rendering/proxy_box.dart:104:21)
#27     RenderObject.layout (package:flutter/src/rendering/object.dart:2548:7)
#28     RenderBox.layout (package:flutter/src/rendering/box.dart:2391:11)
#29     RenderProxyBoxMixin.performLayout (package:flutter/src/rendering/proxy_box.dart:104:21)
#30     RenderObject.layout (package:flutter/src/rendering/object.dart:2548:7)
#31     RenderBox.layout (package:flutter/src/rendering/box.dart:2391:11)
#32     RenderProxyBoxMixin.performLayout (package:flutter/src/rendering/proxy_box.dart:104:21)
#33     RenderObject.layout (package:flutter/src/rendering/object.dart:2548:7)
#34     RenderBox.layout (package:flutter/src/rendering/box.dart:2391:11)
#35     RenderProxyBoxMixin.performLayout (package:flutter/src/rendering/proxy_box.dart:104:21)
#36     RenderCustomPaint.performLayout (package:flutter/src/rendering/custom_paint.dart:571:11)
#37     RenderObject.layout (package:flutter/src/rendering/object.dart:2548:7)
#38     RenderBox.layout (package:flutter/src/rendering/box.dart:2391:11)
#39     RenderProxyBoxMixin.performLayout (package:flutter/src/rendering/proxy_box.dart:104:21)
#40     RenderObject.layout (package:flutter/src/rendering/object.dart:2548:7)
#41     RenderBox.layout (package:flutter/src/rendering/box.dart:2391:11)
#42     RenderProxyBoxMixin.performLayout (package:flutter/src/rendering/proxy_box.dart:104:21)
#43     RenderObject.layout (package:flutter/src/rendering/object.dart:2548:7)
#44     RenderBox.layout (package:flutter/src/rendering/box.dart:2391:11)
#45     RenderProxyBoxMixin.performLayout (package:flutter/src/rendering/proxy_box.dart:104:21)
#46     RenderObject.layout (package:flutter/src/rendering/object.dart:2548:7)
#47     RenderBox.layout (package:flutter/src/rendering/box.dart:2391:11)
#48     RenderProxyBoxMixin.performLayout (package:flutter/src/rendering/proxy_box.dart:104:21)
#49     RenderObject.layout (package:flutter/src/rendering/object.dart:2548:7)
#50     RenderBox.layout (package:flutter/src/rendering/box.dart:2391:11)
#51     RenderProxyBoxMixin.performLayout (package:flutter/src/rendering/proxy_box.dart:104:21)
#52     RenderObject.layout (package:flutter/src/rendering/object.dart:2548:7)
#53     RenderBox.layout (package:flutter/src/rendering/box.dart:2391:11)
#54     RenderProxyBoxMixin.performLayout (package:flutter/src/rendering/proxy_box.dart:104:21)
#55     RenderObject.layout (package:flutter/src/rendering/object.dart:2548:7)
#56     RenderBox.layout (package:flutter/src/rendering/box.dart:2391:11)
#57     RenderPadding.performLayout (package:flutter/src/rendering/shifted_box.dart:238:12)
#58     RenderObject.layout (package:flutter/src/rendering/object.dart:2548:7)
#59     RenderBox.layout (package:flutter/src/rendering/box.dart:2391:11)
#60     ChildLayoutHelper.layoutChild (package:flutter/src/rendering/layout_helper.dart:52:11)
#61     RenderFlex._computeSizes (package:flutter/src/rendering/flex.dart:868:45)
#62     RenderFlex.performLayout (package:flutter/src/rendering/flex.dart:903:32)
#63     RenderObject.layout (package:flutter/src/rendering/object.dart:2548:7)
#64     RenderBox.layout (package:flutter/src/rendering/box.dart:2391:11)
#65     ChildLayoutHelper.layoutChild (package:flutter/src/rendering/layout_helper.dart:52:11)
#66     RenderIntrinsicWidth._computeSize (package:flutter/src/rendering/proxy_box.dart:722:25)
#67     RenderIntrinsicWidth.performLayout (package:flutter/src/rendering/proxy_box.dart:738:12)
#68     RenderObject.layout (package:flutter/src/rendering/object.dart:2548:7)
#69     RenderBox.layout (package:flutter/src/rendering/box.dart:2391:11)
#70     RenderProxyBoxMixin.performLayout (package:flutter/src/rendering/proxy_box.dart:104:21)
#71     RenderObject.layout (package:flutter/src/rendering/object.dart:2548:7)
#72     RenderBox.layout (package:flutter/src/rendering/box.dart:2391:11)
#73     RenderProxyBoxMixin.performLayout (package:flutter/src/rendering/proxy_box.dart:104:21)
#74     RenderObject.layout (package:flutter/src/rendering/object.dart:2548:7)
#75     RenderBox.layout (package:flutter/src/rendering/box.dart:2391:11)
#76     RenderProxyBoxMixin.performLayout (package:flutter/src/rendering/proxy_box.dart:104:21)
#77     RenderCustomPaint.performLayout (package:flutter/src/rendering/custom_paint.dart:571:11)
#78     RenderObject.layout (package:flutter/src/rendering/object.dart:2548:7)
#79     RenderBox.layout (package:flutter/src/rendering/box.dart:2391:11)
#80     RenderProxyBoxMixin.performLayout (package:flutter/src/rendering/proxy_box.dart:104:21)
#81     _RenderCustomClip.performLayout (package:flutter/src/rendering/proxy_box.dart:1444:11)
#82     RenderObject.layout (package:flutter/src/rendering/object.dart:2548:7)
#83     RenderBox.layout (package:flutter/src/rendering/box.dart:2391:11)
#84     RenderConstrainedBox.performLayout (package:flutter/src/rendering/proxy_box.dart:279:14)
#85     RenderObject.layout (package:flutter/src/rendering/object.dart:2548:7)
#86     RenderBox.layout (package:flutter/src/rendering/box.dart:2391:11)
#87     RenderPositionedBox.performLayout (package:flutter/src/rendering/shifted_box.dart:438:14)
#88     RenderObject.layout (package:flutter/src/rendering/object.dart:2548:7)
#89     RenderBox.layout (package:flutter/src/rendering/box.dart:2391:11)
#90     RenderPadding.performLayout (package:flutter/src/rendering/shifted_box.dart:238:12)
#91     RenderObject.layout (package:flutter/src/rendering/object.dart:2548:7)
#92     RenderBox.layout (package:flutter/src/rendering/box.dart:2391:11)
#93     RenderPadding.performLayout (package:flutter/src/rendering/shifted_box.dart:238:12)
#94     RenderObject.layout (package:flutter/src/rendering/object.dart:2548:7)
#95     RenderBox.layout (package:flutter/src/rendering/box.dart:2391:11)
#96     RenderPadding.performLayout (package:flutter/src/rendering/shifted_box.dart:238:12)
#97     RenderObject.layout (package:flutter/src/rendering/object.dart:2548:7)
#98     RenderBox.layout (package:flutter/src/rendering/box.dart:2391:11)
#99     RenderProxyBoxMixin.performLayout (package:flutter/src/rendering/proxy_box.dart:104:21)
#100    RenderObject.layout (package:flutter/src/rendering/object.dart:2548:7)
#101    RenderBox.layout (package:flutter/src/rendering/box.dart:2391:11)
#102    RenderProxyBoxMixin.performLayout (package:flutter/src/rendering/proxy_box.dart:104:21)
#103    RenderObject.layout (package:flutter/src/rendering/object.dart:2548:7)
#104    RenderBox.layout (package:flutter/src/rendering/box.dart:2391:11)
#105    RenderProxyBoxMixin.performLayout (package:flutter/src/rendering/proxy_box.dart:104:21)
#106    RenderObject.layout (package:flutter/src/rendering/object.dart:2548:7)
#107    RenderBox.layout (package:flutter/src/rendering/box.dart:2391:11)
#108    RenderProxyBoxMixin.performLayout (package:flutter/src/rendering/proxy_box.dart:104:21)
#109    RenderObject.layout (package:flutter/src/rendering/object.dart:2548:7)
#110    RenderBox.layout (package:flutter/src/rendering/box.dart:2391:11)
#111    RenderProxyBoxMixin.performLayout (package:flutter/src/rendering/proxy_box.dart:104:21)
#112    RenderObject.layout (package:flutter/src/rendering/object.dart:2548:7)
#113    RenderBox.layout (package:flutter/src/rendering/box.dart:2391:11)
#114    RenderProxyBoxMixin.performLayout (package:flutter/src/rendering/proxy_box.dart:104:21)
#115    RenderObject.layout (package:flutter/src/rendering/object.dart:2548:7)
#116    RenderBox.layout (package:flutter/src/rendering/box.dart:2391:11)
#117    RenderProxyBoxMixin.performLayout (package:flutter/src/rendering/proxy_box.dart:104:21)
#118    RenderOffstage.performLayout (package:flutter/src/rendering/proxy_box.dart:3741:13)
#119    RenderObject.layout (package:flutter/src/rendering/object.dart:2548:7)
#120    RenderBox.layout (package:flutter/src/rendering/box.dart:2391:11)
#121    RenderProxyBoxMixin.performLayout (package:flutter/src/rendering/proxy_box.dart:104:21)
#122    RenderObject.layout (package:flutter/src/rendering/object.dart:2548:7)
#123    RenderBox.layout (package:flutter/src/rendering/box.dart:2391:11)
#124    _RenderTheaterMixin.performLayout (package:flutter/src/widgets/overlay.dart:879:15)
#125    RenderObject.layout (package:flutter/src/rendering/object.dart:2548:7)
#126    RenderBox.layout (package:flutter/src/rendering/box.dart:2391:11)
#127    RenderProxyBoxMixin.performLayout (package:flutter/src/rendering/proxy_box.dart:104:21)
#128    RenderObject.layout (package:flutter/src/rendering/object.dart:2548:7)
#129    RenderBox.layout (package:flutter/src/rendering/box.dart:2391:11)
#130    RenderProxyBoxMixin.performLayout (package:flutter/src/rendering/proxy_box.dart:104:21)
#131    RenderObject.layout (package:flutter/src/rendering/object.dart:2548:7)
#132    RenderBox.layout (package:flutter/src/rendering/box.dart:2391:11)
#133    RenderProxyBoxMixin.performLayout (package:flutter/src/rendering/proxy_box.dart:104:21)
#134    RenderObject.layout (package:flutter/src/rendering/object.dart:2548:7)
#135    RenderBox.layout (package:flutter/src/rendering/box.dart:2391:11)
#136    RenderProxyBoxMixin.performLayout (package:flutter/src/rendering/proxy_box.dart:104:21)
#137    RenderObject.layout (package:flutter/src/rendering/object.dart:2548:7)
#138    RenderBox.layout (package:flutter/src/rendering/box.dart:2391:11)
#139    RenderProxyBoxMixin.performLayout (package:flutter/src/rendering/proxy_box.dart:104:21)
#140    RenderObject.layout (package:flutter/src/rendering/object.dart:2548:7)
#141    RenderBox.layout (package:flutter/src/rendering/box.dart:2391:11)
#142    RenderProxyBoxMixin.performLayout (package:flutter/src/rendering/proxy_box.dart:104:21)
#143    RenderObject.layout (package:flutter/src/rendering/object.dart:2548:7)
#144    RenderBox.layout (package:flutter/src/rendering/box.dart:2391:11)
#145    RenderProxyBoxMixin.performLayout (package:flutter/src/rendering/proxy_box.dart:104:21)
#146    RenderObject.layout (package:flutter/src/rendering/object.dart:2548:7)
#147    RenderBox.layout (package:flutter/src/rendering/box.dart:2391:11)
#148    RenderProxyBoxMixin.performLayout (package:flutter/src/rendering/proxy_box.dart:104:21)
#149    RenderObject.layout (package:flutter/src/rendering/object.dart:2548:7)
#150    RenderBox.layout (package:flutter/src/rendering/box.dart:2391:11)
#151    RenderProxyBoxMixin.performLayout (package:flutter/src/rendering/proxy_box.dart:104:21)
#152    RenderObject.layout (package:flutter/src/rendering/object.dart:2548:7)
#153    RenderBox.layout (package:flutter/src/rendering/box.dart:2391:11)
#154    RenderView.performLayout (package:flutter/src/rendering/view.dart:195:14)
#155    RenderObject._layoutWithoutResize (package:flutter/src/rendering/object.dart:2387:7)
#156    PipelineOwner.flushLayout (package:flutter/src/rendering/object.dart:1027:18)
#157    PipelineOwner.flushLayout (package:flutter/src/rendering/object.dart:1040:15)
#158    RendererBinding.drawFrame (package:flutter/src/rendering/binding.dart:591:23)
#159    WidgetsBinding.drawFrame (package:flutter/src/widgets/binding.dart:959:13)
#160    RendererBinding._handlePersistentFrameCallback (package:flutter/src/rendering/binding.dart:457:5)
#161    SchedulerBinding._invokeFrameCallback (package:flutter/src/scheduler/binding.dart:1325:15)
#162    Schedu#
0      _AssertionError._doThrowNew (dart:core-patch/errors_patch.dart:51:61)
#1      _AssertionError._throwNew (dart:core-patch/errors_patch.dart:40:5)
#2      RenderBox.size (package:flutter/src/rendering/box.dart:1974:12)
#3      RenderProxyBoxMixin.performLayout (package:flutter/src/rendering/proxy_box.dart:104:65)
#4      RenderObject.layout (package:flutter/src/rendering/object.dart:2548:7)
#5      RenderBox.layout (package:flutter/src/rendering/box.dart:2391:11)
#6      RenderProxyBoxMixin.performLayout (package:flutter/src/rendering/proxy_box.dart:104:21)
#7      RenderObject.layout (package:flutter/src/rendering/object.dart:2548:7)
#8      RenderBox.layout (package:flutter/src/rendering/box.dart:2391:11)
#9      RenderProxyBoxMixin.performLayout (package:flutter/src/rendering/proxy_box.dart:104:21)
#10     RenderCustomPaint.performLayout (package:flutter/src/rendering/custom_paint.dart:571:11)
#11     RenderObject.layout (package:flutter/src/rendering/object.dart:2548:7)
#12     RenderBox.layout (package:flutter/src/rendering/box.dart:2391:11)
#13     RenderProxyBoxMixin.performLayout (package:flutter/src/rendering/proxy_box.dart:104:21)
#14     RenderObject.layout (package:flutter/src/rendering/object.dart:2548:7)
#15     RenderBox.layout (package:flutter/src/rendering/box.dart:2391:11)
#16     RenderProxyBoxMixin.performLayout (package:flutter/src/rendering/proxy_box.dart:104:21)
#17     RenderObject.layout (package:flutter/src/rendering/object.dart:2548:7)
#18     RenderBox.layout (package:flutter/src/rendering/box.dart:2391:11)
#19     RenderProxyBoxMixin.performLayout (package:flutter/src/rendering/proxy_box.dart:104:21)
#20     RenderObject.layout (package:flutter/src/rendering/object.dart:2548:7)
#21     RenderBox.layout (package:flutter/src/rendering/box.dart:2391:11)
#22     RenderProxyBoxMixin.performLayout (package:flutter/src/rendering/proxy_box.dart:104:21)
#23     RenderObject.layout (package:flutter/src/rendering/object.dart:2548:7)
#24     RenderBox.layout (package:flutter/src/rendering/box.dart:2391:11)
#25     RenderProxyBoxMixin.performLayout (package:flutter/src/rendering/proxy_box.dart:104:21)
#26     RenderObject.layout (package:flutter/src/rendering/object.dart:2548:7)
#27     RenderBox.layout (package:flutter/src/rendering/box.dart:2391:11)
#28     RenderProxyBoxMixin.performLayout (package:flutter/src/rendering/proxy_box.dart:104:21)
#29     RenderObject.layout (package:flutter/src/rendering/object.dart:2548:7)
#30     RenderBox.layout (package:flutter/src/rendering/box.dart:2391:11)
#31     RenderPadding.performLayout (package:flutter/src/rendering/shifted_box.dart:238:12)
#32     RenderObject.layout (package:flutter/src/rendering/object.dart:2548:7)
#33     RenderBox.layout (package:flutter/src/rendering/box.dart:2391:11)
#34     ChildLayoutHelper.layoutChild (package:flutter/src/rendering/layout_helper.dart:52:11)
#35     RenderFlex._computeSizes (package:flutter/src/rendering/flex.dart:868:45)
#36     RenderFlex.performLayout (package:flutter/src/rendering/flex.dart:903:32)
#37     RenderObject.layout (package:flutter/src/rendering/object.dart:2548:7)
#38     RenderBox.layout (package:flutter/src/rendering/box.dart:2391:11)
#39     ChildLayoutHelper.layoutChild (package:flutter/src/rendering/layout_helper.dart:52:11)
#40     RenderIntrinsicWidth._computeSize (package:flutter/src/rendering/proxy_box.dart:722:25)
#41     RenderIntrinsicWidth.performLayout (package:flutter/src/rendering/proxy_box.dart:738:12)
#42     RenderObject.layout (package:flutter/src/rendering/object.dart:2548:7)
#43     RenderBox.layout (package:flutter/src/rendering/box.dart:2391:11)
#44     RenderProxyBoxMixin.performLayout (package:flutter/src/rendering/proxy_box.dart:104:21)
#45     RenderObject.layout (package:flutter/src/rendering/object.dart:2548:7)
#46     RenderBox.layout (package:flutter/src/rendering/box.dart:2391:11)
#47     RenderProxyBoxMixin.performLayout (package:flutter/src/rendering/proxy_box.dart:104:21)
#48     RenderObject.layout (package:flutter/src/rendering/object.dart:2548:7)
#49     RenderBox.layout (package:flutter/src/rendering/box.dart:2391:11)
#50     RenderProxyBoxMixin.performLayout (package:flutter/src/rendering/proxy_box.dart:104:21)
#51     RenderCustomPaint.performLayout (package:flutter/src/rendering/custom_paint.dart:571:11)
#52     RenderObject.layout (package:flutter/src/rendering/object.dart:2548:7)
#53     RenderBox.layout (package:flutter/src/rendering/box.dart:2391:11)
#54     RenderProxyBoxMixin.performLayout (package:flutter/src/rendering/proxy_box.dart:104:21)
#55     _RenderCustomClip.performLayout (package:flutter/src/rendering/proxy_box.dart:1444:11)
#56     RenderObject.layout (package:flutter/src/rendering/object.dart:2548:7)
#57     RenderBox.layout (package:flutter/src/rendering/box.dart:2391:11)
#58     RenderConstrainedBox.performLayout (package:flutter/src/rendering/proxy_box.dart:279:14)
#59     RenderObject.layout (package:flutter/src/rendering/object.dart:2548:7)
#60     RenderBox.layout (package:flutter/src/rendering/box.dart:2391:11)
#61     RenderPositionedBox.performLayout (package:flutter/src/rendering/shifted_box.dart:438:14)
#62     RenderObject.layout (package:flutter/src/rendering/object.dart:2548:7)
#63     RenderBox.layout (package:flutter/src/rendering/box.dart:2391:11)
#64     RenderPadding.performLayout (package:flutter/src/rendering/shifted_box.dart:238:12)
#65     RenderObject.layout (package:flutter/src/rendering/object.dart:2548:7)
#66     RenderBox.layout (package:flutter/src/rendering/box.dart:2391:11)
#67     RenderPadding.performLayout (package:flutter/src/rendering/shifted_box.dart:238:12)
#68     RenderObject.layout (package:flutter/src/rendering/object.dart:2548:7)
#69     RenderBox.layout (package:flutter/src/rendering/box.dart:2391:11)
#70     RenderPadding.performLayout (package:flutter/src/rendering/shifted_box.dart:238:12)
#71     RenderObject.layout (package:flutter/src/rendering/object.dart:2548:7)
#72     RenderBox.layout (package:flutter/src/rendering/box.dart:2391:11)
#73     RenderProxyBoxMixin.performLayout (package:flutter/src/rendering/proxy_box.dart:104:21)
#74     RenderObject.layout (package:flutter/src/rendering/object.dart:2548:7)
#75     RenderBox.layout (package:flutter/src/rendering/box.dart:2391:11)
#76     RenderProxyBoxMixin.performLayout (package:flutter/src/rendering/proxy_box.dart:104:21)
#77     RenderObject.layout (package:flutter/src/rendering/object.dart:2548:7)
#78     RenderBox.layout (package:flutter/src/rendering/box.dart:2391:11)
#79     RenderProxyBoxMixin.performLayout (package:flutter/src/rendering/proxy_box.dart:104:21)
#80     RenderObject.layout (package:flutter/src/rendering/object.dart:2548:7)
#81     RenderBox.layout (package:flutter/src/rendering/box.dart:2391:11)
#82     RenderProxyBoxMixin.performLayout (package:flutter/src/rendering/proxy_box.dart:104:21)
#83     RenderObject.layout (package:flutter/src/rendering/object.dart:2548:7)
#84     RenderBox.layout (package:flutter/src/rendering/box.dart:2391:11)
#85     RenderProxyBoxMixin.performLayout (package:flutter/src/rendering/proxy_box.dart:104:21)
#86     RenderObject.layout (package:flutter/src/rendering/object.dart:2548:7)
#87     RenderBox.layout (package:flutter/src/rendering/box.dart:2391:11)
#88     RenderProxyBoxMixin.performLayout (package:flutter/src/rendering/proxy_box.dart:104:21)
#89     RenderObject.layout (package:flutter/src/rendering/object.dart:2548:7)
#90     RenderBox.layout (package:flutter/src/rendering/box.dart:2391:11)
#91     RenderProxyBoxMixin.performLayout (package:flutter/src/rendering/proxy_box.dart:104:21)
#92     RenderOffstage.performLayout (package:flutter/src/rendering/proxy_box.dart:3741:13)
#93     RenderObject.layout (package:flutter/src/rendering/object.dart:2548:7)
#94     RenderBox.layout (package:flutter/src/rendering/box.dart:2391:11)
#95     RenderProxyBoxMixin.performLayout (package:flutter/src/rendering/proxy_box.dart:104:21)
#96     RenderObject.layout (package:flutter/src/rendering/object.dart:2548:7)
#97     RenderBox.layout (package:flutter/src/rendering/box.dart:2391:11)
#98     _RenderTheaterMixin.performLayout (package:flutter/src/widgets/overlay.dart:879:15)
#99     RenderObject.layout (package:flutter/src/rendering/object.dart:2548:7)
#100    RenderBox.layout (package:flutter/src/rendering/box.dart:2391:11)
#101    RenderProxyBoxMixin.performLayout (package:flutter/src/rendering/proxy_box.dart:104:21)
#102    RenderObject.layout (package:flutter/src/rendering/object.dart:2548:7)
#103    RenderBox.layout (package:flutter/src/rendering/box.dart:2391:11)
#104    RenderProxyBoxMixin.performLayout (package:flutter/src/rendering/proxy_box.dart:104:21)
#105    RenderObject.layout (package:flutter/src/rendering/object.dart:2548:7)
#106    RenderBox.layout (package:flutter/src/rendering/box.dart:2391:11)
#107    RenderProxyBoxMixin.performLayout (package:flutter/src/rendering/proxy_box.dart:104:21)
#108    RenderObject.layout (package:flutter/src/rendering/object.dart:2548:7)
#109    RenderBox.layout (package:flutter/src/rendering/box.dart:2391:11)
#110    RenderProxyBoxMixin.performLayout (package:flutter/src/rendering/proxy_box.dart:104:21)
#111    RenderObject.layout (package:flutter/src/rendering/object.dart:2548:7)
#112    RenderBox.layout (package:flutter/src/rendering/box.dart:2391:11)
#113    RenderProxyBoxMixin.performLayout (package:flutter/src/rendering/proxy_box.dart:104:21)
#114    RenderObject.layout (package:flutter/src/rendering/object.dart:2548:7)
#115    RenderBox.layout (package:flutter/src/rendering/box.dart:2391:11)
#116    RenderProxyBoxMixin.performLayout (package:flutter/src/rendering/proxy_box.dart:104:21)
#117    RenderObject.layout (package:flutter/src/rendering/object.dart:2548:7)
#118    RenderBox.layout (package:flutter/src/rendering/box.dart:2391:11)
#119    RenderProxyBoxMixin.performLayout (package:flutter/src/rendering/proxy_box.dart:104:21)
#120    RenderObject.layout (package:flutter/src/rendering/object.dart:2548:7)
#121    RenderBox.layout (package:flutter/src/rendering/box.dart:2391:11)
#122    RenderProxyBoxMixin.performLayout (package:flutter/src/rendering/proxy_box.dart:104:21)
#123    RenderObject.layout (package:flutter/src/rendering/object.dart:2548:7)
#124    RenderBox.layout (package:flutter/src/rendering/box.dart:2391:11)
#125    RenderProxyBoxMixin.performLayout (package:flutter/src/rendering/proxy_box.dart:104:21)
#126    RenderObject.layout (package:flutter/src/rendering/object.dart:2548:7)
#127    RenderBox.layout (package:flutter/src/rendering/box.dart:2391:11)
#128    RenderView.performLayout (package:flutter/src/rendering/view.dart:195:14)
#129    RenderObject._layoutWithoutResize (package:flutter/src/rendering/object.dart:2387:7)
#130    PipelineOwner.flushLayout (package:flutter/src/rendering/object.dart:1027:18)
#131    PipelineOwner.flushLayout (package:flutter/src/rendering/object.dart:1040:15)
#132    RendererBinding.drawFrame (package:flutter/src/r
ndering/binding.dart:591:23)
#133    WidgetsBinding.drawFrame (package:flutter/src/widgets/binding.dart:959:13)
#134    RendererBinding._handlePersistentFrameCallback (package:flutter/src/rendering/binding.dart:457:5)
#135    SchedulerBinding._invokeFrameCallback (package:flutter/src/scheduler/binding.dart:1325:15)
#136    SchedulerBinding.handleDrawFrame (package:flutter/src/scheduler/binding.dart:1255:9)
#137    SchedulerBinding.scheduleWarmUpFrame.<anonymous closure> (package:flutter/src/scheduler/binding.dart:978:7)
#138    Timer._createTimer.<anonymous closure> (dart:async-patch/timer_patch.dart:18:15)
#139    _Timer._runTimers (dart:isolate-patch/timer_impl.dart:398:19)
#140    _Timer._handleMessage (dart:isolate-patch/timer_impl.dart:429:5)
#141    _RawReceivePort._handleMessage (dart:isolate-patch/isolate_patch.dart:184:12)
3    RenderView.performLayout (package:flutter/src/rendering/view.dart:195:14)
#144    RenderObject._layoutWithoutResize (package:flutter/src/rendering/object.dart:2387:7)
#145    PipelineOwner.flushLayout (package:flutter/src/rendering/object.dart:1027:18)
#146    PipelineOwner.flushLayout (package:flutter/src/rendering/object.dart:1040:15)
#147    RendererBinding.drawFrame (package:flutter/src/rendering/binding.dart:591:23)
#148    WidgetsBinding.drawFrame (package:flutter/src/widgets/binding.dart:959:13)
#149    RendererBinding._handlePersistentFrameCallback (package:flutter/src/rendering/binding.dart:457:5)
#150    SchedulerBinding._invokeFrameCallback (package:flutter/src/scheduler/binding.dart:1325:15)
#151    SchedulerBinding.handleDrawFrame (package:flutter/src/scheduler/binding.dart:1255:9)
#152    SchedulerBinding.scheduleWarmUpFrame.<anonymous closure> (package:flutter/src/scheduler/binding.dart:978:7)
#153    Timer._createTimer.<anonymous closure> (dart:async-patch/timer_patch.dart:18:15)
#154    _Timer._runTimers (dart:isolate-patch/timer_impl.dart:398:19)
#155    _Timer._handleMessage (dart:isolate-patch/timer_impl.dart:429:5)
#156    _RawReceivePort._handleMessage (dart:isolate-patch/isolate_patch.dart:184:12)
rt:async-patch/timer_patch.dart:18:15)
#157    _Timer._runTimers (dart:isolate-patch/timer_impl.dart:398:19)
#158    _Timer._handleMessage (dart:isolate-patch/timer_impl.dart:429:5)
#159    _RawReceivePort._handleMessage (dart:isolate-patch/isolate_patch.dart:184:12)

package:flutter/src/rendering/box.dart': Failed assertion: line 1974 pos 12: 'hasSize': RenderBox was not laid out: RenderMouseRegion#26a8f relayoutBoundary=up14 NEEDS-PAINTAINTDS-PAINT
0      _AssertionError._doThrowNew (dart:core-patch/errors_patch.dart:51:61)
#1      _AssertionError._throwNew (dart:core-patch/errors_patch.dart:40:5)
#2      RenderBox.size (package:flutter/src/rendering/box.dart:1974:12)
#3      RenderProxyBoxMixin.performLayout (package:flutter/src/rendering/proxy_box.dart:104:65)
#4      RenderObject.layout (package:flutter/src/rendering/object.dart:2548:7)
#5      RenderBox.layout (package:flutter/src/rendering/box.dart:2391:11)
#6      RenderPadding.performLayout (package:flutter/src/rendering/shifted_box.dart:238:12)
#7      RenderObject.layout (package:flutter/src/rendering/object.dart:2548:7)
#8      RenderBox.layout (package:flutter/src/rendering/box.dart:2391:11)
#9      ChildLayoutHelper.layoutChild (package:flutter/src/rendering/layout_helper.dart:52:11)
#10     RenderFlex._computeSizes (package:flutter/src/rendering/flex.dart:868:45)
#11     RenderFlex.performLayout (package:flutter/src/rendering/flex.dart:903:32)
#12     RenderObject.layout (package:flutter/src/rendering/object.dart:2548:7)
#13     RenderBox.layout (package:flutter/src/rendering/box.dart:2391:11)
#14     ChildLayoutHelper.layoutChild (package:flutter/src/rendering/layout_helper.dart:52:11)
#15     RenderIntrinsicWidth._computeSize (package:flutter/src/rendering/proxy_box.dart:722:25)
#16     RenderIntrinsicWidth.performLayout (package:flutter/src/rendering/proxy_box.dart:738:12)
#17     RenderObject.layout (package:flutter/src/rendering/object.dart:2548:7)
#18     RenderBox.layout (package:flutter/src/rendering/box.dart:2391:11)
#19     RenderProxyBoxMixin.performLayout (package:flutter/src/rendering/proxy_box.dart:104:21)
#20     RenderObject.layout (package:flutter/src/rendering/object.dart:2548:7)
#21     RenderBox.layout (package:flutter/src/rendering/box.dart:2391:11)
#22     RenderProxyBoxMixin.performLayout (package:flutter/src/rendering/proxy_box.dart:104:21)
#23     RenderObject.layout (package:flutter/src/rendering/object.dart:2548:7)
#24     RenderBox.layout (package:flutter/src/rendering/box.dart:2391:11)
#25     RenderProxyBoxMixin.performLayout (package:flutter/src/rendering/proxy_box.dart:104:21)
#26     RenderCustomPaint.performLayout (package:flutter/src/rendering/custom_paint.dart:571:11)
#27     RenderObject.layout (package:flutter/src/rendering/object.dart:2548:7)
#28     RenderBox.layout (package:flutter/src/rendering/box.dart:2391:11)
#29     RenderProxyBoxMixin.performLayout (package:flutter/src/rendering/proxy_box.dart:104:21)
#30     _RenderCustomClip.performLayout (package:flutter/src/rendering/proxy_box.dart:1444:11)
#31     RenderObject.layout (package:flutter/src/rendering/object.dart:2548:7)
#32     RenderBox.layout (package:flutter/src/rendering/box.dart:2391:11)
#33     RenderConstrainedBox.performLayout (package:flutter/src/rendering/proxy_box.dart:279:14)
#34     RenderObject.layout (package:flutter/src/rendering/object.dart:2548:7)
#35     RenderBox.layout (package:flutter/src/rendering/box.dart:2391:11)
#36     RenderPositionedBox.performLayout (package:flutter/src/rendering/shifted_box.dart:438:14)
#37     RenderObject._layoutWithoutResize (package:flutter/src/rendering/object.dart:2387:7)
#38     PipelineOwner.flushLayout (package:flutter/src/rendering/object.dart:1027:18)
#39     PipelineOwner.flushLayout (package:flutter/src/rendering/object.dart:1040:15)
#40     RendererBinding.drawFrame (package:flutter/src/rendering/binding.dart:591:23)
#41     WidgetsBinding.drawFrame (package:flutter/src/widgets/binding.dart:959:13)
#42     RendererBinding._handlePersistentFrameCallback (package:flutter/src/rendering/binding.dart:457:5)
#43     SchedulerBinding._invokeFrameCallback (package:flutter/src/scheduler/binding.dart:1325:15)
#44     SchedulerBinding.handleDrawFrame (package:flutter/src/scheduler/binding.dart:1255:9)
#45     SchedulerBinding._handleDrawFrame (package:flutter/src/scheduler/binding.dart:1113:5)
#46     _invoke (dart:ui/hooks.dart:170:13)
#47     PlatformDispatcher._drawFrame (dart:ui/platform_dispatcher.dart:410:5)
#48     _drawFrame (dart:ui/hooks.dart:140:31)
ayout (package:flutter/src/rendering/box.dart:2391:11)
#50     RenderProxyBoxMixin.performLayout (package:flutter/src/rendering/proxy_box.dart:104:21)
#51     RenderObject.layout (package:flutter/src/rendering/object.dart:2548:7)
#52     RenderBox.layout (package:flutter/src/rendering/box.dart:2391:11)
#53     RenderProxyBoxMixin.performLayout (package:flutter/src/rendering/proxy_box.dart:104:21)
#54     RenderObject.layout (package:flutter/src/rendering/object.dart:2548:7)
#55     RenderBox.layout (package:flutter/src/rendering/box.dart:2391:11)
#56     RenderProxyBoxMixin.performLayout (package:flutter/src/rendering/proxy_box.dart:104:21)
#57     RenderCustomPaint.performLayout (package:flutter/src/rendering/custom_paint.dart:571:11)
#58     RenderObject.layout (package:flutter/src/rendering/object.dart:2548:7)
#59     RenderBox.layout (package:flutter/src/rendering/box.dart:2391:11)
#60     RenderProxyBoxMixin.performLayout (package:flutter/src/rendering/proxy_box.dart:104:21)
#61     _RenderCustomClip.performLayout (package:flutter/src/rendering/proxy_box.dart:1444:11)
#62     RenderObject.layout (package:flutter/src/rendering/object.dart:2548:7)
#63     RenderBox.layout (package:flutter/src/rendering/box.dart:2391:11)
#64     RenderConstrainedBox.performLayout (package:flutter/src/rendering/proxy_box.dart:279:14)
#65     RenderObject.layout (package:flutter/src/rendering/object.dart:2548:7)
#66     RenderBox.layout (package:flutter/src/rendering/box.dart:2391:11)
#67     RenderPositionedBox.performLayout (package:flutter/src/rendering/shifted_box.dart:438:14)
#68     RenderObject._layoutWithoutResize (package:flutter/src/rendering/object.dart:2387:7)
#69     PipelineOwner.flushLayout (package:flutter/src/rendering/object.dart:1027:18)
#70     PipelineOwner.flushLayout (package:flutter/src/rendering/object.dart:1040:15)
#71     RendererBinding.drawFrame (package:flutter/src/rendering/binding.dart:591:23)
#72     WidgetsBinding.drawFrame (package:flutter/src/widgets/binding.dart:959:13)
#73     RendererBinding._handlePersistentFrameCallback (package:flutter/src/rendering/binding.dart:457:5)
#74     SchedulerBinding._invokeFrameCallback (package:flutter/src/scheduler/binding.dart:1325:15)
#75     SchedulerBinding.handleDrawFrame (package:flutter/src/scheduler/binding.dart:1255:9)
#76     SchedulerBinding._handleDrawFrame (package:flutter/src/scheduler/binding.dart:1113:5)
#77     _invoke (dart:ui/hooks.dart:170:13)
#78     PlatformDispatcher._drawFrame (dart:ui/platform_dispatcher.dart:410:5)
#79     _drawFrame (dart:ui/hooks.dart:140:31)
erBinding._handleDrawFrame (package:flutter/src/scheduler/binding.dart:1113:5)
#80     _invoke (dart:ui/hooks.dart:170:13)
#81     PlatformDispatcher._drawFrame (dart:ui/platform_dispatcher.dart:410:5)
#82     _drawFrame (dart:ui/hooks.dart:140:31)
91:11)
#83     RenderPositionedBox.performLayout (package:flutter/src/rendering/shifted_box.dart:438:14)
#84     RenderObject._layoutWithoutResize (package:flutter/src/rendering/object.dart:2387:7)
#85     PipelineOwner.flushLayout (package:flutter/src/rendering/object.dart:1027:18)
#86     PipelineOwner.flushLayout (package:flutter/src/rendering/object.dart:1040:15)
#87     RendererBinding.drawFrame (package:flutter/src/rendering/binding.dart:591:23)
#88     WidgetsBinding.drawFrame (package:flutter/src/widgets/binding.dart:959:13)
#89     RendererBinding._handlePersistentFrameCallback (package:flutter/src/rendering/binding.dart:457:5)
#90     SchedulerBinding._invokeFrameCallback (package:flutter/src/scheduler/binding.dart:1325:15)
#91     SchedulerBinding.handleDrawFrame (package:flutter/src/scheduler/binding.dart:1255:9)
#92     SchedulerBinding._handleDrawFrame (package:flutter/src/scheduler/binding.dart:1113:5)
#93     _invoke (dart:ui/hooks.dart:170:13)
#94     PlatformDispatcher._drawFrame (dart:ui/platform_dispatcher.dart:410:5)
#95     _drawFrame (dart:ui/hooks.dart:140:31)

package:flutter/src/rendering/box.dart': Failed assertion: line 1974 pos 12: 'hasSize': RenderBox was not laid out: RenderCustomPaint#54a9e relayoutBoundary=up15 NEEDS-PAINTAINTPAINTe:flutter/src/rendering/box.dart:1974:12)
#3      RenderProxyBoxMixin.performLayout (package:flutter/src/rendering/proxy_box.dart:104:65)
#4      RenderObject.layout (package:flutter/src/rendering/object.dart:2548:7)
#5      RenderBox.layout (package:flutter/src/rendering/box.dart:2391:11)
#6      RenderProxyBoxMixin.performLayout (package:flutter/src/rendering/proxy_box.dart:104:21)
#7      RenderObject.layout (package:flutter/src/rendering/object.dart:2548:7)
#8      RenderBox.layout (package:flutter/src/rendering/box.dart:2391:11)
#9      RenderPadding.performLayout (package:flutter/src/rendering/shifted_box.dart:238:12)
#10     RenderObject.layout (package:flutter/src/rendering/object.dart:2548:7)
#11     RenderBox.layout (package:flutter/src/rendering/box.dart:2391:11)
#12     ChildLayoutHelper.layoutChild (package:flutter/src/rendering/layout_helper.dart:52:11)
#13     RenderFlex._computeSizes (package:flutter/src/rendering/flex.dart:868:45)
#14     RenderFlex.performLayout (package:flutter/src/rendering/flex.dart:903:32)
#15     RenderObject.layout (package:flutter/src/rendering/object.dart:2548:7)
#16     RenderBox.layout (package:flutter/src/rendering/box.dart:2391:11)
#17     ChildLayoutHelper.layoutChild (package:flutter/src/rendering/layout_helper.dart:52:11)
#18     RenderIntrinsicWidth._computeSize (package:flutter/src/rendering/proxy_box.dart:722:25)
#19     RenderIntrinsicWidth.performLayout (package:flutter/src/rendering/proxy_box.dart:738:12)
#20     RenderObject.layout (package:flutter/src/rendering/object.dart:2548:7)
#21     RenderBox.layout (package:flutter/src/rendering/box.dart:2391:11)
#22     RenderProxyBoxMixin.performLayout (package:flutter/src/rendering/proxy_box.dart:104:21)
#23     RenderObject.layout (package:flutter/src/rendering/object.dart:2548:7)
#24     RenderBox.layout (package:flutter/src/rendering/box.dart:2391:11)
#25     RenderProxyBoxMixin.performLayout (package:flutter/src/rendering/proxy_box.dart:104:21)
#26     RenderObject.layout (package:flutter/src/rendering/object.dart:2548:7)
#27     RenderBox.layout (package:flutter/src/rendering/box.dart:2391:11)
#28     RenderProxyBoxMixin.performLayout (package:flutter/src/rendering/proxy_box.dart:104:21)
#29     RenderCustomPaint.performLayout (package:flutter/src/rendering/custom_paint.dart:571:11)
#30     RenderObject.layout (package:flutter/src/rendering/object.dart:2548:7)
#31     RenderBox.layout (package:flutter/src/rendering/box.dart:2391:11)
#32     RenderProxyBoxMixin.performLayout (package:flutter/src/rendering/proxy_box.dart:104:21)
#33     _RenderCustomClip.performLayout (package:flutter/src/rendering/proxy_box.dart:1444:11)
#34     RenderObject.layout (package:flutter/src/rendering/object.dart:2548:7)
#35     RenderBox.layout (package:flutter/src/rendering/box.dart:2391:11)
#36     RenderConstrainedBox.performLayout (package:flutter/src/rendering/proxy_box.dart:279:14)
#37     RenderObject.layout (package:flutter/src/rendering/object.dart:2548:7)
#38     RenderBox.layout (package:flutter/src/rendering/box.dart:2391:11)
#39     RenderPositionedBox.performLayout (package:flutter/src/rendering/shifted_box.dart:438:14)
#40     RenderObject._layoutWithoutResize (package:flutter/src/rendering/object.dart:2387:7)
#41     PipelineOwner.flushLayout (package:flutter/src/rendering/object.dart:1027:18)
#42     PipelineOwner.flushLayout (package:flutter/src/rendering/object.dart:1040:15)
#43     RendererBinding.drawFrame (package:flutter/src/rendering/binding.dart:591:23)
#44     WidgetsBinding.drawFrame (package:flutter/src/widgets/binding.dart:959:13)
#45     RendererBinding._handlePersistentFrameCallback (package:flutter/src/rendering/binding.dart:457:5)
#46     SchedulerBinding._invokeFrameCallback (package:flutter/src/scheduler/binding.dart:1325:15)
#47     SchedulerBinding.handleDrawFrame (package:flutter/src/scheduler/binding.dart:1255:9)
#48     SchedulerBinding._handleDrawFrame (package:flutter/src/scheduler/binding.dart:1113:5)
#49     _invoke (dart:ui/hooks.dart:170:13)
#50     PlatformDispatcher._drawFrame (dart:ui/platform_dispatcher.dart:410:5)
#51     _drawFrame (dart:ui/hooks.dart:140:31)
2     RenderConstrainedBox.performLayout (package:flutter/src/rendering/proxy_box.dart:279:14)
#53     RenderObject.layout (package:flutter/src/rendering/object.dart:2548:7)
#54     RenderBox.layout (package:flutter/src/rendering/box.dart:2391:11)
#55     RenderPositionedBox.performLayout (package:flutter/src/rendering/shifted_box.dart:438:14)
#56     RenderObject._layoutWithoutResize (package:flutter/src/rendering/object.dart:2387:7)
#57     PipelineOwner.flushLayout (package:flutter/src/rendering/object.dart:1027:18)
#58     PipelineOwner.flushLayout (package:flutter/src/rendering/object.dart:1040:15)
#59     RendererBinding.drawFrame (package:flutter/src/rendering/binding.dart:591:23)
#60     WidgetsBinding.drawFrame (package:flutter/src/widgets/binding.dart:959:13)
#61     RendererBinding._handlePersistentFrameCallback (package:flutter/src/rendering/binding.dart:457:5)
#62     SchedulerBinding._invokeFrameCallback (package:flutter/src/scheduler/binding.dart:1325:15)
#63     SchedulerBinding.handleDrawFrame (package:flutter/src/scheduler/binding.dart:1255:9)
#64     SchedulerBinding._handleDrawFrame (package:flutter/src/scheduler/binding.dart:1113:5)
#65     _invoke (dart:ui/hooks.dart:170:13)
#66     PlatformDispatcher._drawFrame (dart:ui/platform_dispatcher.dart:410:5)
#67     _drawFrame (dart:ui/hooks.dart:140:31)
flutter/src/rendering/binding.dart:457:5)
#68     SchedulerBinding._invokeFrameCallback (package:flutter/src/scheduler/binding.dart:1325:15)
#69     SchedulerBinding.handleDrawFrame (package:flutter/src/scheduler/binding.dart:1255:9)
#70     SchedulerBinding._handleDrawFrame (package:flutter/src/scheduler/binding.dart:1113:5)
#71     _invoke (dart:ui/hooks.dart:170:13)
#72     PlatformDispatcher._drawFrame (dart:ui/platform_dispatcher.dart:410:5)
#73     _drawFrame (dart:ui/hooks.dart:140:31)
4     RenderObject.layout (package:flutter/src/rendering/object.dart:2548:7)
#75     RenderBox.layout (package:flutter/src/rendering/box.dart:2391:11)
#76     RenderPositionedBox.performLayout (package:flutter/src/rendering/shifted_box.dart:438:14)
#77     RenderObject._layoutWithoutResize (package:flutter/src/rendering/object.dart:2387:7)
#78     PipelineOwner.flushLayout (package:flutter/src/rendering/object.dart:1027:18)
#79     PipelineOwner.flushLayout (package:flutter/src/rendering/object.dart:1040:15)
#80     RendererBinding.drawFrame (package:flutter/src/rendering/binding.dart:591:23)
#81     WidgetsBinding.drawFrame (package:flutter/src/widgets/binding.dart:959:13)
#82     RendererBinding._handlePersistentFrameCallback (package:flutter/src/rendering/binding.dart:457:5)
#83     SchedulerBinding._invokeFrameCallback (package:flutter/src/scheduler/binding.dart:1325:15)
#84     SchedulerBinding.handleDrawFrame (package:flutter/src/scheduler/binding.dart:1255:9)
#85     SchedulerBinding._handleDrawFrame (package:flutter/src/scheduler/binding.dart:1113:5)
#86     _invoke (dart:ui/hooks.dart:170:13)
#87     PlatformDispatcher._drawFrame (dart:ui/platform_dispatcher.dart:410:5)
#88     _drawFrame (dart:ui/hooks.dart:140:31)
#0      _AssertionError._doThrowNew (dart:core-patch/errors_patch.dart:51:61)
#1      _AssertionError._throwNew (dart:core-patch/errors_patch.dart:40:5)
#2      RenderBox.size (package:flutter/src/rendering/box.dart:1974:12)
#3      RenderProxyBoxMixin.performLayout (package:flutter/src/rendering/proxy_box.dart:104:65)
#4      RenderObject.layout (package:flutter/src/rendering/object.dart:2548:7)
#5      RenderBox.layout (package:flutter/src/rendering/box.dart:2391:11)
#6      RenderPadding.performLayout (package:flutter/src/rendering/shifted_box.dart:238:12)
#7      RenderObject.layout (package:flutter/src/rendering/object.dart:2548:7)
#8      RenderBox.layout (package:flutter/src/rendering/box.dart:2391:11)
#9      ChildLayoutHelper.layoutChild (package:flutter/src/rendering/layout_helper.dart:52:11)
#10     RenderFlex._computeSizes (package:flutter/src/rendering/flex.dart:868:45)
#11     RenderFlex.performLayout (package:flutter/src/rendering/flex.dart:903:32)
#12     RenderObject.layout (package:flutter/src/rendering/object.dart:2548:7)
#13     RenderBox.layout (package:flutter/src/rendering/box.dart:2391:11)
#14     ChildLayoutHelper.layoutChild (package:flutter/src/rendering/layout_helper.dart:52:11)
#15     RenderIntrinsicWidth._computeSize (package:flutter/src/rendering/proxy_box.dart:722:25)
#16     RenderIntrinsicWidth.performLayout (package:flutter/src/rendering/proxy_box.dart:738:12)
#17     RenderObject.layout (package:flutter/src/rendering/object.dart:2548:7)
#18     RenderBox.layout (package:flutter/src/rendering/box.dart:2391:11)
#19     RenderProxyBoxMixin.performLayout (package:flutter/src/rendering/proxy_box.dart:104:21)
#20     RenderObject.layout (package:flutter/src/rendering/object.dart:2548:7)
#21     RenderBox.layout (package:flutter/src/rendering/box.dart:2391:11)
#22     RenderProxyBoxMixin.performLayout (package:flutter/src/rendering/proxy_box.dart:104:21)
#23     RenderObject.layout (package:flutter/src/rendering/object.dart:2548:7)
#24     RenderBox.layout (package:flutter/src/rendering/box.dart:2391:11)
#25     RenderProxyBoxMixin.performLayout (package:flutter/src/rendering/proxy_box.dart:104:21)
#26     RenderCustomPaint.performLayout (package:flutter/src/rendering/custom_paint.dart:571:11)
#27     RenderObject.layout (package:flutter/src/rendering/object.dart:2548:7)
#28     RenderBox.layout (package:flutter/src/rendering/box.dart:2391:11)
#29     RenderProxyBoxMixin.performLayout (package:flutter/src/rendering/proxy_box.dart:104:21)
#30     _RenderCustomClip.performLayout (package:flutter/src/rendering/proxy_box.dart:1444:11)
#31     RenderObject.layout (package:flutter/src/rendering/object.dart:2548:7)
#32     RenderBox.layout (package:flutter/src/rendering/box.dart:2391:11)
#33     RenderConstrainedBox.performLayout (package:flutter/src/rendering/proxy_box.dart:279:14)
#34     RenderObject.layout (package:flutter/src/rendering/object.dart:2548:7)
#35     RenderBox.layout (package:flutter/src/rendering/box.dart:2391:11)
#36     RenderPositionedBox.performLayout (package:flutter/src/rendering/shifted_box.dart:438:14)
#37     RenderObject._layoutWithoutResize (package:flutter/src/rendering/object.dart:2387:7)
#38     PipelineOwner.flushLayout (package:flutter/src/rendering/object.dart:1027:18)
#39     PipelineOwner.flushLayout (package:flutter/src/rendering/object.dart:1040:15)
#40     RendererBinding.drawFrame (package:flutter/src/rendering/binding.dart:591:23)
#41     WidgetsBinding.drawFrame (package:flutter/src/widgets/binding.dart:959:13)
#42     RendererBinding._handlePersistentFrameCallback (package:flutter/src/rendering/binding.dart:457:5)
#43     SchedulerBinding._invokeFrameCallback (package:flutter/src/scheduler/binding.dart:1325:15)
#44     SchedulerBinding.handleDrawFrame (package:flutter/src/scheduler/binding.dart:1255:9)
#45     SchedulerBinding._handleDrawFrame (package:flutter/src/scheduler/binding.dart:1113:5)
#46     _invoke (dart:ui/hooks.dart:170:13)
#47     PlatformDispatcher._drawFrame (dart:ui/platform_dispatcher.dart:410:5)
#48     _drawFrame (dart:ui/hooks.dart:140:31)
#0      _AssertionError._doThrowNew (dart:core-patch/errors_patch.dart:51:61)
#1      _AssertionError._throwNew (dart:core-patch/errors_patch.dart:40:5)
#2      RenderBox.size (package:flutter/src/rendering/box.dart:1974:12)
#3      RenderProxyBoxMixin.performLayout (package:flutter/src/rendering/proxy_box.dart:104:65)
#4      RenderObject.layout (package:flutter/src/rendering/object.dart:2548:7)
#5      RenderBox.layout (package:flutter/src/rendering/box.dart:2391:11)
#6      RenderProxyBoxMixin.performLayout (package:flutter/src/rendering/proxy_box.dart:104:21)
#7      RenderObject.layout (package:flutter/src/rendering/object.dart:2548:7)
#8      RenderBox.layout (package:flutter/src/rendering/box.dart:2391:11)
#9      RenderProxyBoxMixin.performLayout (package:flutter/src/rendering/proxy_box.dart:104:21)
#10     RenderObject.layout (package:flutter/src/rendering/object.dart:2548:7)
#11     RenderBox.layout (package:flutter/src/rendering/box.dart:2391:11)
#12     RenderPadding.performLayout (package:flutter/src/rendering/shifted_box.dart:238:12)
#13     RenderObject.layout (package:flutter/src/rendering/object.dart:2548:7)
#14     RenderBox.layout (package:flutter/src/rendering/box.dart:2391:11)
#15     ChildLayoutHelper.layoutChild (package:flutter/src/rendering/layout_helper.dart:52:11)
#16     RenderFlex._computeSizes (package:flutter/src/rendering/flex.dart:868:45)
#17     RenderFlex.performLayout (package:flutter/src/rendering/flex.dart:903:32)
#18     RenderObject.layout (package:flutter/src/rendering/object.dart:2548:7)
#19     RenderBox.layout (package:flutter/src/rendering/box.dart:2391:11)
#20     ChildLayoutHelper.layoutChild (package:flutter/src/rendering/layout_helper.dart:52:11)
#21     RenderIntrinsicWidth._computeSize (package:flutter/src/rendering/proxy_box.dart:722:25)
#22     RenderIntrinsicWidth.performLayout (package:flutter/src/rendering/proxy_box.dart:738:12)
#23     RenderObject.layout (package:flutter/src/rendering/object.dart:2548:7)
#24     RenderBox.layout (package:flutter/src/rendering/box.dart:2391:11)
#25     RenderProxyBoxMixin.performLayout (package:flutter/src/rendering/proxy_box.dart:104:21)
#26     RenderObject.layout (package:flutter/src/rendering/object.dart:2548:7)
#27     RenderBox.layout (package:flutter/src/rendering/box.dart:2391:11)
#28     RenderProxyBoxMixin.performLayout (package:flutter/src/rendering/proxy_box.dart:104:21)
#29     RenderObject.layout (package:flutter/src/rendering/object.dart:2548:7)
#30     RenderBox.layout (package:flutter/src/rendering/box.dart:2391:11)
#31     RenderProxyBoxMixin.performLayout (package:flutter/src/rendering/proxy_box.dart:104:21)
#32     RenderCustomPaint.performLayout (package:flutter/src/rendering/custom_paint.dart:571:11)
#33     RenderObject.layout (package:flutter/src/rendering/object.dart:2548:7)
#34     RenderBox.layout (package:flutter/src/rendering/box.dart:2391:11)
#35     RenderProxyBoxMixin.performLayout (package:flutter/src/rendering/proxy_box.dart:104:21)
#36     _RenderCustomClip.performLayout (package:flutter/src/rendering/proxy_box.dart:1444:11)
#37     RenderObject.layout (package:flutter/src/rendering/object.dart:2548:7)
#38     RenderBox.layout (package:flutter/src/rendering/box.dart:2391:11)
#39     RenderConstrainedBox.performLayout (package:flutter/src/rendering/proxy_box.dart:279:14)
#40     RenderObject.layout (package:flutter/src/rendering/object.dart:2548:7)
#41     RenderBox.layout (package:flutter/src/rendering/box.dart:2391:11)
#42     RenderPositionedBox.performLayout (package:flutter/src/rendering/shifted_box.dart:438:14)
#43     RenderObject._layoutWithoutResize (package:flutter/src/rendering/object.dart:2387:7)
#44     PipelineOwner.flushLayout (package:flutter/src/rendering/object.dart:1027:18)
#45     PipelineOwner.flushLayout (package:flutter/src/rendering/object.dart:1040:15)
#46     RendererBinding.drawFrame (package:flutter/src/rendering/binding.dart:591:23)
#47     WidgetsBinding.drawFrame (package:flutter/src/widgets/binding.dart:959:13)
#48     RendererBinding._handlePersistentFrameCallback (package:flutter/src/rendering/binding.dart:457:5)
#49     SchedulerBinding._invokeFrameCallback (package:flutter/src/scheduler/binding.dart:1325:15)
#50     SchedulerBinding.handleDrawFrame (package:flutter/src/scheduler/binding.dart:1255:9)
#51     SchedulerBinding._handleDrawFrame (package:flutter/src/scheduler/binding.dart:1113:5)
#52     _invoke (dart:ui/hooks.dart:170:13)
#53     PlatformDispatcher._drawFrame (dart:ui/platform_dispatcher.dart:410:5)
#54     _drawFrame (dart:ui/hooks.dart:140:31)
ayout (package:flutter/src/rendering/box.dart:2391:11)
#56     RenderProxyBoxMixin.performLayout (package:flutter/src/rendering/proxy_box.dart:104:21)
#57     RenderCustomPaint.performLayout (package:flutter/src/rendering/custom_paint.dart:571:11)
#58     RenderObject.layout (package:flutter/src/rendering/object.dart:2548:7)
#59     RenderBox.layout (package:flutter/src/rendering/box.dart:2391:11)
#60     RenderProxyBoxMixin.performLayout (package:flutter/src/rendering/proxy_box.dart:104:21)
#61     _RenderCustomClip.performLayout (package:flutter/src/rendering/proxy_box.dart:1444:11)
#62     RenderObject.layout (package:flutter/src/rendering/object.dart:2548:7)
#63     RenderBox.layout (package:flutter/src/rendering/box.dart:2391:11)
#64     RenderConstrainedBox.performLayout (package:flutter/src/rendering/proxy_box.dart:279:14)
#65     RenderObject.layout (package:flutter/src/rendering/object.dart:2548:7)
#66     RenderBox.layout (package:flutter/src/rendering/box.dart:2391:11)
#67     RenderPositionedBox.performLayout (package:flutter/src/rendering/shifted_box.dart:438:14)
#68     RenderObject._layoutWithoutResize (package:flutter/src/rendering/object.dart:2387:7)
#69     PipelineOwner.flushLayout (package:flutter/src/rendering/object.dart:1027:18)
#70     PipelineOwner.flushLayout (package:flutter/src/rendering/object.dart:1040:15)
#71     RendererBinding.drawFrame (package:flutter/src/rendering/binding.dart:591:23)
#72     WidgetsBinding.drawFrame (package:flutter/src/widgets/binding.dart:959:13)
#73     RendererBinding._handlePersistentFrameCallback (package:flutter/src/rendering/binding.dart:457:5)
#74     SchedulerBinding._invokeFrameCallback (package:flutter/src/scheduler/binding.dart:1325:15)
#75     SchedulerBinding.handleDrawFrame (package:flutter/src/scheduler/binding.dart:1255:9)
#76     SchedulerBinding._handleDrawFrame (package:flutter/src/scheduler/binding.dart:1113:5)
#77     _invoke (dart:ui/hooks.dart:170:13)
#78     PlatformDispatcher._drawFrame (dart:ui/platform_dispatcher.dart:410:5)
#79     _drawFrame (dart:ui/hooks.dart:140:31)
t.dart:1040:15)
#80     RendererBinding.drawFrame (package:flutter/src/rendering/binding.dart:591:23)
#81     WidgetsBinding.drawFrame (package:flutter/src/widgets/binding.dart:959:13)
#82     RendererBinding._handlePersistentFrameCallback (package:flutter/src/rendering/binding.dart:457:5)
#83     SchedulerBinding._invokeFrameCallback (package:flutter/src/scheduler/binding.dart:1325:15)
#84     SchedulerBinding.handleDrawFrame (package:flutter/src/scheduler/binding.dart:1255:9)
#85     SchedulerBinding._handleDrawFrame (package:flutter/src/scheduler/binding.dart:1113:5)
#86     _invoke (dart:ui/hooks.dart:170:13)
#87     PlatformDispatcher._drawFrame (dart:ui/platform_dispatcher.dart:410:5)
#88     _drawFrame (dart:ui/hooks.dart:140:31)
  SchedulerBinding.handleDrawFrame (package:flutter/src/scheduler/binding.dart:1255:9)
#89     SchedulerBinding._handleDrawFrame (package:flutter/src/scheduler/binding.dart:1113:5)
#90     _invoke (dart:ui/hooks.dart:170:13)
#91     PlatformDispatcher._drawFrame (dart:ui/platform_dispatcher.dart:410:5)
#92     _drawFrame (dart:ui/hooks.dart:140:31)
#0      _AssertionError._doThrowNew (dart:core-patch/errors_patch.dart:51:61)
#1      _AssertionError._throwNew (dart:core-patch/errors_patch.dart:40:5)
#2      RenderBox.size (package:flutter/src/rendering/box.dart:1974:12)
#3      RenderProxyBoxMixin.performLayout (package:flutter/src/rendering/proxy_box.dart:104:65)
#4      RenderCustomPaint.performLayout (package:flutter/src/rendering/custom_paint.dart:571:11)
#5      RenderObject.layout (package:flutter/src/rendering/object.dart:2548:7)
#6      RenderBox.layout (package:flutter/src/rendering/box.dart:2391:11)
#7      RenderProxyBoxMixin.performLayout (package:flutter/src/rendering/proxy_box.dart:104:21)
#8      RenderObject.layout (package:flutter/src/rendering/object.dart:2548:7)
#9      RenderBox.layout (package:flutter/src/rendering/box.dart:2391:11)
#10     RenderProxyBoxMixin.performLayout (package:flutter/src/rendering/proxy_box.dart:104:21)
#11     RenderObject.layout (package:flutter/src/rendering/object.dart:2548:7)
#12     RenderBox.layout (package:flutter/src/rendering/box.dart:2391:11)
#13     RenderProxyBoxMixin.performLayout (package:flutter/src/rendering/proxy_box.dart:104:21)
#14     RenderObject.layout (package:flutter/src/rendering/object.dart:2548:7)
#15     RenderBox.layout (package:flutter/src/rendering/box.dart:2391:11)
#16     RenderProxyBoxMixin.performLayout (package:flutter/src/rendering/proxy_box.dart:104:21)
#17     RenderObject.layout (package:flutter/src/rendering/object.dart:2548:7)
#18     RenderBox.layout (package:flutter/src/rendering/box.dart:2391:11)
#19     RenderProxyBoxMixin.performLayout (package:flutter/src/rendering/proxy_box.dart:104:21)
#20     RenderObject.layout (package:flutter/src/rendering/object.dart:2548:7)
#21     RenderBox.layout (package:flutter/src/rendering/box.dart:2391:11)
#22     RenderProxyBoxMixin.performLayout (package:flutter/src/rendering/proxy_box.dart:104:21)
#23     RenderObject.layout (package:flutter/src/rendering/object.dart:2548:7)
#24     RenderBox.layout (package:flutter/src/rendering/box.dart:2391:11)
#25     RenderPadding.performLayout (package:flutter/src/rendering/shifted_box.dart:238:12)
#26     RenderObject.layout (package:flutter/src/rendering/object.dart:2548:7)
#27     RenderBox.layout (package:flutter/src/rendering/box.dart:2391:11)
#28     ChildLayoutHelper.layoutChild (package:flutter/src/rendering/layout_helper.dart:52:11)
#29     RenderFlex._computeSizes (package:flutter/src/rendering/flex.dart:868:45)
#30     RenderFlex.performLayout (package:flutter/src/rendering/flex.dart:903:32)
#31     RenderObject.layout (package:flutter/src/rendering/object.dart:2548:7)
#32     RenderBox.layout (package:flutter/src/rendering/box.dart:2391:11)
#33     ChildLayoutHelper.layoutChild (package:flutter/src/rendering/layout_helper.dart:52:11)
#34     RenderIntrinsicWidth._computeSize (package:flutter/src/rendering/proxy_box.dart:722:25)
#35     RenderIntrinsicWidth.performLayout (package:flutter/src/rendering/proxy_box.dart:738:12)
#36     RenderObject.layout (package:flutter/src/rendering/object.dart:2548:7)
#37     RenderBox.layout (package:flutter/src/rendering/box.dart:2391:11)
#38     RenderProxyBoxMixin.performLayout (package:flutter/src/rendering/proxy_box.dart:104:21)
#39     RenderObject.layout (package:flutter/src/rendering/object.dart:2548:7)
#40     RenderBox.layout (package:flutter/src/rendering/box.dart:2391:11)
#41     RenderProxyBoxMixin.performLayout (package:flutter/src/rendering/proxy_box.dart:104:21)
#42     RenderObject.layout (package:flutter/src/rendering/object.dart:2548:7)
#43     RenderBox.layout (package:flutter/src/rendering/box.dart:2391:11)
#44     RenderProxyBoxMixin.performLayout (package:flutter/src/rendering/proxy_box.dart:104:21)
#45     RenderCustomPaint.performLayout (package:flutter/src/rendering/custom_paint.dart:571:11)
#46     RenderObject.layout (package:flutter/src/rendering/object.dart:2548:7)
#47     RenderBox.layout (package:flutter/src/rendering/box.dart:2391:11)
#48     RenderProxyBoxMixin.performLayout (package:flutter/src/rendering/proxy_box.dart:104:21)
#49     _RenderCustomClip.performLayout (package:flutter/src/rendering/proxy_box.dart:1444:11)
#50     RenderObject.layout (package:flutter/src/rendering/object.dart:2548:7)
#51     RenderBox.layout (package:flutter/src/rendering/box.dart:2391:11)
#5'package:flutter/src/rendering/box.dart': Failed assertion: line 1974 pos 12: 'hasSize': RenderBox was not laid out: RenderSemanticsGestureHandler#8638b relayoutBoundary=up12 NEEDS-PAINTerBox.layout (package:flutter/src/rendering/box.dart:2391:11)
#55     RenderPositionedBox.performLayout (package:flutter/src/rendering/shifted_box.dart:438:14)
#56     RenderObject._layoutWithoutResize (package:flutter/src/rendering/object.dart:2387:7)
#57     PipelineOwner.flushLayout (package:flutter/src/rendering/object.dart:1027:18)
#58     PipelineOwner.flushLayout (package:flutter/src/rendering/object.dart:1040:15)
#59     RendererBinding.drawFrame (package:flutter/src/rendering/binding.dart:591:23)
#60     WidgetsBinding.drawFrame (package:flutter/src/widgets/binding.dart:959:13)
#61     RendererBinding._handlePersistentFrameCallback (package:flutter/src/rendering/binding.dart:457:5)
#62     SchedulerBinding._invokeFrameCallback (package:flutter/src/scheduler/binding.dart:1325:15)
#63     SchedulerBinding.handleDrawFrame (package:flutter/src/scheduler/binding.dart:1255:9)
#64     SchedulerBinding._handleDrawFrame (package:flutter/src/scheduler/binding.dart:1113:5)
#65     _invoke (dart:ui/hooks.dart:170:13)
#66     PlatformDispatcher._drawFrame (dart:ui/platform_dispatcher.dart:410:5)
#67     _drawFrame (dart:ui/hooks.dart:140:31)
'package:flutter/src/rendering/box.dart': Failed assertion: line 1974 pos 12: 'hasSize': RenderBox was not laid out: RenderRepaintBoundary#53e84 relayoutBoundary=up10 NEEDS-PAINT'package:flutter/src/rendering/box.dart': Failed assertion: line 1974 pos 12: 'hasSize': RenderBox was not laid out: RenderSemanticsAnnotations#50e37 relayoutBoundary=up21 NEEDS-PAINT#0      _AssertionError._doThrowNew (dart:core-patch/errors_patch.dart:51:61)
#1      _AssertionError._throwNew (dart:core-patch/errors_patch.dart:40:5)
#2      RenderBox.size (package:flutter/src/rendering/box.dart:1974:12)
#3      RenderProxyBoxMixin.performLayout (package:flutter/src/rendering/proxy_box.dart:104:65)
#4      RenderObject.layout (package:flutter/src/rendering/object.dart:2548:7)
#5      RenderBox.layout (package:flutter/src/rendering/box.dart:2391:11)
#6      RenderProxyBoxMixin.performLayout (package:flutter/src/rendering/proxy_box.dart:104:21)
#7      RenderObject.layout (package:flutter/src/rendering/object.dart:2548:7)
#8      RenderBox.layout (package:flutter/src/rendering/box.dart:2391:11)
#9      RenderProxyBoxMixin.performLayout (package:flutter/src/rendering/proxy_box.dart:104:21)
#10     RenderObject.layout (package:flutter/src/rendering/object.dart:2548:7)
#11     RenderBox.layout (package:flutter/src/rendering/box.dart:2391:11)
#12     RenderProxyBoxMixin.performLayout (package:flutter/src/rendering/proxy_box.dart:104:21)
#13     RenderObject.layout (package:flutter/src/rendering/object.dart:2548:7)
#14     RenderBox.layout (package:flutter/src/rendering/box.dart:2391:11)
#15     RenderProxyBoxMixin.performLayout (package:flutter/src/rendering/proxy_box.dart:104:21)
#16     RenderObject.layout (package:flutter/src/rendering/object.dart:2548:7)
#17     RenderBox.layout (package:flutter/src/rendering/box.dart:2391:11)
#18     RenderProxyBoxMixin.performLayout (package:flutter/src/rendering/proxy_box.dart:104:21)
#19     RenderCustomPaint.performLayout (package:flutter/src/rendering/custom_paint.dart:571:11)
#20     RenderObject.layout (package:flutter/src/rendering/object.dart:2548:7)
#21     RenderBox.layout (package:flutter/src/rendering/box.dart:2391:11)
#22     RenderProxyBoxMixin.performLayout (package:flutter/src/rendering/proxy_box.dart:104:21)
#23     RenderObject.layout (package:flutter/src/rendering/object.dart:2548:7)
#24     RenderBox.layout (package:flutter/src/rendering/box.dart:2391:11)
#25     RenderProxyBoxMixin.performLayout (package:flutter/src/rendering/proxy_box.dart:104:21)
#26     RenderObject.layout (package:flutter/src/rendering/object.dart:2548:7)
#27     RenderBox.layout (package:flutter/src/rendering/box.dart:2391:11)
#28     RenderProxyBoxMixin.performLayout (package:flutter/src/rendering/proxy_box.dart:104:21)
#29     RenderObject.layout (package:flutter/src/rendering/object.dart:2548:7)
#30     RenderBox.layout (package:flutter/src/rendering/box.dart:2391:11)
#31     RenderProxyBoxMixin.performLayout (package:flutter/src/rendering/proxy_box.dart:104:21)
#32     RenderObject.layout (package:flutter/src/rendering/object.dart:2548:7)
#33     RenderBox.layout (package:flutter/src/rendering/box.dart:2391:11)
#34     RenderProxyBoxMixin.performLayout (package:flutter/src/rendering/proxy_box.dart:104:21)
#35     RenderObject.layout (package:flutter/src/rendering/object.dart:2548:7)
#36     RenderBox.layout (package:flutter/src/rendering/box.dart:2391:11)
#37     RenderProxyBoxMixin.performLayout (package:flutter/src/rendering/proxy_box.dart:104:21)
#38     RenderObject.layout (package:flutter/src/rendering/object.dart:2548:7)
#39     RenderBox.layout (package:flutter/src/rendering/box.dart:2391:11)
#40     RenderPadding.performLayout (package:flutter/src/rendering/shifted_box.dart:238:12)
#41     RenderObject.layout (package:flutter/src/rendering/object.dart:2548:7)
#42     RenderBox.layout (package:flutter/src/rendering/box.dart:2391:11)
#43     ChildLayoutHelper.layoutChild (package:flutter/src/rendering/layout_helper.dart:52:11)
#44     RenderFlex._computeSizes (package:flutter/src/rendering/flex.dart:868:45)
#45     RenderFlex.performLayout (package:flutter/src/rendering/flex.dart:903:32)
#46     RenderObject.layout (package:flutter/src/rendering/object.dart:2548:7)
#47     RenderBox.layout (package:flutter/src/rendering/box.dart:2391:11)
#48     ChildLayoutHelper.layoutChild (package:flutter/src/rendering/layout_helper.dart:52:11)
#49     RenderIntrinsicWidth._computeSize (package:flutter/src/rendering/proxy_box.dart:722:25)
#50     RenderIntrinsicWidth.performLayout (package:flutter/src/rendering/proxy_box.dart:738:12)
#51     RenderObject.layout (package:flutter/src/rendering/object.dart:2548:7)
#52     RenderBox.layout (package:flutter/src/rendering/box.dart:2391:11)
#53     RenderProxyBoxMixin.performLayout (package:flutter/src/rendering/proxy_box.dart:104:21)
#54     RenderObject.layout (package:flutter/src/rendering/object.dart:2548:7)
#55     RenderBox.layout (package:flutter/src/rendering/box.dart:2391:11)
#56     RenderProxyBoxMixin.performLayout (package:flutter/src/rendering/proxy_box.dart:104:21)
#57     RenderObject.layout (package:flutter/src/rendering/object.dart:2548:7)
#58     RenderBox.layout (package:flutter/src/rendering/box.dart:2391:11)
#59     RenderProxyBoxMixin.performLayout (package:flutter/src/rendering/proxy_box.dart:104:21)
#60     RenderCustomPaint.performLayout (package:flutter/src/rendering/custom_paint.dart:571:11)
#61     RenderObject.layout (package:flutter/src/rendering/object.dart:2548:7)
#62     RenderBox.layout (package:flutter/src/rendering/box.dart:2391:11)
#63     RenderProxyBoxMixin.performLayout (package:flutter/src/rendering/proxy_box.dart:104:21)
#64     _RenderCustomClip.performLayout (package:flutter/src/rendering/proxy_box.dart:1444:11)
#65     RenderObject.layout (package:flutter/src/rendering/object.dart:2548:7)
#66     RenderBox.layout (package:flutter/src/rendering/box.dart:2391:11)
#67     RenderConstrainedBox.performLayout (package:flutter/src/rendering/proxy_box.dart:279:14)
#68     RenderObject.layout (package:flutter/src/rendering/object.dart:2548:7)
#69     RenderBox.layout (package:flutter/src/rendering/box.dart:2391:11)
#70     RenderPositionedBox.performLayout (package:flutter/src/rendering/shifted_box.dart:438:14)
#71     RenderObject._layoutWithoutResize (package:flutter/src/rendering/object.dart:2387:7)
#72     PipelineOwner.flushLayout (package:flutter/src/rendering/object.dart:1027:18)
#73     PipelineOwner.flushLayout (package:flutter/src/rendering/object.dart:1040:15)
#74     RendererBinding.drawFrame (package:flutter/src/rendering/binding.dart:591:23)
#75     WidgetsBinding.drawFrame (package:flutter/src/widgets/binding.dart:959:13)
#76     RendererBinding._handlePersistentFrameCallback (package:flutter/src/rendering/binding.dart:457:5)
#77     SchedulerBinding._invokeFrameCallback (package:flutter/src/scheduler/binding.dart:1325:15)
#78     SchedulerBinding.handleDrawFrame (package:flutter/src/scheduler/binding.dart:1255:9)
#79     SchedulerBinding._handleDrawFrame (package:flutter/src/scheduler/binding.dart:1113:5)
#80     _invoke (dart:ui/hooks.dart:170:13)
#81     PlatformDispatcher._drawFrame (dart:ui/platform_dispatcher.dart:410:5)
#82     _drawFrame (dart:ui/hooks.dart:140:31)
flutter/src/rendering/binding.dart:457:5)
#83     SchedulerBinding._invokeFrameCallback (package:flutter/src/scheduler/binding.dart:1325:15)
#84     SchedulerBinding.handleDrawFrame (package:flutter/src/scheduler/binding.dart:1255:9)
#85     SchedulerBinding._handleDrawFrame (package:flutter/src/scheduler/binding.dart:1113:5)
#86     _invoke (dart:ui/hooks.dart:170:13)
#87     PlatformDispatcher._drawFrame (dart:ui/platform_dispatcher.dart:410:5)
#88     _drawFrame (dart:ui/hooks.dart:140:31)
  SchedulerBinding.handleDrawFrame (package:flutter/src/scheduler/binding.dart:1255:9)
#89     SchedulerBinding._handleDrawFrame (package:flutter/src/scheduler/binding.dart:1113:5)
#90     _invoke (dart:ui/hooks.dart:170:13)
#91     PlatformDispatcher._drawFrame (dart:ui/platform_dispatcher.dart:410:5)
#92     _drawFrame (dart:ui/hooks.dart:140:31)




'package:flutter/src/rendering/box.dart': Failed assertion: line 1974 pos 12: 'hasSize': RenderBox was not laid out: RenderCustomPaint#54a9e relayoutBoundary=up15 NEEDS-PAINT NEEDS-COMPOSITING-BITS-UPDATEDATES-UPDATE
package:flutter/src/rendering/box.dart': Failed assertion: line 1974 pos 12: 'hasSize': RenderBox was not laid out: _RenderScrollSemantics#e60f7 relayoutBoundary=up17 NEEDS-PAINT NEEDS-COMPOSITING-BITS-UPDATEDATE
0      _AssertionError._doThrowNew (dart:core-patch/errors_patch.dart:51:61)
#1      _AssertionError._throwNew (dart:core-patch/errors_patch.dart:40:5)
#2      RenderBox.size (package:flutter/src/rendering/box.dart:1974:12)
#3      RenderProxyBoxMixin.performLayout (package:flutter/src/rendering/proxy_box.dart:104:65)
#4      RenderObject.layout (package:flutter/src/rendering/object.dart:2548:7)
#5      RenderBox.layout (package:flutter/src/rendering/box.dart:2391:11)
#6      RenderProxyBoxMixin.performLayout (package:flutter/src/rendering/proxy_box.dart:104:21)
#7      RenderCustomPaint.performLayout (package:flutter/src/rendering/custom_paint.dart:571:11)
#8      RenderObject.layout (package:flutter/src/rendering/object.dart:2548:7)
#9      RenderBox.layout (package:flutter/src/rendering/box.dart:2391:11)
#10     RenderProxyBoxMixin.performLayout (package:flutter/src/rendering/proxy_box.dart:104:21)
#11     RenderObject.layout (package:flutter/src/rendering/object.dart:2548:7)
#12     RenderBox.layout (package:flutter/src/rendering/box.dart:2391:11)
#13     RenderProxyBoxMixin.performLayout (package:flutter/src/rendering/proxy_box.dart:104:21)
#14     RenderObject.layout (package:flutter/src/rendering/object.dart:2548:7)
#15     RenderBox.layout (package:flutter/src/rendering/box.dart:2391:11)
#16     RenderProxyBoxMixin.performLayout (package:flutter/src/rendering/proxy_box.dart:104:21)
#17     RenderObject.layout (package:flutter/src/rendering/object.dart:2548:7)
#18     RenderBox.layout (package:flutter/src/rendering/box.dart:2391:11)
#19     RenderProxyBoxMixin.performLayout (package:flutter/src/rendering/proxy_box.dart:104:21)
#20     RenderObject.layout (package:flutter/src/rendering/object.dart:2548:7)
#21     RenderBox.layout (package:flutter/src/rendering/box.dart:2391:11)
#22     RenderProxyBoxMixin.performLayout (package:flutter/src/rendering/proxy_box.dart:104:21)
#23     RenderObject.layout (package:flutter/src/rendering/object.dart:2548:7)
#24     RenderBox.layout (package:flutter/src/rendering/box.dart:2391:11)
#25     RenderProxyBoxMixin.performLayout (package:flutter/src/rendering/proxy_box.dart:104:21)
#26     RenderObject.layout (package:flutter/src/rendering/object.dart:2548:7)
#27     RenderBox.layout (package:flutter/src/rendering/box.dart:2391:11)
#28     RenderPadding.performLayout (package:flutter/src/rendering/shifted_box.dart:238:12)
#29     RenderObject.layout (package:flutter/src/rendering/object.dart:2548:7)
#30     RenderBox.layout (package:flutter/src/rendering/box.dart:2391:11)
#31     ChildLayoutHelper.layoutChild (package:flutter/src/rendering/layout_helper.dart:52:11)
#32     RenderFlex._computeSizes (package:flutter/src/rendering/flex.dart:868:45)
#33     RenderFlex.performLayout (package:flutter/src/rendering/flex.dart:903:32)
#34     RenderObject.layout (package:flutter/src/rendering/object.dart:2548:7)
#35     RenderBox.layout (package:flutter/src/rendering/box.dart:2391:11)
#36     ChildLayoutHelper.layoutChild (package:flutter/src/rendering/layout_helper.dart:52:11)
#37     RenderIntrinsicWidth._computeSize (package:flutter/src/rendering/proxy_box.dart:722:25)
#38     RenderIntrinsicWidth.performLayout (package:flutter/src/rendering/proxy_box.dart:738:12)
#39     RenderObject.layout (package:flutter/src/rendering/object.dart:2548:7)
#40     RenderBox.layout (package:flutter/src/rendering/box.dart:2391:11)
#41     RenderProxyBoxMixin.performLayout (package:flutter/src/rendering/proxy_box.dart:104:21)
#42     RenderObject.layout (package:flutter/src/rendering/object.dart:2548:7)
#43     RenderBox.layout (package:flutter/src/rendering/box.dart:2391:11)
#44     RenderProxyBoxMixin.performLayout (package:flutter/src/rendering/proxy_box.dart:104:21)
#45     RenderObject.layout (package:flutter/src/rendering/object.dart:2548:7)
#46     RenderBox.layout (package:flutter/src/rendering/box.dart:2391:11)
#47     RenderProxyBoxMixin.performLayout (package:flutter/src/rendering/proxy_box.dart:104:21)
#48     RenderCustomPaint.performLayout (package:flutter/src/rendering/custom_paint.dart:571:11)
#49     RenderObject.layout (package:flutter/src/rendering/object.dart:2548:7)
#50     RenderBox.layout (package:flutter/src/rendering/box.dart:2391:11)
#51     RenderProxyBoxMixin.performLayout (package:flutter/src/rendering/proxy_box.dart:104:21)
#52     _RenderCustomClip.performLayout (package:flutter/src/rendering/proxy_box.dart:1444:11)
#53     RenderObject.layout (package:flutter/src/rendering/object.dart:2548:7)
#54     RenderBox.layout (package:flutter/src/rendering/box.dart:2391:11)
#55     RenderConstrainedBox.performLayout (package:flutter/src/rendering/proxy_box.dart:279:14)
#56     RenderObject.layout (package:flutter/src/rendering/object.dart:2548:7)
#57     RenderBox.layout (package:flutter/src/rendering/box.dart:2391:11)
#58     RenderPositionedBox.performLayout (package:flutter/src/rendering/shifted_box.dart:438:14)
#59     RenderObject.layout (package:flutter/src/rendering/object.dart:2548:7)
#60     RenderBox.layout (package:flutter/src/rendering/box.dart:2391:11)
#61     RenderPadding.performLayout (package:flutter/src/rendering/shifted_box.dart:238:12)
#62     RenderObject.layout (package:flutter/src/rendering/object.dart:2548:7)
#63     RenderBox.layout (package:flutter/src/rendering/box.dart:2391:11)
#64     RenderPadding.performLayout (package:flutter/src/rendering/shifted_box.dart:238:12)
#65     RenderObject.layout (package:flutter/src/rendering/object.dart:2548:7)
#66     RenderBox.layout (package:flutter/src/rendering/box.dart:2391:11)
#67     RenderPadding.performLayout (package:flutter/src/rendering/shifted_box.dart:238:12)
#68     RenderObject.layout (package:flutter/src/rendering/object.dart:2548:7)
#69     RenderBox.layout (package:flutter/src/rendering/box.dart:2391:11)
#70     RenderProxyBoxMixin.performLayout (package:flutter/src/rendering/proxy_box.dart:104:21)
#71     RenderObject.layout (package:flutter/src/rendering/object.dart:2548:7)
#72     RenderBox.layout (package:flutter/src/rendering/box.dart:2391:11)
#73     RenderProxyBoxMixin.performLayout (package:flutter/src/rendering/proxy_box.dart:104:21)
#74     RenderObject.layout (package:flutter/src/rendering/object.dart:2548:7)
#75     RenderBox.layout (package:flutter/src/rendering/box.dart:2391:11)
#76     RenderProxyBoxMixin.performLayout (package:flutter/src/rendering/proxy_box.dart:104:21)
#77     RenderObject.layout (package:flutter/src/rendering/object.dart:2548:7)
#78     RenderBox.layout (package:flutter/src/rendering/box.dart:2391:11)
#79     RenderProxyBoxMixin.performLayout (package:flutter/src/rendering/proxy_box.dart:104:21)
#80     RenderObject.layout (package:flutter/src/rendering/object.dart:2548:7)
#81     RenderBox.layout (package:flutter/src/rendering/box.dart:2391:11)
#82     RenderProxyBoxMixin.performLayout (package:flutter/src/rendering/proxy_box.dart:104:21)
#83     RenderObject.layout (package:flutter/src/rendering/object.dart:2548:7)
#84     RenderBox.layout (package:flutter/src/rendering/box.dart:2391:11)
#85     RenderProxyBoxMixin.performLayout (package:flutter/src/rendering/proxy_box.dart:104:21)
#86     RenderObject.layout (package:flutter/src/rendering/object.dart:2548:7)
#87     RenderBox.layout (package:flutter/src/rendering/box.dart:2391:11)
#88     RenderProxyBoxMixin.performLayout (package:flutter/src/rendering/proxy_box.dart:104:21)
#89     RenderOffstage.performLayout (package:flutter/src/rendering/proxy_box.dart:3741:13)
#90     RenderObject.layout (package:flutter/src/rendering/object.dart:2548:7)
#91     RenderBox.layout (package:flutter/src/rendering/box.dart:2391:11)
#92     RenderProxyBoxMixin.performLayout (package:flutter/src/rendering/proxy_box.dart:104:21)
#93     RenderObject.layout (package:flutter/src/rendering/object.dart:2548:7)
#94     RenderBox.layout (package:flutter/src/rendering/box.dart:2391:11)
#95     _RenderTheaterMixin.performLayout (package:flutter/src/widgets/overlay.dart:879:15)
#96     RenderObject.layout (package:flutter/src/rendering/object.dart:2548:7)
#97     RenderBox.layout (package:flutter/src/rendering/box.dart:2391:11)
#98     RenderProxyBoxMixin.performLayout (package:flutter/src/rendering/proxy_box.dart:104:21)
#99     RenderObject.layout (package:flutter/src/rendering/object.dart:2548:7)
#100    RenderBox.layout (package:flutter/src/rendering/box.dart:2391:11)
#101    RenderProxyBoxMixin.performLayout (package:flutter/src/rendering/proxy_box.dart:104:21)
#102    RenderObject.layout (package:flutter/src/rendering/object.dart:2548:7)
#103    RenderBox.layout (package:flutter/src/rendering/box.dart:2391:11)
#104    RenderProxyBoxMixin.performLayout (package:flutter/src/rendering/proxy_box.dart:104:21)
#105    RenderObject.layout (package:flutter/src/rendering/object.dart:2548:7)
#106    RenderBox.layout (package:flutter/src/rendering/box.dart:2391:11)
#107    RenderProxyBoxMixin.performLayout (package:flutter/src/rendering/proxy_box.dart:104:21)
#108    RenderObject.layout (package:flutter/src/rendering/object.dart:2548:7)
#109    RenderBox.layout (package:flutter/src/rendering/box.dart:2391:11)
#110    RenderProxyBoxMixin.performLayout (package:flutter/src/rendering/proxy_box.dart:104:21)
#111    RenderObject.layout (package:flutter/src/rendering/object.dart:2548:7)
#112    RenderBox.layout (package:flutter/src/rendering/box.dart:2391:11)
#113    RenderProxyBoxMixin.performLayout (package:flutter/src/rendering/proxy_box.dart:104:21)
#114    RenderObject.layout (package:flutter/src/rendering/object.dart:2548:7)
#115    RenderBox.layout (package:flutter/src/rendering/box.dart:2391:11)
#116    RenderProxyBoxMixin.performLayout (package:flutter/src/rendering/proxy_box.dart:104:21)
#117    RenderObject.layout (package:flutter/src/rendering/object.dart:2548:7)
#118    RenderBox.layout (package:flutter/src/rendering/box.dart:2391:11)
#119    RenderProxyBoxMixin.performLayout (package:flutter/src/rendering/proxy_box.dart:104:21)
#120    RenderObject.layout (package:flutter/src/rendering/object.dart:2548:7)
#121    RenderBox.layout (package:flutter/src/rendering/box.dart:2391:11)
#122    RenderProxyBoxMixin.performLayout (package:flutter/src/rendering/proxy_box.dart:104:21)
#123    RenderObject.layout (package:flutter/src/rendering/object.dart:2548:7)
#124    RenderBox.layout (package:flutter/src/rendering/box.dart:2391:11)
#125    RenderView.performLayout (package:flutter/src/rendering/view.dart:195:14)
#126    RenderObject._layoutWithoutResize (package:flutter/src/rendering/object.dart:2387:7)
#127    PipelineOwner.flushLayout (package:flutter/src/rendering/object.dart:1027:18)
#128    PipelineOwner.flushLayout (package:flutter/src/rendering/object.dart:1040:15)
#129    RendererBinding.drawFrame (package:flutter/src/rendering/binding.dart:591:23)
#130    WidgetsBinding.drawFrame (package:flutter/src/widgets/binding.dart:959:13)
#131    RendererBinding._handlePersistentFrameCallback (package:flutter/src/rendering/binding.dart:457:5)
#132    SchedulerBinding._invokeFrameCallback (package:flutter/src/scheduler/binding.dart:1325:15)
#133    SchedulerBinding.handleDrawFrame (package:flutter/src/scheduler/binding.dart:1255:9)
#134    SchedulerBinding.scheduleWarmUpFrame.<anonymous closure> (package:flutter/src/scheduler/binding.dart:978:7)
#135    Timer._createTimer.<anonymous closure> (dart:async-patch/timer_patch.dart:18:15)
#136    _Timer._runTimers (dart:isolate-patch/timer_impl.dart:398:19)
#137    _Timer._handleMessage (dart:isolate-patch/timer_impl.dart:429:5)
#138    _RawReceivePort._handleMessage (dart:isolate-patch/isolate_patch.dart:184:12)
1027:18)
#140    PipelineOwner.flushLayout (package:flutter/src/rendering/object.dart:1040:15)
#141    RendererBinding.drawFrame (package:flutter/src/rendering/binding.dart:591:23)
#142    WidgetsBinding.drawFrame (package:flutter/src/widgets/binding.dart:959:13)
#143    RendererBinding._handlePersistentFrameCallback (package:flutter/src/rendering/binding.dart:457:5)
#144    SchedulerBinding._invokeFrameCallback (package:flutter/src/scheduler/binding.dart:1325:15)
#145    SchedulerBinding.handleDrawFrame (package:flutter/src/scheduler/binding.dart:1255:9)
#146    SchedulerBinding.scheduleWarmUpFrame.<anonymous closure> (package:flutter/src/scheduler/binding.dart:978:7)
#147    Timer._createTimer.<anonymous closure> (dart:async-patch/timer_patch.dart:18:15)
#148    _Timer._runTimers (dart:isolate-patch/timer_impl.dart:398:19)
#149    _Timer._handleMessage (dart:isolate-patch/timer_impl.dart:429:5)
#150    _RawReceivePort._handleMessage (dart:isolate-patch/isolate_patch.dart:184:12)
r_patch.dart:18:15)
#151    _Timer._runTimers (dart:isolate-patch/timer_impl.dart:398:19)
#152    _Timer._handleMessage (dart:isolate-patch/timer_impl.dart:429:5)
#153    _RawReceivePort._handleMessage (dart:isolate-patch/isolate_patch.dart:184:12)
r_patch.dart:18:15)
#154    _Timer._runTimers (dart:isolate-patch/timer_impl.dart:398:19)
#155    _Timer._handleMessage (dart:isolate-patch/timer_impl.dart:429:5)
#156    _RawReceivePort._handleMessage (dart:isolate-patch/isolate_patch.dart:184:12)
rc/scheduler/binding.dart:978:7)
#157    Timer._createTimer.<anonymous closure> (dart:async-patch/timer_patch.dart:18:15)
#158    _Timer._runTimers (dart:isolate-patch/timer_impl.dart:398:19)
#159    _Timer._handleMessage (dart:isolate-patch/timer_impl.dart:429:5)
#160    _RawReceivePort._handleMessage (dart:isolate-patch/isolate_patch.dart:184:12)

package:flutter/src/rendering/box.dart': Failed assertion: line 1974 pos 12: 'hasSize': RenderBox was not laid out: RenderIgnorePointer#c6075 relayoutBoundary=up22 NEEDS-PAINT'#0      _AssertionError._doThrowNew (dart:core-patch/errors_patch.dart:51:61)
#1      _AssertionError._throwNew (dart:core-patch/errors_patch.dart:40:5)
#2      RenderObject.layout (package:flutter/src/rendering/object.dart:2471:12)
#3      RenderBox.layout (package:flutter/src/rendering/box.dart:2391:11)
#4      _RenderSingleChildViewport.performLayout (package:flutter/src/widgets/single_child_scroll_view.dart:493:14)
#5      RenderObject.layout (package:flutter/src/rendering/object.dart:2548:7)
#6      RenderBox.layout (package:flutter/src/rendering/box.dart:2391:11)
#7      RenderProxyBoxMixin.performLayout (package:flutter/src/rendering/proxy_box.dart:104:21)
#8      RenderObject.layout (package:flutter/src/rendering/object.dart:2548:7)
#9      RenderBox.layout (package:flutter/src/rendering/box.dart:2391:11)
#10     RenderProxyBoxMixin.performLayout (package:flutter/src/rendering/proxy_box.dart:104:21)
#11     RenderObject.layout (package:flutter/src/rendering/object.dart:2548:7)
#12     RenderBox.layout (package:flutter/src/rendering/box.dart:2391:11)
#13     RenderProxyBoxMixin.performLayout (package:flutter/src/rendering/proxy_box.dart:104:21)
#14     RenderObject.layout (package:flutter/src/rendering/object.dart:2548:7)
#15     RenderBox.layout (package:flutter/src/rendering/box.dart:2391:11)
#16     RenderProxyBoxMixin.performLayout (package:flutter/src/rendering/proxy_box.dart:104:21)
#17     RenderObject.layout (package:flutter/src/rendering/object.dart:2548:7)
#18     RenderBox.layout (package:flutter/src/rendering/box.dart:2391:11)
#19     RenderProxyBoxMixin.performLayout (package:flutter/src/rendering/proxy_box.dart:104:21)
#20     RenderObject.layout (package:flutter/src/rendering/object.dart:2548:7)
#21     RenderBox.layout (package:flutter/src/rendering/box.dart:2391:11)
#22     RenderProxyBoxMixin.performLayout (package:flutter/src/rendering/proxy_box.dart:104:21)
#23     RenderObject.layout (package:flutter/src/rendering/object.dart:2548:7)
#24     RenderBox.layout (package:flutter/src/rendering/box.dart:2391:11)
#25     RenderProxyBoxMixin.performLayout (package:flutter/src/rendering/proxy_box.dart:104:21)
#26     RenderObject.layout (package:flutter/src/rendering/object.dart:2548:7)
#27     RenderBox.layout (package:flutter/src/rendering/box.dart:2391:11)
#28     RenderProxyBoxMixin.performLayout (package:flutter/src/rendering/proxy_box.dart:104:21)
#29     RenderCustomPaint.performLayout (package:flutter/src/rendering/custom_paint.dart:571:11)
#30     RenderObject.layout (package:flutter/src/rendering/object.dart:2548:7)
#31     RenderBox.layout (package:flutter/src/rendering/box.dart:2391:11)
#32     RenderProxyBoxMixin.performLayout (package:flutter/src/rendering/proxy_box.dart:104:21)
#33     RenderObject.layout (package:flutter/src/rendering/object.dart:2548:7)
#34     RenderBox.layout (package:flutter/src/rendering/box.dart:2391:11)
#35     RenderProxyBoxMixin.performLayout (package:flutter/src/rendering/proxy_box.dart:104:21)
#36     RenderObject.layout (package:flutter/src/rendering/object.dart:2548:7)
#37     RenderBox.layout (package:flutter/src/rendering/box.dart:2391:11)
#38     RenderProxyBoxMixin.performLayout (package:flutter/src/rendering/proxy_box.dart:104:21)
#39     RenderObject.layout (package:flutter/src/rendering/object.dart:2548:7)
#40     RenderBox.layout (package:flutter/src/rendering/box.dart:2391:11)
#41     RenderProxyBoxMixin.performLayout (package:flutter/src/rendering/proxy_box.dart:104:21)
#42     RenderObject.layout (package:flutter/src/rendering/object.dart:2548:7)
#43     RenderBox.layout (package:flutter/src/rendering/box.dart:2391:11)
#44     RenderProxyBoxMixin.performLayout (package:flutter/src/rendering/proxy_box.dart:104:21)
#45     RenderObject.layout (package:flutter/src/rendering/object.dart:2548:7)
#46     RenderBox.layout (package:flutter/src/rendering/box.dart:2391:11)
#47     RenderProxyBoxMixin.performLayout (package:flutter/src/rendering/proxy_box.dart:104:21)
#48     RenderObject.layout (package:flutter/src/rendering/object.dart:2548:7)
#49     RenderBox.layout (package:flutter/src/rendering/box.dart:2391:11)
#50     RenderPadding.performLayout (package:flutter/src/rendering/shifted_box.dart:238:12)
#51     RenderObject.layout (package:flutter/src/rendering/object.dart:2548:7)
#52     RenderBox.layout (package:flutter/src/rendering/box.dart:2391:11)
#53     ChildLayoutHelper.layoutChild (package:flutter/src/rendering/layout_helper.dart:52:11)
#54     RenderFlex._computeSizes (package:flutter/src/rendering/flex.dart:868:45)
#55     RenderFlex.performLayout (package:flutter/src/rendering/flex.dart:903:32)
#56     RenderObject.layout (package:flutter/src/rendering/object.dart:2548:7)
#57     RenderBox.layout (package:flutter/src/rendering/box.dart:2391:11)
#58     ChildLayoutHelper.layoutChild (package:flutter/src/rendering/layout_helper.dart:52:11)
#59     RenderIntrinsicWidth._computeSize (package:flutter/src/rendering/proxy_box.dart:722:25)
#60     RenderIntrinsicWidth.performLayout (package:flutter/src/rendering/proxy_box.dart:738:12)
#61     RenderObject.layout (package:flutter/src/rendering/object.dart:2548:7)
#62     RenderBox.layout (package:flutter/src/rendering/box.dart:2391:11)
#63     RenderProxyBoxMixin.performLayout (package:flutter/src/rendering/proxy_box.dart:104:21)
#64     RenderObject.layout (package:flutter/src/rendering/object.dart:2548:7)
#65     RenderBox.layout (package:flutter/src/rendering/box.dart:2391:11)
#66     RenderProxyBoxMixin.performLayout (package:flutter/src/rendering/proxy_box.dart:104:21)
#67     RenderObject.layout (package:flutter/src/rendering/object.dart:2548:7)
#68     RenderBox.layout (package:flutter/src/rendering/box.dart:2391:11)
#69     RenderProxyBoxMixin.performLayout (package:flutter/src/rendering/proxy_box.dart:104:21)
#70     RenderCustomPaint.performLayout (package:flutter/src/rendering/custom_paint.dart:571:11)
#71     RenderObject.layout (package:flutter/src/rendering/object.dart:2548:7)
#72     RenderBox.layout (package:flutter/src/rendering/box.dart:2391:11)
#73     RenderProxyBoxMixin.performLayout (package:flutter/src/rendering/proxy_box.dart:104:21)
#74     _RenderCustomClip.performLayout (package:flutter/src/rendering/proxy_box.dart:1444:11)
#75     RenderObject.layout (package:flutter/src/rendering/object.dart:2548:7)
#76     RenderBox.layout (package:flutter/src/rendering/box.dart:2391:11)
#77     RenderConstrainedBox.performLayout (package:flutter/src/rendering/proxy_box.dart:279:14)
#78     RenderObject.layout (package:flutter/src/rendering/object.dart:2548:7)
#79     RenderBox.layout (package:flutter/src/rendering/box.dart:2391:11)
#80     RenderPositionedBox.performLayout (package:flutter/src/rendering/shifted_box.dart:438:14)
#81     RenderObject._layoutWithoutResize (package:flutter/src/rendering/object.dart:2387:7)
#82     PipelineOwner.flushLayout (package:flutter/src/rendering/object.dart:1027:18)
#83     PipelineOwner.flushLayout (package:flutter/src/rendering/object.dart:1040:15)
#84     RendererBinding.drawFrame (package:flutter/src/rendering/binding.dart:591:23)
#85     WidgetsBinding.drawFrame (package:flu'package:flutter/src/rendering/box.dart': Failed assertion: line 1974 pos 12: 'hasSize': RenderBox was not laid out: RenderSemanticsGestureHandler#e6f7b relayoutBoundary=up19 NEEDS-PA'package:flutter/src/rendering/box.dart': Failed assertion: line 1974 pos 12: 'hasSize': RenderBox was not laid out: RenderIgnorePointer#c6075 relayoutBoundary=up22 NEEDS-PAINTg._'package:flutter/src/rendering/box.dart': Failed assertion: line 1974 pos 12: 'hasSize': RenderBox was not laid out: RenderPointerListener#20ccb relayoutBoundary=up18 NEEDS-PAINT'package:flutter/src/rendering/box.dart': Failed assertion: line 1974 pos 12: 'hasSize': RenderBox was not laid out: RenderSemanticsAnnotations#50e37 relayoutBoundary=up21 NEEDS-PAINTtter/src/rendering/object.dart:2548:7)
#5      RenderBox.layout (package:flutter/src/rendering/box.dart:2391:11)
#6      RenderProxyBoxMixin.performLayout (package:flutter/src/rendering/proxy_box.dart:104:21)
#7      RenderObject.layout (package:flutter/src/rendering/object.dart:2548:7)
#8      RenderBox.layout (package:flutter/src/rendering/box.dart:2391:11)
#9      RenderProxyBoxMixin.performLayout (package:flutter/src/rendering/proxy_box.dart:104:21)
#10     RenderCustomPaint.performLayout (package:flutter/src/rendering/custom_paint.dart:571:11)
#11     RenderObject.layout (package:flutter/src/rendering/object.dart:2548:7)
#12     RenderBox.layout (package:flutter/src/rendering/box.dart:2391:11)
#13     RenderProxyBoxMixin.performLayout (package:flutter/src/rendering/proxy_box.dart:104:21)
#14     RenderObject.layout (package:flutter/src/rendering/object.dart:2548:7)
#15     RenderBox.layout (package:flutter/src/rendering/box.dart:2391:11)
#16     RenderProxyBoxMixin.performLayout (package:flutter/src/rendering/proxy_box.dart:104:21)
#17     RenderObject.layout (package:flutter/src/rendering/object.dart:2548:7)
#18     RenderBox.layout (package:flutter/src/rendering/box.dart:2391:11)
#19     RenderProxyBoxMixin.performLayout (package:flutter/src/rendering/proxy_box.dart:104:21)
#20     RenderObject.layout (package:flutter/src/rendering/object.dart:2548:7)
#21     RenderBox.layout (package:flutter/src/rendering/box.dart:2391:11)
#22     RenderProxyBoxMixin.performLayout (package:flutter/src/rendering/proxy_box.dart:104:21)
#23     RenderObject.layout (package:flutter/src/rendering/object.dart:2548:7)
#24     RenderBox.layout (package:flutter/src/rendering/box.dart:2391:11)
#25     RenderProxyBoxMixin.performLayout (package:flutter/src/rendering/proxy_box.dart:104:21)
#26     RenderObject.layout (package:flutter/src/rendering/object.dart:2548:7)
#27     RenderBox.layout (package:flutter/src/rendering/box.dart:2391:11)
#28     RenderProxyBoxMixin.performLayout (package:flutter/src/rendering/proxy_box.dart:104:21)
#29     RenderObject.layout (package:flutter/src/rendering/object.dart:2548:7)
#30     RenderBox.layout (package:flutter/src/rendering/box.dart:2391:11)
#31     RenderPadding.performLayout (package:flutter/src/rendering/shifted_box.dart:238:12)
#32     RenderObject.layout (package:flutter/src/rendering/object.dart:2548:7)
#33     RenderBox.layout (package:flutter/src/rendering/box.dart:2391:11)
#34     ChildLayoutHelper.layoutChild (package:flutter/src/rendering/layout_helper.dart:52:11)
#35     RenderFlex._computeSizes (package:flutter/src/rendering/flex.dart:868:45)
#36     RenderFlex.performLayout (package:flutter/src/rendering/flex.dart:903:32)
#37     RenderObject.layout (package:flutter/src/rendering/object.dart:2548:7)
#38     RenderBox.layout (package:flutter/src/rendering/box.dart:2391:11)
#39     ChildLayoutHelper.layoutChild (package:flutter/src/rendering/layout_helper.dart:52:11)
#40     RenderIntrinsicWidth._computeSize (package:flutter/src/rendering/proxy_box.dart:722:25)
#41     RenderIntrinsicWidth.performLayout (package:flutter/src/rendering/proxy_box.dart:738:12)
#42     RenderObject.layout (package:flutter/src/rendering/object.dart:2548:7)
#43     RenderBox.layout (package:flutter/src/rendering/box.dart:2391:11)
#44     RenderProxyBoxMixin.performLayout (package:flutter/src/rendering/proxy_box.dart:104:21)
#45     RenderObject.layout (package:flutter/src/rendering/object.dart:2548:7)
#46     RenderBox.layout (package:flutter/src/rendering/box.dart:2391:11)
#47     RenderProxyBoxMixin.performLayout (package:flutter/src/rendering/proxy_box.dart:104:21)
#48     RenderObject.layout (package:flutter/src/rendering/object.dart:2548:7)
#49     RenderBox.l
yout (package:flutter/src/rendering/box.dart:2391:11)
#50     RenderProxyBoxMixin.performLayout (package:flutter/src/rendering/proxy_box.dart:104:21)
#51     RenderCustomPaint.performLayout (package:flutter/src/rendering/custom_paint.dart:571:11)
#52     RenderObject.layout (package:flutter/src/rendering/object.dart:2548:7)
#53     RenderBox.layout (package:flutter/src/rendering/box.dart:2391:11)
#54     RenderProxyBoxMixin.performLayout (package:flutter/src/rendering/proxy_box.dart:104:21)
#55     _RenderCustomClip.performLayout (package:flutter/src/rendering/proxy_box.dart:1444:11)
#56     RenderObject.layout (package:flutter/src/rendering/object.dart:2548:7)
#57     RenderBox.layout (package:flutter/src/rendering/box.dart:2391:11)
#58     RenderConstrainedBox.performLayout (package:flutter/src/rendering/proxy_box.dart:279:14)
#59     RenderObject.layout (package:flutter/src/rendering/object.dart:2548:7)
#60 'package:flutter/src/rendering/box.dart': Failed assertion: line 1974 pos 12: 'hasSize': RenderBox was not laid out: RenderPointerListener#c6aea relayoutBoundary=up11 NEEDS-PAINTnderObject._layoutWithoutResize (package:flutter/src/rendering/object.dart:2387:7)
#63     PipelineOwner.flushLayout (package:flutter/src/rendering/object.dart:1027:18)
#64     PipelineOwner.flushLayout (package:flutter/src/rendering/object.dart:1040:15)
#65     RendererBinding.drawFrame (package:flutter/src/rendering/binding.dart:591:23)
#66     WidgetsBinding.drawFrame (package:flutter/src/widgets/binding.dart:959:13)
#67     RendererBinding._handlePersistentFrameCallback (package:flutter/src/rendering/binding.dart:457:5)
#68     SchedulerBinding._invokeFrameCallback (package:flutter/src/scheduler/binding.dart:1325:15)
#69     SchedulerBinding.handleDrawFrame (package:flutter/src/scheduler/binding.dart:1255:9)
#70     SchedulerBinding._handleDrawFrame (package:flutter/src/scheduler/binding.dart:1113:5)
#71     _invoke (dart:ui/hooks.dart:170:13)
#72     PlatformDispatcher._drawFrame (dart:ui/platform_dispatcher.dart:410:5)
#73     _drawFrame (dart:ui/hooks.dart:140:31)
xin.performLayout (package:flutter/src/rendering/proxy_box.dart:104:21)
#26     RenderObject.layout (package:flutter/src/rendering/object.dart:2548:7)
#27     RenderBox.layout (package:flutter/src/rendering/box.dart:2391:11)
#28     RenderProxyBoxMixin.performLayout (package:flutter/src/rendering/proxy_box.dart:104:21)
#29     RenderObject.layout (package:flutter/src/rendering/object.dart:2548:7)
#30     RenderBox.layout (package:flutter/src/rendering/box.dart:2391:11)
#31     RenderProxyBoxMixin.performLayout (package:flutter/src/rendering/proxy_box.dart:104:21)
#32     RenderObject.layout (package:flutter/src/rendering/object.dart:2548:7)
#33     RenderBox.layout (package:flutter/src/rendering/box.dart:2391:11)
#34     RenderProxyBoxMixin.performLayout (package:flutter/src/rendering/proxy_box.dart:104:21)
#35     RenderObject.layout (package:flutter/src/rendering/object.dart:2548:7)
#36     RenderBox.layout (package:flutter/src/rendering/box.dart:2391:11)
#37     RenderProxyBoxMixin.performLayout (package:flutter/src/rendering/proxy_box.dart:104:21)
#38     RenderObject.layout (package:flutter/src/rendering/object.dart:2548:7)
#39     RenderBox.layout (package:flutter/src/rendering/box.dart:2391:11)
#40     RenderPadding.performLayout (package:flutter/src/rendering/shifted_box.dart:238:12)
#41     RenderObject.layout (package:flutter/src/rendering/object.dart:2548:7)
#42     RenderBox.layout (package:flutter/src/rendering/box.dart:2391:11)
#43     ChildLayoutHelper.layoutChild (package:flutter/src/rendering/layout_helper.dart:52:11)
#44     RenderFlex._computeSizes (package:flutter/src/rendering/flex.dart:868:45)
#45     RenderFlex.performLayout (package:flutter/src/rendering/flex.dart:903:32)
#46     RenderObject.layout (package:flutter/src/rendering/object.dart:2548:7)
#47     RenderBox.layout (package:flutter/src/rendering/box.dart:2391:11)
#48     ChildLayoutHelper.layoutChild (package:flutter/src/rendering/layout_helper.dart:52:11)
#49     RenderIntrinsicWidth._computeSize (package:flutter/src/rendering/proxy_box.dart:722:25)
#50     RenderIntrinsicWidth.performLayout (package:flutter/src/rendering/proxy_box.dart:738:12)
#51     RenderObject.layout (package:flutter/src/rendering/object.dart:2548:7)
#52     RenderBox.layout (package:flutter/src/rendering/box.dart:2391:11)
#53     RenderProxyBoxMixin.performLayout (package:flutter/src/rendering/proxy_box.dart:104:21)
#54     RenderObject.layout (package:flutter/src/rendering/object.dart:2548:7)
#55     RenderBox.layout (package:flutter/src/rendering/box.dart:2391:11)
#56     RenderProxyBoxMixin.performLayout (package:flutter/src/rendering/proxy_box.dart:104:21)
#57     RenderObject.layout (package:flutter/src/rendering/object.dart:2548:7)
#58     RenderBox.layout (package:flutter/src/rendering/box.dart:2391:11)
#59     RenderProxyBoxMixin.performLayout (package:flutter/src/rendering/proxy_box.dart:104:21)
#60     RenderCustomPaint.performLayout (package:flutter/src/rendering/custom_paint.dart:571:11)
#61     RenderObject.layout (package:flutter/src/rendering/object.dart:2548:7)
#62     RenderBox.layout (package:flutter/src/rendering/box.dart:2391:11)
#63     RenderProxyBoxMixin.performLayout (package:flutter/src/rendering/proxy_box.dart:104:21)
#64     _RenderCustomClip.performLayout (package:flutter/src/rendering/proxy_box.dart:1444:11)
#65     RenderObject.layout (package:flutter/src/rendering/object.dart:2548:7)
#66     RenderBox.layout (package:flutter/src/rendering/box.dart:2391:11)
#67     RenderConstrainedBox.performLayout (package:flutter/src/rendering/proxy_box.dart:279:14)
#68     RenderObject.layout (package:flutter/src/rendering/object.dart:2548:7)
#69     RenderBox.layout (package:flutter/src/rendering/box.dart:2391:11)
#70     RenderPositionedBox.performLayout (package:flutter/src/rendering/shifted_box.dart:438:14)
#71     RenderObject._layoutWithoutResize (package:flutter/src/rendering/object.dart:2387:7)
#72     PipelineOwner.flushLayout (package:flutter/src/rendering/object.dart:1027:18)
#73     PipelineOwner.flushLayout (package:flutter/src/rendering/object.dart:1040:15)
#74     RendererBinding.drawFrame (package:flutter/src/rendering/binding.dart:591:23)
#75     WidgetsBinding.drawFrame (package:flutter/src/widgets/binding.dart:959:13)
#76     RendererBinding._handlePersistentFrameCallback (package:flutter/src/rendering/binding.dart:457:5)
#77     SchedulerBinding._invokeFrameCallback (package:flutter/src/scheduler/binding.dart:1325:15)
#78     SchedulerBinding.handleDrawFrame (package:flutter/src/scheduler/binding.dart:1255:9)
#79     SchedulerBinding._handleDrawFrame (package:flutter/src/scheduler/binding.dart:1113:5)
#80     _invoke (dart:ui/hooks.dart:170:13)
#81     PlatformDispatcher._drawFrame (dart:ui/platform_dispatcher.dart:410:5)
#82     _drawFrame (dart:ui/hooks.dart:140:31)
'package:flutter/src/rendering/box.dart': Failed assertion: line 1974 pos 12: 'hasSize': RenderBox was not laid out: RenderPointerListener#f2b9e relayoutBoundary=up13 NEEDS-PAINTackage:flutter/src/rendering/box.dart:1974:12)
#3      RenderProxyBoxMixin.performLayout (package:flutter/src/rendering/proxy_box.dart:104:65)
#4      RenderObject.layout (package:flutter/src/rendering/object.dart:2548:7)
#5      RenderBox.layout (package:flutter/src/rendering/box.dart:2391:11)
#6      RenderProxyBoxMixin.performLayout (package:flutter/src/rendering/proxy_box.dart:104:21)
#7      RenderObject.layout (package:flutter/src/rendering/object.dart:2548:7)
#8      RenderBox.layout (package:flutter/src/rendering/box.dart:2391:11)
#9      RenderPadding.performLayout (package:flutter/src/rendering/shifted_box.dart:238:12)
#10     RenderObject.layout (package:flutter/src/rendering/object.dart:2548:7)
#11     RenderBox.layout (package:flutter/src/rendering/box.dart:2391:11)
#12     ChildLayoutHelper.layoutChild (package:flutter/src/rendering/layout_helper.dart:52:11)
#13     RenderFlex._computeSizes (package:flutter/src/rendering/flex.dart:868:45)
#14     RenderFlex.performLayout (package:flutter/src/rendering/flex.dart:903:32)
#15     RenderObject.layout (package:flutter/src/rendering/object.dart:2548:7)
#16     RenderBox.layout (package:flutter/src/rendering/box.dart:2391:11)
#17     ChildLayoutHelper.layoutChild (package:flutter/src/rendering/layout_helper.dart:52:11)
#18     RenderIntrinsicWidth._computeSize (package:flutter/src/rendering/proxy_box.dart:722:25)
#19     RenderIntrinsicWidth.performLayout (package:flutter/src/rendering/proxy_box.dart:738:12)
#20     RenderObject.layout (package:flutter/src/rendering/object.dart:2548:7)
#21     RenderBox.layout (package:flutter/src/rendering/box.dart:2391:11)
#22     RenderProxyBoxMixin.performLayout (package:flutter/src/rendering/proxy_box.dart:104:21)
#23     RenderObject.layout (package:flutter/src/rendering/object.dart:2548:7)
#24     RenderBox.layout (package:flutter/src/rendering/box.dart:2391:11)
#25     RenderProxyBoxMixin.performLayout (package:flutter/src/rendering/proxy_box.dart:104:21)
#26     RenderObject.layout (package:flutter/src/rendering/object.dart:2548:7)
#27     RenderBox.layout (package:flutter/src/rendering/box.dart:2391:11)
#28     RenderProxyBoxMixin.performLayout (package:flutter/src/rendering/proxy_box.dart:104:21)
#29     RenderCustomPaint.performLayout (package:flutter/src/rendering/custom_paint.dart:571:11)
#30     RenderObject.layout (package:flutter/src/rendering/object.dart:2548:7)
#31     RenderBox.layout (package:flutter/src/rendering/box.dart:2391:11)
#32     RenderProxyBoxMixin.performLayout (package:flutter/src/rendering/proxy_box.dart:104:21)
#33     _RenderCustomClip.performLayout (package:flutter/src/rendering/proxy_box.dart:1444:11)
#34     RenderObject.layout (package:flutter/src/rendering/object.dart:2548:7)
#35     RenderBox.layout (package:flutter/src/rendering/box.dart:2391:11)
#36     RenderConstrainedBox.performLayout (package:flutter/src/rendering/proxy_box.dart:279:14)
#37     RenderObject.layout (package:flutter/src/rendering/object.dart:2548:7)
#38     RenderBox.layout (package:flutter/src/rendering/box.dart:2391:11)
#39     RenderPositionedBox.performLayout (package:flutter/src/rendering/shifted_box.dart:438:14)
#40     RenderObject._layoutWithoutResize (package:flutter/src/rendering/object.dart:2387:7)
#41     PipelineOwner.flushLayout (package:flutter/src/rendering/object.dart:1027:18)
#42     PipelineOwner.flushLayout (package:flutter/src/rendering/object.dart:1040:15)
#43     RendererBinding.drawFrame (package:flutter/src/rendering/binding.dart:591:23)
#44     WidgetsBinding.drawFrame (package:flutter/src/widgets/binding.dart:959:13)
#45     RendererBinding._handlePersistentFrameCallback (package:flutter/src/rendering/binding.dart:457:5)
#46     SchedulerBinding._invokeFrameCallback (package:flutter/src/scheduler/binding.dart:1325:15)
#47     SchedulerBinding.handleDrawFrame (package:flutter/src/scheduler/binding.dart:1255:9)
#48     SchedulerBinding._handleDrawFrame (package:flutter/src/scheduler/binding.dart:1113:5)
#49     _invoke (dart:ui/hooks.dart:170:13)
#50     PlatformDispatcher._drawFrame (dart:ui/platform_dispatcher.dart:410:5)
#51     _drawFrame (dart:ui/hooks.dart:140:31)
t (package:flutter/src/rendering/box.dart:2391:11)
#53     ChildLayoutHelper.layoutChild (package:flutter/src/rendering/layout_helper.dart:52:11)
#54     RenderFlex._computeSizes (package:flutter/src/rendering/flex.dart:868:45)
#55     RenderFlex.performLayout (package:flutter/src/rendering/flex.dart:903:32)
#56     RenderObject.layout (package:flutter/src/rendering/object.dart:2548:7)
#57     RenderBox.layout (package:flutter/src/rendering/box.dart:2391:11)
#58     ChildLayoutHelper.layoutChild (package:flutter/src/rendering/layout_helper.dart:52:11)
#59     RenderIntrinsicWidth._computeSize (package:flutter/src/rendering/proxy_box.dart:722:25)
#60     RenderIntrinsicWidth.performLayout (package:flutter/src/rendering/proxy_box.dart:738:12)
#61     RenderObject.layout (package:flutter/src/rendering/object.dart:2548:7)
#62     RenderBox.layout (package:flutter/src/rendering/box.dart:2391:11)
#63     RenderProxyBoxMixin.performLayout (package:flutter/src/rendering/proxy_box.dart:104:21)
#64     RenderObject.layout (package:flutter/src/rendering/object.dart:2548:7)
#65     RenderBox.layout (package:flutter/src/rendering/box.dart:2391:11)
#66     RenderProxyBoxMixin.performLayout (package:flutter/src/rendering/proxy_box.dart:104:21)
#67     RenderObject.layout (package:flutter/src/rendering/object.dart:2548:7)
#68     RenderBox.layout (package:flutter/src/rendering/box.dart:2391:11)
#69     RenderProxyBoxMixin.performLayout (package:flutter/src/rendering/proxy_box.dart:104:21)
#70     RenderCustomPaint.performLayout (package:flutter/src/rendering/custom_paint.dart:571:11)
#71     RenderObject.layout (package:flutter/src/rendering/object.dart:2548:7)
#72     RenderBox.layout (package:flutter/src/rendering/box.dart:2391:11)
#73     RenderProxyBoxMixin.performLayout (package:flutter/src/rendering/proxy_box.dart:104:21)
#74     _RenderCustomClip.performLayout (package:flutter/src/rendering/proxy_box.dart:1444:11)
#75     RenderObject.layout (package:flutter/src/rendering/object.dart:2548:7)
#76     RenderBox.layout (package:flutter/src/rendering/box.dart:2391:11)
#77     RenderConstrainedBox.performLayout (package:flutter/src/rendering/proxy_box.dart:279:14)
#78     RenderObject.layout (package:flutter/src/rendering/object.dart:2548:7)
#79     RenderBox.layout (package:flutter/src/rendering/box.dart:2391:11)
#80     RenderPositionedBox.performLayout (package:flutter/src/rendering/shifted_box.dart:438:14)
#81     RenderObject._layoutWithoutResize (package:flutter/src/rendering/object.dart:2387:7)
#82     PipelineOwner.flushLayout (package:flutter/src/rendering/object.dart:1027:18)
#83     PipelineOwner.flushLayout (package:flutter/src/rendering/object.dart:1040:15)
#84     RendererBinding.drawFrame (package:flutter/src/rendering/binding.dart:591:23)
#85     WidgetsBinding.drawFrame (package:flutter/src/widgets/binding.dart:959:13)
#86     RendererBinding._handlePersistentFrameCallback (package:flutter/src/rendering/binding.dart:457:5)
#87     SchedulerBinding._invokeFrameCallback (package:flutter/src/scheduler/binding.dart:1325:15)
#88     SchedulerBinding.handleDrawFrame (package:flutter/src/scheduler/binding.dart:1255:9)
#89     SchedulerBinding._handleDrawFrame (package:flutter/src/scheduler/binding.dart:1113:5)
#90     _invoke (dart:ui/hooks.dart:170:13)
#91     PlatformDispatcher._drawFrame (dart:ui/platform_dispatcher.dart:410:5)
#92     _drawFrame (dart:ui/hooks.dart:140:31)
#0      _AssertionError._doThrowNew (dart:core-patch/errors_patch.dart:51:61)
#1      _AssertionError._throwNew (dart:core-patch/errors_patch.dart:40:5)
#2      RenderBox.size (package:flutter/src/rendering/box.dart:1974:12)
#3      RenderProxyBoxMixin.performLayout (package:flutter/src/rendering/proxy_box.dart:104:65)
#4      RenderObject.layout (package:flutter/src/rendering/object.dart:2548:7)
#5      RenderBox.layout (package:flutter/src/rendering/box.dart:2391:11)
#6      RenderProxyBoxMixin.performLayout (package:flutter/src/rendering/proxy_box.dart:104:21)
#7      RenderObject.layout (package:flutter/src/rendering/object.dart:2548:7)
#8      RenderBox.layout (package:flutter/src/rendering/box.dart:2391:11)
#9      RenderProxyBoxMixin.performLayout (package:flutter/src/rendering/proxy_box.dart:104:21)
#10     RenderObject.layout (package:flutter/src/rendering/object.dart:2548:7)
#11     RenderBox.layout (package:flutter/src/rendering/box.dart:2391:11)
#12     RenderProxyBoxMixin.performLayout (package:flutter/src/rendering/proxy_box.dart:104:21)
#13     RenderObject.layout (package:flutter/src/rendering/object.dart:2548:7)
#14     RenderBox.layout (package:flutter/src/rendering/box.dart:2391:11)
#15     RenderProxyBoxMixin.performLayout (package:flutter/src/rendering/proxy_box.dart:104:21)
#16     RenderCustomPaint.performLayout (package:flutter/src/rendering/custom_paint.dart:571:11)
#17     RenderObject.layout (package:flutter/src/rendering/object.dart:2548:7)
#18     RenderBox.layout (package:flutter/src/rendering/box.dart:2391:11)
#19     RenderProxyBoxMixin.performLayout (package:flutter/src/rendering/proxy_box.dart:104:21)
#20     RenderObject.layout (package:flutter/src/rendering/object.dart:2548:7)
#21     RenderBox.layout (package:flutter/src/rendering/box.dart:2391:11)
#22     RenderProxyBoxMixin.performLayout (package:flutter/src/rendering/proxy_box.dart:104:21)
#23     RenderObject.layout (package:flutter/src/rendering/object.dart:2548:7)
#24     RenderBox.layout (package:flutter/src/rendering/box.dart:2391:11)
#25     RenderProxyBoxMixin.performLayout (package:flutter/src/rendering/proxy_box.dart:104:21)
#26     RenderObject.layout (package:flutter/src/rendering/object.dart:2548:7)
#27     RenderBox.layout (package:flutter/src/rendering/box.dart:2391:11)
#28     RenderProxyBoxMixin.performLayout (package:flutter/src/rendering/proxy_box.dart:104:21)
#29     RenderObject.layout (package:flutter/src/rendering/object.dart:2548:7)
#30     RenderBox.layout (package:flutter/src/rendering/box.dart:2391:11)
#31     RenderProxyBoxMixin.performLayout (package:flutter/src/rendering/proxy_box.dart:104:21)
#32     RenderObject.layout (package:flutter/src/rendering/object.dart:2548:7)
#33     RenderBox.layout (package:flutter/src/rendering/box.dart:2391:11)
#34     RenderProxyBoxMixin.performLayout (package:flutter/src/rendering/proxy_box.dart:104:21)
#35     RenderObject.layout (package:flutter/src/rendering/object.dart:2548:7)
#36     RenderBox.layout (package:flutter/src/rendering/box.dart:2391:11)
#37     RenderPadding.performLayout (package:flutter/src/rendering/shifted_box.dart:238:12)
#38     RenderObject.layout (package:flutter/src/rendering/object.dart:2548:7)
#39     RenderBox.layout (package:flutter/src/rendering/box.dart:2391:11)
#40     ChildLayoutHelper.layoutChild (package:flutter/src/rendering/layout_helper.dart:52:11)
#41     RenderFlex._computeSizes (package:flutter/src/rendering/flex.dart:868:45)
#42     RenderFlex.performLayout (package:flutter/src/rendering/flex.dart:903:32)
#43     RenderObject.layout (package:flutter/src/rendering/object.dart:2548:7)
#44     RenderBox.layout (package:flutter/src/rendering/box.dart:2391:11)
#45     ChildLayoutHelper.layoutChild (package:flutter/src/rendering/layout_helper.dart:52:11)
#46     RenderIntrinsicWidth._computeSize (package:flutter/src/rendering/proxy_box.dart:722:25)
#47     RenderIntrinsicWidth.performLayout (package:flutter/src/rendering/proxy_box.dart:738:12)
#48     RenderObject.layout (package:flutter/src/rendering/object.dart:2548:7)
#49     RenderBox.layout (package:flutter/src/rendering/box.dart:2391:11)
#50     RenderProxyBoxMixin.performLayout (package:flutter/src/rendering/proxy_box.dart:104:21)
#51     RenderObject.layout (package:flutter/src/rendering/object.dart:2548:7)
#52     RenderBox.layout (package:flutter/src/rendering/box.dart:2391:11)
#53     RenderProxyBoxMixin.performLayout (package:flutter/src/rendering/proxy_box.dart:104:21)
#54     RenderObject.layout (package:flutter/src/rendering/object.dart:2548:7)
#55     RenderBox.layout (package:flutter/src/rendering/box.dart:2391:11)
#56     RenderProxyBoxMixin.performLayout (package:flutter/src/rendering/proxy_box.dart:104:21)
#57     RenderCustomPaint.performLayout (package:flutter/src/rendering/custom_paint.dart:571:11)
#58     RenderObject.layout (package:flutter/src/rendering/object.dart:2548:7)
#59     RenderBox.layout (package:flutter/src/rendering/box.dart:2391:11)
#60     RenderProxyBoxMixin.performLayout (package:flutter/src/rendering/proxy_box.dart:104:21)
#61     _RenderCustomClip.performLayout (package:flutter/src/rendering/proxy_box.dart:1444:11)
#62     RenderObject.layout (package:flutter/src/rendering/object.dart:2548:7)
#63     RenderBox.layout (package:flutter/src/rendering/box.dart:2391:11)
#64     RenderConstrainedBox.performLayout (package:flutter/src/rendering/proxy_box.dart:279:14)
#65     RenderObject.layout (package:flutter/src/rendering/object.dart:2548:7)
#66     RenderBox.layout (package:flutter/src/rendering/box.dart:2391:11)
#67     RenderPositionedBox.performLayout (package:flutter/src/rendering/shifted_box.dart:438:14)
#68     RenderObject._layoutWithoutResize (package:flutter/src/rendering/object.dart:2387:7)
#69     PipelineOwner.flushLayout (package:flutter/src/rendering/object.dart:1027:18)
#70     PipelineOwner.flushLayout (package:flutter/src/rendering/object.dart:1040:15)
#71     RendererBinding.drawFrame (package:flutter/src/rendering/binding.dart:591:23)
#72     WidgetsBinding.drawFrame (package:flutter/src/widgets/binding.dart:959:13)
#73     RendererBinding._handlePersistentFrameCallback (package:flutter/src/rendering/binding.dart:457:5)
#74     SchedulerBinding._invokeFrameCallback (package:flutter/src/scheduler/binding.dart:1325:15)
#75     SchedulerBinding.handleDrawFrame (package:flutter/src/scheduler/binding.dart:1255:9)
#76     SchedulerBinding._handleDrawFrame (package:flutter/src/scheduler/binding.dart:1113:5)
#77     _invoke (dart:ui/hooks.dart:170:13)
#78     PlatformDispatcher._drawFrame (dart:ui/platform_dispatcher.dart:410:5)
#79     _drawFrame (dart:ui/hooks.dart:140:31)
flutter/src/rendering/binding.dart:457:5)
#80     SchedulerBinding._invokeFrameCallback (package:flutter/src/scheduler/binding.dart:1325:15)
#81     SchedulerBinding.handleDrawFrame (package:flutter/src/scheduler/binding.dart:1255:9)
#82     SchedulerBinding._handleDrawFrame (package:flutter/src/scheduler/binding.dart:1113:5)
#83     _invoke (dart:ui/hooks.dart:170:13)
#84     PlatformDispatcher._drawFrame (dart:ui/platform_dispatcher.dart:410:5)
#85     _drawFrame (dart:ui/hooks.dart:140:31)
erBinding._handleDrawFrame (package:flutter/src/scheduler/binding.dart:1113:5)
#86     _invoke (dart:ui/hooks.dart:170:13)
#87     PlatformDispatcher._drawFrame (dart:ui/platform_dispatcher.dart:410:5)
#88     _drawFrame (dart:ui/hooks.dart:140:31)
  SchedulerBinding.handleDrawFrame (package:flutter/src/scheduler/binding.dart:1255:9)
#89     SchedulerBinding._handleDrawFrame (package:flutter/src/scheduler/binding.dart:1113:5)
#90     _invoke (dart:ui/hooks.dart:170:13)
#91     PlatformDispatcher._drawFrame (dart:ui/platform_dispatcher.dart:410:5)
#92     _drawFrame (dart:ui/hooks.dart:140:31)
#0      _AssertionError._doThrowNew (dart:core-patch/errors_patch.dart:51:61)
#1      _AssertionError._throwNew (dart:core-patch/errors_patch.dart:40:5)
#2      RenderBox.size (package:flutter/src/rendering/box.dart:1974:12)
#3      RenderProxyBoxMixin.performLayout (package:flutter/src/rendering/proxy_box.dart:104:65)
#4      RenderObject.layout (package:flutter/src/rendering/object.dart:2548:7)
#5      RenderBox.layout (package:flutter/src/rendering/box.dart:2391:11)
#6      RenderProxyBoxMixin.performLayout (package:flutter/src/rendering/proxy_box.dart:104:21)
#7      RenderObject.layout (package:flutter/src/rendering/object.dart:2548:7)
#8      RenderBox.layout (package:flutter/src/rendering/box.dart:2391:11)
#9      RenderProxyBoxMixin.performLayout (package:flutter/src/rendering/proxy_box.dart:104:21)
#10     RenderObject.layout (package:flutter/src/rendering/object.dart:2548:7)
#11     RenderBox.layout (package:flutter/src/rendering/box.dart:2391:11)
#12     RenderProxyBoxMixin.performLayout (package:flutter/src/rendering/proxy_box.dart:104:21)
#13     RenderObject.layout (package:flutter/src/rendering/object.dart:2548:7)
#14     RenderBox.layout (package:flutter/src/rendering/box.dart:2391:11)
#15     RenderProxyBoxMixin.performLayout (package:flutter/src/rendering/proxy_box.dart:104:21)
#16     RenderObject.layout (package:flutter/src/rendering/object.dart:2548:7)
#17     RenderBox.layout (package:flutter/src/rendering/box.dart:2391:11)
#18     RenderProxyBoxMixin.performLayout (package:flutter/src/rendering/proxy_box.dart:104:21)
#19     RenderCustomPaint.performLayout (package:flutter/src/rendering/custom_paint.dart:571:11)
#20     RenderObject.layout (package:flutter/src/rendering/object.dart:2548:7)
#21     RenderBox.layout (package:flutter/src/rendering/box.dart:2391:11)
#22     RenderProxyBoxMixin.performLayout (package:flutter/src/rendering/proxy_box.dart:104:21)
#23     RenderObject.layout (package:flutter/src/rendering/object.dart:2548:7)
#24     RenderBox.layout (package:flutter/src/rendering/box.dart:2391:11)
#25     RenderProxyBoxMixin.performLayout (package:flutter/src/rendering/proxy_box.dart:104:21)
#26     RenderObject.layout (package:flutter/src/rendering/object.dart:2548:7)
#27     RenderBox.layout (package:flutter/src/rendering/box.dart:2391:11)
#28     RenderProxyBoxMixin.performLayout (package:flutter/src/rendering/proxy_box.dart:104:21)
#29     RenderObject.layout (package:flutter/src/rendering/object.dart:2548:7)
#30     RenderBox.layout (package:flutter/src/rendering/box.dart:2391:11)
#31     RenderProxyBoxMixin.performLayout (package:flutter/src/rendering/proxy_box.dart:104:21)
#32     RenderObject.layout (package:flutter/src/rendering/object.dart:2548:7)
#33     RenderBox.layout (package:flutter/src/rendering/box.dart:2391:11)
#34     RenderProxyBoxMixin.performLayout (package:flutter/src/rendering/proxy_box.dart:104:21)
#35     RenderObject.layout (package:flutter/src/rendering/object.dart:2548:7)
#36     RenderBox.layout (package:flutter/src/rendering/box.dart:2391:11)
#37     RenderProxyBoxMixin.performLayout (package:flutter/src/rendering/proxy_box.dart:104:21)
#38     RenderObject.layout (package:flutter/src/rendering/object.dart:2548:7)
#39     RenderBox.layout (package:flutter/src/rendering/box.dart:2391:11)
#40     RenderPadding.performLayout (package:flutter/src/rendering/shifted_box.dart:238:12)
#41     RenderObject.layout (package:flutter/src/rendering/object.dart:2548:7)
#42     RenderBox.layout (package:flutter/src/rendering/box.dart:2391:11)
#43     ChildLayoutHelper.layoutChild (package:flutter/src/rendering/layout_helper.dart:52:11)
#44     RenderFlex._computeSizes (package:flutter/src/rendering/flex.dart:868:45)
#45     RenderFlex.performLayout (package:flutter/src/rendering/flex.dart:903:32)
#46     RenderObject.layout (package:flutter/src/rendering/object.dart:2548:7)
#47     RenderBox.layout (package:flutter/src/rendering/box.dart:2391:11)
#48     ChildLayoutHelper.layoutChild (package:flutter/src/rendering/layout_helper.dart:52:11)
#49     RenderIntrinsicWidth._computeSize (package:flutter/src/rendering/proxy_box.dart:722:25)
#50     RenderIntrinsicWidth.performLayout (package:flutter/src/rendering/proxy_box.dart:738:12)
#51     RenderObject.layout (package:flutter/src/rendering/object.dart:2548:7)
#52     RenderBox.layout (package:flutter/src/rendering/box.dart:2391:11)
#53     RenderProxyBoxMixin.performLayout (package:flutter/src/rendering/proxy_box.dart:104:21)
#54     RenderObject.layout (package:flutter/src/rendering/object.dart:2548:7)
#55     RenderBox.layout (package:flutter/src/rendering/box.dart:2391:11)
#56     RenderProxyBoxMixin.performLayout (package:flutter/src/rendering/proxy_box.dart:104:21)
#57     RenderObject.layout (package:flutter/src/rendering/object.dart:2548:7)
#58     RenderBox.layout (package:flutter/src/rendering/box.dart:2391:11)
#59     RenderProxyBoxMixin.performLayout (package:flutter/src/rendering/proxy_box.dart:104:21)
#60     RenderCustomPaint.performLayout (package:flutter/src/rendering/custom_paint.dart:571:11)
#61     RenderObject.layout (package:flutter/src/rendering/object.dart:2548:7)
#62     RenderBox.layout (package:flutter/src/rendering/box.dart:2391:11)
#63     RenderProxyBoxMixin.performLayout (package:flutter/src/rendering/proxy_box.dart:104:21)
#64     _RenderCustomClip.performLayout (package:flutter/src/rendering/proxy_box.dart:1444:11)
#65     RenderObject.layout (package:flutter/src/rendering/object.dart:2548:7)
#66     RenderBox.layout (package:flutter/src/rendering/box.dart:2391:11)
#67     RenderConstrainedBox.performLayout (package:flutter/src/rendering/proxy_box.dart:279:14)
#68     RenderObject.layout (package:flutter/src/rendering/object.dart:2548:7)
#69     RenderBox.layout (package:flutter/src/rendering/box.dart:2391:11)
#70     RenderPositionedBox.performLayout (package:flutter/src/rendering/shifted_box.dart:438:14)
#71     RenderObject._layoutWithoutResize (package:flutter/src/rendering/object.dart:2387:7)
#72     PipelineOwner.flushLayout (package:flutter/src/rendering/object.dart:1027:18)
#73     PipelineOwner.flushLayout (package:flutter/src/rendering/object.dart:1040:15)
#74     RendererBinding.drawFrame (package:flutter/src/rendering/binding.dart:591:23)
#75     WidgetsBinding.drawFrame (package:flutter/src/widgets/binding.dart:959:13)
#76     RendererBinding._handlePersistentFrameCallback (package:flutter/src/rendering/binding.dart:457:5)
#77     SchedulerBinding._invokeFrameCallback (package:flutter/src/scheduler/binding.dart:1325:15)
#78     SchedulerBinding.handleDrawFrame (package:flutter/src/scheduler/binding.dart:1255:9)
#79     SchedulerBinding._handleDrawFrame (package:flutter/src/scheduler/binding.dart:1113:5)
#80     _invoke (dart:ui/hooks.dart:170:13)
#81     PlatformDispatcher._drawFrame (dart:ui/platform_dispatcher.dart:410:5)
#82     _drawFrame (dart:ui/hooks.dart:140:31)
flutter/src/rendering/binding.dart:457:5)
#83     SchedulerBinding._invokeFrameCallback (package:flutter/src/scheduler/binding.dart:1325:15)
#84     SchedulerBinding.handleDrawFrame (package:flutter/src/scheduler/binding.dart:1255:9)
#85     SchedulerBinding._handleDrawFrame (package:flutter/src/scheduler/binding.dart:1113:5)
#86     _invoke (dart:ui/hooks.dart:170:13)
#87     PlatformDispatcher._drawFrame (dart:ui/platform_dispatcher.dart:410:5)
#88     _drawFrame (dart:ui/hooks.dart:140:31)
#0      _AssertionError._doThrowNew (dart:core-patch/errors_patch.dart:51:61)
#1      _AssertionError._throwNew (dart:core-patch/errors_patch.dart:40:5)
#2      RenderBox.size (package:flutter/src/rendering/box.dart:1974:12)
#3      RenderProxyBoxMixin.performLayout (package:flutter/src/rendering/proxy_box.dart:104:65)
#4      RenderObject.layout (package:flutter/src/rendering/object.dart:2548:7)
#5      RenderBox.layout (package:flutter/src/rendering/box.dart:2391:11)
#6      RenderProxyBoxMixin.performLayout (package:flutter/src/rendering/proxy_box.dart:104:21)
#7      RenderObject.layout (package:flutter/src/rendering/object.dart:2548:7)
#8      RenderBox.layout (package:flutter/src/rendering/box.dart:2391:11)
#9      RenderProxyBoxMixin.performLayout (package:flutter/src/rendering/proxy_box.dart:104:21)
#10     RenderObject.layout (package:flutter/src/rendering/object.dart:2548:7)
#11     RenderBox.layout (package:flutter/src/rendering/box.dart:2391:11)
#12     RenderProxyBoxMixin.performLayout (package:flutter/src/rendering/proxy_box.dart:104:21)
#13     RenderObject.layout (package:flutter/src/rendering/object.dart:2548:7)
#14     RenderBox.layout (package:flutter/src/rendering/box.dart:2391:11)
#15     RenderPadding.performLayout (package:flutter/src/rendering/shifted_box.dart:238:12)
#16     RenderObject.layout (package:flutter/src/rendering/object.dart:2548:7)
#17     RenderBox.layout (package:flutter/src/rendering/box.dart:2391:11)
#18     ChildLayoutHelper.layoutChild (package:flutter/src/rendering/layout_helper.dart:52:11)
#19     RenderFlex._computeSizes (package:flutter/src/rendering/flex.dart:868:45)
#20     RenderFlex.performLayout (package:flutter/src/rendering/flex.dart:903:32)
#21     RenderObject.layout (package:flutter/src/rendering/object.dart:2548:7)
#22     RenderBox.layout (package:flutter/src/rendering/box.dart:2391:11)
#23     ChildLayoutHelper.layoutChild (package:flutter/src/rendering/layout_helper.dart:52:11)
#24     RenderIntrinsicWidth._computeSize (package:flutter/src/rendering/proxy_box.dart:722:25)
#25     RenderIntrinsicWidth.performLayout (package:flutter/src/rendering/proxy_box.dart:738:12)
#26     RenderObject.layout (package:flutter/src/rendering/object.dart:2548:7)
#27     RenderBox.layout (package:flutter/src/rendering/box.dart:2391:11)
#28     RenderProxyBoxMixin.performLayout (package:flutter/src/rendering/proxy_box.dart:104:21)
#29     RenderObject.layout (package:flutter/src/rendering/object.dart:2548:7)
#30     RenderBox.layout (package:flutter/src/rendering/box.dart:2391:11)
#31     RenderProxyBoxMixin.performLayout (package:flutter/src/rendering/proxy_box.dart:104:21)
#32     RenderObject.layout (package:flutter/src/rendering/object.dart:2548:7)
#33     RenderBox.layout (package:flutter/src/rendering/box.dart:2391:11)
#34     RenderProxyBoxMixin.performLayout (package:flutter/src/rendering/proxy_box.dart:104:21)
#35     RenderCustomPaint.performLayout (package:flutter/src/rendering/custom_paint.dart:571:11)
#36     RenderObject.layout (package:flutter/src/rendering/object.dart:2548:7)
#37     RenderBox.layout (package:flutter/src/rendering/box.dart:2391:11)
#38     RenderProxyBoxMixin.performLayout (package:flutter/src/rendering/proxy_box.dart:104:21)
#39     _RenderCustomClip.performLayout (package:flutter/src/rendering/proxy_box.dart:1444:11)
#40     RenderObject.layout (package:flutter/src/rendering/object.dart:2548:7)
#41     RenderBox.layout (package:flutter/src/rendering/box.dart:2391:11)
#42     RenderConstrainedBox.performLayout (package:flutter/src/rendering/proxy_box.dart:279:14)
#43     RenderObject.layout (package:flutter/src/rendering/object.dart:2548:7)
#44     RenderBox.layout (package:flutter/src/rendering/box.dart:2391:11)
#45     RenderPositionedBox.performLayout (package:flutter/src/rendering/shifted_box.dart:438:14)
#46     RenderObject._layoutWithoutResize (package:flutter/src/rendering/object.dart:2387:7)
#47     PipelineOwner.flushLayout (package:flutter/src/rendering/object.dart:1027:18)
#48     PipelineOwner.flushLayout (package:flutter/src/rendering/object.dart:1040:15)
#49     RendererBinding.drawFrame (package:flutter/src/rendering/binding.dart:591:23)
#50     WidgetsBinding.drawFrame (package:flutter/src/widgets/binding.dart:959:13)
#51     RendererBinding._handlePersistentFrameCallback (package:flutter/src/rendering/binding.dart:457:5)
#52     SchedulerBinding._invokeFrameCallback (package:flutter/src/scheduler/binding.dart:1325:15)
#53     SchedulerBinding.handleDrawFrame (package:flutter/src/scheduler/binding.dart:1255:9)
#54     SchedulerBinding._handleDrawFrame (package:flutter/src/scheduler/binding.dart:1113:5)
#55     _invoke (dart:ui/hooks.dart:170:13)
#56     PlatformDispatcher._drawFrame (dart:ui/platform_dispatcher.dart:410:5)
#57     _drawFrame (dart:ui/hooks.dart:140:31)
58     RenderPositionedBox.performLayout (package:flutter/src/rendering/shifted_box.dart:438:14)
#59     RenderObject._layoutWithoutResize (package:flutter/src/rendering/object.dart:2387:7)
#60     PipelineOwner.flushLayout (package:flutter/src/rendering/object.dart:1027:18)
#61     PipelineOwner.flushLayout (package:flutter/src/rendering/object.dart:1040:15)
#62     RendererBinding.drawFrame (package:flutter/src/rendering/binding.dart:591:23)
#63     WidgetsBinding.drawFrame (package:flutter/src/widgets/binding.dart:959:13)
#64     RendererBinding._handlePersistentFrameCallback (package:flutter/src/rendering/binding.dart:457:5)
#65     SchedulerBinding._invokeFrameCallback (package:flutter/src/scheduler/binding.dart:1325:15)
#66     SchedulerBinding.handleDrawFrame (package:flutter/src/scheduler/binding.dart:1255:9)
#67     SchedulerBinding._handleDrawFrame (package:flutter/src/scheduler/binding.dart:1113:5)
#68     _invoke (dart:ui/hooks.dart:170:13)
#69     PlatformDispatcher._drawFrame (dart:ui/platform_dispatcher.dart:410:5)
#70     _drawFrame (dart:ui/hooks.dart:140:31)
#0      _AssertionError._doThrowNew (dart:core-patch/errors_patch.dart:51:61)
#1      _AssertionError._throwNew (dart:core-patch/errors_patch.dart:40:5)
#2      RenderBox.size (package:flutter/src/rendering/box.dart:1974:12)
#3      RenderProxyBoxMixin.performLayout (package:flutter/src/rendering/proxy_box.dart:104:65)
#4      RenderObject.layout (package:flutter/src/rendering/object.dart:2548:7)
#5      RenderBox.layout (package:flutter/src/rendering/box.dart:2391:11)
#6      RenderProxyBoxMixin.performLayout (package:flutter/src/rendering/proxy_box.dart:104:21)
#7      RenderObject.layout (package:flutter/src/rendering/object.dart:2548:7)
#8      RenderBox.layout (package:flutter/src/rendering/box.dart:2391:11)
#9      RenderProxyBoxMixin.performLayout (package:flutter/src/rendering/proxy_box.dart:104:21)
#10     RenderObject.layout (package:flutter/src/rendering/object.dart:2548:7)
#11     RenderBox.layout (package:flutter/src/rendering/box.dart:2391:11)
#12     RenderPadding.performLayout (package:flutter/src/rendering/shifted_box.dart:238:12)
#13     RenderObject.layout (package:flutter/src/rendering/object.dart:2548:7)
#14     RenderBox.layout (package:flutter/src/rendering/box.dart:2391:11)
#15     ChildLayoutHelper.layoutChild (package:flutter/src/rendering/layout_helper.dart:52:11)
#16     RenderFlex._computeSizes (package:flutter/src/rendering/flex.dart:868:45)
#17     RenderFlex.performLayout (package:flutter/src/rendering/flex.dart:903:32)
#18     RenderObject.layout (package:flutter/src/rendering/object.dart:2548:7)
#19     RenderBox.layout (package:flutter/src/rendering/box.dart:2391:11)
#20     ChildLayoutHelper.layoutChild (package:flutter/src/rendering/layout_helper.dart:52:11)
#21     RenderIntrinsicWidth._computeSize (package:flutter/src/rendering/proxy_box.dart:722:25)
#22     RenderIntrinsicWidth.performLayout (package:flutter/src/rendering/proxy_box.dart:738:12)
#23     RenderObject.layout (package:flutter/src/rendering/object.dart:2548:7)
#24     RenderBox.layout (package:flutter/src/rendering/box.dart:2391:11)
#25     RenderProxyBoxMixin.performLayout (package:flutter/src/rendering/proxy_box.dart:104:21)
#26     RenderObject.layout (package:flutter/src/rendering/object.dart:2548:7)
#27     RenderBox.layout (package:flutter/src/rendering/box.dart:2391:11)
#28     RenderProxyBoxMixin.performLayout (package:flutter/src/rendering/proxy_box.dart:104:21)
#29     RenderObject.layout (package:flutter/src/rendering/object.dart:2548:7)
#30     RenderBox.layout (package:flutter/src/rendering/box.dart:2391:11)
#31     RenderProxyBoxMixin.performLayout (package:flutter/src/rendering/proxy_box.dart:104:21)
#32     RenderCustomPaint.performLayout (package:flutter/src/rendering/custom_paint.dart:571:11)
#33     RenderObject.layout (package:flutter/src/rendering/object.dart:2548:7)
#34     RenderBox.layout (package:flutter/src/rendering/box.dart:2391:11)
#35     RenderProxyBoxMixin.performLayout (package:flutter/src/rendering/proxy_box.dart:104:21)
#36     _RenderCustomClip.performLayout (package:flutter/src/rendering/proxy_box.dart:1444:11)
#37     RenderObject.layout (package:flutter/src/rendering/object.dart:2548:7)
#38     RenderBox.layout (package:flutter/src/rendering/box.dart:2391:11)
#39     RenderConstrainedBox.performLayout (package:flutter/src/rendering/proxy_box.dart:279:14)
#40     RenderObject.layout (package:flutter/src/rendering/object.dart:2548:7)
#41     RenderBox.layout (package:flutter/src/rendering/box.dart:2391:11)
#42     RenderPositionedBox.performLayout (package:flutter/src/rendering/shifted_box.dart:438:14)
#43     RenderObject._layoutWithoutResize (package:flutter/src/rendering/object.dart:2387:7)
#44     PipelineOwner.flushLayout (package:flutter/src/rendering/object.dart:1027:18)
#45     PipelineOwner.flushLayout (package:flutter/src/rendering/object.dart:1040:15)
#46     RendererBinding.drawFrame (package:flutter/src/rendering/binding.dart:591:23)
#47     WidgetsBinding.drawFrame (package:flutter/src/widgets/binding.dart:959:13)
#48     RendererBinding._handlePersistentFrameCallback (package:flutter/src/rendering/binding.dart:457:5)
#49     SchedulerBinding._invokeFrameCallback (package:flutter/src/scheduler/binding.dart:1325:15)
#50     SchedulerBinding.handleDrawFrame (package:flutter/src/scheduler/binding.dart:1255:9)
#51     SchedulerBinding._handleDrawFrame (package:flutter/src/scheduler/binding.dart:1113:5)
#52     _invoke (dart:ui/hooks.dart:170:13)
#53     PlatformDispatcher._drawFrame (dart:ui/platform_dispatcher.dart:410:5)
#54     _drawFrame (dart:ui/hooks.dart:140:31)
ayout (package:flutter/src/rendering/box.dart:2391:11)
#56     RenderProxyBoxMixin.performLayout (package:flutter/src/rendering/proxy_box.dart:104:21)
#57     RenderObject.layout (package:flutter/src/rendering/object.dart:2548:7)
#58     RenderBox.layout (package:flutter/src/rendering/box.dart:2391:11)
#59     RenderProxyBoxMixin.performLayout (package:flutter/src/rendering/proxy_box.dart:104:21)
#60     RenderCustomPaint.performLayout (package:flutter/src/rendering/custom_paint.dart:571:11)
#61     RenderObject.layout (package:flutter/src/rendering/object.dart:2548:7)
#62     RenderBox.layout (package:flutter/src/rendering/box.dart:2391:11)
#63     RenderProxyBoxMixin.performLayout (package:flutter/src/rendering/proxy_box.dart:104:21)
#64     _RenderCustomClip.performLayout (package:flutter/src/rendering/proxy_box.dart:1444:11)
#65     RenderObject.layout (package:flutter/src/rendering/object.dart:2548:7)
#66     RenderBox.layout (package:flutter/src/rendering/box.dart:2391:11)
#67     RenderConstrainedBox.performLayout (package:flutter/src/rendering/proxy_box.dart:279:14)
#68     RenderObject.layout (package:flutter/src/rendering/object.dart:2548:7)
#69     RenderBox.layout (package:flutter/src/rendering/box.dart:2391:11)
#70     RenderPositionedBox.performLayout (package:flutter/src/rendering/shifted_box.dart:438:14)
#71     RenderObject._layoutWithoutResize (package:flutter/src/rendering/object.dart:2387:7)
#72     PipelineOwner.flushLayout (package:flutter/src/rendering/object.dart:1027:18)
#73     PipelineOwner.flushLayout (package:flutter/src/rendering/object.dart:1040:15)
#74     RendererBinding.drawFrame (package:flutter/src/rendering/binding.dart:591:23)
#75     WidgetsBinding.drawFrame (package:flutter/src/widgets/binding.dart:959:13)
#76     RendererBinding._handlePersistentFrameCallback (package:flutter/src/rendering/binding.dart:457:5)
#77     SchedulerBinding._invokeFrameCallback (package:flutter/src/scheduler/binding.dart:1325:15)
#78     SchedulerBinding.handleDrawFrame (package:flutter/src/scheduler/binding.dart:1255:9)
#79     SchedulerBinding._handleDrawFrame (package:flutter/src/scheduler/binding.dart:1113:5)
#80     _invoke (dart:ui/hooks.dart:170:13)
#81     PlatformDispatcher._drawFrame (dart:ui/platform_dispatcher.dart:410:5)
#82     _drawFrame (dart:ui/hooks.dart:140:31)



annot hit test a render box with no size.
The hitTest() method was called on this RenderBox: RenderRepaintBoundary#53e84 relayoutBoundary=up10 NEEDS-PAINT:
  needs compositing
  creator: RepaintBoundary ← NotificationListener<ScrollNotification> ← NotificationListener<ScrollMetricsNotification> ← _MaterialScrollbar ← Scrollbar ← Scrollable ← SingleChildScrollView ← Semantics ← DefaultTextStyle ← Padding ← Flexible ← Column ← ⋯
  parentData: <none> (can use size)
  constraints: BoxConstraints(w=600.0, 0.0<=h<=681.0)
  layer: OffsetLayer#f8810 DETACHED
  size: MISSING
  metrics: 0.0% useful (10 bad vs 0 good)
  diagnosis: this repaint boundary is astoundingly ineffectual and should be removed
Although this node is not marked as needing layout, its size is not set.
A RenderBox object must have an explicit size before it can be hit-tested. Make sure that the RenderBox in question sets its size during layout.#0      RenderBox.hitTest.<anonymous closure> (package:flutter/src/rendering/box.dart:2467:9)
#1      RenderBox.hitTest (package:flutter/src/rendering/box.dart:2482:6)
#2      RenderProxyBoxMixin.hitTestChildren (package:flutter/src/rendering/proxy_box.dart:117:19)
#3      RenderBox.hitTest (package:flutter/src/rendering/box.dart:2484:11)
#4      RenderShiftedBox.hitTestChildren.<anonymous closure> (package:flutter/src/rendering/shifted_box.dart:88:24)
#5      BoxHitTestResult.addWithPaintOffset (package:flutter/src/rendering/box.dart:800:31)
#6      RenderShiftedBox.hitTestChildren (package:flutter/src/rendering/shifted_box.dart:83:21)
#7      RenderBox.hitTest (package:flutter/src/rendering/box.dart:2484:11)
#8      RenderBoxContainerDefaultsMixin.defaultHitTestChildren.<anonymous closure> (package:flutter/src/rendering/box.dart:2863:25)
#9      BoxHitTestResult.addWithPaintOffset (package:flutter/src/rendering/box.dart:800:31)
#10     RenderBoxContainerDefaultsMixin.defaultHitTestChildren (package:flutter/src/rendering/box.dart:2858:33)
#11     RenderFlex.hitTestChildren (package:flutter/src/rendering/flex.dart:1034:12)
#12     RenderBox.hitTest (package:flutter/src/rendering/box.dart:2484:11)
#13     RenderProxyBoxMixin.hitTestChildren (package:flutter/src/rendering/proxy_box.dart:117:19)
#14     RenderBox.hitTest (package:flutter/src/rendering/box.dart:2484:11)
#15     RenderProxyBoxMixin.hitTestChildren (package:flutter/src/rendering/proxy_box.dart:117:19)
#16     RenderBox.hitTest (package:flutter/src/rendering/box.dart:2484:11)
#17     RenderProxyBoxMixin.hitTestChildren (package:flutter/src/rendering/proxy_box.dart:117:19)
#18     RenderBox.hitTest (package:flutter/src/rendering/box.dart:2484:11)
#19     RenderProxyBoxMixin.hitTestChildren (package:flutter/src/rendering/proxy_box.dart:117:19)
#20     RenderCustomPaint.hitTestChildren (package:flutter/src/rendering/custom_paint.dart:561:18)
#21     RenderBox.hitTest (package:flutter/src/rendering/box.dart:2484:11)
#22     RenderProxyBoxMixin.hitTestChildren (package:flutter/src/rendering/proxy_box.dart:117:19)
#23     RenderBox.hitTest (package:flutter/src/rendering/box.dart:2484:11)
#24     RenderPhysicalShape.hitTest (package:flutter/src/rendering/proxy_box.dart:2116:18)
#25     RenderProxyBoxMixin.hitTestChildren (package:flutter/src/rendering/proxy_box.dart:117:19)
#26     RenderBox.hitTest (package:flutter/src/rendering/box.dart:2484:11)
#27     RenderShiftedBox.hitTestChildren.<anonymous closure> (package:flutter/src/rendering/shifted_box.dart:88:24)
#28     BoxHitTestResult.addWithPaintOffset (package:flutter/src/rendering/box.dart:800:31)
#29     RenderShiftedBox.hitTestChildren (package:flutter/src/rendering/shifted_box.dart:83:21)
#30     RenderBox.hitTest (package:flutter/src/rendering/box.dart:2484:11)
#31     RenderShiftedBox.hitTestChildren.<anonymous closure> (package:flutter/src/rendering/shifted_box.dart:88:24)
#32     BoxHitTestResult.addWithPaintOffset (package:flutter/src/rendering/box.dart:800:31)
#33     RenderShiftedBox.hitTestChildren (package:flutter/src/rendering/shifted_box.dart:83:21)
#34     RenderBox.hitTest (package:flutter/src/rendering/box.dart:2484:11)
#35     RenderShiftedBox.hitTestChildren.<anonymous closure> (package:flutter/src/rendering/shifted_box.dart:88:24)
#36     BoxHitTestResult.addWithPaintOffset (package:flutter/src/rendering/box.dart:800:31)
#37     RenderShiftedBox.hitTestChildren (package:flutter/src/rendering/shifted_box.dart:83:21)
#38     RenderBox.hitTest (package:flutter/src/rendering/box.dart:2484:11)
#39     RenderShiftedBox.hitTestChildren.<anonymous closure> (package:flutter/src/rendering/shifted_box.dart:88:24)
#40     BoxHitTestResult.addWithPaintOffset (package:flutter/src/rendering/box.dart:800:31)
#41     RenderShiftedBox.hitTestChildren (package:flutter/src/rendering/shifted_box.dart:83:21)
#42     RenderBox.hitTest (package:flutter/src/rendering/box.dart:2484:11)
#43     RenderProxyBoxMixin.hitTestChildren (package:flutter/src/rendering/proxy_box.dart:117:19)
#44     RenderBox.hitTest (package:flutter/src/rendering/box.dart:2484:11)
#45     RenderProxyBoxMixin.hitTestChildren (package:flutter/src/rendering/proxy_box.dart:117:19)
#46     RenderBox.hitTest (package:flutter/src/rendering/box.dart:2484:11)
#47     RenderProxyBoxMixin.hitTestChildren (package:flutter/src/rendering/proxy_box.dart:117:19)
#48     RenderBox.hitTest (package:flutter/src/rendering/box.dart:2484:11)
#49     RenderIgnorePointer.hitTest (package:flutter/src/rendering/proxy_box.dart:3618:31)
#50     RenderProxyBoxMixin.hitTestChildren (package:flutter/src/rendering/proxy_box.dart:117:19)
#51     RenderBox.hitTest (package:flutter/src/rendering/box.dart:2484:11)
#52     RenderProxyBoxMixin.hitTestChildren (package:flutter/src/rendering/proxy_box.dart:117:19)
#53     RenderBox.hitTest (package:flutter/src/rendering/box.dart:2484:11)
#54     RenderProxyBoxMixin.hitTestChildren (package:flutter/src/rendering/proxy_box.dart:117:19)
#55     RenderBox.hitTest (package:flutter/src/rendering/box.dart:2484:11)
#56     RenderProxyBoxMixin.hitTestChildren (package:flutter/src/rendering/proxy_box.dart:117:19)
#57     RenderBox.hitTest (package:flutter/src/rendering/box.dart:2484:11)
#58     RenderOffstage.hitTest (package:flutter/src/rendering/proxy_box.dart:3747:31)
#59     RenderProxyBoxMixin.hitTestChildren (package:flutter/src/rendering/proxy_box.dart:117:19)
#60     RenderBox.hitTest (package:flutter/src/rendering/box.dart:2484:11)
#61     _RenderTheaterMixin.hitTestChildren.childHitTest (package:flutter/src/widgets/overlay.dart:897:81)
#62     BoxHitTestResult.addWithPaintOffset (package:flutter/src/rendering/box.dart:800:31)
#63     _RenderTheaterMixin.hitTestChildren (package:flutter/src/widgets/overlay.dart:898:22)
#64     RenderBox.hitTest (package:flutter/src/rendering/box.dart:2484:11)
#65     RenderProxyBoxMixin.hitTestChildren (package:flutter/src/rendering/proxy_box.dart:117:19)
#66     RenderBox.hitTest (package:flutter/src/rendering/box.dart:2484:11)
#67     RenderAbsorbPointer.hitTest (package:flutter/src/rendering/proxy_box.dart:3872:17)
#68     RenderProxyBoxMixin.hitTestChildren (package:flutter/src/rendering/proxy_box.dart:117:19)
#69     RenderProxyBoxWithHitTestBehavior.hitTest (package:flutter/src/rendering/proxy_box.dart:172:19)
#70     RenderProxyBoxMixin.hitTestChildren (package:flutter/src/rendering/proxy_box.dart:117:19)
#71     RenderBox.hitTest (package:flutter/src/rendering/box.dart:2484:11)
#72     RenderProxyBoxMixin.hitTestChildren (package:flutter/src/rendering/proxy_box.dart:117:19)
#73     RenderBox.hitTest (package:flutter/src/rendering/box.dart:2484:11)
#74     RenderProxyBoxMixin.hitTestChildren (package:flutter/src/rendering/proxy_box.dart:117:19)
#75     RenderBox.hitTest (package:flutter/src/rendering/box.dart:2484:11)
#76     RenderProxyBoxMixin.hitTestChildren (package:flutter/src/rendering/proxy_box.dart:117:19)
#77     RenderTapRegionSurface.hitTest (package:flutter/src/widgets/tap_region.dart:213:28)
#78     RenderProxyBoxMixin.hitTestChildren (package:flutter/src/rendering/proxy_box.dart:117:19)
#79     RenderBox.hitTest (package:flutter/src/rendering/box.dart:2484:11)
#80     RenderProxyBoxMixin.hitTestChildren (package:flutter/src/rendering/proxy_box.dart:117:19)
#81     RenderBox.hitTest (package:flutter/src/rendering/box.dart:2484:11)
#82     RenderProxyBoxMixin.hitTestChildren (package:flutter/src/rendering/proxy_box.dart:117:19)
#83     RenderBox.hitTest (package:flutter/src/rendering/box.dart:2484:11)
#84     RenderView.hitTest (package:flutter/src/rendering/view.dart:211:14)
#85     RendererBinding.hitTestInView (package:flutter/src/rendering/binding.dart:624:34)
#86     GestureBinding._handlePointerEventImmediately (package:flutter/src/gestures/binding.dart:384:7)
#87     GestureBinding.handlePointerEvent (package:flutter/src/gestures/binding.dart:376:5)
#88     GestureBinding._flushPointerEventQueue (package:flutter/src/gestures/binding.dart:323:7)
#89     GestureBinding._handlePointerDataPacket (package:flutter/src/gestures/binding.dart:292:9)
#90     _invoke1 (dart:ui/hooks.dart:186:13)
#91     PlatformDispatcher._dispatchPointerDataPacket (dart:ui/platform_dispatcher.dart:433:7)
#92     _dispatchPointerDataPacket (dart:ui/hooks.dart:119:31)

0      RenderBox.hitTest.<anonymous closure> (package:flutter/src/rendering/box.dart:2467:9)
#1      RenderBox.hitTest (package:flutter/src/rendering/box.dart:2482:6)
#2      RenderProxyBoxMixin.hitTestChildren (package:flutter/src/rendering/proxy_box.dart:117:19)
#3      RenderBox.hitTest (package:flutter/src/rendering/box.dart:2484:11)
#4      RenderShiftedBox.hitTestChildren.<anonymous closure> (package:flutter/src/rendering/shifted_box.dart:88:24)
#5      BoxHitTestResult.addWithPaintOffset (package:flutter/src/rendering/box.dart:800:31)
#6      RenderShiftedBox.hitTestChildren (package:flutter/src/rendering/shifted_box.dart:83:21)
#7      RenderBox.hitTest (package:flutter/src/rendering/box.dart:2484:11)
#8      RenderBoxContainerDefaultsMixin.defaultHitTestChildren.<anonymous closure> (package:flutter/src/rendering/box.dart:2863:25)
#9      BoxHitTestResult.addWithPaintOffset (package:flutter/src/rendering/box.dart:800:31)
#10     RenderBoxContainerDefaultsMixin.defaultHitTestChildren (package:flutter/src/rendering/box.dart:2858:33)
#11     RenderFlex.hitTestChildren (package:flutter/src/rendering/flex.dart:1034:12)
#12     RenderBox.hitTest (package:flutter/src/rendering/box.dart:2484:11)
#13     RenderProxyBoxMixin.hitTestChildren (package:flutter/src/rendering/proxy_box.dart:117:19)
#14     RenderBox.hitTest (package:flutter/src/rendering/box.dart:2484:11)
#15     RenderProxyBoxMixin.hitTestChildren (package:flutter/src/rendering/proxy_box.dart:117:19)
#16     RenderBox.hitTest (package:flutter/src/rendering/box.dart:2484:11)
#17     RenderProxyBoxMixin.hitTestChildren (package:flutter/src/rendering/proxy_box.dart:117:19)
#18     RenderBox.hitTest (package:flutter/src/rendering/box.dart:2484:11)
#19     RenderProxyBoxMixin.hitTestChildren (package:flutter/src/rendering/proxy_box.dart:117:19)
#20     RenderCustomPaint.hitTestChildren (package:flutter/src/rendering/custom_paint.dart:561:18)
#21     RenderBox.hitTest (package:flutter/src/rendering/box.dart:2484:11)
#22     RenderProxyBoxMixin.hitTestChildren (package:flutter/src/rendering/proxy_box.dart:117:19)
#23     RenderBox.hitTest (package:flutter/src/rendering/box.dart:2484:11)
#24     RenderPhysicalShape.hitTest (package:flutter/src/rendering/proxy_box.dart:2116:18)
#25     RenderProxyBoxMixin.hitTestChildren (package:flutter/src/rendering/proxy_box.dart:117:19)
#26     RenderBox.hitTest (package:flutter/src/rendering/box.dart:2484:11)
#27     RenderShiftedBox.hitTestChildren.<anonymous closure> (package:flutter/src/rendering/shifted_box.dart:88:24)
#28     BoxHitTestResult.addWithPaintOffset (package:flutter/src/rendering/box.dart:800:31)
#29     RenderShiftedBox.hitTestChildren (package:flutter/src/rendering/shifted_box.dart:83:21)
#30     RenderBox.hitTest (package:flutter/src/rendering/box.dart:2484:11)
#31     RenderShiftedBox.hitTestChildren.<anonymous closure> (package:flutter/src/rendering/shifted_box.dart:88:24)
#32     BoxHitTestResult.addWithPaintOffset (package:flutter/src/rendering/box.dart:800:31)
#33     RenderShiftedBox.hitTestChildren (package:flutter/src/rendering/shifted_box.dart:83:21)
#34     RenderBox.hitTest (package:flutter/src/rendering/box.dart:2484:11)
#35     RenderShiftedBox.hitTestChildren.<anonymous closure> (package:flutter/src/rendering/shifted_box.dart:88:24)
#36     BoxHitTestResult.addWithPaintOffset (package:flutter/src/rendering/box.dart:800:31)
#37     RenderShiftedBox.hitTestChildren (package:flutter/src/rendering/shifted_box.dart:83:21)
#38     RenderBox.hitTest (package:flutter/src/rendering/box.dart:2484:11)
#39     RenderShiftedBox.hitTestChildren.<anonymous closure> (package:flutter/src/rendering/shifted_box.dart:88:24)
#40     BoxHitTestResult.addWithPaintOffset (package:flutter/src/rendering/box.dart:800:31)
#41     RenderShiftedBox.hitTestChildren (package:flutter/src/rendering/shifted_box.dart:83:21)
#42     RenderBox.hitTest (package:flutter/src/rendering/box.dart:2484:11)
#43     RenderProxyBoxMixin.hitTestChildren (package:flutter/src/rendering/proxy_box.dart:117:19)
#44     RenderBox.hitTest (package:flutter/src/rendering/box.dart:2484:11)
#45     RenderProxyBoxMixin.hitTestChildren (package:flutter/src/rendering/proxy_box.dart:117:19)
#46     RenderBox.hitTest (package:flutter/src/rendering/box.dart:2484:11)
#47     RenderProxyBoxMixin.hitTestChildren (package:flutter/src/rendering/proxy_box.dart:117:19)
#48     RenderBox.hitTest (package:flutter/src/rendering/box.dart:2484:11)
#49     RenderIgnorePointer.hitTest (package:flutter/src/rendering/proxy_box.dart:3618:31)
#50     RenderProxyBoxMixin.hitTestChildren (package:flutter/src/rendering/proxy_box.dart:117:19)
#51     RenderBox.hitTest (package:flutter/src/rendering/box.dart:2484:11)
#52     RenderProxyBoxMixin.hitTestChildren (package:flutter/src/rendering/proxy_box.dart:117:19)
#53     RenderBox.hitTest (package:flutter/src/rendering/box.dart:2484:11)
#54     RenderProxyBoxMixin.hitTestChildren (package:flutter/src/rendering/proxy_box.dart:117:19)
#55     RenderBox.hitTest (package:flutter/src/rendering/box.dart:2484:11)
#56     RenderProxyBoxMixin.hitTestChildren (package:flutter/src/rendering/proxy_box.dart:117:19)
#57     RenderBox.hitTest (package:flutter/src/rendering/box.dart:2484:11)
#58     RenderOffstage.hitTest (package:flutter/src/rendering/proxy_box.dart:3747:31)
#59     RenderProxyBoxMixin.hitTestChildren (package:flutter/src/rendering/proxy_box.dart:117:19)
#60     RenderBox.hitTest (package:flutter/src/rendering/box.dart:2484:11)
#61     _RenderTheaterMixin.hitTestChildren.childHitTest (package:flutter/src/widgets/overlay.dart:897:81)
#62     BoxHitTestResult.addWithPaintOffset (package:flutter/src/rendering/box.dart:800:31)
#63     _RenderTheaterMixin.hitTestChildren (package:flutter/src/widgets/overlay.dart:898:22)
#64     RenderBox.hitTest (package:flutter/src/rendering/box.dart:2484:11)
#65     RenderProxyBoxMixin.hitTestChildren (package:flutter/src/rendering/proxy_box.dart:117:19)
#66     RenderBox.hitTest (package:flutter/src/rendering/box.dart:2484:11)
#67     RenderAbsorbPointer.hitTest (package:flutter/src/rendering/proxy_box.dart:3872:17)
#68     RenderProxyBoxMixin.hitTestChildren (package:flutter/src/rendering/proxy_box.dart:117:19)
#69     RenderProxyBoxWithHitTestBehavior.hitTest (package:flutter/src/rendering/proxy_box.dart:172:19)
#70     RenderProxyBoxMixin.hitTestChildren (package:flutter/src/rendering/proxy_box.dart:117:19)
#71     RenderBox.hitTest (package:flutter/src/rendering/box.dart:2484:11)
#72     RenderProxyBoxMixin.hitTestChildren (package:flutter/src/rendering/proxy_box.dart:117:19)
#73     RenderBox.hitTest (package:flutter/src/rendering/box.dart:2484:11)
#74     RenderProxyBoxMixin.hitTestChildren (package:flutter/src/rendering/proxy_box.dart:117:19)
#75     RenderBox.hitTest (package:flutter/src/rendering/box.dart:2484:11)
#76     RenderProxyBoxMixin.hitTestChildren (package:flutter/src/rendering/proxy_box.dart:117:19)
#77     RenderTapRegionSurface.hitTest (package:flutter/src/widgets/tap_region.dart:213:28)
#78     RenderProxyBoxMixin.hitTestChildren (package:flutter/src/rendering/proxy_box.dart:117:19)
#79     RenderBox.hitTest (package:flutter/src/rendering/box.dart:2484:11)
#80     RenderProxyBoxMixin.hitTestChildren (package:flutter/src/rendering/proxy_box.dart:117:19)
#81     RenderBox.hitTest (package:flutter/src/rendering/box.dart:2484:11)
#82     RenderProxyBoxMixin.hitTestChildren (package:flutter/src/rendering/proxy_box.dart:117:19)
#83     RenderBox.hitTest (package:flutter/src/rendering/box.dart:2484:11)
#84     RenderView.hitTest (package:flutter/src/rendering/view.dart:211:14)
#85     RendererBinding.hitTestInView (package:flutter/src/rendering/binding.dart:624:34)
#86     GestureBinding._handlePointerEventImmediately (package:flutter/src/gestures/binding.dart:384:7)
#87     GestureBinding.handlePointerEvent (package:flutter/src/gestures/binding.dart:376:5)
#88     GestureBinding._flushPointerEventQueue (package:flutter/src/gestures/binding.dart:323:7)
#89     GestureBinding._handlePointerDataPacket (package:flutter/src/gestures/binding.dart:292:9)
#90     _invoke1 (dart:ui/hooks.dart:186:13)
#91     PlatformDispatcher._dispatchPointerDataPacket (dart:ui/platform_dispatcher.dart:433:7)
#92     _dispatchPointerDataPacket (dart:ui/hooks.dart:119:31)


annot hit test a render box with no size.
The hitTest() method was called on this RenderBox: RenderRepaintBoundary#53e84 relayoutBoundary=up10 NEEDS-PAINT:
  needs compositing
  creator: RepaintBoundary ← NotificationListener<ScrollNotification> ← NotificationListener<ScrollMetricsNotification> ← _MaterialScrollbar ← Scrollbar ← Scrollable ← SingleChildScrollView ← Semantics ← DefaultTextStyle ← Padding ← Flexible ← Column ← ⋯
  parentData: <none> (can use size)
  constraints: BoxConstraints(w=600.0, 0.0<=h<=681.0)
  layer: OffsetLayer#f8810 DETACHED
  size: MISSING
  metrics: 0.0% useful (10 bad vs 0 good)
  diagnosis: this repaint boundary is astoundingly ineffectual and should be removed
Although this node is not marked as needing layout, its size is not set.
A RenderBox object must have an explicit size before it can be hit-tested. Make sure that the RenderBox in question sets its size during layout.#0      RenderBox.hitTest.<anonymous closure> (package:flutter/src/rendering/box.dart:2467:9)
#1      RenderBox.hitTest (package:flutter/src/rendering/box.dart:2482:6)
#2      RenderProxyBoxMixin.hitTestChildren (package:flutter/src/rendering/proxy_box.dart:117:19)
#3      RenderBox.hitTest (package:flutter/src/rendering/box.dart:2484:11)
#4      RenderShiftedBox.hitTestChildren.<anonymous closure> (package:flutter/src/rendering/shifted_box.dart:88:24)
#5      BoxHitTestResult.addWithPaintOffset (package:flutter/src/rendering/box.dart:800:31)
#6      RenderShiftedBox.hitTestChildren (package:flutter/src/rendering/shifted_box.dart:83:21)
#7      RenderBox.hitTest (package:flutter/src/rendering/box.dart:2484:11)
#8      RenderBoxContainerDefaultsMixin.defaultHitTestChildren.<anonymous closure> (package:flutter/src/rendering/box.dart:2863:25)
#9      BoxHitTestResult.addWithPaintOffset (package:flutter/src/rendering/box.dart:800:31)
#10     RenderBoxContainerDefaultsMixin.defaultHitTestChildren (package:flutter/src/rendering/box.dart:2858:33)
#11     RenderFlex.hitTestChildren (package:flutter/src/rendering/flex.dart:1034:12)
#12     RenderBox.hitTest (package:flutter/src/rendering/box.dart:2484:11)
#13     RenderProxyBoxMixin.hitTestChildren (package:flutter/src/rendering/proxy_box.dart:117:19)
#14     RenderBox.hitTest (package:flutter/src/rendering/box.dart:2484:11)
#15     RenderProxyBoxMixin.hitTestChildren (package:flutter/src/rendering/proxy_box.dart:117:19)
#16     RenderBox.hitTest (package:flutter/src/rendering/box.dart:2484:11)
#17     RenderProxyBoxMixin.hitTestChildren (package:flutter/src/rendering/proxy_box.dart:117:19)
#18     RenderBox.hitTest (package:flutter/src/rendering/box.dart:2484:11)
#19     RenderProxyBoxMixin.hitTestChildren (package:flutter/src/rendering/proxy_box.dart:117:19)
#20     RenderCustomPaint.hitTestChildren (package:flutter/src/rendering/custom_paint.dart:561:18)
#21     RenderBox.hitTest (package:flutter/src/rendering/box.dart:2484:11)
#22     RenderProxyBoxMixin.hitTestChildren (package:flutter/src/rendering/proxy_box.dart:117:19)
#23     RenderBox.hitTest (package:flutter/src/rendering/box.dart:2484:11)
#24     RenderPhysicalShape.hitTest (package:flutter/src/rendering/proxy_box.dart:2116:18)
#25     RenderProxyBoxMixin.hitTestChildren (package:flutter/src/rendering/proxy_box.dart:117:19)
#26     RenderBox.hitTest (package:flutter/src/rendering/box.dart:2484:11)
#27     RenderShiftedBox.hitTestChildren.<anonymous closure> (package:flutter/src/rendering/shifted_box.dart:88:24)
#28     BoxHitTestResult.addWithPaintOffset (package:flutter/src/rendering/box.dart:800:31)
#29     RenderShiftedBox.hitTestChildren (package:flutter/src/rendering/shifted_box.dart:83:21)
#30     RenderBox.hitTest (package:flutter/src/rendering/box.dart:2484:11)
#31     RenderShiftedBox.hitTestChildren.<anonymous closure> (package:flutter/src/rendering/shifted_box.dart:88:24)
#32     BoxHitTestResult.addWithPaintOffset (package:flutter/src/rendering/box.dart:800:31)
#33     RenderShiftedBox.hitTestChildren (package:flutter/src/rendering/shifted_box.dart:83:21)
#34     RenderBox.hitTest (package:flutter/src/rendering/box.dart:2484:11)
#35     RenderShiftedBox.hitTestChildren.<anonymous closure> (package:flutter/src/rendering/shifted_box.dart:88:24)
#36     BoxHitTestResult.addWithPaintOffset (package:flutter/src/rendering/box.dart:800:31)
#37     RenderShiftedBox.hitTestChildren (package:flutter/src/rendering/shifted_box.dart:83:21)
#38     RenderBox.hitTest (package:flutter/src/rendering/box.dart:2484:11)
#39     RenderShiftedBox.hitTestChildren.<anonymous closure> (package:flutter/src/rendering/shifted_box.dart:88:24)
#40     BoxHitTestResult.addWithPaintOffset (package:flutter/src/rendering/box.dart:800:31)
#41     RenderShiftedBox.hitTestChildren (package:flutter/src/rendering/shifted_box.dart:83:21)
#42     RenderBox.hitTest (package:flutter/src/rendering/box.dart:2484:11)
#43     RenderProxyBoxMixin.hitTestChildren (package:flutter/src/rendering/proxy_box.dart:117:19)
#44     RenderBox.hitTest (package:flutter/src/rendering/box.dart:2484:11)
#45     RenderProxyBoxMixin.hitTestChildren (package:flutter/src/rendering/proxy_box.dart:117:19)
#46     RenderBox.hitTest (package:flutter/src/rendering/box.dart:2484:11)
#47     RenderProxyBoxMixin.hitTestChildren (package:flutter/src/rendering/proxy_box.dart:117:19)
#48     RenderBox.hitTest (package:flutter/src/rendering/box.dart:2484:11)
#49     RenderIgnorePointer.hitTest (package:flutter/src/rendering/proxy_box.dart:3618:31)
#50     RenderProxyBoxMixin.hitTestChildren (package:flutter/src/rendering/proxy_box.dart:117:19)
#51     RenderBox.hitTest (package:flutter/src/rendering/box.dart:2484:11)
#52     RenderProxyBoxMixin.hitTestChildren (package:flutter/src/rendering/proxy_box.dart:117:19)
#53     RenderBox.hitTest (package:flutter/src/rendering/box.dart:2484:11)
#54     RenderProxyBoxMixin.hitTestChildren (package:flutter/src/rendering/proxy_box.dart:117:19)
#55     RenderBox.hitTest (package:flutter/src/rendering/box.dart:2484:11)
#56     RenderProxyBoxMixin.hitTestChildren (package:flutter/src/rendering/proxy_box.dart:117:19)
#57     RenderBox.hitTest (package:flutter/src/rendering/box.dart:2484:11)
#58     RenderOffstage.hitTest (package:flutter/src/rendering/proxy_box.dart:3747:31)
#59     RenderProxyBoxMixin.hitTestChildren (package:flutter/src/rendering/proxy_box.dart:117:19)
#60     RenderBox.hitTest (package:flutter/src/rendering/box.dart:2484:11)
#61     _RenderTheaterMixin.hitTestChildren.childHitTest (package:flutter/src/widgets/overlay.dart:897:81)
#62     BoxHitTestResult.addWithPaintOffset (package:flutter/src/rendering/box.dart:800:31)
#63     _RenderTheaterMixin.hitTestChildren (package:flutter/src/widgets/overlay.dart:898:22)
#64     RenderBox.hitTest (package:flutter/src/rendering/box.dart:2484:11)
#65     RenderProxyBoxMixin.hitTestChildren (package:flutter/src/rendering/proxy_box.dart:117:19)
#66     RenderBox.hitTest (package:flutter/src/rendering/box.dart:2484:11)
#67     RenderAbsorbPointer.hitTest (package:flutter/src/rendering/proxy_box.dart:3872:17)
#68     RenderProxyBoxMixin.hitTestChildren (package:flutter/src/rendering/proxy_box.dart:117:19)
#69     RenderProxyBoxWithHitTestBehavior.hitTest (package:flutter/src/rendering/proxy_box.dart:172:19)
#70     RenderProxyBoxMixin.hitTestChildren (package:flutter/src/rendering/proxy_box.dart:117:19)
#71     RenderBox.hitTest (package:flutter/src/rendering/box.dart:2484:11)
#72     RenderProxyBoxMixin.hitTestChildren (package:flutter/src/rendering/proxy_box.dart:117:19)
#73     RenderBox.hitTest (package:flutter/src/rendering/box.dart:2484:11)
#74     RenderProxyBoxMixin.hitTestChildren (package:flutter/src/rendering/proxy_box.dart:117:19)
#75     RenderBox.hitTest (package:flutter/src/rendering/box.dart:2484:11)
#76     RenderProxyBoxMixin.hitTestChildren (package:flutter/src/rendering/proxy_box.dart:117:19)
#77     RenderTapRegionSurface.hitTest (package:flutter/src/widgets/tap_region.dart:213:28)
#78     RenderProxyBoxMixin.hitTestChildren (package:flutter/src/rendering/proxy_box.dart:117:19)
#79     RenderBox.hitTest (package:flutter/src/rendering/box.dart:2484:11)
#80     RenderProxyBoxMixin.hitTestChildren (package:flutter/src/rendering/proxy_box.dart:117:19)
#81     RenderBox.hitTest (package:flutter/src/rendering/box.dart:2484:11)
#82     RenderProxyBoxMixin.hitTestChildren (package:flutter/src/rendering/proxy_box.dart:117:19)
#83     RenderBox.hitTest (package:flutter/src/rendering/box.dart:2484:11)
#84     RenderView.hitTest (package:flutter/src/rendering/view.dart:211:14)
#85     RendererBinding.hitTestInView (package:flutter/src/rendering/binding.dart:624:34)
#86     GestureBinding._handlePointerEventImmediately (package:flutter/src/gestures/binding.dart:384:7)
#87     GestureBinding.handlePointerEvent (package:flutter/src/gestures/binding.dart:376:5)
#88     GestureBinding._flushPointerEventQueue (package:flutter/src/gestures/binding.dart:323:7)
#89     GestureBinding._handlePointerDataPacket (package:flutter/src/gestures/binding.dart:292:9)
#90     _invoke1 (dart:ui/hooks.dart:186:13)
#91     PlatformDispatcher._dispatchPointerDataPacket (dart:ui/platform_dispatcher.dart:433:7)
#92     _dispatchPointerDataPacket (dart:ui/hooks.dart:119:31)

0      RenderBox.hitTest.<anonymous closure> (package:flutter/src/rendering/box.dart:2467:9)
#1      RenderBox.hitTest (package:flutter/src/rendering/box.dart:2482:6)
#2      RenderProxyBoxMixin.hitTestChildren (package:flutter/src/rendering/proxy_box.dart:117:19)
#3      RenderBox.hitTest (package:flutter/src/rendering/box.dart:2484:11)
#4      RenderShiftedBox.hitTestChildren.<anonymous closure> (package:flutter/src/rendering/shifted_box.dart:88:24)
#5      BoxHitTestResult.addWithPaintOffset (package:flutter/src/rendering/box.dart:800:31)
#6      RenderShiftedBox.hitTestChildren (package:flutter/src/rendering/shifted_box.dart:83:21)
#7      RenderBox.hitTest (package:flutter/src/rendering/box.dart:2484:11)
#8      RenderBoxContainerDefaultsMixin.defaultHitTestChildren.<anonymous closure> (package:flutter/src/rendering/box.dart:2863:25)
#9      BoxHitTestResult.addWithPaintOffset (package:flutter/src/rendering/box.dart:800:31)
#10     RenderBoxContainerDefaultsMixin.defaultHitTestChildren (package:flutter/src/rendering/box.dart:2858:33)
#11     RenderFlex.hitTestChildren (package:flutter/src/rendering/flex.dart:1034:12)
#12     RenderBox.hitTest (package:flutter/src/rendering/box.dart:2484:11)
#13     RenderProxyBoxMixin.hitTestChildren (package:flutter/src/rendering/proxy_box.dart:117:19)
#14     RenderBox.hitTest (package:flutter/src/rendering/box.dart:2484:11)
#15     RenderProxyBoxMixin.hitTestChildren (package:flutter/src/rendering/proxy_box.dart:117:19)
#16     RenderBox.hitTest (package:flutter/src/rendering/box.dart:2484:11)
#17     RenderProxyBoxMixin.hitTestChildren (package:flutter/src/rendering/proxy_box.dart:117:19)
#18     RenderBox.hitTest (package:flutter/src/rendering/box.dart:2484:11)
#19     RenderProxyBoxMixin.hitTestChildren (package:flutter/src/rendering/proxy_box.dart:117:19)
#20     RenderCustomPaint.hitTestChildren (package:flutter/src/rendering/custom_paint.dart:561:18)
#21     RenderBox.hitTest (package:flutter/src/rendering/box.dart:2484:11)
#22     RenderProxyBoxMixin.hitTestChildren (package:flutter/src/rendering/proxy_box.dart:117:19)
#23     RenderBox.hitTest (package:flutter/src/rendering/box.dart:2484:11)
#24     RenderPhysicalShape.hitTest (package:flutter/src/rendering/proxy_box.dart:2116:18)
#25     RenderProxyBoxMixin.hitTestChildren (package:flutter/src/rendering/proxy_box.dart:117:19)
#26     RenderBox.hitTest (package:flutter/src/rendering/box.dart:2484:11)
#27     RenderShiftedBox.hitTestChildren.<anonymous closure> (package:flutter/src/rendering/shifted_box.dart:88:24)
#28     BoxHitTestResult.addWithPaintOffset (package:flutter/src/rendering/box.dart:800:31)
#29     RenderShiftedBox.hitTestChildren (package:flutter/src/rendering/shifted_box.dart:83:21)
#30     RenderBox.hitTest (package:flutter/src/rendering/box.dart:2484:11)
#31     RenderShiftedBox.hitTestChildren.<anonymous closure> (package:flutter/src/rendering/shifted_box.dart:88:24)
#32     BoxHitTestResult.addWithPaintOffset (package:flutter/src/rendering/box.dart:800:31)
#33     RenderShiftedBox.hitTestChildren (package:flutter/src/rendering/shifted_box.dart:83:21)
#34     RenderBox.hitTest (package:flutter/src/rendering/box.dart:2484:11)
#35     RenderShiftedBox.hitTestChildren.<anonymous closure> (package:flutter/src/rendering/shifted_box.dart:88:24)
#36     BoxHitTestResult.addWithPaintOffset (package:flutter/src/rendering/box.dart:800:31)
#37     RenderShiftedBox.hitTestChildren (package:flutter/src/rendering/shifted_box.dart:83:21)
#38     RenderBox.hitTest (package:flutter/src/rendering/box.dart:2484:11)
#39     RenderShiftedBox.hitTestChildren.<anonymous closure> (package:flutter/src/rendering/shifted_box.dart:88:24)
#40     BoxHitTestResult.addWithPaintOffset (package:flutter/src/rendering/box.dart:800:31)
#41     RenderShiftedBox.hitTestChildren (package:flutter/src/rendering/shifted_box.dart:83:21)
#42     RenderBox.hitTest (package:flutter/src/rendering/box.dart:2484:11)
#43     RenderProxyBoxMixin.hitTestChildren (package:flutter/src/rendering/proxy_box.dart:117:19)
#44     RenderBox.hitTest (package:flutter/src/rendering/box.dart:2484:11)
#45     RenderProxyBoxMixin.hitTestChildren (package:flutter/src/rendering/proxy_box.dart:117:19)
#46     RenderBox.hitTest (package:flutter/src/rendering/box.dart:2484:11)
#47     RenderProxyBoxMixin.hitTestChildren (package:flutter/src/rendering/proxy_box.dart:117:19)
#48     RenderBox.hitTest (package:flutter/src/rendering/box.dart:2484:11)
#49     RenderIgnorePointer.hitTest (package:flutter/src/rendering/proxy_box.dart:3618:31)
#50     RenderProxyBoxMixin.hitTestChildren (package:flutter/src/rendering/proxy_box.dart:117:19)
#51     RenderBox.hitTest (package:flutter/src/rendering/box.dart:2484:11)
#52     RenderProxyBoxMixin.hitTestChildren (package:flutter/src/rendering/proxy_box.dart:117:19)
#53     RenderBox.hitTest (package:flutter/src/rendering/box.dart:2484:11)
#54     RenderProxyBoxMixin.hitTestChildren (package:flutter/src/rendering/proxy_box.dart:117:19)
#55     RenderBox.hitTest (package:flutter/src/rendering/box.dart:2484:11)
#56     RenderProxyBoxMixin.hitTestChildren (package:flutter/src/rendering/proxy_box.dart:117:19)
#57     RenderBox.hitTest (package:flutter/src/rendering/box.dart:2484:11)
#58     RenderOffstage.hitTest (package:flutter/src/rendering/proxy_box.dart:3747:31)
#59     RenderProxyBoxMixin.hitTestChildren (package:flutter/src/rendering/proxy_box.dart:117:19)
#60     RenderBox.hitTest (package:flutter/src/rendering/box.dart:2484:11)
#61     _RenderTheaterMixin.hitTestChildren.childHitTest (package:flutter/src/widgets/overlay.dart:897:81)
#62     BoxHitTestResult.addWithPaintOffset (package:flutter/src/rendering/box.dart:800:31)
#63     _RenderTheaterMixin.hitTestChildren (package:flutter/src/widgets/overlay.dart:898:22)
#64     RenderBox.hitTest (package:flutter/src/rendering/box.dart:2484:11)
#65     RenderProxyBoxMixin.hitTestChildren (package:flutter/src/rendering/proxy_box.dart:117:19)
#66     RenderBox.hitTest (package:flutter/src/rendering/box.dart:2484:11)
#67     RenderAbsorbPointer.hitTest (package:flutter/src/rendering/proxy_box.dart:3872:17)
#68     RenderProxyBoxMixin.hitTestChildren (package:flutter/src/rendering/proxy_box.dart:117:19)
#69     RenderProxyBoxWithHitTestBehavior.hitTest (package:flutter/src/rendering/proxy_box.dart:172:19)
#70     RenderProxyBoxMixin.hitTestChildren (package:flutter/src/rendering/proxy_box.dart:117:19)
#71     RenderBox.hitTest (package:flutter/src/rendering/box.dart:2484:11)
#72     RenderProxyBoxMixin.hitTestChildren (package:flutter/src/rendering/proxy_box.dart:117:19)
#73     RenderBox.hitTest (package:flutter/src/rendering/box.dart:2484:11)
#74     RenderProxyBoxMixin.hitTestChildren (package:flutter/src/rendering/proxy_box.dart:117:19)
#75     RenderBox.hitTest (package:flutter/src/rendering/box.dart:2484:11)
#76     RenderProxyBoxMixin.hitTestChildren (package:flutter/src/rendering/proxy_box.dart:117:19)
#77     RenderTapRegionSurface.hitTest (package:flutter/src/widgets/tap_region.dart:213:28)
#78     RenderProxyBoxMixin.hitTestChildren (package:flutter/src/rendering/proxy_box.dart:117:19)
#79     RenderBox.hitTest (package:flutter/src/rendering/box.dart:2484:11)
#80     RenderProxyBoxMixin.hitTestChildren (package:flutter/src/rendering/proxy_box.dart:117:19)
#81     RenderBox.hitTest (package:flutter/src/rendering/box.dart:2484:11)
#82     RenderProxyBoxMixin.hitTestChildren (package:flutter/src/rendering/proxy_box.dart:117:19)
#83     RenderBox.hitTest (package:flutter/src/rendering/box.dart:2484:11)
#84     RenderView.hitTest (package:flutter/src/rendering/view.dart:211:14)
#85     RendererBinding.hitTestInView (package:flutter/src/rendering/binding.dart:624:34)
#86     GestureBinding._handlePointerEventImmediately (package:flutter/src/gestures/binding.dart:384:7)
#87     GestureBinding.handlePointerEvent (package:flutter/src/gestures/binding.dart:376:5)
#88     GestureBinding._flushPointerEventQueue (package:flutter/src/gestures/binding.dart:323:7)
#89     GestureBinding._handlePointerDataPacket (package:flutter/src/gestures/binding.dart:292:9)
#90     _invoke1 (dart:ui/hooks.dart:186:13)
#91     PlatformDispatcher._dispatchPointerDataPacket (dart:ui/platform_dispatcher.dart:433:7)
#92     _dispatchPointerDataPacket (dart:ui/hooks.dart:119:31)

annot hit test a render box with no size.
The hitTest() method was called on this RenderBox: RenderRepaintBoundary#53e84 relayoutBoundary=up10 NEEDS-PAINT:
  needs compositing
  creator: RepaintBoundary ← NotificationListener<ScrollNotification> ← NotificationListener<ScrollMetricsNotification> ← _MaterialScrollbar ← Scrollbar ← Scrollable ← SingleChildScrollView ← Semantics ← DefaultTextStyle ← Padding ← Flexible ← Column ← ⋯
  parentData: <none> (can use size)
  constraints: BoxConstraints(w=600.0, 0.0<=h<=681.0)
  layer: OffsetLayer#f8810 DETACHED
  size: MISSING
  metrics: 0.0% useful (10 bad vs 0 good)
  diagnosis: this repaint boundary is astoundingly ineffectual and should be removed
Although this node is not marked as needing layout, its size is not set.
A RenderBox object must have an explicit size before it can be hit-tested. Make sure that the RenderBox in question sets its size during layout.Cannot hit test a render box with no size.
The hitTest() method was called on this RenderBox: RenderRepaintBoundary#53e84 relayoutBoundary=up10 NEEDS-PAINT:
  needs compositing
  creator: RepaintBoundary ← NotificationListener<ScrollNotification> ← NotificationListener<ScrollMetricsNotification> ← _MaterialScrollbar ← Scrollbar ← Scrollable ← SingleChildScrollView ← Semantics ← DefaultTextStyle ← Padding ← Flexible ← Column ← ⋯
  parentData: <none> (can use size)
  constraints: BoxConstraints(w=600.0, 0.0<=h<=681.0)
  layer: OffsetLayer#f8810 DETACHED
  size: MISSING
  metrics: 0.0% useful (10 bad vs 0 good)
  diagnosis: this repaint boundary is astoundingly ineffectual and should be removed
Although this node is not marked as needing layout, its size is not set.
A RenderBox object must have an explicit size before it can be hit-tested. Make sure that the RenderBox in question sets its size during layout.#10     RenderBoxContainerDefaultsMixin.defaultHitTestChildren (package:flutter/src/rendering/box.dart:2858:33)
#11     RenderFlex.hitTestChildren (package:flutter/src/rendering/flex.dart:1034:12)
#12     RenderBox.hitTest (package:flutter/src/rendering/box.dart:2484:11)
#13     RenderProxyBoxMixin.hitTestChildren (package:flutter/src/rendering/proxy_box.dart:117:19)
#14     RenderBox.hitTest (package:flutter/src/rendering/box.dart:2484:11)
#15     RenderProxyBoxMixin.hitTestChildren (package:flutter/src/rendering/proxy_box.dart:117:19)
#16     RenderBox.hitTest (package:flutter/src/rendering/box.dart:2484:11)
#17     RenderProxyBoxMixin.hitTestChildren (package:flutter/src/rendering/proxy_box.dart:117:19)
#18     RenderBox.hitTest (package:flutter/src/rendering/box.dart:2484:11)
#19     RenderProxyBoxMixin.hitTestChildren (package:flutter/src/rendering/proxy_box.dart:117:19)
#20     RenderCustomPaint.hitTestChildren (package:flutter/src/rendering/custom_paint.dart:561:18)
#21     RenderBox.hitTest (package:flutter/src/rendering/box.dart:2484:11)
#22     RenderProxyBoxMixin.hitTestChildren (package:flutter/src/rendering/proxy_box.dart:117:19)
#23     RenderBox.hitTest (package:flutter/src/rendering/box.dart:2484:11)
#24     RenderPhysicalShape.hitTest (package:flutter/src/rendering/proxy_box.dart:2116:18)
#25     RenderProxyBoxMixin.hitTestChildren (package:flutter/src/rendering/proxy_box.dart:117:19)
#26     RenderBox.hitTest (package:flutter/src/rendering/box.dart:2484:11)
#27     RenderShiftedBox.hitTestChildren.<anonymous closure> (package:flutter/src/rendering/shifted_box.dart:88:24)
#28     BoxHitTestResult.addWithPaintOffset (package:flutter/src/rendering/box.dart:800:31)
#29     RenderShiftedBox.hitTestChildren (package:flutter/src/rendering/shifted_box.dart:83:21)
#30     RenderBox.hitTest (package:flutter/src/rendering/box.dart:2484:11)
#31     RenderShiftedBox.hitTestChildren.<anonymous closure> (package:flutter/src/rendering/shifted_box.dart:88:24)
#32     BoxHitTestResult.addWithPaintOffset (package:flutter/src/rendering/box.dart:800:31)
#33     RenderShiftedBox.hitTestChildren (package:flutter/src/rendering/shifted_box.dart:83:21)
#34     RenderBox.hitTest (package:flutter/src/rendering/box.dart:2484:11)
#35     RenderShiftedBox.hitTestChildren.<anonymous closure> (package:flutter/src/rendering/shifted_box.dart:88:24)
#36     BoxHitTestResult.addWithPaintOffset (package:flutter/src/rendering/box.dart:800:31)
#37     RenderShiftedBox.hitTestChildren (package:flutter/src/rendering/shifted_box.dart:83:21)
#38     RenderBox.hitTest (package:flutter/src/rendering/box.dart:2484:11)
#39     RenderShiftedBox.hitTestChildren.<anonymous closure> (package:flutter/src/rendering/shifted_box.dart:88:24)
#40     BoxHitTestResult.addWithPaintOffset (package:flutter/src/rendering/box.dart:800:31)
#41     RenderShiftedBox.hitTestChildren (package:flutter/src/rendering/shifted_box.dart:83:21)
#42     RenderBox.hitTest (package:flutter/src/rendering/box.dart:2484:11)
#43     RenderProxyBoxMixin.hitTestChildren (package:flutter/src/rendering/proxy_box.dart:117:19)
#44     RenderBox.hitTest (package:flutter/src/rendering/box.dart:2484:11)
#45     RenderProxyBoxMixin.hitTestChildren (package:flutter/src/rendering/proxy_box.dart:117:19)
#46     RenderBox.hitTest (package:flutter/src/rendering/box.dart:2484:11)
#47     RenderProxyBoxMixin.hitTestChildren (package:flutter/src/rendering/proxy_box.dart:117:19)
#48     RenderBox.hitTest (package:flutter/src/rendering/box.dart:2484:11)
#49     RenderIgnorePointer.hitTest (package:flutter/src/rendering/proxy_box.dart:3618:31)
#50     RenderProxyBoxMixin.hitTestChildren (package:flutter/src/rendering/proxy_box.dart:117:19)
#51     RenderBox.hitTest (package:flutter/src/rendering/box.dart:2484:11)
#52     RenderProxyBoxMixin.hitTestChildren (package:flutter/src/rendering/proxy_box.dart:117:19)
#53     RenderBox.hitTest (package:flutter/src/rendering/box.dart:2484:11)
#54     RenderProxyBoxMixin.hitTestChildren (package:flutter/src/rendering/proxy_box.dart:117:19)
#55     RenderBox.hitTest (package:flutter/src/rendering/box.dart:2484:11)
#56     RenderProxyBoxMixin.hitTestChildren (package:flutter/src/rendering/proxy_box.dart:117:19)
#57     RenderBox.hitTest (package:flutter/src/rendering/box.dart:2484:11)
#58     RenderOffstage.hitTest (package:flutter/src/rendering/proxy_box.dart:3747:31)
#59     RenderProxyBoxMixin.hitTestChildren (package:flutter/src/rendering/proxy_box.dart:117:19)
#60     RenderBox.hitTest (package:flutter/src/rendering/box.dart:2484:11)
#61     _RenderTheaterMixin.hitTestChildren.childHitTest (package:flutter/src/widgets/overlay.dart:897:81)
#62     BoxHitTestResult.addWithPaintOffset (package:flutter/src/rendering/box.dart:800:31)
#63     _RenderTheaterMixin.hitTestChildren (package:flutter/src/widgets/overlay.dart:898:22)
#64     RenderBox.hitTest (package:flutter/src/rendering/box.dart:2484:11)
#65     RenderProxyBoxMixin.hitTestChildren (package:flutter/src/rendering/proxy_box.dart:117:19)
#66     RenderBox.hitTest (package:flutter/src/rendering/box.dart:2484:11)
#67     RenderAbsorbPointer.hitTest (package:flutter/src/rendering/proxy_box.dart:3872:17)
#68     RenderProxyBoxMixin.hitTestChildren (package:flutter/src/rendering/proxy_box.dart:117:19)
#69     RenderProxyBoxWithHitTestBehavior.hitTest (package:flutter/src/rendering/proxy_box.dart:172:19)
#70     RenderProxyBoxMixin.hitTestChildren (package:flutter/src/rendering/proxy_box.dart:117:19)
#71     RenderBox.hitTest (package:flutter/src/rendering/box.dart:2484:11)
#72     RenderProxyBoxMixin.hitTestChildren (package:flutter/src/rendering/proxy_box.dart:117:19)
#73     RenderBox.hitTest (package:flutter/src/rendering/box.dart:2484:11)
#74     RenderProxyBoxMixin.hitTestChildren (package:flutter/src/rendering/proxy_box.dart:117:19)
#75     RenderBox.hitTest (package:flutter/src/rendering/box.dart:2484:11)
#76     RenderProxyBoxMixin.hitTestChildren (package:flutter/src/rendering/proxy_box.dart:117:19)
#77     RenderTapRegionSurface.hitTest (package:flutter/src/widgets/tap_region.dart:213:28)
#78     RenderProxyBoxMixin.hitTestChildren (package:flutter/src/rendering/proxy_box.dart:117:19)
#79     RenderBox.hitTest (package:flutter/src/rendering/box.dart:2484:11)
#80     RenderProxyBoxMixin.hitTestChildren (package:flutter/src/rendering/proxy_box.dart:117:19)
#81     RenderBox.hitTest (package:flutter/src/rendering/box.dart:2484:11)
#82     RenderProxyBoxMixin.hitTestChildren (package:flutter/src/rendering/proxy_box.dart:117:19)
#83     RenderBox.hitTest (package:flutter/src/rendering/box.dart:2484:11)
#84     RenderView.hitTest (package:flutter/src/rendering/view.dart:211:14)
#85     RendererBinding.hitTestInView (package:flutter/src/rendering/binding.dart:624:34)
#86     GestureBinding._handlePointerEventImmediately (package:flutter/src/gestures/binding.dart:384:7)
#87     GestureBinding.handlePointerEvent (package:flutter/src/gestures/binding.dart:376:5)
#88     GestureBinding._flushPointerEventQueue (package:flutter/src/gestures/binding.dart:323:7)
#89     GestureBinding._handlePointerDataPacket (package:flutter/src/gestures/binding.dart:292:9)
#90     _invoke1 (dart:ui/hooks.dart:186:13)
#91     PlatformDispatcher._dispatchPointerDataPacket (dart:ui/platform_dispatcher.dart:433:7)
#92     _dispatchPointerDataPacket (dart:ui/hooks.dart:119:31)
Cannot hit test a render box with no size.
The hitTest() method was called on this RenderBox: RenderRepaintBoundary#53e84 relayoutBoundary=up10 NEEDS-PAINT:
  needs compositing
  creator: RepaintBoundary ← NotificationListener<ScrollNotification> ← NotificationListener<ScrollMetricsNotification> ← _MaterialScrollbar ← Scrollbar ← Scrollable ← SingleChildScrollView ← Semantics ← DefaultTextStyle ← Padding ← Flexible ← Column ← ⋯
  parentData: <none> (can use size)
  constraints: BoxConstraints(w=600.0, 0.0<=h<=681.0)
  layer: OffsetLayer#f8810 DETACHED
  size: MISSING
  metrics: 0.0% useful (10 bad vs 0 good)
  diagnosis: this repaint boundary is astoundingly ineffectual and should be removed
Although this node is not marked as needing layout, its size is not set.
A RenderBox object must have an explicit size before it can be hit-tested. Make sure that the RenderBox in question sets its size during layout.#10     RenderBoxContainerDefaultsMixin.defaultHitTestChildren (package:flutter/src/rendering/box.dart:2858:33)
#11     RenderFlex.hitTestChildren (package:flutter/src/rendering/flex.dart:1034:12)
#12     RenderBox.hitTest (package:flutter/src/rendering/box.dart:2484:11)
#13     RenderProxyBoxMixin.hitTestChildren (package:flutter/src/rendering/proxy_box.dart:117:19)
#14     RenderBox.hitTest (package:flutter/src/rendering/box.dart:2484:11)
#15     RenderProxyBoxMixin.hitTestChildren (package:flutter/src/rendering/proxy_box.dart:117:19)
#16     RenderBox.hitTest (package:flutter/src/rendering/box.dart:2484:11)
#17     RenderProxyBoxMixin.hitTestChildren (package:flutter/src/rendering/proxy_box.dart:117:19)
#18     RenderBox.hitTest (package:flutter/src/rendering/box.dart:2484:11)
#19     RenderProxyBoxMixin.hitTestChildren (package:flutter/src/rendering/proxy_box.dart:117:19)
#20     RenderCustomPaint.hitTestChildren (package:flutter/src/rendering/custom_paint.dart:561:18)
#21     RenderBox.hitTest (package:flutter/src/rendering/box.dart:2484:11)
#22     RenderProxyBoxMixin.hitTestChildren (package:flutter/src/rendering/proxy_box.dart:117:19)
#23     RenderBox.hitTest (package:flutter/src/rendering/box.dart:2484:11)
#24     RenderPhysicalShape.hitTest (package:flutter/src/rendering/proxy_box.dart:2116:18)
#25     RenderProxyBoxMixin.hitTestChildren (package:flutter/src/rendering/proxy_box.dart:117:19)
#26     RenderBox.hitTest (package:flutter/src/rendering/box.dart:2484:11)
#27     RenderShiftedBox.hitTestChildren.<anonymous closure> (package:flutter/src/rendering/shifted_box.dart:88:24)
#28     BoxHitTestResult.addWithPaintOffset (package:flutter/src/rendering/box.dart:800:31)
#29     RenderShiftedBox.hitTestChildren (package:flutter/src/rendering/shifted_box.dart:83:21)
#30     RenderBox.hitTest (package:flutter/src/rendering/box.dart:2484:11)
#31     RenderShiftedBox.hitTestChildren.<anonymous closure> (package:flutter/src/rendering/shifted_box.dart:88:24)
#32     BoxHitTestResult.addWithPaintOffset (package:flutter/src/rendering/box.dart:800:31)
#33     RenderShiftedBox.hitTestChildren (package:flutter/src/rendering/shifted_box.dart:83:21)
#34     RenderBox.hitTest (package:flutter/src/rendering/box.dart:2484:11)
#35     RenderShiftedBox.hitTestChildren.<anonymous closure> (package:flutter/src/rendering/shifted_box.dart:88:24)
#36     BoxHitTestResult.addWithPaintOffset (package:flutter/src/rendering/box.dart:800:31)
#37     RenderShiftedBox.hitTestChildren (package:flutter/src/rendering/shifted_box.dart:83:21)
#38     RenderBox.hitTest (package:flutter/src/rendering/box.dart:2484:11)
#39     RenderShiftedBox.hitTestChildren.<anonymous closure> (package:flutter/src/rendering/shifted_box.dart:88:24)
#40     BoxHitTestResult.addWithPaintOffset (package:flutter/src/rendering/box.dart:800:31)
#41     RenderShiftedBox.hitTestChildren (package:flutter/src/rendering/shifted_box.dart:83:21)
#42     RenderBox.hitTest (package:flutter/src/rendering/box.dart:2484:11)
#43     RenderProxyBoxMixin.hitTestChildren (package:flutter/src/rendering/proxy_box.dart:117:19)
#44     RenderBox.hitTest (package:flutter/src/rendering/box.dart:2484:11)
#45     RenderProxyBoxMixin.hitTestChildren (package:flutter/src/rendering/proxy_box.dart:117:19)
#46     RenderBox.hitTest (package:flutter/src/rendering/box.dart:2484:11)
#47     RenderProxyBoxMixin.hitTestChildren (package:flutter/src/rendering/proxy_box.dart:117:19)
#48     RenderBox.hitTest (package:flutter/src/rendering/box.dart:2484:11)
#49     RenderIgnorePointer.hitTest (package:flutter/src/rendering/proxy_box.dart:3618:31)
#50     RenderProxyBoxMixin.hitTestChildren (package:flutter/src/rendering/proxy_box.dart:117:19)
#51     RenderBox.hitTest (package:flutter/src/rendering/box.dart:2484:11)
#52     RenderProxyBoxMixin.hitTestChildren (package:flutter/src/rendering/proxy_box.dart:117:19)
#53     RenderBox.hitTest (package:flutter/src/rendering/box.dart:2484:11)
#54     RenderProxyBoxMixin.hitTestChildren (package:flutter/src/rendering/proxy_box.dart:117:19)
#55     RenderBox.hitTest (package:flutter/src/rendering/box.dart:2484:11)
#56     RenderProxyBoxMixin.hitTestChildren (package:flutter/src/rendering/proxy_box.dart:117:19)
#57     RenderBox.hitTest (package:flutter/src/rendering/box.dart:2484:11)
#58     RenderOffstage.hitTest (package:flutter/src/rendering/proxy_box.dart:3747:31)
#59     RenderProxyBoxMixin.hitTestChildren (package:flutter/src/rendering/proxy_box.dart:117:19)
#60     RenderBox.hitTest (package:flutter/src/rendering/box.dart:2484:11)
#61     _RenderTheaterMixin.hitTestChildren.childHitTest (package:flutter/src/widgets/overlay.dart:897:81)
#62     BoxHitTestResult.addWithPaintOffset (package:flutter/src/rendering/box.dart:800:31)
#63     _RenderTheaterMixin.hitTestChildren (package:flutter/src/widgets/overlay.dart:898:22)
#64     RenderBox.hitTest (package:flutter/src/rendering/box.dart:2484:11)
#65     RenderProxyBoxMixin.hitTestChildren (package:flutter/src/rendering/proxy_box.dart:117:19)
#66     RenderBox.hitTest (package:flutter/src/rendering/box.dart:2484:11)
#67     RenderAbsorbPointer.hitTest (package:flutter/src/rendering/proxy_box.dart:3872:17)
#68     RenderProxyBoxMixin.hitTestChildren (package:flutter/src/rendering/proxy_box.dart:117:19)
#69     RenderProxyBoxWithHitTestBehavior.hitTest (package:flutter/src/rendering/proxy_box.dart:172:19)
#70     RenderProxyBoxMixin.hitTestChildren (package:flutter/src/rendering/proxy_box.dart:117:19)
#71     RenderBox.hitTest (package:flutter/src/rendering/box.dart:2484:11)
#72     RenderProxyBoxMixin.hitTestChildren (package:flutter/src/rendering/proxy_box.dart:117:19)
#73     RenderBox.hitTest (package:flutter/src/rendering/box.dart:2484:11)
#74     RenderProxyBoxMixin.hitTestChildren (package:flutter/src/rendering/proxy_box.dart:117:19)
#75     RenderBox.hitTest (package:flutter/src/rendering/box.dart:2484:11)
#76     RenderProxyBoxMixin.hitTestChildren (package:flutter/src/rendering/proxy_box.dart:117:19)
#77     RenderTapRegionSurface.hitTest (package:flutter/src/widgets/tap_region.dart:213:28)
#78     RenderProxyBoxMixin.hitTestChildren (package:flutter/src/rendering/proxy_box.dart:117:19)
#79     RenderBox.hitTest (package:flutter/src/rendering/box.dart:2484:11)
#80     RenderProxyBoxMixin.hitTestChildren (package:flutter/src/rendering/proxy_box.dart:117:19)
#81     RenderBox.hitTest (package:flutter/src/rendering/box.dart:2484:11)
#82     RenderProxyBoxMixin.hitTestChildren (package:flutter/src/rendering/proxy_box.dart:117:19)
#83     RenderBox.hitTest (package:flutter/src/rendering/box.dart:2484:11)
#84     RenderView.hitTest (package:flutter/src/rendering/view.dart:211:14)
#85     RendererBinding.hitTestInView (package:flutter/src/rendering/binding.dart:624:34)
#86     GestureBinding._handlePointerEventImmediately (package:flutter/src/gestures/binding.dart:384:7)
#87     GestureBinding.handlePointerEvent (package:flutter/src/gestures/binding.dart:376:5)
#88     GestureBinding._flushPointerEventQueue (package:flutter/src/gestures/binding.dart:323:7)
#89     GestureBinding._handlePointerDataPacket (package:flutter/src/gestures/binding.dart:292:9)
#90     _invoke1 (dart:ui/hooks.dart:186:13)
#91     PlatformDispatcher._dispatchPointerDataPacket (dart:ui/platform_dispatcher.dart:433:7)
#92     _dispatchPointerDataPacket (dart:ui/hooks.dart:119:31)

0      RenderBox.hitTest.<anonymous closure> (package:flutter/src/rendering/box.dart:2467:9)
#1      RenderBox.hitTest (package:flutter/src/rendering/box.dart:2482:6)
#2      RenderProxyBoxMixin.hitTestChildren (package:flutter/src/rendering/proxy_box.dart:117:19)
#3      RenderBox.hitTest (package:flutter/src/rendering/box.dart:2484:11)
#4      RenderShiftedBox.hitTestChildren.<anonymous closure> (package:flutter/src/rendering/shifted_box.dart:88:24)
#5      BoxHitTestResult.addWithPaintOffset (package:flutter/src/rendering/box.dart:800:31)
#6      RenderShiftedBox.hitTestChildren (package:flutter/src/rendering/shifted_box.dart:83:21)
#7      RenderBox.hitTest (package:flutter/src/rendering/box.dart:2484:11)
#8      RenderBoxContainerDefaultsMixin.defaultHitTestChildren.<anonymous closure> (package:flutter/src/rendering/box.dart:2863:25)
#9      BoxHitTestResult.addWithPaintOffset (package:flutter/src/rendering/box.dart:800:31)
#10     RenderBoxContainerDefaultsMixin.defaultHitTestChildren (package:flutter/src/rendering/box.dart:2858:33)
#11     RenderFlex.hitTestChildren (package:flutter/src/rendering/flex.dart:1034:12)
#12     RenderBox.hitTest (package:flutter/src/rendering/box.dart:2484:11)
#13     RenderProxyBoxMixin.hitTestChildren (package:flutter/src/rendering/proxy_box.dart:117:19)
#14     RenderBox.hitTest (package:flutter/src/rendering/box.dart:2484:11)
#15     RenderProxyBoxMixin.hitTestChildren (package:flutter/src/rendering/proxy_box.dart:117:19)
#16     RenderBox.hitTest (package:flutter/src/rendering/box.dart:2484:11)
#17     RenderProxyBoxMixin.hitTestChildren (package:flutter/src/rendering/proxy_box.dart:117:19)
#18     RenderBox.hitTest (package:flutter/src/rendering/box.dart:2484:11)
#19     RenderProxyBoxMixin.hitTestChildren (package:flutter/src/rendering/proxy_box.dart:117:19)
#20     RenderCustomPaint.hitTestChildren (package:flutter/src/rendering/custom_paint.dart:561:18)
#21     RenderBox.hitTest (package:flutter/src/rendering/box.dart:2484:11)
#22     RenderProxyBoxMixin.hitTestChildren (package:flutter/src/rendering/proxy_box.dart:117:19)
#23     RenderBox.hitTest (package:flutter/src/rendering/box.dart:2484:11)
#24     RenderPhysicalShape.hitTest (package:flutter/src/rendering/proxy_box.dart:2116:18)
#25     RenderProxyBoxMixin.hitTestChildren (package:flutter/src/rendering/proxy_box.dart:117:19)
#26     RenderBox.hitTest (package:flutter/src/rendering/box.dart:2484:11)
#27     RenderShiftedBox.hitTestChildren.<anonymous closure> (package:flutter/src/rendering/shifted_box.dart:88:24)
#28     BoxHitTestResult.addWithPaintOffset (package:flutter/src/rendering/box.dart:800:31)
#29     RenderShiftedBox.hitTestChildren (package:flutter/src/rendering/shifted_box.dart:83:21)
#30     RenderBox.hitTest (package:flutter/src/rendering/box.dart:2484:11)
#31     RenderShiftedBox.hitTestChildren.<anonymous closure> (package:flutter/src/rendering/shifted_box.dart:88:24)
#32     BoxHitTestResult.addWithPaintOffset (package:flutter/src/rendering/box.dart:800:31)
#33     RenderShiftedBox.hitTestChildren (package:flutter/src/rendering/shifted_box.dart:83:21)
#34     RenderBox.hitTest (package:flutter/src/rendering/box.dart:2484:11)
#35     RenderShiftedBox.hitTestChildren.<anonymous closure> (package:flutter/src/rendering/shifted_box.dart:88:24)
#36     BoxHitTestResult.addWithPaintOffset (package:flutter/src/rendering/box.dart:800:31)
#37     RenderShiftedBox.hitTestChildren (package:flutter/src/rendering/shifted_box.dart:83:21)
#38     RenderBox.hitTest (package:flutter/src/rendering/box.dart:2484:11)
#39     RenderShiftedBox.hitTestChildren.<anonymous closure> (package:flutter/src/rendering/shifted_box.dart:88:24)
#40     BoxHitTestResult.addWithPaintOffset (package:flutter/src/rendering/box.dart:800:31)
#41     RenderShiftedBox.hitTestChildren (package:flutter/src/rendering/shifted_box.dart:83:21)
#42     RenderBox.hitTest (package:flutter/src/rendering/box.dart:2484:11)
#43     RenderProxyBoxMixin.hitTestChildren (package:flutter/src/rendering/proxy_box.dart:117:19)
#44     RenderBox.hitTest (package:flutter/src/rendering/box.dart:2484:11)
#45     RenderProxyBoxMixin.hitTestChildren (package:flutter/src/rendering/proxy_box.dart:117:19)
#46     RenderBox.hitTest (package:flutter/src/rendering/box.dart:2484:11)
#47     RenderProxyBoxMixin.hitTestChildren (package:flutter/src/rendering/proxy_box.dart:117:19)
#48     RenderBox.hitTest (package:flutter/src/rendering/box.dart:2484:11)
#49     RenderIgnorePointer.hitTest (package:flutter/src/rendering/proxy_box.dart:3618:31)
#50     RenderProxyBoxMixin.hitTestChildren (package:flutter/src/rendering/proxy_box.dart:117:19)
#51     RenderBox.hitTest (package:flutter/src/rendering/box.dart:2484:11)
#52     RenderProxyBoxMixin.hitTestChildren (package:flutter/src/rendering/proxy_box.dart:117:19)
#53     RenderBox.hitTest (package:flutter/src/rendering/box.dart:2484:11)
#54     RenderProxyBoxMixin.hitTestChildren (package:flutter/src/rendering/proxy_box.dart:117:19)
#55     RenderBox.hitTest (package:flutter/src/rendering/box.dart:2484:11)
#56     RenderProxyBoxMixin.hitTestChildren (package:flutter/src/rendering/proxy_box.dart:117:19)
#57     RenderBox.hitTest (package:flutter/src/rendering/box.dart:2484:11)
#58     RenderOffstage.hitTest (package:flutter/src/rendering/proxy_box.dart:3747:31)
#59     RenderProxyBoxMixin.hitTestChildren (package:flutter/src/rendering/proxy_box.dart:117:19)
#60     RenderBox.hitTest (package:flutter/src/rendering/box.dart:2484:11)
#61     _RenderTheaterMixin.hitTestChildren.childHitTest (package:flutter/src/widgets/overlay.dart:897:81)
#62     BoxHitTestResult.addWithPaintOffset (package:flutter/src/rendering/box.dart:800:31)
#63     _RenderTheaterMixin.hitTestChildren (package:flutter/src/widgets/overlay.dart:898:22)
#64     RenderBox.hitTest (package:flutter/src/rendering/box.dart:2484:11)
#65     RenderProxyBoxMixin.hitTestChildren (package:flutter/src/rendering/proxy_box.dart:117:19)
#66     RenderBox.hitTest (package:flutter/src/rendering/box.dart:2484:11)
#67     RenderAbsorbPointer.hitTest (package:flutter/src/rendering/proxy_box.dart:3872:17)
#68     RenderProxyBoxMixin.hitTestChildren (package:flutter/src/rendering/proxy_box.dart:117:19)
#69     RenderProxyBoxWithHitTestBehavior.hitTest (package:flutter/src/rendering/proxy_box.dart:172:19)
#70     RenderProxyBoxMixin.hitTestChildren (package:flutter/src/rendering/proxy_box.dart:117:19)
#71     RenderBox.hitTest (package:flutter/src/rendering/box.dart:2484:11)
#72     RenderProxyBoxMixin.hitTestChildren (package:flutter/src/rendering/proxy_box.dart:117:19)
#73     RenderBox.hitTest (package:flutter/src/rendering/box.dart:2484:11)
#74     RenderProxyBoxMixin.hitTestChildren (package:flutter/src/rendering/proxy_box.dart:117:19)
#75     RenderBox.hitTest (package:flutter/src/rendering/box.dart:2484:11)
#76     RenderProxyBoxMixin.hitTestChildren (package:flutter/src/rendering/proxy_box.dart:117:19)
#77     RenderTapRegionSurface.hitTest (package:flutter/src/widgets/tap_region.dart:213:28)
#78     RenderProxyBoxMixin.hitTestChildren (package:flutter/src/rendering/proxy_box.dart:117:19)
#79     RenderBox.hitTest (package:flutter/src/rendering/box.dart:2484:11)
#80     RenderProxyBoxMixin.hitTestChildren (package:flutter/src/rendering/proxy_box.dart:117:19)
#81     RenderBox.hitTest (package:flutter/src/rendering/box.dart:2484:11)
#82     RenderProxyBoxMixin.hitTestChildren (package:flutter/src/rendering/proxy_box.dart:117:19)
#83     RenderBox.hitTest (package:flutter/src/rendering/box.dart:2484:11)
#84     RenderView.hitTest (package:flutter/src/rendering/view.dart:211:14)
#85     RendererBinding.hitTestInView (package:flutter/src/rendering/binding.dart:624:34)
#86     GestureBinding._handlePointerEventImmediately (package:flutter/src/gestures/binding.dart:384:7)
#87     GestureBinding.handlePointerEvent (package:flutter/src/gestures/binding.dart:376:5)
#88     GestureBinding._flushPointerEventQueue (package:flutter/src/gestures/binding.dart:323:7)
#89     GestureBinding._handlePointerDataPacket (package:flutter/src/gestures/binding.dart:292:9)
#90     _invoke1 (dart:ui/hooks.dart:186:13)
#91     PlatformDispatcher._dispatchPointerDataPacket (dart:ui/platform_dispatcher.dart:433:7)
#92     _dispatchPointerDataPacket (dart:ui/hooks.dart:119:31)

annot hit test a render box with no size.
The hitTest() method was called on this RenderBox: RenderRepaintBoundary#53e84 relayoutBoundary=up10 NEEDS-PAINT:
  needs compositing
  creator: RepaintBoundary ← NotificationListener<ScrollNotification> ← NotificationListener<ScrollMetricsNotification> ← _MaterialScrollbar ← Scrollbar ← Scrollable ← SingleChildScrollView ← Semantics ← DefaultTextStyle ← Padding ← Flexible ← Column ← ⋯
  parentData: <none> (can use size)
  constraints: BoxConstraints(w=600.0, 0.0<=h<=681.0)
  layer: OffsetLayer#f8810 DETACHED
  size: MISSING
  metrics: 0.0% useful (10 bad vs 0 good)
  diagnosis: this repaint boundary is astoundingly ineffectual and should be removed
Although this node is not marked as needing layout, its size is not set.
A RenderBox object must have an explicit size before it can be hit-tested. Make sure that the RenderBox in question sets its size during layout.
annot hit test a render box with no size.
The hitTest() method was called on this RenderBox: RenderRepaintBoundary#53e84 relayoutBoundary=up10 NEEDS-PAINT:
  needs compositing
  creator: RepaintBoundary ← NotificationListener<ScrollNotification> ← NotificationListener<ScrollMetricsNotification> ← _MaterialScrollbar ← Scrollbar ← Scrollable ← SingleChildScrollView ← Semantics ← DefaultTextStyle ← Padding ← Flexible ← Column ← ⋯
  parentData: <none> (can use size)
  constraints: BoxConstraints(w=600.0, 0.0<=h<=681.0)
  layer: OffsetLayer#f8810 DETACHED
  size: MISSING
  metrics: 0.0% useful (10 bad vs 0 good)
  diagnosis: this repaint boundary is astoundingly ineffectual and should be removed
Although this node is not marked as needing layout, its size is not set.
A RenderBox object must have an explicit size before it can be hit-tested. Make sure that the RenderBox in question sets its size during layout.#10     RenderBoxContainerDefaultsMixin.defaultHitTestChildren (package:flutter/src/rendering/box.dart:2858:33)
#11     RenderFlex.hitTestChildren (package:flutter/src/rendering/flex.dart:1034:12)
#12     RenderBox.hitTest (package:flutter/src/rendering/box.dart:2484:11)
#13     RenderProxyBoxMixin.hitTestChildren (package:flutter/src/rendering/proxy_box.dart:117:19)
#14     RenderBox.hitTest (package:flutter/src/rendering/box.dart:2484:11)
#15     RenderProxyBoxMixin.hitTestChildren (package:flutter/src/rendering/proxy_box.dart:117:19)
#16     RenderBox.hitTest (package:flutter/src/rendering/box.dart:2484:11)
#17     RenderProxyBoxMixin.hitTestChildren (package:flutter/src/rendering/proxy_box.dart:117:19)
#18     RenderBox.hitTest (package:flutter/src/rendering/box.dart:2484:11)
#19     RenderProxyBoxMixin.hitTestChildren (package:flutter/src/rendering/proxy_box.dart:117:19)
#20     RenderCustomPaint.hitTestChildren (package:flutter/src/rendering/custom_paint.dart:561:18)
#21     RenderBox.hitTest (package:flutter/src/rendering/box.dart:2484:11)
#22     RenderProxyBoxMixin.hitTestChildren (package:flutter/src/rendering/proxy_box.dart:117:19)
#23     RenderBox.hitTest (package:flutter/src/rendering/box.dart:2484:11)
#24     RenderPhysicalShape.hitTest (package:flutter/src/rendering/proxy_box.dart:2116:18)
#25     RenderProxyBoxMixin.hitTestChildren (package:flutter/src/rendering/proxy_box.dart:117:19)
#26     RenderBox.hitTest (package:flutter/src/rendering/box.dart:2484:11)
#27     RenderShiftedBox.hitTestChildren.<anonymous closure> (package:flutter/src/rendering/shifted_box.dart:88:24)
#28     BoxHitTestResult.addWithPaintOffset (package:flutter/src/rendering/box.dart:800:31)
#29     RenderShiftedBox.hitTestChildren (package:flutter/src/rendering/shifted_box.dart:83:21)
#30     RenderBox.hitTest (package:flutter/src/rendering/box.dart:2484:11)
#31     RenderShiftedBox.hitTestChildren.<anonymous closure> (package:flutter/src/rendering/shifted_box.dart:88:24)
#32     BoxHitTestResult.addWithPaintOffset (package:flutter/src/rendering/box.dart:800:31)
#33     RenderShiftedBox.hitTestChildren (package:flutter/src/rendering/shifted_box.dart:83:21)
#34     RenderBox.hitTest (package:flutter/src/rendering/box.dart:2484:11)
#35     RenderShiftedBox.hitTestChildren.<anonymous closure> (package:flutter/src/rendering/shifted_box.dart:88:24)
#36     BoxHitTestResult.addWithPaintOffset (package:flutter/src/rendering/box.dart:800:31)
#37     RenderShiftedBox.hitTestChildren (package:flutter/src/rendering/shifted_box.dart:83:21)
#38     RenderBox.hitTest (package:flutter/src/rendering/box.dart:2484:11)
#39     RenderShiftedBox.hitTestChildren.<anonymous closure> (package:flutter/src/rendering/shifted_box.dart:88:24)
#40     BoxHitTestResult.addWithPaintOffset (package:flutter/src/rendering/box.dart:800:31)
#41     RenderShiftedBox.hitTestChildren (package:flutter/src/rendering/shifted_box.dart:83:21)
#42     RenderBox.hitTest (package:flutter/src/rendering/box.dart:2484:11)
#43     RenderProxyBoxMixin.hitTestChildren (package:flutter/src/rendering/proxy_box.dart:117:19)
#44     RenderBox.hitTest (package:flutter/src/rendering/box.dart:2484:11)
#45     RenderProxyBoxMixin.hitTestChildren (package:flutter/src/rendering/proxy_box.dart:117:19)
#46     RenderBox.hitTest (package:flutter/src/rendering/box.dart:2484:11)
#47     RenderProxyBoxMixin.hitTestChildren (package:flutter/src/rendering/proxy_box.dart:117:19)
#48     RenderBox.hitTest (package:flutter/src/rendering/box.dart:2484:11)
#49     RenderIgnorePointer.hitTest (package:flutter/src/rendering/proxy_box.dart:3618:31)
#50     RenderProxyBoxMixin.hitTestChildren (package:flutter/src/rendering/proxy_box.dart:117:19)
#51     RenderBox.hitTest (package:flutter/src/rendering/box.dart:2484:11)
#52     RenderProxyBoxMixin.hitTestChildren (package:flutter/src/rendering/proxy_box.dart:117:19)
#53     RenderBox.hitTest (package:flutter/src/rendering/box.dart:2484:11)
#54     RenderProxyBoxMixin.hitTestChildren (package:flutter/src/rendering/proxy_box.dart:117:19)
#55     RenderBox.hitTest (package:flutter/src/rendering/box.dart:2484:11)
#56     RenderProxyBoxMixin.hitTestChildren (package:flutter/src/rendering/proxy_box.dart:117:19)
#57     RenderBox.hitTest (package:flutter/src/rendering/box.dart:2484:11)
#58     RenderOffstage.hitTest (package:flutter/src/rendering/proxy_box.dart:3747:31)
#59     RenderProxyBoxMixin.hitTestChildren (package:flutter/src/rendering/proxy_box.dart:117:19)
#60     RenderBox.hitTest (package:flutter/src/rendering/box.dart:2484:11)
#61     _RenderTheaterMixin.hitTestChildren.childHitTest (package:flutter/src/widgets/overlay.dart:897:81)
#62     BoxHitTestResult.addWithPaintOffset (package:flutter/src/rendering/box.dart:800:31)
#63     _RenderTheaterMixin.hitTestChildren (package:flutter/src/widgets/overlay.dart:898:22)
#64     RenderBox.hitTest (package:flutter/src/rendering/box.dart:2484:11)
#65     RenderProxyBoxMixin.hitTestChildren (package:flutter/src/rendering/proxy_box.dart:117:19)
#66     RenderBox.hitTest (package:flutter/src/rendering/box.dart:2484:11)
#67     RenderAbsorbPointer.hitTest (package:flutter/src/rendering/proxy_box.dart:3872:17)
#68     RenderProxyBoxMixin.hitTestChildren (package:flutter/src/rendering/proxy_box.dart:117:19)
#69     RenderProxyBoxWithHitTestBehavior.hitTest (package:flutter/src/rendering/proxy_box.dart:172:19)
#70     RenderProxyBoxMixin.hitTestChildren (package:flutter/src/rendering/proxy_box.dart:117:19)
#71     RenderBox.hitTest (package:flutter/src/rendering/box.dart:2484:11)
#72     RenderProxyBoxMixin.hitTestChildren (package:flutter/src/rendering/proxy_box.dart:117:19)
#73     RenderBox.hitTest (package:flutter/src/rendering/box.dart:2484:11)
#74     RenderProxyBoxMixin.hitTestChildren (package:flutter/src/rendering/proxy_box.dart:117:19)
#75     RenderBox.hitTest (package:flutter/src/rendering/box.dart:2484:11)
#76     RenderProxyBoxMixin.hitTestChildren (package:flutter/src/rendering/proxy_box.dart:117:19)
#77     RenderTapRegionSurface.hitTest (package:flutter/src/widgets/tap_region.dart:213:28)
#78     RenderProxyBoxMixin.hitTestChildren (package:flutter/src/rendering/proxy_box.dart:117:19)
#79     RenderBox.hitTest (package:flutter/src/rendering/box.dart:2484:11)
#80     RenderProxyBoxMixin.hitTestChildren (package:flutter/src/rendering/proxy_box.dart:117:19)
#81     RenderBox.hitTest (package:flutter/src/rendering/box.dart:2484:11)
#82     RenderProxyBoxMixin.hitTestChildren (package:flutter/src/rendering/proxy_box.dart:117:19)
#83     RenderBox.hitTest (package:flutter/src/rendering/box.dart:2484:11)
#84     RenderView.hitTest (package:flutter/src/rendering/view.dart:211:14)
#85     RendererBinding.hitTestInView (package:flutter/src/rendering/binding.dart:624:34)
#86     GestureBinding._handlePointerEventImmediately (package:flutter/src/gestures/binding.dart:384:7)
#87     GestureBinding.handlePointerEvent (package:flutter/src/gestures/binding.dart:376:5)
#88     GestureBinding._flushPointerEventQueue (package:flutter/src/gestures/binding.dart:323:7)
#89     GestureBinding._handlePointerDataPacket (package:flutter/src/gestures/binding.dart:292:9)
#90     _invoke1 (dart:ui/hooks.dart:186:13)
#91     PlatformDispatcher._dispatchPointerDataPacket (dart:ui/platform_dispatcher.dart:433:7)
#92     _dispatchPointerDataPacket (dart:ui/hooks.dart:119:31)
#0      RenderBox.hitTest.<anonymous closure> (package:flutter/src/rendering/box.dart:2467:9)
#1      RenderBox.hitTest (package:flutter/src/rendering/box.dart:2482:6)
#2      RenderProxyBoxMixin.hitTestChildren (package:flutter/src/rendering/proxy_box.dart:117:19)
#3      RenderBox.hitTest (package:flutter/src/rendering/box.dart:2484:11)
#4      RenderShiftedBox.hitTestChildren.<anonymous closure> (package:flutter/src/rendering/shifted_box.dart:88:24)
#5      BoxHitTestResult.addWithPaintOffset (package:flutter/src/rendering/box.dart:800:31)
#6      RenderShiftedBox.hitTestChildren (package:flutter/src/rendering/shifted_box.dart:83:21)
#7      RenderBox.hitTest (package:flutter/src/rendering/box.dart:2484:11)
#8      RenderBoxContainerDefaultsMixin.defaultHitTestChildren.<anonymous closure> (package:flutter/src/rendering/box.dart:2863:25)
#9      BoxHitTestResult.addWithPaintOffset (package:flutter/src/rendering/box.dart:800:31)
#10     RenderBoxContainerDefaultsMixin.defaultHitTestChildren (package:flutter/src/rendering/box.dart:2858:33)
#11     RenderFlex.hitTestChildren (package:flutter/src/rendering/flex.dart:1034:12)
#12     RenderBox.hitTest (package:flutter/src/rendering/box.dart:2484:11)
#13     RenderProxyBoxMixin.hitTestChildren (package:flutter/src/rendering/proxy_box.dart:117:19)
#14     RenderBox.hitTest (package:flutter/src/rendering/box.dart:2484:11)
#15     RenderProxyBoxMixin.hitTestChildren (package:flutter/src/rendering/proxy_box.dart:117:19)
#16     RenderBox.hitTest (package:flutter/src/rendering/box.dart:2484:11)
#17     RenderProxyBoxMixin.hitTestChildren (package:flutter/src/rendering/proxy_box.dart:117:19)
#18     RenderBox.hitTest (package:flutter/src/rendering/box.dart:2484:11)
#19     RenderProxyBoxMixin.hitTestChildren (package:flutter/src/rendering/proxy_box.dart:117:19)
#20     RenderCustomPaint.hitTestChildren (package:flutter/src/rendering/custom_paint.dart:561:18)
#21     RenderBox.hitTest (package:flutter/src/rendering/box.dart:2484:11)
#22     RenderProxyBoxMixin.hitTestChildren (package:flutter/src/rendering/proxy_box.dart:117:19)
#23     RenderBox.hitTest (package:flutter/src/rendering/box.dart:2484:11)
#24     RenderPhysicalShape.hitTest (package:flutter/src/rendering/proxy_box.dart:2116:18)
#25     RenderProxyBoxMixin.hitTestChildren (package:flutter/src/rendering/proxy_box.dart:117:19)
#26     RenderBox.hitTest (package:flutter/src/rendering/box.dart:2484:11)
#27     RenderShiftedBox.hitTestChildren.<anonymous closure> (package:flutter/src/rendering/shifted_box.dart:88:24)
#28     BoxHitTestResult.addWithPaintOffset (package:flutter/src/rendering/box.dart:800:31)
#29     RenderShiftedBox.hitTestChildren (package:flutter/src/rendering/shifted_box.dart:83:21)
#30     RenderBox.hitTest (package:flutter/src/rendering/box.dart:2484:11)
#31     RenderShiftedBox.hitTestChildren.<anonymous closure> (package:flutter/src/rendering/shifted_box.dart:88:24)
#32     BoxHitTestResult.addWithPaintOffset (package:flutter/src/rendering/box.dart:800:31)
#33     RenderShiftedBox.hitTestChildren (package:flutter/src/rendering/shifted_box.dart:83:21)
#34     RenderBox.hitTest (package:flutter/src/rendering/box.dart:2484:11)
#35     RenderShiftedBox.hitTestChildren.<anonymous closure> (package:flutter/src/rendering/shifted_box.dart:88:24)
#36     BoxHitTestResult.addWithPaintOffset (package:flutter/src/rendering/box.dart:800:31)
#37     RenderShiftedBox.hitTestChildren (package:flutter/src/rendering/shifted_box.dart:83:21)
#38     RenderBox.hitTest (package:flutter/src/rendering/box.dart:2484:11)
#39     RenderShiftedBox.hitTestChildren.<anonymous closure> (package:flutter/src/rendering/shifted_box.dart:88:24)
#40     BoxHitTestResult.addWithPaintOffset (package:flutter/src/rendering/box.dart:800:31)
#41     RenderShiftedBox.hitTestChildren (package:flutter/src/rendering/shifted_box.dart:83:21)
#42     RenderBox.hitTest (package:flutter/src/rendering/box.dart:2484:11)
#43     RenderProxyBoxMixin.hitTestChildren (package:flutter/src/rendering/proxy_box.dart:117:19)
#44     RenderBox.hitTest (package:flutter/src/rendering/box.dart:2484:11)
#45     RenderProxyBoxMixin.hitTestChildren (package:flutter/src/rendering/proxy_box.dart:117:19)
#46     RenderBox.hitTest (package:flutter/src/rendering/box.dart:2484:11)
#47     RenderProxyBoxMixin.hitTestChildren (package:flutter/src/rendering/proxy_box.dart:117:19)
#48     RenderBox.hitTest (package:flutter/src/rendering/box.dart:2484:11)
#49     RenderIgnorePointer.hitTest (package:flutter/src/rendering/proxy_box.dart:3618:31)
#50     RenderProxyBoxMixin.hitTestChildren (package:flutter/src/rendering/proxy_box.dart:117:19)
#51     RenderBox.hitTest (package:flutter/src/rendering/box.dart:2484:11)
#52     RenderProxyBoxMixin.hitTestChildren (package:flutter/src/rendering/proxy_box.dart:117:19)
#53     RenderBox.hitTest (package:flutter/src/rendering/box.dart:2484:11)
#54     RenderProxyBoxMixin.hitTestChildren (package:flutter/src/rendering/proxy_box.dart:117:19)
#55     RenderBox.hitTest (package:flutter/src/rendering/box.dart:2484:11)
#56     RenderProxyBoxMixin.hitTestChildren (package:flutter/src/rendering/proxy_box.dart:117:19)
#57     RenderBox.hitTest (package:flutter/src/rendering/box.dart:2484:11)
#58     RenderOffstage.hitTest (package:flutter/src/rendering/proxy_box.dart:3747:31)
#59     RenderProxyBoxMixin.hitTestChildren (package:flutter/src/rendering/proxy_box.dart:117:19)
#60     RenderBox.hitTest (package:flutter/src/rendering/box.dart:2484:11)
#61     _RenderTheaterMixin.hitTestChildren.childHitTest (package:flutter/src/widgets/overlay.dart:897:81)
#62     BoxHitTestResult.addWithPaintOffset (package:flutter/src/rendering/box.dart:800:31)
#63     _RenderTheaterMixin.hitTestChildren (package:flutter/src/widgets/overlay.dart:898:22)
#64     RenderBox.hitTest (package:flutter/src/rendering/box.dart:2484:11)
#65     RenderProxyBoxMixin.hitTestChildren (package:flutter/src/rendering/proxy_box.dart:117:19)
#66     RenderBox.hitTest (package:flutter/src/rendering/box.dart:2484:11)
#67     RenderAbsorbPointer.hitTest (package:flutter/src/rendering/proxy_box.dart:3872:17)
#68     RenderProxyBoxMixin.hitTestChildren (package:flutter/src/rendering/proxy_box.dart:117:19)
#69     RenderProxyBoxWithHitTestBehavior.hitTest (package:flutter/src/rendering/proxy_box.dart:172:19)
#70     RenderProxyBoxMixin.hitTestChildren (package:flutter/src/rendering/proxy_box.dart:117:19)
#71     RenderBox.hitTest (package:flutter/src/rendering/box.dart:2484:11)
#72     RenderProxyBoxMixin.hitTestChildren (package:flutter/src/rendering/proxy_box.dart:117:19)
#73     RenderBox.hitTest (package:flutter/src/rendering/box.dart:2484:11)
#74     RenderProxyBoxMixin.hitTestChildren (package:flutter/src/rendering/proxy_box.dart:117:19)
#75     RenderBox.hitTest (package:flutter/src/rendering/box.dart:2484:11)
#76     RenderProxyBoxMixin.hitTestChildren (package:flutter/src/rendering/proxy_box.dart:117:19)
#77     RenderTapRegionSurface.hitTest (package:flutter/src/widgets/tap_region.dart:213:28)
#78     RenderProxyBoxMixin.hitTestChildren (package:flutter/src/rendering/proxy_box.dart:117:19)
#79     RenderBox.hitTest (package:flutter/src/rendering/box.dart:2484:11)
#80     RenderProxyBoxMixin.hitTestChildren (package:flutter/src/rendering/proxy_box.dart:117:19)
#81     RenderBox.hitTest (package:flutter/src/rendering/box.dart:2484:11)
#82     RenderProxyBoxMixin.hitTestChildren (package:flutter/src/rendering/proxy_box.dart:117:19)
#83     RenderBox.hitTest (package:flutter/src/rendering/box.dart:2484:11)
#84     RenderView.hitTest (package:flutter/src/rendering/view.dart:211:14)
#85     RendererBinding.hitTestInView (package:flutter/src/rendering/binding.dart:624:34)
#86     GestureBinding._handlePointerEventImmediately (package:flutter/src/gestures/binding.dart:384:7)
#87     GestureBinding.handlePointerEvent (package:flutter/src/gestures/binding.dart:376:5)
#88     GestureBinding._flushPointerEventQueue (package:flutter/src/gestures/binding.dart:323:7)
#89     GestureBinding._handlePointerDataPacket (package:flutter/src/gestures/binding.dart:292:9)
#90     _invoke1 (dart:ui/hooks.dart:186:13)
#91     PlatformDispatcher._dispatchPointerDataPacket (dart:ui/platform_dispatcher.dart:433:7)
#92     _dispatchPointerDataPacket (dart:ui/hooks.dart:119:31)

0      RenderBox.hitTest.<anonymous closure> (package:flutter/src/rendering/box.dart:2467:9)
#1      RenderBox.hitTest (package:flutter/src/rendering/box.dart:2482:6)
#2      RenderProxyBoxMixin.hitTestChildren (package:flutter/src/rendering/proxy_box.dart:117:19)
#3      RenderBox.hitTest (package:flutter/src/rendering/box.dart:2484:11)
#4      RenderShiftedBox.hitTestChildren.<anonymous closure> (package:flutter/src/rendering/shifted_box.dart:88:24)
#5      BoxHitTestResult.addWithPaintOffset (package:flutter/src/rendering/box.dart:800:31)
#6      RenderShiftedBox.hitTestChildren (package:flutter/src/rendering/shifted_box.dart:83:21)
#7      RenderBox.hitTest (package:flutter/src/rendering/box.dart:2484:11)
#8      RenderBoxContainerDefaultsMixin.defaultHitTestChildren.<anonymous closure> (package:flutter/src/rendering/box.dart:2863:25)
#9      BoxHitTestResult.addWithPaintOffset (package:flutter/src/rendering/box.dart:800:31)
#10     RenderBoxContainerDefaultsMixin.defaultHitTestChildren (package:flutter/src/rendering/box.dart:2858:33)
#11     RenderFlex.hitTestChildren (package:flutter/src/rendering/flex.dart:1034:12)
#12     RenderBox.hitTest (package:flutter/src/rendering/box.dart:2484:11)
#13     RenderProxyBoxMixin.hitTestChildren (package:flutter/src/rendering/proxy_box.dart:117:19)
#14     RenderBox.hitTest (package:flutter/src/rendering/box.dart:2484:11)
#15     RenderProxyBoxMixin.hitTestChildren (package:flutter/src/rendering/proxy_box.dart:117:19)
#16     RenderBox.hitTest (package:flutter/src/rendering/box.dart:2484:11)
#17     RenderProxyBoxMixin.hitTestChildren (package:flutter/src/rendering/proxy_box.dart:117:19)
#18     RenderBox.hitTest (package:flutter/src/rendering/box.dart:2484:11)
#19     RenderProxyBoxMixin.hitTestChildren (package:flutter/src/rendering/proxy_box.dart:117:19)
#20     RenderCustomPaint.hitTestChildren (package:flutter/src/rendering/custom_paint.dart:561:18)
#21     RenderBox.hitTest (package:flutter/src/rendering/box.dart:2484:11)
#22     RenderProxyBoxMixin.hitTestChildren (package:flutter/src/rendering/proxy_box.dart:117:19)
#23     RenderBox.hitTest (package:flutter/src/rendering/box.dart:2484:11)
#24     RenderPhysicalShape.hitTest (package:flutter/src/rendering/proxy_box.dart:2116:18)
#25     RenderProxyBoxMixin.hitTestChildren (package:flutter/src/rendering/proxy_box.dart:117:19)
#26     RenderBox.hitTest (package:flutter/src/rendering/box.dart:2484:11)
#27     RenderShiftedBox.hitTestChildren.<anonymous closure> (package:flutter/src/rendering/shifted_box.dart:88:24)
#28     BoxHitTestResult.addWithPaintOffset (package:flutter/src/rendering/box.dart:800:31)
#29     RenderShiftedBox.hitTestChildren (package:flutter/src/rendering/shifted_box.dart:83:21)
#30     RenderBox.hitTest (package:flutter/src/rendering/box.dart:2484:11)
#31     RenderShiftedBox.hitTestChildren.<anonymous closure> (package:flutter/src/rendering/shifted_box.dart:88:24)
#32     BoxHitTestResult.addWithPaintOffset (package:flutter/src/rendering/box.dart:800:31)
#33     RenderShiftedBox.hitTestChildren (package:flutter/src/rendering/shifted_box.dart:83:21)
#34     RenderBox.hitTest (package:flutter/src/rendering/box.dart:2484:11)
#35     RenderShiftedBox.hitTestChildren.<anonymous closure> (package:flutter/src/rendering/shifted_box.dart:88:24)
#36     BoxHitTestResult.addWithPaintOffset (package:flutter/src/rendering/box.dart:800:31)
#37     RenderShiftedBox.hitTestChildren (package:flutter/src/rendering/shifted_box.dart:83:21)
#38     RenderBox.hitTest (package:flutter/src/rendering/box.dart:2484:11)
#39     RenderShiftedBox.hitTestChildren.<anonymous closure> (package:flutter/src/rendering/shifted_box.dart:88:24)
#40     BoxHitTestResult.addWithPaintOffset (package:flutter/src/rendering/box.dart:800:31)
#41     RenderShiftedBox.hitTestChildren (package:flutter/src/rendering/shifted_box.dart:83:21)
#42     RenderBox.hitTest (package:flutter/src/rendering/box.dart:2484:11)
#43     RenderProxyBoxMixin.hitTestChildren (package:flutter/src/rendering/proxy_box.dart:117:19)
#44     RenderBox.hitTest (package:flutter/src/rendering/box.dart:2484:11)
#45     RenderProxyBoxMixin.hitTestChildren (package:flutter/src/rendering/proxy_box.dart:117:19)
#46     RenderBox.hitTest (package:flutter/src/rendering/box.dart:2484:11)
#47     RenderProxyBoxMixin.hitTestChildren (package:flutter/src/rendering/proxy_box.dart:117:19)
#48     RenderBox.hitTest (package:flutter/src/rendering/box.dart:2484:11)
#49     RenderIgnorePointer.hitTest (package:flutter/src/rendering/proxy_box.dart:3618:31)
#50     RenderProxyBoxMixin.hitTestChildren (package:flutter/src/rendering/proxy_box.dart:117:19)
#51     RenderBox.hitTest (package:flutter/src/rendering/box.dart:2484:11)
#52     RenderProxyBoxMixin.hitTestChildren (package:flutter/src/rendering/proxy_box.dart:117:19)
#53     RenderBox.hitTest (package:flutter/src/rendering/box.dart:2484:11)
#54     RenderProxyBoxMixin.hitTestChildren (package:flutter/src/rendering/proxy_box.dart:117:19)
#55     RenderBox.hitTest (package:flutter/src/rendering/box.dart:2484:11)
#56     RenderProxyBoxMixin.hitTestChildren (package:flutter/src/rendering/proxy_box.dart:117:19)
#57     RenderBox.hitTest (package:flutter/src/rendering/box.dart:2484:11)
#58     RenderOffstage.hitTest (package:flutter/src/rendering/proxy_box.dart:3747:31)
#59     RenderProxyBoxMixin.hitTestChildren (package:flutter/src/rendering/proxy_box.dart:117:19)
#60     RenderBox.hitTest (package:flutter/src/rendering/box.dart:2484:11)
#61     _RenderTheaterMixin.hitTestChildren.childHitTest (package:flutter/src/widgets/overlay.dart:897:81)
#62     BoxHitTestResult.addWithPaintOffset (package:flutter/src/rendering/box.dart:800:31)
#63     _RenderTheaterMixin.hitTestChildren (package:flutter/src/widgets/overlay.dart:898:22)
#64     RenderBox.hitTest (package:flutter/src/rendering/box.dart:2484:11)
#65     RenderProxyBoxMixin.hitTestChildren (package:flutter/src/rendering/proxy_box.dart:117:19)
#66     RenderBox.hitTest (package:flutter/src/rendering/box.dart:2484:11)
#67     RenderAbsorbPointer.hitTest (package:flutter/src/rendering/proxy_box.dart:3872:17)
#68     RenderProxyBoxMixin.hitTestChildren (package:flutter/src/rendering/proxy_box.dart:117:19)
#69     RenderProxyBoxWithHitTestBehavior.hitTest (package:flutter/src/rendering/proxy_box.dart:172:19)
#70     RenderProxyBoxMixin.hitTestChildren (package:flutter/src/rendering/proxy_box.dart:117:19)
#71     RenderBox.hitTest (package:flutter/src/rendering/box.dart:2484:11)
#72     RenderProxyBoxMixin.hitTestChildren (package:flutter/src/rendering/proxy_box.dart:117:19)
#73     RenderBox.hitTest (package:flutter/src/rendering/box.dart:2484:11)
#74     RenderProxyBoxMixin.hitTestChildren (package:flutter/src/rendering/proxy_box.dart:117:19)
#75     RenderBox.hitTest (package:flutter/src/rendering/box.dart:2484:11)
#76     RenderProxyBoxMixin.hitTestChildren (package:flutter/src/rendering/proxy_box.dart:117:19)
#77     RenderTapRegionSurface.hitTest (package:flutter/src/widgets/tap_region.dart:213:28)
#78     RenderProxyBoxMixin.hitTestChildren (package:flutter/src/rendering/proxy_box.dart:117:19)
#79     RenderBox.hitTest (package:flutter/src/rendering/box.dart:2484:11)
#80     RenderProxyBoxMixin.hitTestChildren (package:flutter/src/rendering/proxy_box.dart:117:19)
#81     RenderBox.hitTest (package:flutter/src/rendering/box.dart:2484:11)
#82     RenderProxyBoxMixin.hitTestChildren (package:flutter/src/rendering/proxy_box.dart:117:19)
#83     RenderBox.hitTest (package:flutter/src/rendering/box.dart:2484:11)
#84     RenderView.hitTest (package:flutter/src/rendering/view.dart:211:14)
#85     RendererBinding.hitTestInView (package:flutter/src/rendering/binding.dart:624:34)
#86     GestureBinding._handlePointerEventImmediately (package:flutter/src/gestures/binding.dart:384:7)
#87     GestureBinding.handlePointerEvent (package:flutter/src/gestures/binding.dart:376:5)
#88     GestureBinding._flushPointerEventQueue (package:flutter/src/gestures/binding.dart:323:7)
#89     GestureBinding._handlePointerDataPacket (package:flutter/src/gestures/binding.dart:292:9)
#90     _invoke1 (dart:ui/hooks.dart:186:13)
#91     PlatformDispatcher._dispatchPointerDataPacket (dart:ui/platform_dispatcher.dart:433:7)
#92     _dispatchPointerDataPacket (dart:ui/hooks.dart:119:31)
Cannot hit test a render box with no size.
The hitTest() method was called on this RenderBox: RenderRepaintBoundary#53e84 relayoutBoundary=up10 NEEDS-PAINT:
  needs compositing
  creator: RepaintBoundary ← NotificationListener<ScrollNotification> ← NotificationListener<ScrollMetricsNotification> ← _MaterialScrollbar ← Scrollbar ← Scrollable ← SingleChildScrollView ← Semantics ← DefaultTextStyle ← Padding ← Flexible ← Column ← ⋯
  parentData: <none> (can use size)
  constraints: BoxConstraints(w=600.0, 0.0<=h<=681.0)
  layer: OffsetLayer#f8810 DETACHED
  size: MISSING
  metrics: 0.0% useful (10 bad vs 0 good)
  diagnosis: this repaint boundary is astoundingly ineffectual and should be removed
Although this node is not marked as needing layout, its size is not set.
A RenderBox object must have an explicit size before it can be hit-tested. Make sure that the RenderBox in question sets its size during layout.
0      RenderBox.hitTest.<anonymous closure> (package:flutter/src/rendering/box.dart:2467:9)
#1      RenderBox.hitTest (package:flutter/src/rendering/box.dart:2482:6)
#2      RenderProxyBoxMixin.hitTestChildren (package:flutter/src/rendering/proxy_box.dart:117:19)
#3      RenderBox.hitTest (package:flutter/src/rendering/box.dart:2484:11)
#4      RenderShiftedBox.hitTestChildren.<anonymous closure> (package:flutter/src/rendering/shifted_box.dart:88:24)
#5      BoxHitTestResult.addWithPaintOffset (package:flutter/src/rendering/box.dart:800:31)
#6      RenderShiftedBox.hitTestChildren (package:flutter/src/rendering/shifted_box.dart:83:21)
#7      RenderBox.hitTest (package:flutter/src/rendering/box.dart:2484:11)
#8      RenderBoxContainerDefaultsMixin.defaultHitTestChildren.<anonymous closure> (package:flutter/src/rendering/box.dart:2863:25)
#9      BoxHitTestResult.addWithPaintOffset (package:flutter/src/rendering/box.dart:800:31)
#10     RenderBoxContainerDefaultsMixin.defaultHitTestChildren (package:flutter/src/rendering/box.dart:2858:33)
#11     RenderFlex.hitTestChildren (package:flutter/src/rendering/flex.dart:1034:12)
#12     RenderBox.hitTest (package:flutter/src/rendering/box.dart:2484:11)
#13     RenderProxyBoxMixin.hitTestChildren (package:flutter/src/rendering/proxy_box.dart:117:19)
#14     RenderBox.hitTest (package:flutter/src/rendering/box.dart:2484:11)
#15     RenderProxyBoxMixin.hitTestChildren (package:flutter/src/rendering/proxy_box.dart:117:19)
#16     RenderBox.hitTest (package:flutter/src/rendering/box.dart:2484:11)
#17     RenderProxyBoxMixin.hitTestChildren (package:flutter/src/rendering/proxy_box.dart:117:19)
#18     RenderBox.hitTest (package:flutter/src/rendering/box.dart:2484:11)
#19     RenderProxyBoxMixin.hitTestChildren (package:flutter/src/rendering/proxy_box.dart:117:19)
#20     RenderCustomPaint.hitTestChildren (package:flutter/src/rendering/custom_paint.dart:561:18)
#21     RenderBox.hitTest (package:flutter/src/rendering/box.dart:2484:11)
#22     RenderProxyBoxMixin.hitTestChildren (package:flutter/src/rendering/proxy_box.dart:117:19)
#23     RenderBox.hitTest (package:flutter/src/rendering/box.dart:2484:11)
#24     RenderPhysicalShape.hitTest (package:flutter/src/rendering/proxy_box.dart:2116:18)
#25     RenderProxyBoxMixin.hitTestChildren (package:flutter/src/rendering/proxy_box.dart:117:19)
#26     RenderBox.hitTest (package:flutter/src/rendering/box.dart:2484:11)
#27     RenderShiftedBox.hitTestChildren.<anonymous closure> (package:flutter/src/rendering/shifted_box.dart:88:24)
#28     BoxHitTestResult.addWithPaintOffset (package:flutter/src/rendering/box.dart:800:31)
#29     RenderShiftedBox.hitTestChildren (package:flutter/src/rendering/shifted_box.dart:83:21)
#30     RenderBox.hitTest (package:flutter/src/rendering/box.dart:2484:11)
#31     RenderShiftedBox.hitTestChildren.<anonymous closure> (package:flutter/src/rendering/shifted_box.dart:88:24)
#32     BoxHitTestResult.addWithPaintOffset (package:flutter/src/rendering/box.dart:800:31)
#33     RenderShiftedBox.hitTestChildren (package:flutter/src/rendering/shifted_box.dart:83:21)
#34     RenderBox.hitTest (package:flutter/src/rendering/box.dart:2484:11)
#35     RenderShiftedBox.hitTestChildren.<anonymous closure> (package:flutter/src/rendering/shifted_box.dart:88:24)
#36     BoxHitTestResult.addWithPaintOffset (package:flutter/src/rendering/box.dart:800:31)
#37     RenderShiftedBox.hitTestChildren (package:flutter/src/rendering/shifted_box.dart:83:21)
#38     RenderBox.hitTest (package:flutter/src/rendering/box.dart:2484:11)
#39     RenderShiftedBox.hitTestChildren.<anonymous closure> (package:flutter/src/rendering/shifted_box.dart:88:24)
#40     BoxHitTestResult.addWithPaintOffset (package:flutter/src/rendering/box.dart:800:31)
#41     RenderShiftedBox.hitTestChildren (package:flutter/src/rendering/shifted_box.dart:83:21)
#42     RenderBox.hitTest (package:flutter/src/rendering/box.dart:2484:11)
#43     RenderProxyBoxMixin.hitTestChildren (package:flutter/src/rendering/proxy_box.dart:117:19)
#44     RenderBox.hitTest (package:flutter/src/rendering/box.dart:2484:11)
#45     RenderProxyBoxMixin.hitTestChildren (package:flutter/src/rendering/proxy_box.dart:117:19)
#46     RenderBox.hitTest (package:flutter/src/rendering/box.dart:2484:11)
#47     RenderProxyBoxMixin.hitTestChildren (package:flutter/src/rendering/proxy_box.dart:117:19)
#48     RenderBox.hitTest (package:flutter/src/rendering/box.dart:2484:11)
#49     RenderIgnorePointer.hitTest (package:flutter/src/rendering/proxy_box.dart:3618:31)
#50     RenderProxyBoxMixin.hitTestChildren (package:flutter/src/rendering/proxy_box.dart:117:19)
#51     RenderBox.hitTest (package:flutter/src/rendering/box.dart:2484:11)
#52     RenderProxyBoxMixin.hitTestChildren (package:flutter/src/rendering/proxy_box.dart:117:19)
#53     RenderBox.hitTest (package:flutter/src/rendering/box.dart:2484:11)
#54     RenderProxyBoxMixin.hitTestChildren (package:flutter/src/rendering/proxy_box.dart:117:19)
#55     RenderBox.hitTest (package:flutter/src/rendering/box.dart:2484:11)
#56     RenderProxyBoxMixin.hitTestChildren (package:flutter/src/rendering/proxy_box.dart:117:19)
#57     RenderBox.hitTest (package:flutter/src/rendering/box.dart:2484:11)
#58     RenderOffstage.hitTest (package:flutter/src/rendering/proxy_box.dart:3747:31)
#59     RenderProxyBoxMixin.hitTestChildren (package:flutter/src/rendering/proxy_box.dart:117:19)
#60     RenderBox.hitTest (package:flutter/src/rendering/box.dart:2484:11)
#61     _RenderTheaterMixin.hitTestChildren.childHitTest (package:flutter/src/widgets/overlay.dart:897:81)
#62     BoxHitTestResult.addWithPaintOffset (package:flutter/src/rendering/box.dart:800:31)
#63     _RenderTheaterMixin.hitTestChildren (package:flutter/src/widgets/overlay.dart:898:22)
#64     RenderBox.hitTest (package:flutter/src/rendering/box.dart:2484:11)
#65     RenderProxyBoxMixin.hitTestChildren (package:flutter/src/rendering/proxy_box.dart:117:19)
#66     RenderBox.hitTest (package:flutter/src/rendering/box.dart:2484:11)
#67     RenderAbsorbPointer.hitTest (package:flutter/src/rendering/proxy_box.dart:3872:17)
#68     RenderProxyBoxMixin.hitTestChildren (package:flutter/src/rendering/proxy_box.dart:117:19)
#69     RenderProxyBoxWithHitTestBehavior.hitTest (package:flutter/src/rendering/proxy_box.dart:172:19)
#70     RenderProxyBoxMixin.hitTestChildren (package:flutter/src/rendering/proxy_box.dart:117:19)
#71     RenderBox.hitTest (package:flutter/src/rendering/box.dart:2484:11)
#72     RenderProxyBoxMixin.hitTestChildren (package:flutter/src/rendering/proxy_box.dart:117:19)
#73     RenderBox.hitTest (package:flutter/src/rendering/box.dart:2484:11)
#74     RenderProxyBoxMixin.hitTestChildren (package:flutter/src/rendering/proxy_box.dart:117:19)
#75     RenderBox.hitTest (package:flutter/src/rendering/box.dart:2484:11)
#76     RenderProxyBoxMixin.hitTestChildren (package:flutter/src/rendering/proxy_box.dart:117:19)
#77     RenderTapRegionSurface.hitTest (package:flutter/src/widgets/tap_region.dart:213:28)
#78     RenderProxyBoxMixin.hitTestChildren (package:flutter/src/rendering/proxy_box.dart:117:19)
#79     RenderBox.hitTest (package:flutter/src/rendering/box.dart:2484:11)
#80     RenderProxyBoxMixin.hitTestChildren (package:flutter/src/rendering/proxy_box.dart:117:19)
#81     RenderBox.hitTest (package:flutter/src/rendering/box.dart:2484:11)
#82     RenderProxyBoxMixin.hitTestChildren (package:flutter/src/rendering/proxy_box.dart:117:19)
#83     RenderBox.hitTest (package:flutter/src/rendering/box.dart:2484:11)
#84     RenderView.hitTest (package:flutter/src/rendering/view.dart:211:14)
#85     RendererBinding.hitTestInView (package:flutter/src/rendering/binding.dart:624:34)
#86     GestureBinding._handlePointerEventImmediately (package:flutter/src/gestures/binding.dart:384:7)
#87     GestureBinding.handlePointerEvent (package:flutter/src/gestures/binding.dart:376:5)
#88     GestureBinding._flushPointerEventQueue (package:flutter/src/gestures/binding.dart:323:7)
#89     GestureBinding._handlePointerDataPacket (package:flutter/src/gestures/binding.dart:292:9)
#90     _invoke1 (dart:ui/hooks.dart:186:13)
#91     PlatformDispatcher._dispatchPointerDataPacket (dart:ui/platform_dispatcher.dart:433:7)
#92     _dispatchPointerDataPacket (dart:ui/hooks.dart:119:31)
#0      RenderBox.hitTest.<anonymous closure> (package:flutter/src/rendering/box.dart:2467:9)
#1      RenderBox.hitTest (package:flutter/src/rendering/box.dart:2482:6)
#2      RenderProxyBoxMixin.hitTestChildren (package:flutter/src/rendering/proxy_box.dart:117:19)
#3      RenderBox.hitTest (package:flutter/src/rendering/box.dart:2484:11)
#4      RenderShiftedBox.hitTestChildren.<anonymous closure> (package:flutter/src/rendering/shifted_box.dart:88:24)
#5      BoxHitTestResult.addWithPaintOffset (package:flutter/src/rendering/box.dart:800:31)
#6      RenderShiftedBox.hitTestChildren (package:flutter/src/rendering/shifted_box.dart:83:21)
#7      RenderBox.hitTest (package:flutter/src/rendering/box.dart:2484:11)
#8      RenderBoxContainerDefaultsMixin.defaultHitTestChildren.<anonymous closure> (package:flutter/src/rendering/box.dart:2863:25)
#9      BoxHitTestResult.addWithPaintOffset (package:flutter/src/rendering/box.dart:800:31)
#10     RenderBoxContainerDefaultsMixin.defaultHitTestChildren (package:flutter/src/rendering/box.dart:2858:33)
#11     RenderFlex.hitTestChildren (package:flutter/src/rendering/flex.dart:1034:12)
#12     RenderBox.hitTest (package:flutter/src/rendering/box.dart:2484:11)
#13     RenderProxyBoxMixin.hitTestChildren (package:flutter/src/rendering/proxy_box.dart:117:19)
#14     RenderBox.hitTest (package:flutter/src/rendering/box.dart:2484:11)
#15     RenderProxyBoxMixin.hitTestChildren (package:flutter/src/rendering/proxy_box.dart:117:19)
#16     RenderBox.hitTest (package:flutter/src/rendering/box.dart:2484:11)
#17     RenderProxyBoxMixin.hitTestChildren (package:flutter/src/rendering/proxy_box.dart:117:19)
#18     RenderBox.hitTest (package:flutter/src/rendering/box.dart:2484:11)
#19     RenderProxyBoxMixin.hitTestChildren (package:flutter/src/rendering/proxy_box.dart:117:19)
#20     RenderCustomPaint.hitTestChildren (package:flutter/src/rendering/custom_paint.dart:561:18)
#21     RenderBox.hitTest (package:flutter/src/rendering/box.dart:2484:11)
#22     RenderProxyBoxMixin.hitTestChildren (package:flutter/src/rendering/proxy_box.dart:117:19)
#23     RenderBox.hitTest (package:flutter/src/rendering/box.dart:2484:11)
#24     RenderPhysicalShape.hitTest (package:flutter/src/rendering/proxy_box.dart:2116:18)
#25     RenderProxyBoxMixin.hitTestChildren (package:flutter/src/rendering/proxy_box.dart:117:19)
#26     RenderBox.hitTest (package:flutter/src/rendering/box.dart:2484:11)
#27     RenderShiftedBox.hitTestChildren.<anonymous closure> (package:flutter/src/rendering/shifted_box.dart:88:24)
#28     BoxHitTestResult.addWithPaintOffset (package:flutter/src/rendering/box.dart:800:31)
#29     RenderShiftedBox.hitTestChildren (package:flutter/src/rendering/shifted_box.dart:83:21)
#30     RenderBox.hitTest (package:flutter/src/rendering/box.dart:2484:11)
#31     RenderShiftedBox.hitTestChildren.<anonymous closure> (package:flutter/src/rendering/shifted_box.dart:88:24)
#32     BoxHitTestResult.addWithPaintOffset (package:flutter/src/rendering/box.dart:800:31)
#33     RenderShiftedBox.hitTestChildren (package:flutter/src/rendering/shifted_box.dart:83:21)
#34     RenderBox.hitTest (package:flutter/src/rendering/box.dart:2484:11)
#35     RenderShiftedBox.hitTestChildren.<anonymous closure> (package:flutter/src/rendering/shifted_box.dart:88:24)
#36     BoxHitTestResult.addWithPaintOffset (package:flutter/src/rendering/box.dart:800:31)
#37     RenderShiftedBox.hitTestChildren (package:flutter/src/rendering/shifted_box.dart:83:21)
#38     RenderBox.hitTest (package:flutter/src/rendering/box.dart:2484:11)
#39     RenderShiftedBox.hitTestChildren.<anonymous closure> (package:flutter/src/rendering/shifted_box.dart:88:24)
#40     BoxHitTestResult.addWithPaintOffset (package:flutter/src/rendering/box.dart:800:31)
#41     RenderShiftedBox.hitTestChildren (package:flutter/src/rendering/shifted_box.dart:83:21)
#42     RenderBox.hitTest (package:flutter/src/rendering/box.dart:2484:11)
#43     RenderProxyBoxMixin.hitTestChildren (package:flutter/src/rendering/proxy_box.dart:117:19)
#44     RenderBox.hitTest (package:flutter/src/rendering/box.dart:2484:11)
#45     RenderProxyBoxMixin.hitTestChildren (package:flutter/src/rendering/proxy_box.dart:117:19)
#46     RenderBox.hitTest (package:flutter/src/rendering/box.dart:2484:11)
#47     RenderProxyBoxMixin.hitTestChildren (package:flutter/src/rendering/proxy_box.dart:117:19)
#48     RenderBox.hitTest (package:flutter/src/rendering/box.dart:2484:11)
#49     RenderIgnorePointer.hitTest (package:flutter/src/rendering/proxy_box.dart:3618:31)
#50     RenderProxyBoxMixin.hitTestChildren (package:flutter/src/rendering/proxy_box.dart:117:19)
#51     RenderBox.hitTest (package:flutter/src/rendering/box.dart:2484:11)
#52     RenderProxyBoxMixin.hitTestChildren (package:flutter/src/rendering/proxy_box.dart:117:19)
#53     RenderBox.hitTest (package:flutter/src/rendering/box.dart:2484:11)
#54     RenderProxyBoxMixin.hitTestChildren (package:flutter/src/rendering/proxy_box.dart:117:19)
#55     RenderBox.hitTest (package:flutter/src/rendering/box.dart:2484:11)
#56     RenderProxyBoxMixin.hitTestChildren (package:flutter/src/rendering/proxy_box.dart:117:19)
#57     RenderBox.hitTest (package:flutter/src/rendering/box.dart:2484:11)
#58     RenderOffstage.hitTest (package:flutter/src/rendering/proxy_box.dart:3747:31)
#59     RenderProxyBoxMixin.hitTestChildren (package:flutter/src/rendering/proxy_box.dart:117:19)
#60     RenderBox.hitTest (package:flutter/src/rendering/box.dart:2484:11)
#61     _RenderTheaterMixin.hitTestChildren.childHitTest (package:flutter/src/widgets/overlay.dart:897:81)
#62     BoxHitTestResult.addWithPaintOffset (package:flutter/src/rendering/box.dart:800:31)
#63     _RenderTheaterMixin.hitTestChildren (package:flutter/src/widgets/overlay.dart:898:22)
#64     RenderBox.hitTest (package:flutter/src/rendering/box.dart:2484:11)
#65     RenderProxyBoxMixin.hitTestChildren (package:flutter/src/rendering/proxy_box.dart:117:19)
#66     RenderBox.hitTest (package:flutter/src/rendering/box.dart:2484:11)
#67     RenderAbsorbPointer.hitTest (package:flutter/src/rendering/proxy_box.dart:3872:17)
#68     RenderProxyBoxMixin.hitTestChildren (package:flutter/src/rendering/proxy_box.dart:117:19)
#69     RenderProxyBoxWithHitTestBehavior.hitTest (package:flutter/src/rendering/proxy_box.dart:172:19)
#70     RenderProxyBoxMixin.hitTestChildren (package:flutter/src/rendering/proxy_box.dart:117:19)
#71     RenderBox.hitTest (package:flutter/src/rendering/box.dart:2484:11)
#72     RenderProxyBoxMixin.hitTestChildren (package:flutter/src/rendering/proxy_box.dart:117:19)
#73     RenderBox.hitTest (package:flutter/src/rendering/box.dart:2484:11)
#74     RenderProxyBoxMixin.hitTestChildren (package:flutter/src/rendering/proxy_box.dart:117:19)
#75     RenderBox.hitTest (package:flutter/src/rendering/box.dart:2484:11)
#76     RenderProxyBoxMixin.hitTestChildren (package:flutter/src/rendering/proxy_box.dart:117:19)
#77     RenderTapRegionSurface.hitTest (package:flutter/src/widgets/tap_region.dart:213:28)
#78     RenderProxyBoxMixin.hitTestChildren (package:flutter/src/rendering/proxy_box.dart:117:19)
#79     RenderBox.hitTest (package:flutter/src/rendering/box.dart:2484:11)
#80     RenderProxyBoxMixin.hitTestChildren (package:flutter/src/rendering/proxy_box.dart:117:19)
#81     RenderBox.hitTest (package:flutter/src/rendering/box.dart:2484:11)
#82     RenderProxyBoxMixin.hitTestChildren (package:flutter/src/rendering/proxy_box.dart:117:19)
#83     RenderBox.hitTest (package:flutter/src/rendering/box.dart:2484:11)
#84     RenderView.hitTest (package:flutter/src/rendering/view.dart:211:14)
#85     RendererBinding.hitTestInView (package:flutter/src/rendering/binding.dart:624:34)
#86     GestureBinding._handlePointerEventImmediately (package:flutter/src/gestures/binding.dart:384:7)
#87     GestureBinding.handlePointerEvent (package:flutter/src/gestures/binding.dart:376:5)
#88     GestureBinding._flushPointerEventQueue (package:flutter/src/gestures/binding.dart:323:7)
#89     GestureBinding._handlePointerDataPacket (package:flutter/src/gestures/binding.dart:292:9)
#90     _invoke1 (dart:ui/hooks.dart:186:13)
#91     PlatformDispatcher._dispatchPointerDataPacket (dart:ui/platform_dispatcher.dart:433:7)
#92     _dispatchPointerDataPacket (dart:ui/hooks.dart:119:31)
Cannot hit test a render box with no size.
The hitTest() method was called on this RenderBox: RenderRepaintBoundary#53e84 relayoutBoundary=up10 NEEDS-PAINT:
  needs compositing
  creator: RepaintBoundary ← NotificationListener<ScrollNotification> ← NotificationListener<ScrollMetricsNotification> ← _MaterialScrollbar ← Scrollbar ← Scrollable ← SingleChildScrollView ← Semantics ← DefaultTextStyle ← Padding ← Flexible ← Column ← ⋯
  parentData: <none> (can use size)
  constraints: BoxConstraints(w=600.0, 0.0<=h<=681.0)
  layer: OffsetLayer#f8810 DETACHED
  size: MISSING
  metrics: 0.0% useful (10 bad vs 0 good)
  diagnosis: this repaint boundary is astoundingly ineffectual and should be removed
Although this node is not marked as needing layout, its size is not set.
A RenderBox object must have an explicit size before it can be hit-tested. Make sure that the RenderBox in question sets its size during layout.#0      RenderBox.hitTest.<anonymous closure> (package:flutter/src/rendering/box.dart:2467:9)
#1      RenderBox.hitTest (package:flutter/src/rendering/box.dart:2482:6)
#2      RenderProxyBoxMixin.hitTestChildren (package:flutter/src/rendering/proxy_box.dart:117:19)
#3      RenderBox.hitTest (package:flutter/src/rendering/box.dart:2484:11)
#4      RenderShiftedBox.hitTestChildren.<anonymous closure> (package:flutter/src/rendering/shifted_box.dart:88:24)
#5      BoxHitTestResult.addWithPaintOffset (package:flutter/src/rendering/box.dart:800:31)
#6      RenderShiftedBox.hitTestChildren (package:flutter/src/rendering/shifted_box.dart:83:21)
#7      RenderBox.hitTest (package:flutter/src/rendering/box.dart:2484:11)
#8      RenderBoxContainerDefaultsMixin.defaultHitTestChildren.<anonymous closure> (package:flutter/src/rendering/box.dart:2863:25)
#9      BoxHitTestResult.addWithPaintOffset (package:flutter/src/rendering/box.dart:800:31)
#10     RenderBoxContainerDefaultsMixin.defaultHitTestChildren (package:flutter/src/rendering/box.dart:2858:33)
#11     RenderFlex.hitTestChildren (package:flutter/src/rendering/flex.dart:1034:12)
#12     RenderBox.hitTest (package:flutter/src/rendering/box.dart:2484:11)
#13     RenderProxyBoxMixin.hitTestChildren (package:flutter/src/rendering/proxy_box.dart:117:19)
#14     RenderBox.hitTest (package:flutter/src/rendering/box.dart:2484:11)
#15     RenderProxyBoxMixin.hitTestChildren (package:flutter/src/rendering/proxy_box.dart:117:19)
#16     RenderBox.hitTest (package:flutter/src/rendering/box.dart:2484:11)
#17     RenderProxyBoxMixin.hitTestChildren (package:flutter/src/rendering/proxy_box.dart:117:19)
#18     RenderBox.hitTest (package:flutter/src/rendering/box.dart:2484:11)
#19     RenderProxyBoxMixin.hitTestChildren (package:flutter/src/rendering/proxy_box.dart:117:19)
#20     RenderCustomPaint.hitTestChildren (package:flutter/src/rendering/custom_paint.dart:561:18)
#21     RenderBox.hitTest (package:flutter/src/rendering/box.dart:2484:11)
#22     RenderProxyBoxMixin.hitTestChildren (package:flutter/src/rendering/proxy_box.dart:117:19)
#23     RenderBox.hitTest (package:flutter/src/rendering/box.dart:2484:11)
#24     RenderPhysicalShape.hitTest (package:flutter/src/rendering/proxy_box.dart:2116:18)
#25     RenderProxyBoxMixin.hitTestChildren (package:flutter/src/rendering/proxy_box.dart:117:19)
#26     RenderBox.hitTest (package:flutter/src/rendering/box.dart:2484:11)
#27     RenderShiftedBox.hitTestChildren.<anonymous closure> (package:flutter/src/rendering/shifted_box.dart:88:24)
#28     BoxHitTestResult.addWithPaintOffset (package:flutter/src/rendering/box.dart:800:31)
#29     RenderShiftedBox.hitTestChildren (package:flutter/src/rendering/shifted_box.dart:83:21)
#30     RenderBox.hitTest (package:flutter/src/rendering/box.dart:2484:11)
#31     RenderShiftedBox.hitTestChildren.<anonymous closure> (package:flutter/src/rendering/shifted_box.dart:88:24)
#32     BoxHitTestResult.addWithPaintOffset (package:flutter/src/rendering/box.dart:800:31)
#33     RenderShiftedBox.hitTestChildren (package:flutter/src/rendering/shifted_box.dart:83:21)
#34     RenderBox.hitTest (package:flutter/src/rendering/box.dart:2484:11)
#35     RenderShiftedBox.hitTestChildren.<anonymous closure> (package:flutter/src/rendering/shifted_box.dart:88:24)
#36     BoxHitTestResult.addWithPaintOffset (package:flutter/src/rendering/box.dart:800:31)
#37     RenderShiftedBox.hitTestChildren (package:flutter/src/rendering/shifted_box.dart:83:21)
#38     RenderBox.hitTest (package:flutter/src/rendering/box.dart:2484:11)
#39     RenderShiftedBox.hitTestChildren.<anonymous closure> (package:flutter/src/rendering/shifted_box.dart:88:24)
#40     BoxHitTestResult.addWithPaintOffset (package:flutter/src/rendering/box.dart:800:31)
#41     RenderShiftedBox.hitTestChildren (package:flutter/src/rendering/shifted_box.dart:83:21)
#42     RenderBox.hitTest (package:flutter/src/rendering/box.dart:2484:11)
#43     RenderProxyBoxMixin.hitTestChildren (package:flutter/src/rendering/proxy_box.dart:117:19)
#44     RenderBox.hitTest (package:flutter/src/rendering/box.dart:2484:11)
#45     RenderProxyBoxMixin.hitTestChildren (package:flutter/src/rendering/proxy_box.dart:117:19)
#46     RenderBox.hitTest (package:flutter/src/rendering/box.dart:2484:11)
#47     RenderProxyBoxMixin.hitTestChildren (package:flutter/src/rendering/proxy_box.dart:117:19)
#48     RenderBox.hitTest (package:flutter/src/rendering/box.dart:2484:11)
#49     RenderIgnorePointer.hitTest (package:flutter/src/rendering/proxy_box.dart:3618:31)
#50     RenderProxyBoxMixin.hitTestChildren (package:flutter/src/rendering/proxy_box.dart:117:19)
#51     RenderBox.hitTest (package:flutter/src/rendering/box.dart:2484:11)
#52     RenderProxyBoxMixin.hitTestChildren (package:flutter/src/rendering/proxy_box.dart:117:19)
#53     RenderBox.hitTest (package:flutter/src/rendering/box.dart:2484:11)
#54     RenderProxyBoxMixin.hitTestChildren (package:flutter/src/rendering/proxy_box.dart:117:19)
#55     RenderBox.hitTest (package:flutter/src/rendering/box.dart:2484:11)
#56     RenderProxyBoxMixin.hitTestChildren (package:flutter/src/rendering/proxy_box.dart:117:19)
#57     RenderBox.hitTest (package:flutter/src/rendering/box.dart:2484:11)
#58     RenderOffstage.hitTest (package:flutter/src/rendering/proxy_box.dart:3747:31)
#59     RenderProxyBoxMixin.hitTestChildren (package:flutter/src/rendering/proxy_box.dart:117:19)
#60     RenderBox.hitTest (package:flutter/src/rendering/box.dart:2484:11)
#61     _RenderTheaterMixin.hitTestChildren.childHitTest (package:flutter/src/widgets/overlay.dart:897:81)
#62     BoxHitTestResult.addWithPaintOffset (package:flutter/src/rendering/box.dart:800:31)
#63     _RenderTheaterMixin.hitTestChildren (package:flutter/src/widgets/overlay.dart:898:22)
#64     RenderBox.hitTest (package:flutter/src/rendering/box.dart:2484:11)
#65     RenderProxyBoxMixin.hitTestChildren (package:flutter/src/rendering/proxy_box.dart:117:19)
#66     RenderBox.hitTest (package:flutter/src/rendering/box.dart:2484:11)
#67     RenderAbsorbPointer.hitTest (package:flutter/src/rendering/proxy_box.dart:3872:17)
#68     RenderProxyBoxMixin.hitTestChildren (package:flutter/src/rendering/proxy_box.dart:117:19)
#69     RenderProxyBoxWithHitTestBehavior.hitTest (package:flutter/src/rendering/proxy_box.dart:172:19)
#70     RenderProxyBoxMixin.hitTestChildren (package:flutter/src/rendering/proxy_box.dart:117:19)
#71     RenderBox.hitTest (package:flutter/src/rendering/box.dart:2484:11)
#72     RenderProxyBoxMixin.hitTestChildren (package:flutter/src/rendering/proxy_box.dart:117:19)
#73     RenderBox.hitTest (package:flutter/src/rendering/box.dart:2484:11)
#74     RenderProxyBoxMixin.hitTestChildren (package:flutter/src/rendering/proxy_box.dart:117:19)
#75     RenderBox.hitTest (package:flutter/src/rendering/box.dart:2484:11)
#76     RenderProxyBoxMixin.hitTestChildren (package:flutter/src/rendering/proxy_box.dart:117:19)
#77     RenderTapRegionSurface.hitTest (package:flutter/src/widgets/tap_region.dart:213:28)
#78     RenderProxyBoxMixin.hitTestChildren (package:flutter/src/rendering/proxy_box.dart:117:19)
#79     RenderBox.hitTest (package:flutter/src/rendering/box.dart:2484:11)
#80     RenderProxyBoxMixin.hitTestChildren (package:flutter/src/rendering/proxy_box.dart:117:19)
#81     RenderBox.hitTest (package:flutter/src/rendering/box.dart:2484:11)
#82     RenderProxyBoxMixin.hitTestChildren (package:flutter/src/rendering/proxy_box.dart:117:19)
#83     RenderBox.hitTest (package:flutter/src/rendering/box.dart:2484:11)
#84     RenderView.hitTest (package:flutter/src/rendering/view.dart:211:14)
#85     RendererBinding.hitTestInView (package:flutter/src/rendering/binding.dart:624:34)
#86     GestureBinding._handlePointerEventImmediately (package:flutter/src/gestures/binding.dart:384:7)
#87     GestureBinding.handlePointerEvent (package:flutter/src/gestures/binding.dart:376:5)
#88     GestureBinding._flushPointerEventQueue (package:flutter/src/gestures/binding.dart:323:7)
#89     GestureBinding._handlePointerDataPacket (package:flutter/src/gestures/binding.dart:292:9)
#90     _invoke1 (dart:ui/hooks.dart:186:13)
#91     PlatformDispatcher._dispatchPointerDataPacket (dart:ui/platform_dispatcher.dart:433:7)
#92     _dispatchPointerDataPacket (dart:ui/hooks.dart:119:31)

Cannot hit test a render box with no size.
The hitTest() method was called on this RenderBox: RenderRepaintBoundary#53e84 relayoutBoundary=up10 NEEDS-PAINT:
  needs compositing
  creator: RepaintBoundary ← NotificationListener<ScrollNotification> ← NotificationListener<ScrollMetricsNotification> ← _MaterialScrollbar ← Scrollbar ← Scrollable ← SingleChildScrollView ← Semantics ← DefaultTextStyle ← Padding ← Flexible ← Column ← ⋯
  parentData: <none> (can use size)
  constraints: BoxConstraints(w=600.0, 0.0<=h<=681.0)
  layer: OffsetLayer#f8810 DETACHED
  size: MISSING
  metrics: 0.0% useful (10 bad vs 0 good)
  diagnosis: this repaint boundary is astoundingly ineffectual and should be removed
Although this node is not marked as needing layout, its size is not set.
A RenderBox object must have an explicit size before it can be hit-tested. Make sure that the RenderBox in question sets its size during layout.
annot hit test a render box with no size.
The hitTest() method was called on this RenderBox: RenderRepaintBoundary#53e84 relayoutBoundary=up10 NEEDS-PAINT:
  needs compositing
  creator: RepaintBoundary ← NotificationListener<ScrollNotification> ← NotificationListener<ScrollMetricsNotification> ← _MaterialScrollbar ← Scrollbar ← Scrollable ← SingleChildScrollView ← Semantics ← DefaultTextStyle ← Padding ← Flexible ← Column ← ⋯
  parentData: <none> (can use size)
  constraints: BoxConstraints(w=600.0, 0.0<=h<=681.0)
  layer: OffsetLayer#f8810 DETACHED
  size: MISSING
  metrics: 0.0% useful (10 bad vs 0 good)
  diagnosis: this repaint boundary is astoundingly ineffectual and should be removed
Although this node is not marked as needing layout, its size is not set.
A RenderBox object must have an explicit size before it can be hit-tested. Make sure that the RenderBox in question sets its size during layout.#10     RenderBoxContainerDefaultsMixin.defaultHitTestChildren (package:flutter/src/rendering/box.dart:2858:33)
#11     RenderFlex.hitTestChildren (package:flutter/src/rendering/flex.dart:1034:12)
#12     RenderBox.hitTest (package:flutter/src/rendering/box.dart:2484:11)
#13     RenderProxyBoxMixin.hitTestChildren (package:flutter/src/rendering/proxy_box.dart:117:19)
#14     RenderBox.hitTest (package:flutter/src/rendering/box.dart:2484:11)
#15     RenderProxyBoxMixin.hitTestChildren (package:flutter/src/rendering/proxy_box.dart:117:19)
#16     RenderBox.hitTest (package:flutter/src/rendering/box.dart:2484:11)
#17     RenderProxyBoxMixin.hitTestChildren (package:flutter/src/rendering/proxy_box.dart:117:19)
#18     RenderBox.hitTest (package:flutter/src/rendering/box.dart:2484:11)
#19     RenderProxyBoxMixin.hitTestChildren (package:flutter/src/rendering/proxy_box.dart:117:19)
#20     RenderCustomPaint.hitTestChildren (package:flutter/src/rendering/custom_paint.dart:561:18)
#21     RenderBox.hitTest (package:flutter/src/rendering/box.dart:2484:11)
#22     RenderProxyBoxMixin.hitTestChildren (package:flutter/src/rendering/proxy_box.dart:117:19)
#23     RenderBox.hitTest (package:flutter/src/rendering/box.dart:2484:11)
#24     RenderPhysicalShape.hitTest (package:flutter/src/rendering/proxy_box.dart:2116:18)
#25     RenderProxyBoxMixin.hitTestChildren (package:flutter/src/rendering/proxy_box.dart:117:19)
#26     RenderBox.hitTest (package:flutter/src/rendering/box.dart:2484:11)
#27     RenderShiftedBox.hitTestChildren.<anonymous closure> (package:flutter/src/rendering/shifted_box.dart:88:24)
#28     BoxHitTestResult.addWithPaintOffset (package:flutter/src/rendering/box.dart:800:31)
#29     RenderShiftedBox.hitTestChildren (package:flutter/src/rendering/shifted_box.dart:83:21)
#30     RenderBox.hitTest (package:flutter/src/rendering/box.dart:2484:11)
#31     RenderShiftedBox.hitTestChildren.<anonymous closure> (package:flutter/src/rendering/shifted_box.dart:88:24)
#32     BoxHitTestResult.addWithPaintOffset (package:flutter/src/rendering/box.dart:800:31)
#33     RenderShiftedBox.hitTestChildren (package:flutter/src/rendering/shifted_box.dart:83:21)
#34     RenderBox.hitTest (package:flutter/src/rendering/box.dart:2484:11)
#35     RenderShiftedBox.hitTestChildren.<anonymous closure> (package:flutter/src/rendering/shifted_box.dart:88:24)
#36     BoxHitTestResult.addWithPaintOffset (package:flutter/src/rendering/box.dart:800:31)
#37     RenderShiftedBox.hitTestChildren (package:flutter/src/rendering/shifted_box.dart:83:21)
#38     RenderBox.hitTest (package:flutter/src/rendering/box.dart:2484:11)
#39     RenderShiftedBox.hitTestChildren.<anonymous closure> (package:flutter/src/rendering/shifted_box.dart:88:24)
#40     BoxHitTestResult.addWithPaintOffset (package:flutter/src/rendering/box.dart:800:31)
#41     RenderShiftedBox.hitTestChildren (package:flutter/src/rendering/shifted_box.dart:83:21)
#42     RenderBox.hitTest (package:flutter/src/rendering/box.dart:2484:11)
#43     RenderProxyBoxMixin.hitTestChildren (package:flutter/src/rendering/proxy_box.dart:117:19)
#44     RenderBox.hitTest (package:flutter/src/rendering/box.dart:2484:11)
#45     RenderProxyBoxMixin.hitTestChildren (package:flutter/src/rendering/proxy_box.dart:117:19)
#46     RenderBox.hitTest (package:flutter/src/rendering/box.dart:2484:11)
#47     RenderProxyBoxMixin.hitTestChildren (package:flutter/src/rendering/proxy_box.dart:117:19)
#48     RenderBox.hitTest (package:flutter/src/rendering/box.dart:2484:11)
#49     RenderIgnorePointer.hitTest (package:flutter/src/rendering/proxy_box.dart:3618:31)
#50     RenderProxyBoxMixin.hitTestChildren (package:flutter/src/rendering/proxy_box.dart:117:19)
#51     RenderBox.hitTest (package:flutter/src/rendering/box.dart:2484:11)
#52     RenderProxyBoxMixin.hitTestChildren (package:flutter/src/rendering/proxy_box.dart:117:19)
#53     RenderBox.hitTest (package:flutter/src/rendering/box.dart:2484:11)
#54     RenderProxyBoxMixin.hitTestChildren (package:flutter/src/rendering/proxy_box.dart:117:19)
#55     RenderBox.hitTest (package:flutter/src/rendering/box.dart:2484:11)
#56     RenderProxyBoxMixin.hitTestChildren (package:flutter/src/rendering/proxy_box.dart:117:19)
#57     RenderBox.hitTest (package:flutter/src/rendering/box.dart:2484:11)
#58     RenderOffstage.hitTest (package:flutter/src/rendering/proxy_box.dart:3747:31)
#59     RenderProxyBoxMixin.hitTestChildren (package:flutter/src/rendering/proxy_box.dart:117:19)
#60     RenderBox.hitTest (package:flutter/src/rendering/box.dart:2484:11)
#61     _RenderTheaterMixin.hitTestChildren.childHitTest (package:flutter/src/widgets/overlay.dart:897:81)
#62     BoxHitTestResult.addWithPaintOffset (package:flutter/src/rendering/box.dart:800:31)
#63     _RenderTheaterMixin.hitTestChildren (package:flutter/src/widgets/overlay.dart:898:22)
#64     RenderBox.hitTest (package:flutter/src/rendering/box.dart:2484:11)
#65     RenderProxyBoxMixin.hitTestChildren (package:flutter/src/rendering/proxy_box.dart:117:19)
#66     RenderBox.hitTest (package:flutter/src/rendering/box.dart:2484:11)
#67     RenderAbsorbPointer.hitTest (package:flutter/src/rendering/proxy_box.dart:3872:17)
#68     RenderProxyBoxMixin.hitTestChildren (package:flutter/src/rendering/proxy_box.dart:117:19)
#69     RenderProxyBoxWithHitTestBehavior.hitTest (package:flutter/src/rendering/proxy_box.dart:172:19)
#70     RenderProxyBoxMixin.hitTestChildren (package:flutter/src/rendering/proxy_box.dart:117:19)
#71     RenderBox.hitTest (package:flutter/src/rendering/box.dart:2484:11)
#72     RenderProxyBoxMixin.hitTestChildren (package:flutter/src/rendering/proxy_box.dart:117:19)
#73     RenderBox.hitTest (package:flutter/src/rendering/box.dart:2484:11)
#74     RenderProxyBoxMixin.hitTestChildren (package:flutter/src/rendering/proxy_box.dart:117:19)
#75     RenderBox.hitTest (package:flutter/src/rendering/box.dart:2484:11)
#76     RenderProxyBoxMixin.hitTestChildren (package:flutter/src/rendering/proxy_box.dart:117:19)
#77     RenderTapRegionSurface.hitTest (package:flutter/src/widgets/tap_region.dart:213:28)
#78     RenderProxyBoxMixin.hitTestChildren (package:flutter/src/rendering/proxy_box.dart:117:19)
#79     RenderBox.hitTest (package:flutter/src/rendering/box.dart:2484:11)
#80     RenderProxyBoxMixin.hitTestChildren (package:flutter/src/rendering/proxy_box.dart:117:19)
#81     RenderBox.hitTest (package:flutter/src/rendering/box.dart:2484:11)
#82     RenderProxyBoxMixin.hitTestChildren (package:flutter/src/rendering/proxy_box.dart:117:19)
#83     RenderBox.hitTest (package:flutter/src/rendering/box.dart:2484:11)
#84     RenderView.hitTest (package:flutter/src/rendering/view.dart:211:14)
#85     RendererBinding.hitTestInView (package:flutter/src/rendering/binding.dart:624:34)
#86     GestureBinding._handlePointerEventImmediately (package:flutter/src/gestures/binding.dart:384:7)
#87     GestureBinding.handlePointerEvent (package:flutter/src/gestures/binding.dart:376:5)
#88     GestureBinding._flushPointerEventQueue (package:flutter/src/gestures/binding.dart:323:7)
#89     GestureBinding._handlePointerDataPacket (package:flutter/src/gestures/binding.dart:292:9)
#90     _invoke1 (dart:ui/hooks.dart:186:13)
#91     PlatformDispatcher._dispatchPointerDataPacket (dart:ui/platform_dispatcher.dart:433:7)
#92     _dispatchPointerDataPacket (dart:ui/hooks.dart:119:31)

0      RenderBox.hitTest.<anonymous closure> (package:flutter/src/rendering/box.dart:2467:9)
#1      RenderBox.hitTest (package:flutter/src/rendering/box.dart:2482:6)
#2      RenderProxyBoxMixin.hitTestChildren (package:flutter/src/rendering/proxy_box.dart:117:19)
#3      RenderBox.hitTest (package:flutter/src/rendering/box.dart:2484:11)
#4      RenderShiftedBox.hitTestChildren.<anonymous closure> (package:flutter/src/rendering/shifted_box.dart:88:24)
#5      BoxHitTestResult.addWithPaintOffset (package:flutter/src/rendering/box.dart:800:31)
#6      RenderShiftedBox.hitTestChildren (package:flutter/src/rendering/shifted_box.dart:83:21)
#7      RenderBox.hitTest (package:flutter/src/rendering/box.dart:2484:11)
#8      RenderBoxContainerDefaultsMixin.defaultHitTestChildren.<anonymous closure> (package:flutter/src/rendering/box.dart:2863:25)
#9      BoxHitTestResult.addWithPaintOffset (package:flutter/src/rendering/box.dart:800:31)
#10     RenderBoxContainerDefaultsMixin.defaultHitTestChildren (package:flutter/src/rendering/box.dart:2858:33)
#11     RenderFlex.hitTestChildren (package:flutter/src/rendering/flex.dart:1034:12)
#12     RenderBox.hitTest (package:flutter/src/rendering/box.dart:2484:11)
#13     RenderProxyBoxMixin.hitTestChildren (package:flutter/src/rendering/proxy_box.dart:117:19)
#14     RenderBox.hitTest (package:flutter/src/rendering/box.dart:2484:11)
#15     RenderProxyBoxMixin.hitTestChildren (package:flutter/src/rendering/proxy_box.dart:117:19)
#16     RenderBox.hitTest (package:flutter/src/rendering/box.dart:2484:11)
#17     RenderProxyBoxMixin.hitTestChildren (package:flutter/src/rendering/proxy_box.dart:117:19)
#18     RenderBox.hitTest (package:flutter/src/rendering/box.dart:2484:11)
#19     RenderProxyBoxMixin.hitTestChildren (package:flutter/src/rendering/proxy_box.dart:117:19)
#20     RenderCustomPaint.hitTestChildren (package:flutter/src/rendering/custom_paint.dart:561:18)
#21     RenderBox.hitTest (package:flutter/src/rendering/box.dart:2484:11)
#22     RenderProxyBoxMixin.hitTestChildren (package:flutter/src/rendering/proxy_box.dart:117:19)
#23     RenderBox.hitTest (package:flutter/src/rendering/box.dart:2484:11)
#24     RenderPhysicalShape.hitTest (package:flutter/src/rendering/proxy_box.dart:2116:18)
#25     RenderProxyBoxMixin.hitTestChildren (package:flutter/src/rendering/proxy_box.dart:117:19)
#26     RenderBox.hitTest (package:flutter/src/rendering/box.dart:2484:11)
#27     RenderShiftedBox.hitTestChildren.<anonymous closure> (package:flutter/src/rendering/shifted_box.dart:88:24)
#28     BoxHitTestResult.addWithPaintOffset (package:flutter/src/rendering/box.dart:800:31)
#29     RenderShiftedBox.hitTestChildren (package:flutter/src/rendering/shifted_box.dart:83:21)
#30     RenderBox.hitTest (package:flutter/src/rendering/box.dart:2484:11)
#31     RenderShiftedBox.hitTestChildren.<anonymous closure> (package:flutter/src/rendering/shifted_box.dart:88:24)
#32     BoxHitTestResult.addWithPaintOffset (package:flutter/src/rendering/box.dart:800:31)
#33     RenderShiftedBox.hitTestChildren (package:flutter/src/rendering/shifted_box.dart:83:21)
#34     RenderBox.hitTest (package:flutter/src/rendering/box.dart:2484:11)
#35     RenderShiftedBox.hitTestChildren.<anonymous closure> (package:flutter/src/rendering/shifted_box.dart:88:24)
#36     BoxHitTestResult.addWithPaintOffset (package:flutter/src/rendering/box.dart:800:31)
#37     RenderShiftedBox.hitTestChildren (package:flutter/src/rendering/shifted_box.dart:83:21)
#38     RenderBox.hitTest (package:flutter/src/rendering/box.dart:2484:11)
#39     RenderShiftedBox.hitTestChildren.<anonymous closure> (package:flutter/src/rendering/shifted_box.dart:88:24)
#40     BoxHitTestResult.addWithPaintOffset (package:flutter/src/rendering/box.dart:800:31)
#41     RenderShiftedBox.hitTestChildren (package:flutter/src/rendering/shifted_box.dart:83:21)
#42     RenderBox.hitTest (package:flutter/src/rendering/box.dart:2484:11)
#43     RenderProxyBoxMixin.hitTestChildren (package:flutter/src/rendering/proxy_box.dart:117:19)
#44     RenderBox.hitTest (package:flutter/src/rendering/box.dart:2484:11)
#45     RenderProxyBoxMixin.hitTestChildren (package:flutter/src/rendering/proxy_box.dart:117:19)
#46     RenderBox.hitTest (package:flutter/src/rendering/box.dart:2484:11)
#47     RenderProxyBoxMixin.hitTestChildren (package:flutter/src/rendering/proxy_box.dart:117:19)
#48     RenderBox.hitTest (package:flutter/src/rendering/box.dart:2484:11)
#49     RenderIgnorePointer.hitTest (package:flutter/src/rendering/proxy_box.dart:3618:31)
#50     RenderProxyBoxMixin.hitTestChildren (package:flutter/src/rendering/proxy_box.dart:117:19)
#51     RenderBox.hitTest (package:flutter/src/rendering/box.dart:2484:11)
#52     RenderProxyBoxMixin.hitTestChildren (package:flutter/src/rendering/proxy_box.dart:117:19)
#53     RenderBox.hitTest (package:flutter/src/rendering/box.dart:2484:11)
#54     RenderProxyBoxMixin.hitTestChildren (package:flutter/src/rendering/proxy_box.dart:117:19)
#55     RenderBox.hitTest (package:flutter/src/rendering/box.dart:2484:11)
#56     RenderProxyBoxMixin.hitTestChildren (package:flutter/src/rendering/proxy_box.dart:117:19)
#57     RenderBox.hitTest (package:flutter/src/rendering/box.dart:2484:11)
#58     RenderOffstage.hitTest (package:flutter/src/rendering/proxy_box.dart:3747:31)
#59     RenderProxyBoxMixin.hitTestChildren (package:flutter/src/rendering/proxy_box.dart:117:19)
#60     RenderBox.hitTest (package:flutter/src/rendering/box.dart:2484:11)
#61     _RenderTheaterMixin.hitTestChildren.childHitTest (package:flutter/src/widgets/overlay.dart:897:81)
#62     BoxHitTestResult.addWithPaintOffset (package:flutter/src/rendering/box.dart:800:31)
#63     _RenderTheaterMixin.hitTestChildren (package:flutter/src/widgets/overlay.dart:898:22)
#64     RenderBox.hitTest (package:flutter/src/rendering/box.dart:2484:11)
#65     RenderProxyBoxMixin.hitTestChildren (package:flutter/src/rendering/proxy_box.dart:117:19)
#66     RenderBox.hitTest (package:flutter/src/rendering/box.dart:2484:11)
#67     RenderAbsorbPointer.hitTest (package:flutter/src/rendering/proxy_box.dart:3872:17)
#68     RenderProxyBoxMixin.hitTestChildren (package:flutter/src/rendering/proxy_box.dart:117:19)
#69     RenderProxyBoxWithHitTestBehavior.hitTest (package:flutter/src/rendering/proxy_box.dart:172:19)
#70     RenderProxyBoxMixin.hitTestChildren (package:flutter/src/rendering/proxy_box.dart:117:19)
#71     RenderBox.hitTest (package:flutter/src/rendering/box.dart:2484:11)
#72     RenderProxyBoxMixin.hitTestChildren (package:flutter/src/rendering/proxy_box.dart:117:19)
#73     RenderBox.hitTest (package:flutter/src/rendering/box.dart:2484:11)
#74     RenderProxyBoxMixin.hitTestChildren (package:flutter/src/rendering/proxy_box.dart:117:19)
#75     RenderBox.hitTest (package:flutter/src/rendering/box.dart:2484:11)
#76     RenderProxyBoxMixin.hitTestChildren (package:flutter/src/rendering/proxy_box.dart:117:19)
#77     RenderTapRegionSurface.hitTest (package:flutter/src/widgets/tap_region.dart:213:28)
#78     RenderProxyBoxMixin.hitTestChildren (package:flutter/src/rendering/proxy_box.dart:117:19)
#79     RenderBox.hitTest (package:flutter/src/rendering/box.dart:2484:11)
#80     RenderProxyBoxMixin.hitTestChildren (package:flutter/src/rendering/proxy_box.dart:117:19)
#81     RenderBox.hitTest (package:flutter/src/rendering/box.dart:2484:11)
#82     RenderProxyBoxMixin.hitTestChildren (package:flutter/src/rendering/proxy_box.dart:117:19)
#83     RenderBox.hitTest (package:flutter/src/rendering/box.dart:2484:11)
#84     RenderView.hitTest (package:flutter/src/rendering/view.dart:211:14)
#85     RendererBinding.hitTestInView (package:flutter/src/rendering/binding.dart:624:34)
#86     GestureBinding._handlePointerEventImmediately (package:flutter/src/gestures/binding.dart:384:7)
#87     GestureBinding.handlePointerEvent (package:flutter/src/gestures/binding.dart:376:5)
#88     GestureBinding._flushPointerEventQueue (package:flutter/src/gestures/binding.dart:323:7)
#89     GestureBinding._handlePointerDataPacket (package:flutter/src/gestures/binding.dart:292:9)
#90     _invoke1 (dart:ui/hooks.dart:186:13)
#91     PlatformDispatcher._dispatchPointerDataPacket (dart:ui/platform_dispatcher.dart:433:7)
#92     _dispatchPointerDataPacket (dart:ui/hooks.dart:119:31)
Cannot hit test a render box with no size.
The hitTest() method was called on this RenderBox: RenderRepaintBoundary#53e84 relayoutBoundary=up10 NEEDS-PAINT:
  needs compositing
  creator: RepaintBoundary ← NotificationListener<ScrollNotification> ← NotificationListener<ScrollMetricsNotification> ← _MaterialScrollbar ← Scrollbar ← Scrollable ← SingleChildScrollView ← Semantics ← DefaultTextStyle ← Padding ← Flexible ← Column ← ⋯
  parentData: <none> (can use size)
  constraints: BoxConstraints(w=600.0, 0.0<=h<=681.0)
  layer: OffsetLayer#f8810 DETACHED
  size: MISSING
  metrics: 0.0% useful (10 bad vs 0 good)
  diagnosis: this repaint boundary is astoundingly ineffectual and should be removed
Although this node is not marked as needing layout, its size is not set.
A RenderBox object must have an explicit size before it can be hit-tested. Make sure that the RenderBox in question sets its size during layout.#0      RenderBox.hitTest.<anonymous closure> (package:flutter/src/rendering/box.dart:2467:9)
#1      RenderBox.hitTest (package:flutter/src/rendering/box.dart:2482:6)
#2      RenderProxyBoxMixin.hitTestChildren (package:flutter/src/rendering/proxy_box.dart:117:19)
#3      RenderBox.hitTest (package:flutter/src/rendering/box.dart:2484:11)
#4      RenderShiftedBox.hitTestChildren.<anonymous closure> (package:flutter/src/rendering/shifted_box.dart:88:24)
#5      BoxHitTestResult.addWithPaintOffset (package:flutter/src/rendering/box.dart:800:31)
#6      RenderShiftedBox.hitTestChildren (package:flutter/src/rendering/shifted_box.dart:83:21)
#7      RenderBox.hitTest (package:flutter/src/rendering/box.dart:2484:11)
#8      RenderBoxContainerDefaultsMixin.defaultHitTestChildren.<anonymous closure> (package:flutter/src/rendering/box.dart:2863:25)
#9      BoxHitTestResult.addWithPaintOffset (package:flutter/src/rendering/box.dart:800:31)
#10     RenderBoxContainerDefaultsMixin.defaultHitTestChildren (package:flutter/src/rendering/box.dart:2858:33)
#11     RenderFlex.hitTestChildren (package:flutter/src/rendering/flex.dart:1034:12)
#12     RenderBox.hitTest (package:flutter/src/rendering/box.dart:2484:11)
#13     RenderProxyBoxMixin.hitTestChildren (package:flutter/src/rendering/proxy_box.dart:117:19)
#14     RenderBox.hitTest (package:flutter/src/rendering/box.dart:2484:11)
#15     RenderProxyBoxMixin.hitTestChildren (package:flutter/src/rendering/proxy_box.dart:117:19)
#16     RenderBox.hitTest (package:flutter/src/rendering/box.dart:2484:11)
#17     RenderProxyBoxMixin.hitTestChildren (package:flutter/src/rendering/proxy_box.dart:117:19)
#18     RenderBox.hitTest (package:flutter/src/rendering/box.dart:2484:11)
#19     RenderProxyBoxMixin.hitTestChildren (package:flutter/src/rendering/proxy_box.dart:117:19)
#20     RenderCustomPaint.hitTestChildren (package:flutter/src/rendering/custom_paint.dart:561:18)
#21     RenderBox.hitTest (package:flutter/src/rendering/box.dart:2484:11)
#22     RenderProxyBoxMixin.hitTestChildren (package:flutter/src/rendering/proxy_box.dart:117:19)
#23     RenderBox.hitTest (package:flutter/src/rendering/box.dart:2484:11)
#24     RenderPhysicalShape.hitTest (package:flutter/src/rendering/proxy_box.dart:2116:18)
#25     RenderProxyBoxMixin.hitTestChildren (package:flutter/src/rendering/proxy_box.dart:117:19)
#26     RenderBox.hitTest (package:flutter/src/rendering/box.dart:2484:11)
#27     RenderShiftedBox.hitTestChildren.<anonymous closure> (package:flutter/src/rendering/shifted_box.dart:88:24)
#28     BoxHitTestResult.addWithPaintOffset (package:flutter/src/rendering/box.dart:800:31)
#29     RenderShiftedBox.hitTestChildren (package:flutter/src/rendering/shifted_box.dart:83:21)
#30     RenderBox.hitTest (package:flutter/src/rendering/box.dart:2484:11)
#31     RenderShiftedBox.hitTestChildren.<anonymous closure> (package:flutter/src/rendering/shifted_box.dart:88:24)
#32     BoxHitTestResult.addWithPaintOffset (package:flutter/src/rendering/box.dart:800:31)
#33     RenderShiftedBox.hitTestChildren (package:flutter/src/rendering/shifted_box.dart:83:21)
#34     RenderBox.hitTest (package:flutter/src/rendering/box.dart:2484:11)
#35     RenderShiftedBox.hitTestChildren.<anonymous closure> (package:flutter/src/rendering/shifted_box.dart:88:24)
#36     BoxHitTestResult.addWithPaintOffset (package:flutter/src/rendering/box.dart:800:31)
#37     RenderShiftedBox.hitTestChildren (package:flutter/src/rendering/shifted_box.dart:83:21)
#38     RenderBox.hitTest (package:flutter/src/rendering/box.dart:2484:11)
#39     RenderShiftedBox.hitTestChildren.<anonymous closure> (package:flutter/src/rendering/shifted_box.dart:88:24)
#40     BoxHitTestResult.addWithPaintOffset (package:flutter/src/rendering/box.dart:800:31)
#41     RenderShiftedBox.hitTestChildren (package:flutter/src/rendering/shifted_box.dart:83:21)
#42     RenderBox.hitTest (package:flutter/src/rendering/box.dart:2484:11)
#43     RenderProxyBoxMixin.hitTestChildren (package:flutter/src/rendering/proxy_box.dart:117:19)
#44     RenderBox.hitTest (package:flutter/src/rendering/box.dart:2484:11)
#45     RenderProxyBoxMixin.hitTestChildren (package:flutter/src/rendering/proxy_box.dart:117:19)
#46     RenderBox.hitTest (package:flutter/src/rendering/box.dart:2484:11)
#47     RenderProxyBoxMixin.hitTestChildren (package:flutter/src/rendering/proxy_box.dart:117:19)
#48     RenderBox.hitTest (package:flutter/src/rendering/box.dart:2484:11)
#49     RenderIgnorePointer.hitTest (package:flutter/src/rendering/proxy_box.dart:3618:31)
#50     RenderProxyBoxMixin.hitTestChildren (package:flutter/src/rendering/proxy_box.dart:117:19)
#51     RenderBox.hitTest (package:flutter/src/rendering/box.dart:2484:11)
#52     RenderProxyBoxMixin.hitTestChildren (package:flutter/src/rendering/proxy_box.dart:117:19)
#53     RenderBox.hitTest (package:flutter/src/rendering/box.dart:2484:11)
#54     RenderProxyBoxMixin.hitTestChildren (package:flutter/src/rendering/proxy_box.dart:117:19)
#55     RenderBox.hitTest (package:flutter/src/rendering/box.dart:2484:11)
#56     RenderProxyBoxMixin.hitTestChildren (package:flutter/src/rendering/proxy_box.dart:117:19)
#57     RenderBox.hitTest (package:flutter/src/rendering/box.dart:2484:11)
#58     RenderOffstage.hitTest (package:flutter/src/rendering/proxy_box.dart:3747:31)
#59     RenderProxyBoxMixin.hitTestChildren (package:flutter/src/rendering/proxy_box.dart:117:19)
#60     RenderBox.hitTest (package:flutter/src/rendering/box.dart:2484:11)
#61     _RenderTheaterMixin.hitTestChildren.childHitTest (package:flutter/src/widgets/overlay.dart:897:81)
#62     BoxHitTestResult.addWithPaintOffset (package:flutter/src/rendering/box.dart:800:31)
#63     _RenderTheaterMixin.hitTestChildren (package:flutter/src/widgets/overlay.dart:898:22)
#64     RenderBox.hitTest (package:flutter/src/rendering/box.dart:2484:11)
#65     RenderProxyBoxMixin.hitTestChildren (package:flutter/src/rendering/proxy_box.dart:117:19)
#66     RenderBox.hitTest (package:flutter/src/rendering/box.dart:2484:11)
#67     RenderAbsorbPointer.hitTest (package:flutter/src/rendering/proxy_box.dart:3872:17)
#68     RenderProxyBoxMixin.hitTestChildren (package:flutter/src/rendering/proxy_box.dart:117:19)
#69     RenderProxyBoxWithHitTestBehavior.hitTest (package:flutter/src/rendering/proxy_box.dart:172:19)
#70     RenderProxyBoxMixin.hitTestChildren (package:flutter/src/rendering/proxy_box.dart:117:19)
#71     RenderBox.hitTest (package:flutter/src/rendering/box.dart:2484:11)
#72     RenderProxyBoxMixin.hitTestChildren (package:flutter/src/rendering/proxy_box.dart:117:19)
#73     RenderBox.hitTest (package:flutter/src/rendering/box.dart:2484:11)
#74     RenderProxyBoxMixin.hitTestChildren (package:flutter/src/rendering/proxy_box.dart:117:19)
#75     RenderBox.hitTest (package:flutter/src/rendering/box.dart:2484:11)
#76     RenderProxyBoxMixin.hitTestChildren (package:flutter/src/rendering/proxy_box.dart:117:19)
#77     RenderTapRegionSurface.hitTest (package:flutter/src/widgets/tap_region.dart:213:28)
#78     RenderProxyBoxMixin.hitTestChildren (package:flutter/src/rendering/proxy_box.dart:117:19)
#79     RenderBox.hitTest (package:flutter/src/rendering/box.dart:2484:11)
#80     RenderProxyBoxMixin.hitTestChildren (package:flutter/src/rendering/proxy_box.dart:117:19)
#81     RenderBox.hitTest (package:flutter/src/rendering/box.dart:2484:11)
#82     RenderProxyBoxMixin.hitTestChildren (package:flutter/src/rendering/proxy_box.dart:117:19)
#83     RenderBox.hitTest (package:flutter/src/rendering/box.dart:2484:11)
#84     RenderView.hitTest (package:flutter/src/rendering/view.dart:211:14)
#85     RendererBinding.hitTestInView (package:flutter/src/rendering/binding.dart:624:34)
#86     GestureBinding._handlePointerEventImmediately (package:flutter/src/gestures/binding.dart:384:7)
#87     GestureBinding.handlePointerEvent (package:flutter/src/gestures/binding.dart:376:5)
#88     GestureBinding._flushPointerEventQueue (package:flutter/src/gestures/binding.dart:323:7)
#89     GestureBinding._handlePointerDataPacket (package:flutter/src/gestures/binding.dart:292:9)
#90     _invoke1 (dart:ui/hooks.dart:186:13)
#91     PlatformDispatcher._dispatchPointerDataPacket (dart:ui/platform_dispatcher.dart:433:7)
#92     _dispatchPointerDataPacket (dart:ui/hooks.dart:119:31)
#0      RenderBox.hitTest.<anonymous closure> (package:flutter/src/rendering/box.dart:2467:9)
#1      RenderBox.hitTest (package:flutter/src/rendering/box.dart:2482:6)
#2      RenderProxyBoxMixin.hitTestChildren (package:flutter/src/rendering/proxy_box.dart:117:19)
#3      RenderBox.hitTest (package:flutter/src/rendering/box.dart:2484:11)
#4      RenderShiftedBox.hitTestChildren.<anonymous closure> (package:flutter/src/rendering/shifted_box.dart:88:24)
#5      BoxHitTestResult.addWithPaintOffset (package:flutter/src/rendering/box.dart:800:31)
#6      RenderShiftedBox.hitTestChildren (package:flutter/src/rendering/shifted_box.dart:83:21)
#7      RenderBox.hitTest (package:flutter/src/rendering/box.dart:2484:11)
#8      RenderBoxContainerDefaultsMixin.defaultHitTestChildren.<anonymous closure> (package:flutter/src/rendering/box.dart:2863:25)
#9      BoxHitTestResult.addWithPaintOffset (package:flutter/src/rendering/box.dart:800:31)
#10     RenderBoxContainerDefaultsMixin.defaultHitTestChildren (package:flutter/src/rendering/box.dart:2858:33)
#11     RenderFlex.hitTestChildren (package:flutter/src/rendering/flex.dart:1034:12)
#12     RenderBox.hitTest (package:flutter/src/rendering/box.dart:2484:11)
#13     RenderProxyBoxMixin.hitTestChildren (package:flutter/src/rendering/proxy_box.dart:117:19)
#14     RenderBox.hitTest (package:flutter/src/rendering/box.dart:2484:11)
#15     RenderProxyBoxMixin.hitTestChildren (package:flutter/src/rendering/proxy_box.dart:117:19)
#16     RenderBox.hitTest (package:flutter/src/rendering/box.dart:2484:11)
#17     RenderProxyBoxMixin.hitTestChildren (package:flutter/src/rendering/proxy_box.dart:117:19)
#18     RenderBox.hitTest (package:flutter/src/rendering/box.dart:2484:11)
#19     RenderProxyBoxMixin.hitTestChildren (package:flutter/src/rendering/proxy_box.dart:117:19)
#20     RenderCustomPaint.hitTestChildren (package:flutter/src/rendering/custom_paint.dart:561:18)
#21     RenderBox.hitTest (package:flutter/src/rendering/box.dart:2484:11)
#22     RenderProxyBoxMixin.hitTestChildren (package:flutter/src/rendering/proxy_box.dart:117:19)
#23     RenderBox.hitTest (package:flutter/src/rendering/box.dart:2484:11)
#24     RenderPhysicalShape.hitTest (package:flutter/src/rendering/proxy_box.dart:2116:18)
#25     RenderProxyBoxMixin.hitTestChildren (package:flutter/src/rendering/proxy_box.dart:117:19)
#26     RenderBox.hitTest (package:flutter/src/rendering/box.dart:2484:11)
#27     RenderShiftedBox.hitTestChildren.<anonymous closure> (package:flutter/src/rendering/shifted_box.dart:88:24)
#28     BoxHitTestResult.addWithPaintOffset (package:flutter/src/rendering/box.dart:800:31)
#29     RenderShiftedBox.hitTestChildren (package:flutter/src/rendering/shifted_box.dart:83:21)
#30     RenderBox.hitTest (package:flutter/src/rendering/box.dart:2484:11)
#31     RenderShiftedBox.hitTestChildren.<anonymous closure> (package:flutter/src/rendering/shifted_box.dart:88:24)
#32     BoxHitTestResult.addWithPaintOffset (package:flutter/src/rendering/box.dart:800:31)
#33     RenderShiftedBox.hitTestChildren (package:flutter/src/rendering/shifted_box.dart:83:21)
#34     RenderBox.hitTest (package:flutter/src/rendering/box.dart:2484:11)
#35     RenderShiftedBox.hitTestChildren.<anonymous closure> (package:flutter/src/rendering/shifted_box.dart:88:24)
#36     BoxHitTestResult.addWithPaintOffset (package:flutter/src/rendering/box.dart:800:31)
#37     RenderShiftedBox.hitTestChildren (package:flutter/src/rendering/shifted_box.dart:83:21)
#38     RenderBox.hitTest (package:flutter/src/rendering/box.dart:2484:11)
#39     RenderShiftedBox.hitTestChildren.<anonymous closure> (package:flutter/src/rendering/shifted_box.dart:88:24)
#40     BoxHitTestResult.addWithPaintOffset (package:flutter/src/rendering/box.dart:800:31)
#41     RenderShiftedBox.hitTestChildren (package:flutter/src/rendering/shifted_box.dart:83:21)
#42     RenderBox.hitTest (package:flutter/src/rendering/box.dart:2484:11)
#43     RenderProxyBoxMixin.hitTestChildren (package:flutter/src/rendering/proxy_box.dart:117:19)
#44     RenderBox.hitTest (package:flutter/src/rendering/box.dart:2484:11)
#45     RenderProxyBoxMixin.hitTestChildren (package:flutter/src/rendering/proxy_box.dart:117:19)
#46     RenderBox.hitTest (package:flutter/src/rendering/box.dart:2484:11)
#47     RenderProxyBoxMixin.hitTestChildren (package:flutter/src/rendering/proxy_box.dart:117:19)
#48     RenderBox.hitTest (package:flutter/src/rendering/box.dart:2484:11)
#49     RenderIgnorePointer.hitTest (package:flutter/src/rendering/proxy_box.dart:3618:31)
#50     RenderProxyBoxMixin.hitTestChildren (package:flutter/src/rendering/proxy_box.dart:117:19)
#51     RenderBox.hitTest (package:flutter/src/rendering/box.dart:2484:11)
#52     RenderProxyBoxMixin.hitTestChildren (package:flutter/src/rendering/proxy_box.dart:117:19)
#53     RenderBox.hitTest (package:flutter/src/rendering/box.dart:2484:11)
#54     RenderProxyBoxMixin.hitTestChildren (package:flutter/src/rendering/proxy_box.dart:117:19)
#55     RenderBox.hitTest (package:flutter/src/rendering/box.dart:2484:11)
#56     RenderProxyBoxMixin.hitTestChildren (package:flutter/src/rendering/proxy_box.dart:117:19)
#57     RenderBox.hitTest (package:flutter/src/rendering/box.dart:2484:11)
#58     RenderOffstage.hitTest (package:flutter/src/rendering/proxy_box.dart:3747:31)
#59     RenderProxyBoxMixin.hitTestChildren (package:flutter/src/rendering/proxy_box.dart:117:19)
#60     RenderBox.hitTest (package:flutter/src/rendering/box.dart:2484:11)
#61     _RenderTheaterMixin.hitTestChildren.childHitTest (package:flutter/src/widgets/overlay.dart:897:81)
#62     BoxHitTestResult.addWithPaintOffset (package:flutter/src/rendering/box.dart:800:31)
#63     _RenderTheaterMixin.hitTestChildren (package:flutter/src/widgets/overlay.dart:898:22)
#64     RenderBox.hitTest (package:flutter/src/rendering/box.dart:2484:11)
#65     RenderProxyBoxMixin.hitTestChildren (package:flutter/src/rendering/proxy_box.dart:117:19)
#66     RenderBox.hitTest (package:flutter/src/rendering/box.dart:2484:11)
#67     RenderAbsorbPointer.hitTest (package:flutter/src/rendering/proxy_box.dart:3872:17)
#68     RenderProxyBoxMixin.hitTestChildren (package:flutter/src/rendering/proxy_box.dart:117:19)
#69     RenderProxyBoxWithHitTestBehavior.hitTest (package:flutter/src/rendering/proxy_box.dart:172:19)
#70     RenderProxyBoxMixin.hitTestChildren (package:flutter/src/rendering/proxy_box.dart:117:19)
#71     RenderBox.hitTest (package:flutter/src/rendering/box.dart:2484:11)
#72     RenderProxyBoxMixin.hitTestChildren (package:flutter/src/rendering/proxy_box.dart:117:19)
#73     RenderBox.hitTest (package:flutter/src/rendering/box.dart:2484:11)
#74     RenderProxyBoxMixin.hitTestChildren (package:flutter/src/rendering/proxy_box.dart:117:19)
#75     RenderBox.hitTest (package:flutter/src/rendering/box.dart:2484:11)
#76     RenderProxyBoxMixin.hitTestChildren (package:flutter/src/rendering/proxy_box.dart:117:19)
#77     RenderTapRegionSurface.hitTest (package:flutter/src/widgets/tap_region.dart:213:28)
#78     RenderProxyBoxMixin.hitTestChildren (package:flutter/src/rendering/proxy_box.dart:117:19)
#79     RenderBox.hitTest (package:flutter/src/rendering/box.dart:2484:11)
#80     RenderProxyBoxMixin.hitTestChildren (package:flutter/src/rendering/proxy_box.dart:117:19)
#81     RenderBox.hitTest (package:flutter/src/rendering/box.dart:2484:11)
#82     RenderProxyBoxMixin.hitTestChildren (package:flutter/src/rendering/proxy_box.dart:117:19)
#83     RenderBox.hitTest (package:flutter/src/rendering/box.dart:2484:11)
#84     RenderView.hitTest (package:flutter/src/rendering/view.dart:211:14)
#85     RendererBinding.hitTestInView (package:flutter/src/rendering/binding.dart:624:34)
#86     GestureBinding._handlePointerEventImmediately (package:flutter/src/gestures/binding.dart:384:7)
#87     GestureBinding.handlePointerEvent (package:flutter/src/gestures/binding.dart:376:5)
#88     GestureBinding._flushPointerEventQueue (package:flutter/src/gestures/binding.dart:323:7)
#89     GestureBinding._handlePointerDataPacket (package:flutter/src/gestures/binding.dart:292:9)
#90     _invoke1 (dart:ui/hooks.dart:186:13)
#91     PlatformDispatcher._dispatchPointerDataPacket (dart:ui/platform_dispatcher.dart:433:7)
#92     _dispatchPointerDataPacket (dart:ui/hooks.dart:119:31)

Cannot hit test a render box with no size.
The hitTest() method was called on this RenderBox: RenderRepaintBoundary#53e84 relayoutBoundary=up10 NEEDS-PAINT:
  needs compositing
  creator: RepaintBoundary ← NotificationListener<ScrollNotification> ← NotificationListener<ScrollMetricsNotification> ← _MaterialScrollbar ← Scrollbar ← Scrollable ← SingleChildScrollView ← Semantics ← DefaultTextStyle ← Padding ← Flexible ← Column ← ⋯
  parentData: <none> (can use size)
  constraints: BoxConstraints(w=600.0, 0.0<=h<=681.0)
  layer: OffsetLayer#f8810 DETACHED
  size: MISSING
  metrics: 0.0% useful (10 bad vs 0 good)
  diagnosis: this repaint boundary is astoundingly ineffectual and should be removed
Although this node is not marked as needing layout, its size is not set.
A RenderBox object must have an explicit size before it can be hit-tested. Make sure that the RenderBox in question sets its size during layout.Cannot hit test a render box with no size.
The hitTest() method was called on this RenderBox: RenderRepaintBoundary#53e84 relayoutBoundary=up10 NEEDS-PAINT:
  needs compositing
  creator: RepaintBoundary ← NotificationListener<ScrollNotification> ← NotificationListener<ScrollMetricsNotification> ← _MaterialScrollbar ← Scrollbar ← Scrollable ← SingleChildScrollView ← Semantics ← DefaultTextStyle ← Padding ← Flexible ← Column ← ⋯
  parentData: <none> (can use size)
  constraints: BoxConstraints(w=600.0, 0.0<=h<=681.0)
  layer: OffsetLayer#f8810 DETACHED
  size: MISSING
  metrics: 0.0% useful (10 bad vs 0 good)
  diagnosis: this repaint boundary is astoundingly ineffectual and should be removed
Although this node is not marked as needing layout, its size is not set.
A RenderBox object must have an explicit size before it can be hit-tested. Make sure that the RenderBox in question sets its size during layout.#10     RenderBoxContainerDefaultsMixin.defaultHitTestChildren (package:flutter/src/rendering/box.dart:2858:33)
#11     RenderFlex.hitTestChildren (package:flutter/src/rendering/flex.dart:1034:12)
#12     RenderBox.hitTest (package:flutter/src/rendering/box.dart:2484:11)
#13     RenderProxyBoxMixin.hitTestChildren (package:flutter/src/rendering/proxy_box.dart:117:19)
#14     RenderBox.hitTest (package:flutter/src/rendering/box.dart:2484:11)
#15     RenderProxyBoxMixin.hitTestChildren (package:flutter/src/rendering/proxy_box.dart:117:19)
#16     RenderBox.hitTest (package:flutter/src/rendering/box.dart:2484:11)
#17     RenderProxyBoxMixin.hitTestChildren (package:flutter/src/rendering/proxy_box.dart:117:19)
#18     RenderBox.hitTest (package:flutter/src/rendering/box.dart:2484:11)
#19     RenderProxyBoxMixin.hitTestChildren (package:flutter/src/rendering/proxy_box.dart:117:19)
#20     RenderCustomPaint.hitTestChildren (package:flutter/src/rendering/custom_paint.dart:561:18)
#21     RenderBox.hitTest (package:flutter/src/rendering/box.dart:2484:11)
#22     RenderProxyBoxMixin.hitTestChildren (package:flutter/src/rendering/proxy_box.dart:117:19)
#23     RenderBox.hitTest (package:flutter/src/rendering/box.dart:2484:11)
#24     RenderPhysicalShape.hitTest (package:flutter/src/rendering/proxy_box.dart:2116:18)
#25     RenderProxyBoxMixin.hitTestChildren (package:flutter/src/rendering/proxy_box.dart:117:19)
#26     RenderBox.hitTest (package:flutter/src/rendering/box.dart:2484:11)
#27     RenderShiftedBox.hitTestChildren.<anonymous closure> (package:flutter/src/rendering/shifted_box.dart:88:24)
#28     BoxHitTestResult.addWithPaintOffset (package:flutter/src/rendering/box.dart:800:31)
#29     RenderShiftedBox.hitTestChildren (package:flutter/src/rendering/shifted_box.dart:83:21)
#30     RenderBox.hitTest (package:flutter/src/rendering/box.dart:2484:11)
#31     RenderShiftedBox.hitTestChildren.<anonymous closure> (package:flutter/src/rendering/shifted_box.dart:88:24)
#32     BoxHitTestResult.addWithPaintOffset (package:flutter/src/rendering/box.dart:800:31)
#33     RenderShiftedBox.hitTestChildren (package:flutter/src/rendering/shifted_box.dart:83:21)
#34     RenderBox.hitTest (package:flutter/src/rendering/box.dart:2484:11)
#35     RenderShiftedBox.hitTestChildren.<anonymous closure> (package:flutter/src/rendering/shifted_box.dart:88:24)
#36     BoxHitTestResult.addWithPaintOffset (package:flutter/src/rendering/box.dart:800:31)
#37     RenderShiftedBox.hitTestChildren (package:flutter/src/rendering/shifted_box.dart:83:21)
#38     RenderBox.hitTest (package:flutter/src/rendering/box.dart:2484:11)
#39     RenderShiftedBox.hitTestChildren.<anonymous closure> (package:flutter/src/rendering/shifted_box.dart:88:24)
#40     BoxHitTestResult.addWithPaintOffset (package:flutter/src/rendering/box.dart:800:31)
#41     RenderShiftedBox.hitTestChildren (package:flutter/src/rendering/shifted_box.dart:83:21)
#42     RenderBox.hitTest (package:flutter/src/rendering/box.dart:2484:11)
#43     RenderProxyBoxMixin.hitTestChildren (package:flutter/src/rendering/proxy_box.dart:117:19)
#44     RenderBox.hitTest (package:flutter/src/rendering/box.dart:2484:11)
#45     RenderProxyBoxMixin.hitTestChildren (package:flutter/src/rendering/proxy_box.dart:117:19)
#46     RenderBox.hitTest (package:flutter/src/rendering/box.dart:2484:11)
#47     RenderProxyBoxMixin.hitTestChildren (package:flutter/src/rendering/proxy_box.dart:117:19)
#48     RenderBox.hitTest (package:flutter/src/rendering/box.dart:2484:11)
#49     RenderIgnorePointer.hitTest (package:flutter/src/rendering/proxy_box.dart:3618:31)
#50     RenderProxyBoxMixin.hitTestChildren (package:flutter/src/rendering/proxy_box.dart:117:19)
#51     RenderBox.hitTest (package:flutter/src/rendering/box.dart:2484:11)
#52     RenderProxyBoxMixin.hitTestChildren (package:flutter/src/rendering/proxy_box.dart:117:19)
#53     RenderBox.hitTest (package:flutter/src/rendering/box.dart:2484:11)
#54     RenderProxyBoxMixin.hitTestChildren (package:flutter/src/rendering/proxy_box.dart:117:19)
#55     RenderBox.hitTest (package:flutter/src/rendering/box.dart:2484:11)
#56     RenderProxyBoxMixin.hitTestChildren (package:flutter/src/rendering/proxy_box.dart:117:19)
#57     RenderBox.hitTest (package:flutter/src/rendering/box.dart:2484:11)
#58     RenderOffstage.hitTest (package:flutter/src/rendering/proxy_box.dart:3747:31)
#59     RenderProxyBoxMixin.hitTestChildren (package:flutter/src/rendering/proxy_box.dart:117:19)
#60     RenderBox.hitTest (package:flutter/src/rendering/box.dart:2484:11)
#61     _RenderTheaterMixin.hitTestChildren.childHitTest (package:flutter/src/widgets/overlay.dart:897:81)
#62     BoxHitTestResult.addWithPaintOffset (package:flutter/src/rendering/box.dart:800:31)
#63     _RenderTheaterMixin.hitTestChildren (package:flutter/src/widgets/overlay.dart:898:22)
#64     RenderBox.hitTest (package:flutter/src/rendering/box.dart:2484:11)
#65     RenderProxyBoxMixin.hitTestChildren (package:flutter/src/rendering/proxy_box.dart:117:19)
#66     RenderBox.hitTest (package:flutter/src/rendering/box.dart:2484:11)
#67     RenderAbsorbPointer.hitTest (package:flutter/src/rendering/proxy_box.dart:3872:17)
#68     RenderProxyBoxMixin.hitTestChildren (package:flutter/src/rendering/proxy_box.dart:117:19)
#69     RenderProxyBoxWithHitTestBehavior.hitTest (package:flutter/src/rendering/proxy_box.dart:172:19)
#70     RenderProxyBoxMixin.hitTestChildren (package:flutter/src/rendering/proxy_box.dart:117:19)
#71     RenderBox.hitTest (package:flutter/src/rendering/box.dart:2484:11)
#72     RenderProxyBoxMixin.hitTestChildren (package:flutter/src/rendering/proxy_box.dart:117:19)
#73     RenderBox.hitTest (package:flutter/src/rendering/box.dart:2484:11)
#74     RenderProxyBoxMixin.hitTestChildren (package:flutter/src/rendering/proxy_box.dart:117:19)
#75     RenderBox.hitTest (package:flutter/src/rendering/box.dart:2484:11)
#76     RenderProxyBoxMixin.hitTestChildren (package:flutter/src/rendering/proxy_box.dart:117:19)
#77     RenderTapRegionSurface.hitTest (package:flutter/src/widgets/tap_region.dart:213:28)
#78     RenderProxyBoxMixin.hitTestChildren (package:flutter/src/rendering/proxy_box.dart:117:19)
#79     RenderBox.hitTest (package:flutter/src/rendering/box.dart:2484:11)
#80     RenderProxyBoxMixin.hitTestChildren (package:flutter/src/rendering/proxy_box.dart:117:19)
#81     RenderBox.hitTest (package:flutter/src/rendering/box.dart:2484:11)
#82     RenderProxyBoxMixin.hitTestChildren (package:flutter/src/rendering/proxy_box.dart:117:19)
#83     RenderBox.hitTest (package:flutter/src/rendering/box.dart:2484:11)
#84     RenderView.hitTest (package:flutter/src/rendering/view.dart:211:14)
#85     RendererBinding.hitTestInView (package:flutter/src/rendering/binding.dart:624:34)
#86     GestureBinding._handlePointerEventImmediately (package:flutter/src/gestures/binding.dart:384:7)
#87     GestureBinding.handlePointerEvent (package:flutter/src/gestures/binding.dart:376:5)
#88     GestureBinding._flushPointerEventQueue (package:flutter/src/gestures/binding.dart:323:7)
#89     GestureBinding._handlePointerDataPacket (package:flutter/src/gestures/binding.dart:292:9)
#90     _invoke1 (dart:ui/hooks.dart:186:13)
#91     PlatformDispatcher._dispatchPointerDataPacket (dart:ui/platform_dispatcher.dart:433:7)
#92     _dispatchPointerDataPacket (dart:ui/hooks.dart:119:31)
#0      RenderBox.hitTest.<anonymous closure> (package:flutter/src/rendering/box.dart:2467:9)
#1      RenderBox.hitTest (package:flutter/src/rendering/box.dart:2482:6)
#2      RenderProxyBoxMixin.hitTestChildren (package:flutter/src/rendering/proxy_box.dart:117:19)
#3      RenderBox.hitTest (package:flutter/src/rendering/box.dart:2484:11)
#4      RenderShiftedBox.hitTestChildren.<anonymous closure> (package:flutter/src/rendering/shifted_box.dart:88:24)
#5      BoxHitTestResult.addWithPaintOffset (package:flutter/src/rendering/box.dart:800:31)
#6      RenderShiftedBox.hitTestChildren (package:flutter/src/rendering/shifted_box.dart:83:21)
#7      RenderBox.hitTest (package:flutter/src/rendering/box.dart:2484:11)
#8      RenderBoxContainerDefaultsMixin.defaultHitTestChildren.<anonymous closure> (package:flutter/src/rendering/box.dart:2863:25)
#9      BoxHitTestResult.addWithPaintOffset (package:flutter/src/rendering/box.dart:800:31)
#10     RenderBoxContainerDefaultsMixin.defaultHitTestChildren (package:flutter/src/rendering/box.dart:2858:33)
#11     RenderFlex.hitTestChildren (package:flutter/src/rendering/flex.dart:1034:12)
#12     RenderBox.hitTest (package:flutter/src/rendering/box.dart:2484:11)
#13     RenderProxyBoxMixin.hitTestChildren (package:flutter/src/rendering/proxy_box.dart:117:19)
#14     RenderBox.hitTest (package:flutter/src/rendering/box.dart:2484:11)
#15     RenderProxyBoxMixin.hitTestChildren (package:flutter/src/rendering/proxy_box.dart:117:19)
#16     RenderBox.hitTest (package:flutter/src/rendering/box.dart:2484:11)
#17     RenderProxyBoxMixin.hitTestChildren (package:flutter/src/rendering/proxy_box.dart:117:19)
#18     RenderBox.hitTest (package:flutter/src/rendering/box.dart:2484:11)
#19     RenderProxyBoxMixin.hitTestChildren (package:flutter/src/rendering/proxy_box.dart:117:19)
#20     RenderCustomPaint.hitTestChildren (package:flutter/src/rendering/custom_paint.dart:561:18)
#21     RenderBox.hitTest (package:flutter/src/rendering/box.dart:2484:11)
#22     RenderProxyBoxMixin.hitTestChildren (package:flutter/src/rendering/proxy_box.dart:117:19)
#23     RenderBox.hitTest (package:flutter/src/rendering/box.dart:2484:11)
#24     RenderPhysicalShape.hitTest (package:flutter/src/rendering/proxy_box.dart:2116:18)
#25     RenderProxyBoxMixin.hitTestChildren (package:flutter/src/rendering/proxy_box.dart:117:19)
#26     RenderBox.hitTest (package:flutter/src/rendering/box.dart:2484:11)
#27     RenderShiftedBox.hitTestChildren.<anonymous closure> (package:flutter/src/rendering/shifted_box.dart:88:24)
#28     BoxHitTestResult.addWithPaintOffset (package:flutter/src/rendering/box.dart:800:31)
#29     RenderShiftedBox.hitTestChildren (package:flutter/src/rendering/shifted_box.dart:83:21)
#30     RenderBox.hitTest (package:flutter/src/rendering/box.dart:2484:11)
#31     RenderShiftedBox.hitTestChildren.<anonymous closure> (package:flutter/src/rendering/shifted_box.dart:88:24)
#32     BoxHitTestResult.addWithPaintOffset (package:flutter/src/rendering/box.dart:800:31)
#33     RenderShiftedBox.hitTestChildren (package:flutter/src/rendering/shifted_box.dart:83:21)
#34     RenderBox.hitTest (package:flutter/src/rendering/box.dart:2484:11)
#35     RenderShiftedBox.hitTestChildren.<anonymous closure> (package:flutter/src/rendering/shifted_box.dart:88:24)
#36     BoxHitTestResult.addWithPaintOffset (package:flutter/src/rendering/box.dart:800:31)
#37     RenderShiftedBox.hitTestChildren (package:flutter/src/rendering/shifted_box.dart:83:21)
#38     RenderBox.hitTest (package:flutter/src/rendering/box.dart:2484:11)
#39     RenderShiftedBox.hitTestChildren.<anonymous closure> (package:flutter/src/rendering/shifted_box.dart:88:24)
#40     BoxHitTestResult.addWithPaintOffset (package:flutter/src/rendering/box.dart:800:31)
#41     RenderShiftedBox.hitTestChildren (package:flutter/src/rendering/shifted_box.dart:83:21)
#42     RenderBox.hitTest (package:flutter/src/rendering/box.dart:2484:11)
#43     RenderProxyBoxMixin.hitTestChildren (package:flutter/src/rendering/proxy_box.dart:117:19)
#44     RenderBox.hitTest (package:flutter/src/rendering/box.dart:2484:11)
#45     RenderProxyBoxMixin.hitTestChildren (package:flutter/src/rendering/proxy_box.dart:117:19)
#46     RenderBox.hitTest (package:flutter/src/rendering/box.dart:2484:11)
#47     RenderProxyBoxMixin.hitTestChildren (package:flutter/src/rendering/proxy_box.dart:117:19)
#48     RenderBox.hitTest (package:flutter/src/rendering/box.dart:2484:11)
#49     RenderIgnorePointer.hitTest (package:flutter/src/rendering/proxy_box.dart:3618:31)
#50     RenderProxyBoxMixin.hitTestChildren (package:flutter/src/rendering/proxy_box.dart:117:19)
#51     RenderBox.hitTest (package:flutter/src/rendering/box.dart:2484:11)
#52     RenderProxyBoxMixin.hitTestChildren (package:flutter/src/rendering/proxy_box.dart:117:19)
#53     RenderBox.hitTest (package:flutter/src/rendering/box.dart:2484:11)
#54     RenderProxyBoxMixin.hitTestChildren (package:flutter/src/rendering/proxy_box.dart:117:19)
#55     RenderBox.hitTest (package:flutter/src/rendering/box.dart:2484:11)
#56     RenderProxyBoxMixin.hitTestChildren (package:flutter/src/rendering/proxy_box.dart:117:19)
#57     RenderBox.hitTest (package:flutter/src/rendering/box.dart:2484:11)
#58     RenderOffstage.hitTest (package:flutter/src/rendering/proxy_box.dart:3747:31)
#59     RenderProxyBoxMixin.hitTestChildren (package:flutter/src/rendering/proxy_box.dart:117:19)
#60     RenderBox.hitTest (package:flutter/src/rendering/box.dart:2484:11)
#61     _RenderTheaterMixin.hitTestChildren.childHitTest (package:flutter/src/widgets/overlay.dart:897:81)
#62     BoxHitTestResult.addWithPaintOffset (package:flutter/src/rendering/box.dart:800:31)
#63     _RenderTheaterMixin.hitTestChildren (package:flutter/src/widgets/overlay.dart:898:22)
#64     RenderBox.hitTest (package:flutter/src/rendering/box.dart:2484:11)
#65     RenderProxyBoxMixin.hitTestChildren (package:flutter/src/rendering/proxy_box.dart:117:19)
#66     RenderBox.hitTest (package:flutter/src/rendering/box.dart:2484:11)
#67     RenderAbsorbPointer.hitTest (package:flutter/src/rendering/proxy_box.dart:3872:17)
#68     RenderProxyBoxMixin.hitTestChildren (package:flutter/src/rendering/proxy_box.dart:117:19)
#69     RenderProxyBoxWithHitTestBehavior.hitTest (package:flutter/src/rendering/proxy_box.dart:172:19)
#70     RenderProxyBoxMixin.hitTestChildren (package:flutter/src/rendering/proxy_box.dart:117:19)
#71     RenderBox.hitTest (package:flutter/src/rendering/box.dart:2484:11)
#72     RenderProxyBoxMixin.hitTestChildren (package:flutter/src/rendering/proxy_box.dart:117:19)
#73     RenderBox.hitTest (package:flutter/src/rendering/box.dart:2484:11)
#74     RenderProxyBoxMixin.hitTestChildren (package:flutter/src/rendering/proxy_box.dart:117:19)
#75     RenderBox.hitTest (package:flutter/src/rendering/box.dart:2484:11)
#76     RenderProxyBoxMixin.hitTestChildren (package:flutter/src/rendering/proxy_box.dart:117:19)
#77     RenderTapRegionSurface.hitTest (package:flutter/src/widgets/tap_region.dart:213:28)
#78     RenderProxyBoxMixin.hitTestChildren (package:flutter/src/rendering/proxy_box.dart:117:19)
#79     RenderBox.hitTest (package:flutter/src/rendering/box.dart:2484:11)
#80     RenderProxyBoxMixin.hitTestChildren (package:flutter/src/rendering/proxy_box.dart:117:19)
#81     RenderBox.hitTest (package:flutter/src/rendering/box.dart:2484:11)
#82     RenderProxyBoxMixin.hitTestChildren (package:flutter/src/rendering/proxy_box.dart:117:19)
#83     RenderBox.hitTest (package:flutter/src/rendering/box.dart:2484:11)
#84     RenderView.hitTest (package:flutter/src/rendering/view.dart:211:14)
#85     RendererBinding.hitTestInView (package:flutter/src/rendering/binding.dart:624:34)
#86     GestureBinding._handlePointerEventImmediately (package:flutter/src/gestures/binding.dart:384:7)
#87     GestureBinding.handlePointerEvent (package:flutter/src/gestures/binding.dart:376:5)
#88     GestureBinding._flushPointerEventQueue (package:flutter/src/gestures/binding.dart:323:7)
#89     GestureBinding._handlePointerDataPacket (package:flutter/src/gestures/binding.dart:292:9)
#90     _invoke1 (dart:ui/hooks.dart:186:13)
#91     PlatformDispatcher._dispatchPointerDataPacket (dart:ui/platform_dispatcher.dart:433:7)
#92     _dispatchPointerDataPacket (dart:ui/hooks.dart:119:31)
#0      RenderBox.hitTest.<anonymous closure> (package:flutter/src/rendering/box.dart:2467:9)
#1      RenderBox.hitTest (package:flutter/src/rendering/box.dart:2482:6)
#2      RenderProxyBoxMixin.hitTestChildren (package:flutter/src/rendering/proxy_box.dart:117:19)
#3      RenderBox.hitTest (package:flutter/src/rendering/box.dart:2484:11)
#4      RenderShiftedBox.hitTestChildren.<anonymous closure> (package:flutter/src/rendering/shifted_box.dart:88:24)
#5      BoxHitTestResult.addWithPaintOffset (package:flutter/src/rendering/box.dart:800:31)
#6      RenderShiftedBox.hitTestChildren (package:flutter/src/rendering/shifted_box.dart:83:21)
#7      RenderBox.hitTest (package:flutter/src/rendering/box.dart:2484:11)
#8      RenderBoxContainerDefaultsMixin.defaultHitTestChildren.<anonymous closure> (package:flutter/src/rendering/box.dart:2863:25)
#9      BoxHitTestResult.addWithPaintOffset (package:flutter/src/rendering/box.dart:800:31)
#10     RenderBoxContainerDefaultsMixin.defaultHitTestChildren (package:flutter/src/rendering/box.dart:2858:33)
#11     RenderFlex.hitTestChildren (package:flutter/src/rendering/flex.dart:1034:12)
#12     RenderBox.hitTest (package:flutter/src/rendering/box.dart:2484:11)
#13     RenderProxyBoxMixin.hitTestChildren (package:flutter/src/rendering/proxy_box.dart:117:19)
#14     RenderBox.hitTest (package:flutter/src/rendering/box.dart:2484:11)
#15     RenderProxyBoxMixin.hitTestChildren (package:flutter/src/rendering/proxy_box.dart:117:19)
#16     RenderBox.hitTest (package:flutter/src/rendering/box.dart:2484:11)
#17     RenderProxyBoxMixin.hitTestChildren (package:flutter/src/rendering/proxy_box.dart:117:19)
#18     RenderBox.hitTest (package:flutter/src/rendering/box.dart:2484:11)
#19     RenderProxyBoxMixin.hitTestChildren (package:flutter/src/rendering/proxy_box.dart:117:19)
#20     RenderCustomPaint.hitTestChildren (package:flutter/src/rendering/custom_paint.dart:561:18)
#21     RenderBox.hitTest (package:flutter/src/rendering/box.dart:2484:11)
#22     RenderProxyBoxMixin.hitTestChildren (package:flutter/src/rendering/proxy_box.dart:117:19)
#23     RenderBox.hitTest (package:flutter/src/rendering/box.dart:2484:11)
#24     RenderPhysicalShape.hitTest (package:flutter/src/rendering/proxy_box.dart:2116:18)
#25     RenderProxyBoxMixin.hitTestChildren (package:flutter/src/rendering/proxy_box.dart:117:19)
#26     RenderBox.hitTest (package:flutter/src/rendering/box.dart:2484:11)
#27     RenderShiftedBox.hitTestChildren.<anonymous closure> (package:flutter/src/rendering/shifted_box.dart:88:24)
#28     BoxHitTestResult.addWithPaintOffset (package:flutter/src/rendering/box.dart:800:31)
#29     RenderShiftedBox.hitTestChildren (package:flutter/src/rendering/shifted_box.dart:83:21)
#30     RenderBox.hitTest (package:flutter/src/rendering/box.dart:2484:11)
#31     RenderShiftedBox.hitTestChildren.<anonymous closure> (package:flutter/src/rendering/shifted_box.dart:88:24)
#32     BoxHitTestResult.addWithPaintOffset (package:flutter/src/rendering/box.dart:800:31)
#33     RenderShiftedBox.hitTestChildren (package:flutter/src/rendering/shifted_box.dart:83:21)
#34     RenderBox.hitTest (package:flutter/src/rendering/box.dart:2484:11)
#35     RenderShiftedBox.hitTestChildren.<anonymous closure> (package:flutter/src/rendering/shifted_box.dart:88:24)
#36     BoxHitTestResult.addWithPaintOffset (package:flutter/src/rendering/box.dart:800:31)
#37     RenderShiftedBox.hitTestChildren (package:flutter/src/rendering/shifted_box.dart:83:21)
#38     RenderBox.hitTest (package:flutter/src/rendering/box.dart:2484:11)
#39     RenderShiftedBox.hitTestChildren.<anonymous closure> (package:flutter/src/rendering/shifted_box.dart:88:24)
#40     BoxHitTestResult.addWithPaintOffset (package:flutter/src/rendering/box.dart:800:31)
#41     RenderShiftedBox.hitTestChildren (package:flutter/src/rendering/shifted_box.dart:83:21)
#42     RenderBox.hitTest (package:flutter/src/rendering/box.dart:2484:11)
#43     RenderProxyBoxMixin.hitTestChildren (package:flutter/src/rendering/proxy_box.dart:117:19)
#44     RenderBox.hitTest (package:flutter/src/rendering/box.dart:2484:11)
#45     RenderProxyBoxMixin.hitTestChildren (package:flutter/src/rendering/proxy_box.dart:117:19)
#46     RenderBox.hitTest (package:flutter/src/rendering/box.dart:2484:11)
#47     RenderProxyBoxMixin.hitTestChildren (package:flutter/src/rendering/proxy_box.dart:117:19)
#48     RenderBox.hitTest (package:flutter/src/rendering/box.dart:2484:11)
#49     RenderIgnorePointer.hitTest (package:flutter/src/rendering/proxy_box.dart:3618:31)
#50     RenderProxyBoxMixin.hitTestChildren (package:flutter/src/rendering/proxy_box.dart:117:19)
#51     RenderBox.hitTest (package:flutter/src/rendering/box.dart:2484:11)
#52     RenderProxyBoxMixin.hitTestChildren (package:flutter/src/rendering/proxy_box.dart:117:19)
#53     RenderBox.hitTest (package:flutter/src/rendering/box.dart:2484:11)
#54     RenderProxyBoxMixin.hitTestChildren (package:flutter/src/rendering/proxy_box.dart:117:19)
#55     RenderBox.hitTest (package:flutter/src/rendering/box.dart:2484:11)
#56     RenderProxyBoxMixin.hitTestChildren (package:flutter/src/rendering/proxy_box.dart:117:19)
#57     RenderBox.hitTest (package:flutter/src/rendering/box.dart:2484:11)
#58     RenderOffstage.hitTest (package:flutter/src/rendering/proxy_box.dart:3747:31)
#59     RenderProxyBoxMixin.hitTestChildren (package:flutter/src/rendering/proxy_box.dart:117:19)
#60     RenderBox.hitTest (package:flutter/src/rendering/box.dart:2484:11)
#61     _RenderTheaterMixin.hitTestChildren.childHitTest (package:flutter/src/widgets/overlay.dart:897:81)
#62     BoxHitTestResult.addWithPaintOffset (package:flutter/src/rendering/box.dart:800:31)
#63     _RenderTheaterMixin.hitTestChildren (package:flutter/src/widgets/overlay.dart:898:22)
#64     RenderBox.hitTest (package:flutter/src/rendering/box.dart:2484:11)
#65     RenderProxyBoxMixin.hitTestChildren (package:flutter/src/rendering/proxy_box.dart:117:19)
#66     RenderBox.hitTest (package:flutter/src/rendering/box.dart:2484:11)
#67     RenderAbsorbPointer.hitTest (package:flutter/src/rendering/proxy_box.dart:3872:17)
#68     RenderProxyBoxMixin.hitTestChildren (package:flutter/src/rendering/proxy_box.dart:117:19)
#69     RenderProxyBoxWithHitTestBehavior.hitTest (package:flutter/src/rendering/proxy_box.dart:172:19)
#70     RenderProxyBoxMixin.hitTestChildren (package:flutter/src/rendering/proxy_box.dart:117:19)
#71     RenderBox.hitTest (package:flutter/src/rendering/box.dart:2484:11)
#72     RenderProxyBoxMixin.hitTestChildren (package:flutter/src/rendering/proxy_box.dart:117:19)
#73     RenderBox.hitTest (package:flutter/src/rendering/box.dart:2484:11)
#74     RenderProxyBoxMixin.hitTestChildren (package:flutter/src/rendering/proxy_box.dart:117:19)
#75     RenderBox.hitTest (package:flutter/src/rendering/box.dart:2484:11)
#76     RenderProxyBoxMixin.hitTestChildren (package:flutter/src/rendering/proxy_box.dart:117:19)
#77     RenderTapRegionSurface.hitTest (package:flutter/src/widgets/tap_region.dart:213:28)
#78     RenderProxyBoxMixin.hitTestChildren (package:flutter/src/rendering/proxy_box.dart:117:19)
#79     RenderBox.hitTest (package:flutter/src/rendering/box.dart:2484:11)
#80     RenderProxyBoxMixin.hitTestChildren (package:flutter/src/rendering/proxy_box.dart:117:19)
#81     RenderBox.hitTest (package:flutter/src/rendering/box.dart:2484:11)
#82     RenderProxyBoxMixin.hitTestChildren (package:flutter/src/rendering/proxy_box.dart:117:19)
#83     RenderBox.hitTest (package:flutter/src/rendering/box.dart:2484:11)
#84     RenderView.hitTest (package:flutter/src/rendering/view.dart:211:14)
#85     RendererBinding.hitTestInView (package:flutter/src/rendering/binding.dart:624:34)
#86     GestureBinding._handlePointerEventImmediately (package:flutter/src/gestures/binding.dart:384:7)
#87     GestureBinding.handlePointerEvent (package:flutter/src/gestures/binding.dart:376:5)
#88     GestureBinding._flushPointerEventQueue (package:flutter/src/gestures/binding.dart:323:7)
#89     GestureBinding._handlePointerDataPacket (package:flutter/src/gestures/binding.dart:292:9)
#90     _invoke1 (dart:ui/hooks.dart:186:13)
#91     PlatformDispatcher._dispatchPointerDataPacket (dart:ui/platform_dispatcher.dart:433:7)
#92     _dispatchPointerDataPacket (dart:ui/hooks.dart:119:31)

annot hit test a render box with no size.
The hitTest() method was called on this RenderBox: RenderRepaintBoundary#53e84 relayoutBoundary=up10 NEEDS-PAINT:
  needs compositing
  creator: RepaintBoundary ← NotificationListener<ScrollNotification> ← NotificationListener<ScrollMetricsNotification> ← _MaterialScrollbar ← Scrollbar ← Scrollable ← SingleChildScrollView ← Semantics ← DefaultTextStyle ← Padding ← Flexible ← Column ← ⋯
  parentData: <none> (can use size)
  constraints: BoxConstraints(w=600.0, 0.0<=h<=681.0)
  layer: OffsetLayer#f8810 DETACHED
  size: MISSING
  metrics: 0.0% useful (10 bad vs 0 good)
  diagnosis: this repaint boundary is astoundingly ineffectual and should be removed
Although this node is not marked as needing layout, its size is not set.
A RenderBox object must have an explicit size before it can be hit-tested. Make sure that the RenderBox in question sets its size during layout.Cannot hit test a render box with no size.
The hitTest() method was called on this RenderBox: RenderRepaintBoundary#53e84 relayoutBoundary=up10 NEEDS-PAINT:
  needs compositing
  creator: RepaintBoundary ← NotificationListener<ScrollNotification> ← NotificationListener<ScrollMetricsNotification> ← _MaterialScrollbar ← Scrollbar ← Scrollable ← SingleChildScrollView ← Semantics ← DefaultTextStyle ← Padding ← Flexible ← Column ← ⋯
  parentData: <none> (can use size)
  constraints: BoxConstraints(w=600.0, 0.0<=h<=681.0)
  layer: OffsetLayer#f8810 DETACHED
  size: MISSING
  metrics: 0.0% useful (10 bad vs 0 good)
  diagnosis: this repaint boundary is astoundingly ineffectual and should be removed
Although this node is not marked as needing layout, its size is not set.
A RenderBox object must have an explicit size before it can be hit-tested. Make sure that the RenderBox in question sets its size during layout.#10     RenderBoxContainerDefaultsMixin.defaultHitTestChildren (package:flutter/src/rendering/box.dart:2858:33)
#11     RenderFlex.hitTestChildren (package:flutter/src/rendering/flex.dart:1034:12)
#12     RenderBox.hitTest (package:flutter/src/rendering/box.dart:2484:11)
#13     RenderProxyBoxMixin.hitTestChildren (package:flutter/src/rendering/proxy_box.dart:117:19)
#14     RenderBox.hitTest (package:flutter/src/rendering/box.dart:2484:11)
#15     RenderProxyBoxMixin.hitTestChildren (package:flutter/src/rendering/proxy_box.dart:117:19)
#16     RenderBox.hitTest (package:flutter/src/rendering/box.dart:2484:11)
#17     RenderProxyBoxMixin.hitTestChildren (package:flutter/src/rendering/proxy_box.dart:117:19)
#18     RenderBox.hitTest (package:flutter/src/rendering/box.dart:2484:11)
#19     RenderProxyBoxMixin.hitTestChildren (package:flutter/src/rendering/proxy_box.dart:117:19)
#20     RenderCustomPaint.hitTestChildren (package:flutter/src/rendering/custom_paint.dart:561:18)
#21     RenderBox.hitTest (package:flutter/src/rendering/box.dart:2484:11)
#22     RenderProxyBoxMixin.hitTestChildren (package:flutter/src/rendering/proxy_box.dart:117:19)
#23     RenderBox.hitTest (package:flutter/src/rendering/box.dart:2484:11)
#24     RenderPhysicalShape.hitTest (package:flutter/src/rendering/proxy_box.dart:2116:18)
#25     RenderProxyBoxMixin.hitTestChildren (package:flutter/src/rendering/proxy_box.dart:117:19)
#26     RenderBox.hitTest (package:flutter/src/rendering/box.dart:2484:11)
#27     RenderShiftedBox.hitTestChildren.<anonymous closure> (package:flutter/src/rendering/shifted_box.dart:88:24)
#28     BoxHitTestResult.addWithPaintOffset (package:flutter/src/rendering/box.dart:800:31)
#29     RenderShiftedBox.hitTestChildren (package:flutter/src/rendering/shifted_box.dart:83:21)
#30     RenderBox.hitTest (package:flutter/src/rendering/box.dart:2484:11)
#31     RenderShiftedBox.hitTestChildren.<anonymous closure> (package:flutter/src/rendering/shifted_box.dart:88:24)
#32     BoxHitTestResult.addWithPaintOffset (package:flutter/src/rendering/box.dart:800:31)
#33     RenderShiftedBox.hitTestChildren (package:flutter/src/rendering/shifted_box.dart:83:21)
#34     RenderBox.hitTest (package:flutter/src/rendering/box.dart:2484:11)
#35     RenderShiftedBox.hitTestChildren.<anonymous closure> (package:flutter/src/rendering/shifted_box.dart:88:24)
#36     BoxHitTestResult.addWithPaintOffset (package:flutter/src/rendering/box.dart:800:31)
#37     RenderShiftedBox.hitTestChildren (package:flutter/src/rendering/shifted_box.dart:83:21)
#38     RenderBox.hitTest (package:flutter/src/rendering/box.dart:2484:11)
#39     RenderShiftedBox.hitTestChildren.<anonymous closure> (package:flutter/src/rendering/shifted_box.dart:88:24)
#40     BoxHitTestResult.addWithPaintOffset (package:flutter/src/rendering/box.dart:800:31)
#41     RenderShiftedBox.hitTestChildren (package:flutter/src/rendering/shifted_box.dart:83:21)
#42     RenderBox.hitTest (package:flutter/src/rendering/box.dart:2484:11)
#43     RenderProxyBoxMixin.hitTestChildren (package:flutter/src/rendering/proxy_box.dart:117:19)
#44     RenderBox.hitTest (package:flutter/src/rendering/box.dart:2484:11)
#45     RenderProxyBoxMixin.hitTestChildren (package:flutter/src/rendering/proxy_box.dart:117:19)
#46     RenderBox.hitTest (package:flutter/src/rendering/box.dart:2484:11)
#47     RenderProxyBoxMixin.hitTestChildren (package:flutter/src/rendering/proxy_box.dart:117:19)
#48     RenderBox.hitTest (package:flutter/src/rendering/box.dart:2484:11)
#49     RenderIgnorePointer.hitTest (package:flutter/src/rendering/proxy_box.dart:3618:31)
#50     RenderProxyBoxMixin.hitTestChildren (package:flutter/src/rendering/proxy_box.dart:117:19)
#51     RenderBox.hitTest (package:flutter/src/rendering/box.dart:2484:11)
#52     RenderProxyBoxMixin.hitTestChildren (package:flutter/src/rendering/proxy_box.dart:117:19)
#53     RenderBox.hitTest (package:flutter/src/rendering/box.dart:2484:11)
#54     RenderProxyBoxMixin.hitTestChildren (package:flutter/src/rendering/proxy_box.dart:117:19)
#55     RenderBox.hitTest (package:flutter/src/rendering/box.dart:2484:11)
#56     RenderProxyBoxMixin.hitTestChildren (package:flutter/src/rendering/proxy_box.dart:117:19)
#57     RenderBox.hitTest (package:flutter/src/rendering/box.dart:2484:11)
#58     RenderOffstage.hitTest (package:flutter/src/rendering/proxy_box.dart:3747:31)
#59     RenderProxyBoxMixin.hitTestChildren (package:flutter/src/rendering/proxy_box.dart:117:19)
#60     RenderBox.hitTest (package:flutter/src/rendering/box.dart:2484:11)
#61     _RenderTheaterMixin.hitTestChildren.childHitTest (package:flutter/src/widgets/overlay.dart:897:81)
#62     BoxHitTestResult.addWithPaintOffset (package:flutter/src/rendering/box.dart:800:31)
#63     _RenderTheaterMixin.hitTestChildren (package:flutter/src/widgets/overlay.dart:898:22)
#64     RenderBox.hitTest (package:flutter/src/rendering/box.dart:2484:11)
#65     RenderProxyBoxMixin.hitTestChildren (package:flutter/src/rendering/proxy_box.dart:117:19)
#66     RenderBox.hitTest (package:flutter/src/rendering/box.dart:2484:11)
#67     RenderAbsorbPointer.hitTest (package:flutter/src/rendering/proxy_box.dart:3872:17)
#68     RenderProxyBoxMixin.hitTestChildren (package:flutter/src/rendering/proxy_box.dart:117:19)
#69     RenderProxyBoxWithHitTestBehavior.hitTest (package:flutter/src/rendering/proxy_box.dart:172:19)
#70     RenderProxyBoxMixin.hitTestChildren (package:flutter/src/rendering/proxy_box.dart:117:19)
#71     RenderBox.hitTest (package:flutter/src/rendering/box.dart:2484:11)
#72     RenderProxyBoxMixin.hitTestChildren (package:flutter/src/rendering/proxy_box.dart:117:19)
#73     RenderBox.hitTest (package:flutter/src/rendering/box.dart:2484:11)
#74     RenderProxyBoxMixin.hitTestChildren (package:flutter/src/rendering/proxy_box.dart:117:19)
#75     RenderBox.hitTest (package:flutter/src/rendering/box.dart:2484:11)
#76     RenderProxyBoxMixin.hitTestChildren (package:flutter/src/rendering/proxy_box.dart:117:19)
#77     RenderTapRegionSurface.hitTest (package:flutter/src/widgets/tap_region.dart:213:28)
#78     RenderProxyBoxMixin.hitTestChildren (package:flutter/src/rendering/proxy_box.dart:117:19)
#79     RenderBox.hitTest (package:flutter/src/rendering/box.dart:2484:11)
#80     RenderProxyBoxMixin.hitTestChildren (package:flutter/src/rendering/proxy_box.dart:117:19)
#81     RenderBox.hitTest (package:flutter/src/rendering/box.dart:2484:11)
#82     RenderProxyBoxMixin.hitTestChildren (package:flutter/src/rendering/proxy_box.dart:117:19)
#83     RenderBox.hitTest (package:flutter/src/rendering/box.dart:2484:11)
#84     RenderView.hitTest (package:flutter/src/rendering/view.dart:211:14)
#85     RendererBinding.hitTestInView (package:flutter/src/rendering/binding.dart:624:34)
#86     GestureBinding._handlePointerEventImmediately (package:flutter/src/gestures/binding.dart:384:7)
#87     GestureBinding.handlePointerEvent (package:flutter/src/gestures/binding.dart:376:5)
#88     GestureBinding._flushPointerEventQueue (package:flutter/src/gestures/binding.dart:323:7)
#89     GestureBinding._handlePointerDataPacket (package:flutter/src/gestures/binding.dart:292:9)
#90     _invoke1 (dart:ui/hooks.dart:186:13)
#91     PlatformDispatcher._dispatchPointerDataPacket (dart:ui/platform_dispatcher.dart:433:7)
#92     _dispatchPointerDataPacket (dart:ui/hooks.dart:119:31)

0      RenderBox.hitTest.<anonymous closure> (package:flutter/src/rendering/box.dart:2467:9)
#1      RenderBox.hitTest (package:flutter/src/rendering/box.dart:2482:6)
#2      RenderProxyBoxMixin.hitTestChildren (package:flutter/src/rendering/proxy_box.dart:117:19)
#3      RenderBox.hitTest (package:flutter/src/rendering/box.dart:2484:11)
#4      RenderShiftedBox.hitTestChildren.<anonymous closure> (package:flutter/src/rendering/shifted_box.dart:88:24)
#5      BoxHitTestResult.addWithPaintOffset (package:flutter/src/rendering/box.dart:800:31)
#6      RenderShiftedBox.hitTestChildren (package:flutter/src/rendering/shifted_box.dart:83:21)
#7      RenderBox.hitTest (package:flutter/src/rendering/box.dart:2484:11)
#8      RenderBoxContainerDefaultsMixin.defaultHitTestChildren.<anonymous closure> (package:flutter/src/rendering/box.dart:2863:25)
#9      BoxHitTestResult.addWithPaintOffset (package:flutter/src/rendering/box.dart:800:31)
#10     RenderBoxContainerDefaultsMixin.defaultHitTestChildren (package:flutter/src/rendering/box.dart:2858:33)
#11     RenderFlex.hitTestChildren (package:flutter/src/rendering/flex.dart:1034:12)
#12     RenderBox.hitTest (package:flutter/src/rendering/box.dart:2484:11)
#13     RenderProxyBoxMixin.hitTestChildren (package:flutter/src/rendering/proxy_box.dart:117:19)
#14     RenderBox.hitTest (package:flutter/src/rendering/box.dart:2484:11)
#15     RenderProxyBoxMixin.hitTestChildren (package:flutter/src/rendering/proxy_box.dart:117:19)
#16     RenderBox.hitTest (package:flutter/src/rendering/box.dart:2484:11)
#17     RenderProxyBoxMixin.hitTestChildren (package:flutter/src/rendering/proxy_box.dart:117:19)
#18     RenderBox.hitTest (package:flutter/src/rendering/box.dart:2484:11)
#19     RenderProxyBoxMixin.hitTestChildren (package:flutter/src/rendering/proxy_box.dart:117:19)
#20     RenderCustomPaint.hitTestChildren (package:flutter/src/rendering/custom_paint.dart:561:18)
#21     RenderBox.hitTest (package:flutter/src/rendering/box.dart:2484:11)
#22     RenderProxyBoxMixin.hitTestChildren (package:flutter/src/rendering/proxy_box.dart:117:19)
#23     RenderBox.hitTest (package:flutter/src/rendering/box.dart:2484:11)
#24     RenderPhysicalShape.hitTest (package:flutter/src/rendering/proxy_box.dart:2116:18)
#25     RenderProxyBoxMixin.hitTestChildren (package:flutter/src/rendering/proxy_box.dart:117:19)
#26     RenderBox.hitTest (package:flutter/src/rendering/box.dart:2484:11)
#27     RenderShiftedBox.hitTestChildren.<anonymous closure> (package:flutter/src/rendering/shifted_box.dart:88:24)
#28     BoxHitTestResult.addWithPaintOffset (package:flutter/src/rendering/box.dart:800:31)
#29     RenderShiftedBox.hitTestChildren (package:flutter/src/rendering/shifted_box.dart:83:21)
#30     RenderBox.hitTest (package:flutter/src/rendering/box.dart:2484:11)
#31     RenderShiftedBox.hitTestChildren.<anonymous closure> (package:flutter/src/rendering/shifted_box.dart:88:24)
#32     BoxHitTestResult.addWithPaintOffset (package:flutter/src/rendering/box.dart:800:31)
#33     RenderShiftedBox.hitTestChildren (package:flutter/src/rendering/shifted_box.dart:83:21)
#34     RenderBox.hitTest (package:flutter/src/rendering/box.dart:2484:11)
#35     RenderShiftedBox.hitTestChildren.<anonymous closure> (package:flutter/src/rendering/shifted_box.dart:88:24)
#36     BoxHitTestResult.addWithPaintOffset (package:flutter/src/rendering/box.dart:800:31)
#37     RenderShiftedBox.hitTestChildren (package:flutter/src/rendering/shifted_box.dart:83:21)
#38     RenderBox.hitTest (package:flutter/src/rendering/box.dart:2484:11)
#39     RenderShiftedBox.hitTestChildren.<anonymous closure> (package:flutter/src/rendering/shifted_box.dart:88:24)
#40     BoxHitTestResult.addWithPaintOffset (package:flutter/src/rendering/box.dart:800:31)
#41     RenderShiftedBox.hitTestChildren (package:flutter/src/rendering/shifted_box.dart:83:21)
#42     RenderBox.hitTest (package:flutter/src/rendering/box.dart:2484:11)
#43     RenderProxyBoxMixin.hitTestChildren (package:flutter/src/rendering/proxy_box.dart:117:19)
#44     RenderBox.hitTest (package:flutter/src/rendering/box.dart:2484:11)
#45     RenderProxyBoxMixin.hitTestChildren (package:flutter/src/rendering/proxy_box.dart:117:19)
#46     RenderBox.hitTest (package:flutter/src/rendering/box.dart:2484:11)
#47     RenderProxyBoxMixin.hitTestChildren (package:flutter/src/rendering/proxy_box.dart:117:19)
#48     RenderBox.hitTest (package:flutter/src/rendering/box.dart:2484:11)
#49     RenderIgnorePointer.hitTest (package:flutter/src/rendering/proxy_box.dart:3618:31)
#50     RenderProxyBoxMixin.hitTestChildren (package:flutter/src/rendering/proxy_box.dart:117:19)
#51     RenderBox.hitTest (package:flutter/src/rendering/box.dart:2484:11)
#52     RenderProxyBoxMixin.hitTestChildren (package:flutter/src/rendering/proxy_box.dart:117:19)
#53     RenderBox.hitTest (package:flutter/src/rendering/box.dart:2484:11)
#54     RenderProxyBoxMixin.hitTestChildren (package:flutter/src/rendering/proxy_box.dart:117:19)
#55     RenderBox.hitTest (package:flutter/src/rendering/box.dart:2484:11)
#56     RenderProxyBoxMixin.hitTestChildren (package:flutter/src/rendering/proxy_box.dart:117:19)
#57     RenderBox.hitTest (package:flutter/src/rendering/box.dart:2484:11)
#58     RenderOffstage.hitTest (package:flutter/src/rendering/proxy_box.dart:3747:31)
#59     RenderProxyBoxMixin.hitTestChildren (package:flutter/src/rendering/proxy_box.dart:117:19)
#60     RenderBox.hitTest (package:flutter/src/rendering/box.dart:2484:11)
#61     _RenderTheaterMixin.hitTestChildren.childHitTest (package:flutter/src/widgets/overlay.dart:897:81)
#62     BoxHitTestResult.addWithPaintOffset (package:flutter/src/rendering/box.dart:800:31)
#63     _RenderTheaterMixin.hitTestChildren (package:flutter/src/widgets/overlay.dart:898:22)
#64     RenderBox.hitTest (package:flutter/src/rendering/box.dart:2484:11)
#65     RenderProxyBoxMixin.hitTestChildren (package:flutter/src/rendering/proxy_box.dart:117:19)
#66     RenderBox.hitTest (package:flutter/src/rendering/box.dart:2484:11)
#67     RenderAbsorbPointer.hitTest (package:flutter/src/rendering/proxy_box.dart:3872:17)
#68     RenderProxyBoxMixin.hitTestChildren (package:flutter/src/rendering/proxy_box.dart:117:19)
#69     RenderProxyBoxWithHitTestBehavior.hitTest (package:flutter/src/rendering/proxy_box.dart:172:19)
#70     RenderProxyBoxMixin.hitTestChildren (package:flutter/src/rendering/proxy_box.dart:117:19)
#71     RenderBox.hitTest (package:flutter/src/rendering/box.dart:2484:11)
#72     RenderProxyBoxMixin.hitTestChildren (package:flutter/src/rendering/proxy_box.dart:117:19)
#73     RenderBox.hitTest (package:flutter/src/rendering/box.dart:2484:11)
#74     RenderProxyBoxMixin.hitTestChildren (package:flutter/src/rendering/proxy_box.dart:117:19)
#75     RenderBox.hitTest (package:flutter/src/rendering/box.dart:2484:11)
#76     RenderProxyBoxMixin.hitTestChildren (package:flutter/src/rendering/proxy_box.dart:117:19)
#77     RenderTapRegionSurface.hitTest (package:flutter/src/widgets/tap_region.dart:213:28)
#78     RenderProxyBoxMixin.hitTestChildren (package:flutter/src/rendering/proxy_box.dart:117:19)
#79     RenderBox.hitTest (package:flutter/src/rendering/box.dart:2484:11)
#80     RenderProxyBoxMixin.hitTestChildren (package:flutter/src/rendering/proxy_box.dart:117:19)
#81     RenderBox.hitTest (package:flutter/src/rendering/box.dart:2484:11)
#82     RenderProxyBoxMixin.hitTestChildren (package:flutter/src/rendering/proxy_box.dart:117:19)
#83     RenderBox.hitTest (package:flutter/src/rendering/box.dart:2484:11)
#84     RenderView.hitTest (package:flutter/src/rendering/view.dart:211:14)
#85     RendererBinding.hitTestInView (package:flutter/src/rendering/binding.dart:624:34)
#86     GestureBinding._handlePointerEventImmediately (package:flutter/src/gestures/binding.dart:384:7)
#87     GestureBinding.handlePointerEvent (package:flutter/src/gestures/binding.dart:376:5)
#88     GestureBinding._flushPointerEventQueue (package:flutter/src/gestures/binding.dart:323:7)
#89     GestureBinding._handlePointerDataPacket (package:flutter/src/gestures/binding.dart:292:9)
#90     _invoke1 (dart:ui/hooks.dart:186:13)
#91     PlatformDispatcher._dispatchPointerDataPacket (dart:ui/platform_dispatcher.dart:433:7)
#92     _dispatchPointerDataPacket (dart:ui/hooks.dart:119:31)


annot hit test a render box with no size.
The hitTest() method was called on this RenderBox: RenderRepaintBoundary#53e84 relayoutBoundary=up10 NEEDS-PAINT:
  needs compositing
  creator: RepaintBoundary ← NotificationListener<ScrollNotification> ← NotificationListener<ScrollMetricsNotification> ← _MaterialScrollbar ← Scrollbar ← Scrollable ← SingleChildScrollView ← Semantics ← DefaultTextStyle ← Padding ← Flexible ← Column ← ⋯
  parentData: <none> (can use size)
  constraints: BoxConstraints(w=600.0, 0.0<=h<=681.0)
  layer: OffsetLayer#f8810 DETACHED
  size: MISSING
  metrics: 0.0% useful (10 bad vs 0 good)
  diagnosis: this repaint boundary is astoundingly ineffectual and should be removed
Although this node is not marked as needing layout, its size is not set.
A RenderBox object must have an explicit size before it can be hit-tested. Make sure that the RenderBox in question sets its size during layout.
annot hit test a render box with no size.
The hitTest() method was called on this RenderBox: RenderRepaintBoundary#53e84 relayoutBoundary=up10 NEEDS-PAINT:
  needs compositing
  creator: RepaintBoundary ← NotificationListener<ScrollNotification> ← NotificationListener<ScrollMetricsNotification> ← _MaterialScrollbar ← Scrollbar ← Scrollable ← SingleChildScrollView ← Semantics ← DefaultTextStyle ← Padding ← Flexible ← Column ← ⋯
  parentData: <none> (can use size)
  constraints: BoxConstraints(w=600.0, 0.0<=h<=681.0)
  layer: OffsetLayer#f8810 DETACHED
  size: MISSING
  metrics: 0.0% useful (10 bad vs 0 good)
  diagnosis: this repaint boundary is astoundingly ineffectual and should be removed
Although this node is not marked as needing layout, its size is not set.
A RenderBox object must have an explicit size before it can be hit-tested. Make sure that the RenderBox in question sets its size during layout.#10     RenderBoxContainerDefaultsMixin.defaultHitTestChildren (package:flutter/src/rendering/box.dart:2858:33)
#11     RenderFlex.hitTestChildren (package:flutter/src/rendering/flex.dart:1034:12)
#12     RenderBox.hitTest (package:flutter/src/rendering/box.dart:2484:11)
#13     RenderProxyBoxMixin.hitTestChildren (package:flutter/src/rendering/proxy_box.dart:117:19)
#14     RenderBox.hitTest (package:flutter/src/rendering/box.dart:2484:11)
#15     RenderProxyBoxMixin.hitTestChildren (package:flutter/src/rendering/proxy_box.dart:117:19)
#16     RenderBox.hitTest (package:flutter/src/rendering/box.dart:2484:11)
#17     RenderProxyBoxMixin.hitTestChildren (package:flutter/src/rendering/proxy_box.dart:117:19)
#18     RenderBox.hitTest (package:flutter/src/rendering/box.dart:2484:11)
#19     RenderProxyBoxMixin.hitTestChildren (package:flutter/src/rendering/proxy_box.dart:117:19)
#20     RenderCustomPaint.hitTestChildren (package:flutter/src/rendering/custom_paint.dart:561:18)
#21     RenderBox.hitTest (package:flutter/src/rendering/box.dart:2484:11)
#22     RenderProxyBoxMixin.hitTestChildren (package:flutter/src/rendering/proxy_box.dart:117:19)
#23     RenderBox.hitTest (package:flutter/src/rendering/box.dart:2484:11)
#24     RenderPhysicalShape.hitTest (package:flutter/src/rendering/proxy_box.dart:2116:18)
#25     RenderProxyBoxMixin.hitTestChildren (package:flutter/src/rendering/proxy_box.dart:117:19)
#26     RenderBox.hitTest (package:flutter/src/rendering/box.dart:2484:11)
#27     RenderShiftedBox.hitTestChildren.<anonymous closure> (package:flutter/src/rendering/shifted_box.dart:88:24)
#28     BoxHitTestResult.addWithPaintOffset (package:flutter/src/rendering/box.dart:800:31)
#29     RenderShiftedBox.hitTestChildren (package:flutter/src/rendering/shifted_box.dart:83:21)
#30     RenderBox.hitTest (package:flutter/src/rendering/box.dart:2484:11)
#31     RenderShiftedBox.hitTestChildren.<anonymous closure> (package:flutter/src/rendering/shifted_box.dart:88:24)
#32     BoxHitTestResult.addWithPaintOffset (package:flutter/src/rendering/box.dart:800:31)
#33     RenderShiftedBox.hitTestChildren (package:flutter/src/rendering/shifted_box.dart:83:21)
#34     RenderBox.hitTest (package:flutter/src/rendering/box.dart:2484:11)
#35     RenderShiftedBox.hitTestChildren.<anonymous closure> (package:flutter/src/rendering/shifted_box.dart:88:24)
#36     BoxHitTestResult.addWithPaintOffset (package:flutter/src/rendering/box.dart:800:31)
#37     RenderShiftedBox.hitTestChildren (package:flutter/src/rendering/shifted_box.dart:83:21)
#38     RenderBox.hitTest (package:flutter/src/rendering/box.dart:2484:11)
#39     RenderShiftedBox.hitTestChildren.<anonymous closure> (package:flutter/src/rendering/shifted_box.dart:88:24)
#40     BoxHitTestResult.addWithPaintOffset (package:flutter/src/rendering/box.dart:800:31)
#41     RenderShiftedBox.hitTestChildren (package:flutter/src/rendering/shifted_box.dart:83:21)
#42     RenderBox.hitTest (package:flutter/src/rendering/box.dart:2484:11)
#43     RenderProxyBoxMixin.hitTestChildren (package:flutter/src/rendering/proxy_box.dart:117:19)
#44     RenderBox.hitTest (package:flutter/src/rendering/box.dart:2484:11)
#45     RenderProxyBoxMixin.hitTestChildren (package:flutter/src/rendering/proxy_box.dart:117:19)
#46     RenderBox.hitTest (package:flutter/src/rendering/box.dart:2484:11)
#47     RenderProxyBoxMixin.hitTestChildren (package:flutter/src/rendering/proxy_box.dart:117:19)
#48     RenderBox.hitTest (package:flutter/src/rendering/box.dart:2484:11)
#49     RenderIgnorePointer.hitTest (package:flutter/src/rendering/proxy_box.dart:3618:31)
#50     RenderProxyBoxMixin.hitTestChildren (package:flutter/src/rendering/proxy_box.dart:117:19)
#51     RenderBox.hitTest (package:flutter/src/rendering/box.dart:2484:11)
#52     RenderProxyBoxMixin.hitTestChildren (package:flutter/src/rendering/proxy_box.dart:117:19)
#53     RenderBox.hitTest (package:flutter/src/rendering/box.dart:2484:11)
#54     RenderProxyBoxMixin.hitTestChildren (package:flutter/src/rendering/proxy_box.dart:117:19)
#55     RenderBox.hitTest (package:flutter/src/rendering/box.dart:2484:11)
#56     RenderProxyBoxMixin.hitTestChildren (package:flutter/src/rendering/proxy_box.dart:117:19)
#57     RenderBox.hitTest (package:flutter/src/rendering/box.dart:2484:11)
#58     RenderOffstage.hitTest (package:flutter/src/rendering/proxy_box.dart:3747:31)
#59     RenderProxyBoxMixin.hitTestChildren (package:flutter/src/rendering/proxy_box.dart:117:19)
#60     RenderBox.hitTest (package:flutter/src/rendering/box.dart:2484:11)
#61     _RenderTheaterMixin.hitTestChildren.childHitTest (package:flutter/src/widgets/overlay.dart:897:81)
#62     BoxHitTestResult.addWithPaintOffset (package:flutter/src/rendering/box.dart:800:31)
#63     _RenderTheaterMixin.hitTestChildren (package:flutter/src/widgets/overlay.dart:898:22)
#64     RenderBox.hitTest (package:flutter/src/rendering/box.dart:2484:11)
#65     RenderProxyBoxMixin.hitTestChildren (package:flutter/src/rendering/proxy_box.dart:117:19)
#66     RenderBox.hitTest (package:flutter/src/rendering/box.dart:2484:11)
#67     RenderAbsorbPointer.hitTest (package:flutter/src/rendering/proxy_box.dart:3872:17)
#68     RenderProxyBoxMixin.hitTestChildren (package:flutter/src/rendering/proxy_box.dart:117:19)
#69     RenderProxyBoxWithHitTestBehavior.hitTest (package:flutter/src/rendering/proxy_box.dart:172:19)
#70     RenderProxyBoxMixin.hitTestChildren (package:flutter/src/rendering/proxy_box.dart:117:19)
#71     RenderBox.hitTest (package:flutter/src/rendering/box.dart:2484:11)
#72     RenderProxyBoxMixin.hitTestChildren (package:flutter/src/rendering/proxy_box.dart:117:19)
#73     RenderBox.hitTest (package:flutter/src/rendering/box.dart:2484:11)
#74     RenderProxyBoxMixin.hitTestChildren (package:flutter/src/rendering/proxy_box.dart:117:19)
#75     RenderBox.hitTest (package:flutter/src/rendering/box.dart:2484:11)
#76     RenderProxyBoxMixin.hitTestChildren (package:flutter/src/rendering/proxy_box.dart:117:19)
#77     RenderTapRegionSurface.hitTest (package:flutter/src/widgets/tap_region.dart:213:28)
#78     RenderProxyBoxMixin.hitTestChildren (package:flutter/src/rendering/proxy_box.dart:117:19)
#79     RenderBox.hitTest (package:flutter/src/rendering/box.dart:2484:11)
#80     RenderProxyBoxMixin.hitTestChildren (package:flutter/src/rendering/proxy_box.dart:117:19)
#81     RenderBox.hitTest (package:flutter/src/rendering/box.dart:2484:11)
#82     RenderProxyBoxMixin.hitTestChildren (package:flutter/src/rendering/proxy_box.dart:117:19)
#83     RenderBox.hitTest (package:flutter/src/rendering/box.dart:2484:11)
#84     RenderView.hitTest (package:flutter/src/rendering/view.dart:211:14)
#85     RendererBinding.hitTestInView (package:flutter/src/rendering/binding.dart:624:34)
#86     GestureBinding._handlePointerEventImmediately (package:flutter/src/gestures/binding.dart:384:7)
#87     GestureBinding.handlePointerEvent (package:flutter/src/gestures/binding.dart:376:5)
#88     GestureBinding._flushPointerEventQueue (package:flutter/src/gestures/binding.dart:323:7)
#89     GestureBinding._handlePointerDataPacket (package:flutter/src/gestures/binding.dart:292:9)
#90     _invoke1 (dart:ui/hooks.dart:186:13)
#91     PlatformDispatcher._dispatchPointerDataPacket (dart:ui/platform_dispatcher.dart:433:7)
#92     _dispatchPointerDataPacket (dart:ui/hooks.dart:119:31)
#0      RenderBox.hitTest.<anonymous closure> (package:flutter/src/rendering/box.dart:2467:9)
#1      RenderBox.hitTest (package:flutter/src/rendering/box.dart:2482:6)
#2      RenderProxyBoxMixin.hitTestChildren (package:flutter/src/rendering/proxy_box.dart:117:19)
#3      RenderBox.hitTest (package:flutter/src/rendering/box.dart:2484:11)
#4      RenderShiftedBox.hitTestChildren.<anonymous closure> (package:flutter/src/rendering/shifted_box.dart:88:24)
#5      BoxHitTestResult.addWithPaintOffset (package:flutter/src/rendering/box.dart:800:31)
#6      RenderShiftedBox.hitTestChildren (package:flutter/src/rendering/shifted_box.dart:83:21)
#7      RenderBox.hitTest (package:flutter/src/rendering/box.dart:2484:11)
#8      RenderBoxContainerDefaultsMixin.defaultHitTestChildren.<anonymous closure> (package:flutter/src/rendering/box.dart:2863:25)
#9      BoxHitTestResult.addWithPaintOffset (package:flutter/src/rendering/box.dart:800:31)
#10     RenderBoxContainerDefaultsMixin.defaultHitTestChildren (package:flutter/src/rendering/box.dart:2858:33)
#11     RenderFlex.hitTestChildren (package:flutter/src/rendering/flex.dart:1034:12)
#12     RenderBox.hitTest (package:flutter/src/rendering/box.dart:2484:11)
#13     RenderProxyBoxMixin.hitTestChildren (package:flutter/src/rendering/proxy_box.dart:117:19)
#14     RenderBox.hitTest (package:flutter/src/rendering/box.dart:2484:11)
#15     RenderProxyBoxMixin.hitTestChildren (package:flutter/src/rendering/proxy_box.dart:117:19)
#16     RenderBox.hitTest (package:flutter/src/rendering/box.dart:2484:11)
#17     RenderProxyBoxMixin.hitTestChildren (package:flutter/src/rendering/proxy_box.dart:117:19)
#18     RenderBox.hitTest (package:flutter/src/rendering/box.dart:2484:11)
#19     RenderProxyBoxMixin.hitTestChildren (package:flutter/src/rendering/proxy_box.dart:117:19)
#20     RenderCustomPaint.hitTestChildren (package:flutter/src/rendering/custom_paint.dart:561:18)
#21     RenderBox.hitTest (package:flutter/src/rendering/box.dart:2484:11)
#22     RenderProxyBoxMixin.hitTestChildren (package:flutter/src/rendering/proxy_box.dart:117:19)
#23     RenderBox.hitTest (package:flutter/src/rendering/box.dart:2484:11)
#24     RenderPhysicalShape.hitTest (package:flutter/src/rendering/proxy_box.dart:2116:18)
#25     RenderProxyBoxMixin.hitTestChildren (package:flutter/src/rendering/proxy_box.dart:117:19)
#26     RenderBox.hitTest (package:flutter/src/rendering/box.dart:2484:11)
#27     RenderShiftedBox.hitTestChildren.<anonymous closure> (package:flutter/src/rendering/shifted_box.dart:88:24)
#28     BoxHitTestResult.addWithPaintOffset (package:flutter/src/rendering/box.dart:800:31)
#29     RenderShiftedBox.hitTestChildren (package:flutter/src/rendering/shifted_box.dart:83:21)
#30     RenderBox.hitTest (package:flutter/src/rendering/box.dart:2484:11)
#31     RenderShiftedBox.hitTestChildren.<anonymous closure> (package:flutter/src/rendering/shifted_box.dart:88:24)
#32     BoxHitTestResult.addWithPaintOffset (package:flutter/src/rendering/box.dart:800:31)
#33     RenderShiftedBox.hitTestChildren (package:flutter/src/rendering/shifted_box.dart:83:21)
#34     RenderBox.hitTest (package:flutter/src/rendering/box.dart:2484:11)
#35     RenderShiftedBox.hitTestChildren.<anonymous closure> (package:flutter/src/rendering/shifted_box.dart:88:24)
#36     BoxHitTestResult.addWithPaintOffset (package:flutter/src/rendering/box.dart:800:31)
#37     RenderShiftedBox.hitTestChildren (package:flutter/src/rendering/shifted_box.dart:83:21)
#38     RenderBox.hitTest (package:flutter/src/rendering/box.dart:2484:11)
#39     RenderShiftedBox.hitTestChildren.<anonymous closure> (package:flutter/src/rendering/shifted_box.dart:88:24)
#40     BoxHitTestResult.addWithPaintOffset (package:flutter/src/rendering/box.dart:800:31)
#41     RenderShiftedBox.hitTestChildren (package:flutter/src/rendering/shifted_box.dart:83:21)
#42     RenderBox.hitTest (package:flutter/src/rendering/box.dart:2484:11)
#43     RenderProxyBoxMixin.hitTestChildren (package:flutter/src/rendering/proxy_box.dart:117:19)
#44     RenderBox.hitTest (package:flutter/src/rendering/box.dart:2484:11)
#45     RenderProxyBoxMixin.hitTestChildren (package:flutter/src/rendering/proxy_box.dart:117:19)
#46     RenderBox.hitTest (package:flutter/src/rendering/box.dart:2484:11)
#47     RenderProxyBoxMixin.hitTestChildren (package:flutter/src/rendering/proxy_box.dart:117:19)
#48     RenderBox.hitTest (package:flutter/src/rendering/box.dart:2484:11)
#49     RenderIgnorePointer.hitTest (package:flutter/src/rendering/proxy_box.dart:3618:31)
#50     RenderProxyBoxMixin.hitTestChildren (package:flutter/src/rendering/proxy_box.dart:117:19)
#51     RenderBox.hitTest (package:flutter/src/rendering/box.dart:2484:11)
#52     RenderProxyBoxMixin.hitTestChildren (package:flutter/src/rendering/proxy_box.dart:117:19)
#53     RenderBox.hitTest (package:flutter/src/rendering/box.dart:2484:11)
#54     RenderProxyBoxMixin.hitTestChildren (package:flutter/src/rendering/proxy_box.dart:117:19)
#55     RenderBox.hitTest (package:flutter/src/rendering/box.dart:2484:11)
#56     RenderProxyBoxMixin.hitTestChildren (package:flutter/src/rendering/proxy_box.dart:117:19)
#57     RenderBox.hitTest (package:flutter/src/rendering/box.dart:2484:11)
#58     RenderOffstage.hitTest (package:flutter/src/rendering/proxy_box.dart:3747:31)
#59     RenderProxyBoxMixin.hitTestChildren (package:flutter/src/rendering/proxy_box.dart:117:19)
#60     RenderBox.hitTest (package:flutter/src/rendering/box.dart:2484:11)
#61     _RenderTheaterMixin.hitTestChildren.childHitTest (package:flutter/src/widgets/overlay.dart:897:81)
#62     BoxHitTestResult.addWithPaintOffset (package:flutter/src/rendering/box.dart:800:31)
#63     _RenderTheaterMixin.hitTestChildren (package:flutter/src/widgets/overlay.dart:898:22)
#64     RenderBox.hitTest (package:flutter/src/rendering/box.dart:2484:11)
#65     RenderProxyBoxMixin.hitTestChildren (package:flutter/src/rendering/proxy_box.dart:117:19)
#66     RenderBox.hitTest (package:flutter/src/rendering/box.dart:2484:11)
#67     RenderAbsorbPointer.hitTest (package:flutter/src/rendering/proxy_box.dart:3872:17)
#68     RenderProxyBoxMixin.hitTestChildren (package:flutter/src/rendering/proxy_box.dart:117:19)
#69     RenderProxyBoxWithHitTestBehavior.hitTest (package:flutter/src/rendering/proxy_box.dart:172:19)
#70     RenderProxyBoxMixin.hitTestChildren (package:flutter/src/rendering/proxy_box.dart:117:19)
#71     RenderBox.hitTest (package:flutter/src/rendering/box.dart:2484:11)
#72     RenderProxyBoxMixin.hitTestChildren (package:flutter/src/rendering/proxy_box.dart:117:19)
#73     RenderBox.hitTest (package:flutter/src/rendering/box.dart:2484:11)
#74     RenderProxyBoxMixin.hitTestChildren (package:flutter/src/rendering/proxy_box.dart:117:19)
#75     RenderBox.hitTest (package:flutter/src/rendering/box.dart:2484:11)
#76     RenderProxyBoxMixin.hitTestChildren (package:flutter/src/rendering/proxy_box.dart:117:19)
#77     RenderTapRegionSurface.hitTest (package:flutter/src/widgets/tap_region.dart:213:28)
#78     RenderProxyBoxMixin.hitTestChildren (package:flutter/src/rendering/proxy_box.dart:117:19)
#79     RenderBox.hitTest (package:flutter/src/rendering/box.dart:2484:11)
#80     RenderProxyBoxMixin.hitTestChildren (package:flutter/src/rendering/proxy_box.dart:117:19)
#81     RenderBox.hitTest (package:flutter/src/rendering/box.dart:2484:11)
#82     RenderProxyBoxMixin.hitTestChildren (package:flutter/src/rendering/proxy_box.dart:117:19)
#83     RenderBox.hitTest (package:flutter/src/rendering/box.dart:2484:11)
#84     RenderView.hitTest (package:flutter/src/rendering/view.dart:211:14)
#85     RendererBinding.hitTestInView (package:flutter/src/rendering/binding.dart:624:34)
#86     GestureBinding._handlePointerEventImmediately (package:flutter/src/gestures/binding.dart:384:7)
#87     GestureBinding.handlePointerEvent (package:flutter/src/gestures/binding.dart:376:5)
#88     GestureBinding._flushPointerEventQueue (package:flutter/src/gestures/binding.dart:323:7)
#89     GestureBinding._handlePointerDataPacket (package:flutter/src/gestures/binding.dart:292:9)
#90     _invoke1 (dart:ui/hooks.dart:186:13)
#91     PlatformDispatcher._dispatchPointerDataPacket (dart:ui/platform_dispatcher.dart:433:7)
#92     _dispatchPointerDataPacket (dart:ui/hooks.dart:119:31)
#0      RenderBox.hitTest.<anonymous closure> (package:flutter/src/rendering/box.dart:2467:9)
#1      RenderBox.hitTest (package:flutter/src/rendering/box.dart:2482:6)
#2      RenderProxyBoxMixin.hitTestChildren (package:flutter/src/rendering/proxy_box.dart:117:19)
#3      RenderBox.hitTest (package:flutter/src/rendering/box.dart:2484:11)
#4      RenderShiftedBox.hitTestChildren.<anonymous closure> (package:flutter/src/rendering/shifted_box.dart:88:24)
#5      BoxHitTestResult.addWithPaintOffset (package:flutter/src/rendering/box.dart:800:31)
#6      RenderShiftedBox.hitTestChildren (package:flutter/src/rendering/shifted_box.dart:83:21)
#7      RenderBox.hitTest (package:flutter/src/rendering/box.dart:2484:11)
#8      RenderBoxContainerDefaultsMixin.defaultHitTestChildren.<anonymous closure> (package:flutter/src/rendering/box.dart:2863:25)
#9      BoxHitTestResult.addWithPaintOffset (package:flutter/src/rendering/box.dart:800:31)
#10     RenderBoxContainerDefaultsMixin.defaultHitTestChildren (package:flutter/src/rendering/box.dart:2858:33)
#11     RenderFlex.hitTestChildren (package:flutter/src/rendering/flex.dart:1034:12)
#12     RenderBox.hitTest (package:flutter/src/rendering/box.dart:2484:11)
#13     RenderProxyBoxMixin.hitTestChildren (package:flutter/src/rendering/proxy_box.dart:117:19)
#14     RenderBox.hitTest (package:flutter/src/rendering/box.dart:2484:11)
#15     RenderProxyBoxMixin.hitTestChildren (package:flutter/src/rendering/proxy_box.dart:117:19)
#16     RenderBox.hitTest (package:flutter/src/rendering/box.dart:2484:11)
#17     RenderProxyBoxMixin.hitTestChildren (package:flutter/src/rendering/proxy_box.dart:117:19)
#18     RenderBox.hitTest (package:flutter/src/rendering/box.dart:2484:11)
#19     RenderProxyBoxMixin.hitTestChildren (package:flutter/src/rendering/proxy_box.dart:117:19)
#20     RenderCustomPaint.hitTestChildren (package:flutter/src/rendering/custom_paint.dart:561:18)
#21     RenderBox.hitTest (package:flutter/src/rendering/box.dart:2484:11)
#22     RenderProxyBoxMixin.hitTestChildren (package:flutter/src/rendering/proxy_box.dart:117:19)
#23     RenderBox.hitTest (package:flutter/src/rendering/box.dart:2484:11)
#24     RenderPhysicalShape.hitTest (package:flutter/src/rendering/proxy_box.dart:2116:18)
#25     RenderProxyBoxMixin.hitTestChildren (package:flutter/src/rendering/proxy_box.dart:117:19)
#26     RenderBox.hitTest (package:flutter/src/rendering/box.dart:2484:11)
#27     RenderShiftedBox.hitTestChildren.<anonymous closure> (package:flutter/src/rendering/shifted_box.dart:88:24)
#28     BoxHitTestResult.addWithPaintOffset (package:flutter/src/rendering/box.dart:800:31)
#29     RenderShiftedBox.hitTestChildren (package:flutter/src/rendering/shifted_box.dart:83:21)
#30     RenderBox.hitTest (package:flutter/src/rendering/box.dart:2484:11)
#31     RenderShiftedBox.hitTestChildren.<anonymous closure> (package:flutter/src/rendering/shifted_box.dart:88:24)
#32     BoxHitTestResult.addWithPaintOffset (package:flutter/src/rendering/box.dart:800:31)
#33     RenderShiftedBox.hitTestChildren (package:flutter/src/rendering/shifted_box.dart:83:21)
#34     RenderBox.hitTest (package:flutter/src/rendering/box.dart:2484:11)
#35     RenderShiftedBox.hitTestChildren.<anonymous closure> (package:flutter/src/rendering/shifted_box.dart:88:24)
#36     BoxHitTestResult.addWithPaintOffset (package:flutter/src/rendering/box.dart:800:31)
#37     RenderShiftedBox.hitTestChildren (package:flutter/src/rendering/shifted_box.dart:83:21)
#38     RenderBox.hitTest (package:flutter/src/rendering/box.dart:2484:11)
#39     RenderShiftedBox.hitTestChildren.<anonymous closure> (package:flutter/src/rendering/shifted_box.dart:88:24)
#40     BoxHitTestResult.addWithPaintOffset (package:flutter/src/rendering/box.dart:800:31)
#41     RenderShiftedBox.hitTestChildren (package:flutter/src/rendering/shifted_box.dart:83:21)
#42     RenderBox.hitTest (package:flutter/src/rendering/box.dart:2484:11)
#43     RenderProxyBoxMixin.hitTestChildren (package:flutter/src/rendering/proxy_box.dart:117:19)
#44     RenderBox.hitTest (package:flutter/src/rendering/box.dart:2484:11)
#45     RenderProxyBoxMixin.hitTestChildren (package:flutter/src/rendering/proxy_box.dart:117:19)
#46     RenderBox.hitTest (package:flutter/src/rendering/box.dart:2484:11)
#47     RenderProxyBoxMixin.hitTestChildren (package:flutter/src/rendering/proxy_box.dart:117:19)
#48     RenderBox.hitTest (package:flutter/src/rendering/box.dart:2484:11)
#49     RenderIgnorePointer.hitTest (package:flutter/src/rendering/proxy_box.dart:3618:31)
#50     RenderProxyBoxMixin.hitTestChildren (package:flutter/src/rendering/proxy_box.dart:117:19)
#51     RenderBox.hitTest (package:flutter/src/rendering/box.dart:2484:11)
#52     RenderProxyBoxMixin.hitTestChildren (package:flutter/src/rendering/proxy_box.dart:117:19)
#53     RenderBox.hitTest (package:flutter/src/rendering/box.dart:2484:11)
#54     RenderProxyBoxMixin.hitTestChildren (package:flutter/src/rendering/proxy_box.dart:117:19)
#55     RenderBox.hitTest (package:flutter/src/rendering/box.dart:2484:11)
#56     RenderProxyBoxMixin.hitTestChildren (package:flutter/src/rendering/proxy_box.dart:117:19)
#57     RenderBox.hitTest (package:flutter/src/rendering/box.dart:2484:11)
#58     RenderOffstage.hitTest (package:flutter/src/rendering/proxy_box.dart:3747:31)
#59     RenderProxyBoxMixin.hitTestChildren (package:flutter/src/rendering/proxy_box.dart:117:19)
#60     RenderBox.hitTest (package:flutter/src/rendering/box.dart:2484:11)
#61     _RenderTheaterMixin.hitTestChildren.childHitTest (package:flutter/src/widgets/overlay.dart:897:81)
#62     BoxHitTestResult.addWithPaintOffset (package:flutter/src/rendering/box.dart:800:31)
#63     _RenderTheaterMixin.hitTestChildren (package:flutter/src/widgets/overlay.dart:898:22)
#64     RenderBox.hitTest (package:flutter/src/rendering/box.dart:2484:11)
#65     RenderProxyBoxMixin.hitTestChildren (package:flutter/src/rendering/proxy_box.dart:117:19)
#66     RenderBox.hitTest (package:flutter/src/rendering/box.dart:2484:11)
#67     RenderAbsorbPointer.hitTest (package:flutter/src/rendering/proxy_box.dart:3872:17)
#68     RenderProxyBoxMixin.hitTestChildren (package:flutter/src/rendering/proxy_box.dart:117:19)
#69     RenderProxyBoxWithHitTestBehavior.hitTest (package:flutter/src/rendering/proxy_box.dart:172:19)
#70     RenderProxyBoxMixin.hitTestChildren (package:flutter/src/rendering/proxy_box.dart:117:19)
#71     RenderBox.hitTest (package:flutter/src/rendering/box.dart:2484:11)
#72     RenderProxyBoxMixin.hitTestChildren (package:flutter/src/rendering/proxy_box.dart:117:19)
#73     RenderBox.hitTest (package:flutter/src/rendering/box.dart:2484:11)
#74     RenderProxyBoxMixin.hitTestChildren (package:flutter/src/rendering/proxy_box.dart:117:19)
#75     RenderBox.hitTest (package:flutter/src/rendering/box.dart:2484:11)
#76     RenderProxyBoxMixin.hitTestChildren (package:flutter/src/rendering/proxy_box.dart:117:19)
#77     RenderTapRegionSurface.hitTest (package:flutter/src/widgets/tap_region.dart:213:28)
#78     RenderProxyBoxMixin.hitTestChildren (package:flutter/src/rendering/proxy_box.dart:117:19)
#79     RenderBox.hitTest (package:flutter/src/rendering/box.dart:2484:11)
#80     RenderProxyBoxMixin.hitTestChildren (package:flutter/src/rendering/proxy_box.dart:117:19)
#81     RenderBox.hitTest (package:flutter/src/rendering/box.dart:2484:11)
#82     RenderProxyBoxMixin.hitTestChildren (package:flutter/src/rendering/proxy_box.dart:117:19)
#83     RenderBox.hitTest (package:flutter/src/rendering/box.dart:2484:11)
#84     RenderView.hitTest (package:flutter/src/rendering/view.dart:211:14)
#85     RendererBinding.hitTestInView (package:flutter/src/rendering/binding.dart:624:34)
#86     GestureBinding._handlePointerEventImmediately (package:flutter/src/gestures/binding.dart:384:7)
#87     GestureBinding.handlePointerEvent (package:flutter/src/gestures/binding.dart:376:5)
#88     GestureBinding._flushPointerEventQueue (package:flutter/src/gestures/binding.dart:323:7)
#89     GestureBinding._handlePointerDataPacket (package:flutter/src/gestures/binding.dart:292:9)
#90     _invoke1 (dart:ui/hooks.dart:186:13)
#91     PlatformDispatcher._dispatchPointerDataPacket (dart:ui/platform_dispatcher.dart:433:7)
#92     _dispatchPointerDataPacket (dart:ui/hooks.dart:119:31)
